rigid_source_rest_frames=passed source_body_count=103 maximum_COM_position_residual_m=6.26739049493e-08 maximum_orientation_unit_witness_residual_m=1.05692510994e-07 allowed_rest_reconstruction_residual_m=1e-06 rigid_sha256=2c78cb4150b97cea6e8169dad9e8f5dd59af667b247e07b56e48e857435560e4 boundary=consumed_reference_frame_join_not_source_authentication_or_loaded_motion
resting_mass_calibration source_composite_kg=97.1319506911 declared_reference_kg=72 executed_kg=71.9999993989 uniform_mass_inertia_scale=0.741259694099 measured_person=false additional_organ_or_blood_mass_kg=0
bone_orientation_semantics=unit_normalized_once_at_load bone_count=185 maximum_raw_norm_error=5.96046447754e-08 norm_admission_tolerance=0.00200000009499 bone_sha256=7d94e2f28ac6cea30c6c11a79919077acc40281636eb20b11b50b50aebd3ec49
tendon_bone_geometry=checked_bodyparts_subset bodyparts_envelope_count=160 fixed_sibling_envelope_count=0 external_surface_unverified_count=0 maximum_node_residual_m=2.77883934062e-07 allowed_point_residual_m=1e-06 tendon_sha256=52819336540a36621b60bd03b5084bd1d300ed2971673cfd0ccdb7eecfcb52b5 bone_sha256=7d94e2f28ac6cea30c6c11a79919077acc40281636eb20b11b50b50aebd3ec49 rigid_sha256=2c78cb4150b97cea6e8169dad9e8f5dd59af667b247e07b56e48e857435560e4 boundary=consumed_rest_surface_binding_not_loaded_or_clinical_qualification
tendon_payload=NHTENDON2 tendon_endpoints=832 tendon_point_bindings=672 tendon_triangle_bindings=0 tendon_envelope_bindings=160 tendon_migrated_envelope_bindings=0 tendon_max_reference_path_delta_m=0 tendon_max_architecture_scale_change=0 tendon_muscle_payload_sha256=e5bb8a8168706bb3b23cf42b1d849659569ba2e6027bcc85729c3110fdbb8c4b tendon_geometry_identity_verified=true tendon_bone_payload_sha256=7d94e2f28ac6cea30c6c11a79919077acc40281636eb20b11b50b50aebd3ec49
joint_equality_payload=NHEQ1 joint_equalities=51
pose_joint_ranges=passed enabled_range_count=118 failed_range_count=0 rigid_sha256=2c78cb4150b97cea6e8169dad9e8f5dd59af667b247e07b56e48e857435560e4 equality_sha256=0e3c593792a8c4ccd619f1999f6685b68e6ff0fd5ae5f6f0bca66b594a0e9b88 bone_sha256=7d94e2f28ac6cea30c6c11a79919077acc40281636eb20b11b50b50aebd3ec49 boundary=consumed_enabled_native_limits_after_NHEQ_projection_not_disabled_source_limits_or_loaded_motion
pose_q_override_count=0 root_pose_override=1 pose_q_equality_maximum_correction=0.0105060003698
runtime=Numi Matter runtime initialized with eligible dense45 vascular solve device=Apple M4 Pro world_fingerprint=6434571789366693551 timestep_s=0.00200000009499
resting_body_source_fingerprint=7799232757113555020 coupled_program_fingerprint=11398947442587380784
resting_passive_viscera=shared_torso_pelvis_field source_surfaces=80 caudal_m=-0.397011578083 cranial_m=-0.259147137403 upper_body=20 lower_body=128 independent_forces=false independent_mass=false organ_physiology=false
resting_lung_motion=basal_superior_sweep_v1 blend_start_m=-0.052405 blend_span_m=0.06 effective_area_m2=0.0193540051613
resting_initial_anatomical_registration={"body_poses":[{"body_index":20,"position_m":[-0.025000007823109627,-0.44271242618560791,0.096546053886413574],"quaternion_xyzw":[0.0061705871485173702,-0.70707988739013672,-0.0061705652624368668,0.70707988739013672]},{"body_index":128,"position_m":[-0.025055751204490662,-0.83042281866073608,0.11920696496963501],"quaternion_xyzw":[0.0058914260007441044,-0.70680069923400879,-0.005886733066290617,0.7073637843132019]}],"coordinate_source":"source pack transformed by native initialBodies before physical stepping","surfaces":[{"role":"upper_visceral_anchor","semantic":51010,"source_body_index":20,"stable_id":2,"torso_local_max_m":[0.1489698737859726,-0.06762242317199707,0.029034055769443512],"torso_local_min_m":[0.035220548510551453,-0.18552298843860626,-0.10646510124206543]},{"role":"upper_visceral_anchor","semantic":51010,"source_body_index":20,"stable_id":3,"torso_local_max_m":[0.10061360895633698,-0.14701209962368011,0.048131499439477921],"torso_local_min_m":[0.049258694052696228,-0.22131331264972687,-0.073365472257137299]},{"role":"upper_visceral_anchor","semantic":51010,"source_body_index":20,"stable_id":4,"torso_local_max_m":[0.065826825797557831,-0.15392428636550903,0.088104061782360077],"torso_local_min_m":[0.018313027918338776,-0.25914710760116577,0.030521268025040627]},{"role":"upper_visceral_anchor","semantic":51010,"source_body_index":20,"stable_id":5,"torso_local_max_m":[0.054068014025688171,-0.1345781683921814,-0.033227771520614624],"torso_local_min_m":[0.013165432959794998,-0.24133054912090302,-0.091208852827548981]},{"role":"upper_visceral_anchor","semantic":51010,"source_body_index":20,"stable_id":13,"torso_local_max_m":[0.095457650721073151,-0.10293921083211899,-0.056195467710494995],"torso_local_min_m":[-0.00033182650804519653,-0.17370373010635376,-0.11487260460853577]},{"role":"upper_visceral_anchor","semantic":51010,"source_body_index":20,"stable_id":14,"torso_local_max_m":[0.094544753432273865,-0.055873673409223557,0.033946555107831955],"torso_local_min_m":[0.058444060385227203,-0.13125307857990265,-0.011481210589408875]},{"role":"upper_visceral_anchor","semantic":51010,"source_body_index":20,"stable_id":15,"torso_local_max_m":[0.15468204021453857,-0.051299087703227997,-0.0026821792125701904],"torso_local_min_m":[0.045374639332294464,-0.10517608374357224,-0.095222979784011841]},{"role":"upper_visceral_anchor","semantic":51010,"source_body_index":20,"stable_id":16,"torso_local_max_m":[0.15707412362098694,-0.071360647678375244,0.0014663934707641602],"torso_local_min_m":[0.07356831431388855,-0.138477623462677,-0.074144557118415833]},{"role":"upper_visceral_anchor","semantic":51010,"source_body_index":20,"stable_id":17,"torso_local_max_m":[0.15518583357334137,-0.04497130960226059,0.046523258090019226],"torso_local_min_m":[0.074793577194213867,-0.16443367302417755,-0.011679999530315399]},{"role":"upper_visceral_anchor","semantic":51010,"source_body_index":20,"stable_id":18,"torso_local_max_m":[0.15332278609275818,-0.10873293876647949,0.10524313896894455],"torso_local_min_m":[0.06183064728975296,-0.17893320322036743,0.026367701590061188]},{"role":"upper_visceral_anchor","semantic":51010,"source_body_index":20,"stable_id":19,"torso_local_max_m":[0.11932293325662613,-0.11438564956188202,0.11530916392803192],"torso_local_min_m":[-0.0020214840769767761,-0.19753372669219971,0.021444413810968399]},{"role":"upper_visceral_anchor","semantic":51010,"source_body_index":20,"stable_id":20,"torso_local_max_m":[0.11958994716405869,-0.11408335715532303,0.11550363898277283],"torso_local_min_m":[-0.0022704675793647766,-0.19755388796329498,0.021117139607667923]},{"role":"upper_visceral_anchor","semantic":51010,"source_body_index":20,"stable_id":21,"torso_local_max_m":[0.10608795285224915,-0.049535799771547318,0.11580190062522888],"torso_local_min_m":[-0.0032210424542427063,-0.13487040996551514,0.020207773894071579]},{"role":"upper_visceral_anchor","semantic":51010,"source_body_index":20,"stable_id":22,"torso_local_max_m":[0.15336306393146515,-0.041172627359628677,0.11002320796251297],"torso_local_min_m":[0.02455456554889679,-0.11670317500829697,0.017514020204544067]},{"role":"upper_visceral_anchor","semantic":51010,"source_body_index":20,"stable_id":461,"torso_local_max_m":[0.13303953409194946,-0.13353027403354645,0.063625447452068329],"torso_local_min_m":[0.084262087941169739,-0.17424784600734711,0.026906765997409821]},{"role":"pelvic_anchor","semantic":51010,"source_body_index":20,"stable_id":462,"torso_local_max_m":[0.08233652263879776,-0.39701157808303833,0.034268602728843689],"torso_local_min_m":[0.010075983591377735,-0.43757495284080505,-0.033010013401508331]},{"role":"pelvic_anchor","semantic":51010,"source_body_index":20,"stable_id":463,"torso_local_max_m":[0.050315443426370621,-0.4348473846912384,0.01782398484647274],"torso_local_min_m":[0.018116317689418793,-0.4553583562374115,-0.016720972955226898]}],"torso_body_index":20}
resting_support_geometry=full_registered_skin vertices=54949 regions=32 full_binding_count=86 region_sizes=[6907,1222,2796,2044,1525,1394,710,777,1891,1262,810,832,890,483,1328,1266,835,700,870,3097,4320,2043,1882,579,1199,1219,962,632,868,3302,4308,1996] force_owner=ex2026-10-05 22:31:21.526 numi-human-native[35239:16072398] +[NSXPCSharedListener endpointForReply:withListenerName:replyErrorCode:]: an error occurred while attempting to obtain endpoint for listener 'ClientCallsAuxiliary': Connection interrupted
2026-10-05 22:31:21.598 numi-human-native[35239:16072398] Human native framebuffer output: recording; window drawable unavailable
isting_metal_stand partition=source_rest_voronoi
compiled_support_geometry=admissible compiled_support_min_gap_m=-1.38777878078e-17 compiled_support_gap_tolerance_m=1e-06 compiled_support_activation_distance_m=0.002 compiled_support_separated_witnesses=31 compiled_support_max_separated_force_n=0 compiled_support_rejected_pose_candidates=0
human_stand_solver_path=split_candidate
resting_integrated_rejection=pass rejected_after_accepted_predecessor=true body_q_v_root_myo_unchanged=true circulation_and_clock_unchanged=true respiration_brain_history_unchanged=true retry_matches_uninterrupted_replay=true same_command_buffer_reject=pass accepted_prefix=2 rejected_step=2 inert_suffix=1
resting_native_profile step=32 command_ms=519.644542 gpu_ms=519.000500441 host_copy_ms=0.021667 full_state_readback=0
resting_native_profile step=64 command_ms=533.535958 gpu_ms=532.932083122 host_copy_ms=0.015125 full_state_readback=0
resting_native_profile step=96 command_ms=555.4955 gpu_ms=554.884250276 host_copy_ms=0.015041 full_state_readback=0
resting_native_profile step=128 command_ms=557.186208 gpu_ms=556.560541503 host_copy_ms=0.012458 full_state_readback=0
resting_native_profile step=160 command_ms=555.122708 gpu_ms=554.449999705 host_copy_ms=0.014375 full_state_readback=0
resting_native_profile step=192 command_ms=555.183541 gpu_ms=554.510291666 host_copy_ms=0.01175 full_state_readback=0
resting_native_profile step=224 command_ms=559.020416 gpu_ms=558.837915771 host_copy_ms=0.020125 full_state_readback=0
resting_native_profile step=256 command_ms=557.94325 gpu_ms=557.268250734 host_copy_ms=0.01425 full_state_readback=0
resting_native_profile step=288 command_ms=552.529458 gpu_ms=551.927000284 host_copy_ms=0.011 full_state_readback=0
resting_native_profile step=320 command_ms=549.884042 gpu_ms=549.281416461 host_copy_ms=0.013375 full_state_readback=0
resting_native_profile step=352 command_ms=544.882459 gpu_ms=544.207791798 host_copy_ms=0.0135 full_state_readback=0
resting_native_profile step=384 command_ms=546.251125 gpu_ms=545.65275088 host_copy_ms=0.014834 full_state_readback=0
resting_native_profile step=416 command_ms=543.728916 gpu_ms=543.134333566 host_copy_ms=0.013625 full_state_readback=0
resting_native_profile step=448 command_ms=541.907792 gpu_ms=541.2931256 host_copy_ms=0.014166 full_state_readback=0
resting_native_profile step=480 command_ms=540.366 gpu_ms=539.780042134 host_copy_ms=0.013125 full_state_readback=0
resting_native_profile step=512 command_ms=541.656667 gpu_ms=541.045374237 host_copy_ms=0.013917 full_state_readback=0
resting_native_profile step=544 command_ms=540.271916 gpu_ms=539.607374929 host_copy_ms=0.011667 full_state_readback=0
resting_native_profile step=576 command_ms=540.838958 gpu_ms=540.588000789 host_copy_ms=0.011417 full_state_readback=0
resting_native_profile step=608 command_ms=533.499667 gpu_ms=532.870500349 host_copy_ms=0.017875 full_state_readback=0
resting_native_profile step=640 command_ms=541.342333 gpu_ms=540.664499626 host_copy_ms=0.015959 full_state_readback=0
resting_native_profile step=672 command_ms=540.799042 gpu_ms=540.194583125 host_copy_ms=0.015041 full_state_readback=0
resting_native_profile step=704 command_ms=546.127042 gpu_ms=545.476083644 host_copy_ms=0.015791 full_state_readback=0
resting_native_profile step=736 command_ms=549.553125 gpu_ms=548.905916512 host_copy_ms=0.0145 full_state_readback=0
resting_native_profile step=768 command_ms=548.913667 gpu_ms=548.238375224 host_copy_ms=5.737917 full_state_readback=0
resting_native_profile step=800 command_ms=548.396125 gpu_ms=547.746625729 host_copy_ms=0.011959 full_state_readback=0
resting_native_profile step=832 command_ms=548.423041 gpu_ms=548.215250485 host_copy_ms=0.013792 full_state_readback=0
resting_native_profile step=864 command_ms=549.483375 gpu_ms=549.295208417 host_copy_ms=0.011291 full_state_readback=0
resting_native_profile step=896 command_ms=552.725125 gpu_ms=552.530250512 host_copy_ms=0.012042 full_state_readback=0
resting_native_profile step=928 command_ms=557.47425 gpu_ms=556.869916618 host_copy_ms=0.01125 full_state_readback=0
resting_native_profile step=960 command_ms=557.113292 gpu_ms=556.501875632 host_copy_ms=0.013792 full_state_readback=0
resting_native_profile step=992 command_ms=557.013291 gpu_ms=556.435583159 host_copy_ms=0.013917 full_state_readback=0
resting_native_profile step=1024 command_ms=556.241084 gpu_ms=555.628749542 host_copy_ms=0.0135 full_state_readback=0
resting_native_profile step=1056 command_ms=554.859916 gpu_ms=554.2698754 host_copy_ms=0.013792 full_state_readback=0
resting_native_profile step=1088 command_ms=553.622167 gpu_ms=552.953958511 host_copy_ms=0.011 full_state_readback=0
resting_native_profile step=1120 command_ms=553.205834 gpu_ms=552.61079222 host_copy_ms=0.013375 full_state_readback=0
resting_native_profile step=1152 command_ms=553.451 gpu_ms=552.859082818 host_copy_ms=0.013917 full_state_readback=0
resting_native_profile step=1184 command_ms=549.792417 gpu_ms=549.190916121 host_copy_ms=0.013541 full_state_readback=0
resting_native_profile step=1216 command_ms=550.810833 gpu_ms=550.209499896 host_copy_ms=0.013583 full_state_readback=0
resting_native_profile step=1248 command_ms=550.4425 gpu_ms=549.79862459 host_copy_ms=0.010958 full_state_readback=0
resting_native_profile step=1280 command_ms=550.652708 gpu_ms=550.061875023 host_copy_ms=0.013125 full_state_readback=0
resting_native_profile step=1312 command_ms=550.581709 gpu_ms=550.001541153 host_copy_ms=1.46975 full_state_readback=0
resting_native_profile step=1344 command_ms=549.515042 gpu_ms=549.325250089 host_copy_ms=0.011167 full_state_readback=0
resting_native_profile step=1376 command_ms=549.752 gpu_ms=549.164458178 host_copy_ms=0.013959 full_state_readback=0
resting_native_profile step=1408 command_ms=550.263125 gpu_ms=549.657499418 host_copy_ms=0.011292 full_state_readback=0
resting_native_profile step=1440 command_ms=549.395917 gpu_ms=548.786249943 host_copy_ms=0.013666 full_state_readback=0
resting_native_profile step=1472 command_ms=550.275708 gpu_ms=549.674583599 host_copy_ms=0.013125 full_state_readback=0
resting_native_profile step=1504 command_ms=550.267084 gpu_ms=549.69416745 host_copy_ms=0.01125 full_state_readback=0
resting_native_profile step=1536 command_ms=550.098917 gpu_ms=549.461833201 host_copy_ms=0.010916 full_state_readback=0
resting_native_profile step=1568 command_ms=550.428542 gpu_ms=549.762708135 host_copy_ms=0.010791 full_state_readback=0
resting_native_profile step=1600 command_ms=550.239292 gpu_ms=549.575333484 host_copy_ms=0.013417 full_state_readback=0
resting_native_profile step=1632 command_ms=550.603375 gpu_ms=550.001749769 host_copy_ms=0.011125 full_state_readback=0
resting_native_profile step=1664 command_ms=551.537041 gpu_ms=550.921124406 host_copy_ms=0.010834 full_state_readback=0
resting_native_profile step=1696 command_ms=550.415209 gpu_ms=550.230124965 host_copy_ms=0.010791 full_state_readback=0
resting_native_profile step=1728 command_ms=549.666917 gpu_ms=549.100375734 host_copy_ms=0.011125 full_state_readback=0
resting_native_profile step=1760 command_ms=549.62375 gpu_ms=548.961499706 host_copy_ms=0.013 full_state_readback=0
resting_native_profile step=1792 command_ms=550.753791 gpu_ms=550.149666145 host_copy_ms=0.014084 full_state_readback=0
resting_native_profile step=1824 command_ms=550.07525 gpu_ms=549.469999969 host_copy_ms=0.013583 full_state_readback=0
resting_native_profile step=1856 command_ms=549.960459 gpu_ms=549.395125359 host_copy_ms=0.015833 full_state_readback=0
resting_native_profile step=1888 command_ms=546.780959 gpu_ms=546.196249314 host_copy_ms=0.015208 full_state_readback=0
resting_native_profile step=1920 command_ms=550.644459 gpu_ms=550.027041696 host_copy_ms=0.014166 full_state_readback=0
resting_native_profile step=1952 command_ms=550.414542 gpu_ms=549.7484589 host_copy_ms=0.015292 full_state_readback=0
resting_native_profile step=1984 command_ms=549.763833 gpu_ms=549.100833014 host_copy_ms=0.013584 full_state_readback=0
resting_native_profile step=2016 command_ms=549.238916 gpu_ms=548.564416356 host_copy_ms=0.014917 full_state_readback=0
resting_native_profile step=2048 command_ms=550.357125 gpu_ms=549.797625281 host_copy_ms=0.011084 full_state_readback=0
resting_native_profile step=2080 command_ms=549.977416 gpu_ms=549.396249466 host_copy_ms=0.014459 full_state_readback=0
resting_native_profile step=2112 command_ms=550.454791 gpu_ms=549.868750386 host_copy_ms=0.013417 full_state_readback=0
resting_native_profile step=2144 command_ms=549.546541 gpu_ms=549.276708625 host_copy_ms=0.010917 full_state_readback=0
resting_native_profile step=2176 command_ms=549.958084 gpu_ms=549.76691585 host_copy_ms=0.014166 full_state_readback=0
resting_native_profile step=2208 command_ms=550.714125 gpu_ms=550.139792264 host_copy_ms=0.011041 full_state_readback=0
resting_native_profile step=2240 command_ms=550.313625 gpu_ms=549.731249921 host_copy_ms=0.013791 full_state_readback=0
resting_native_profile step=2272 command_ms=550.237459 gpu_ms=549.675749615 host_copy_ms=0.01375 full_state_readback=0
resting_native_profile step=2304 command_ms=550.781917 gpu_ms=550.121000037 host_copy_ms=0.014167 full_state_readback=0
resting_native_profile step=2336 command_ms=550.508208 gpu_ms=549.87099953 host_copy_ms=0.013667 full_state_readback=0
resting_native_profile step=2368 command_ms=550.780958 gpu_ms=550.153999589 host_copy_ms=0.01175 full_state_readback=0
resting_native_profile step=2400 command_ms=550.218875 gpu_ms=549.657541327 host_copy_ms=0.019416 full_state_readback=0
resting_native_profile step=2432 command_ms=550.364 gpu_ms=549.801708199 host_copy_ms=0.013375 full_state_readback=0
resting_native_profile step=2464 command_ms=549.650625 gpu_ms=549.458999187 host_copy_ms=0.013708 full_state_readback=0
resting_native_profile step=2496 command_ms=550.086625 gpu_ms=549.412292428 host_copy_ms=0.01375 full_state_readback=0
resting_native_profile step=2528 command_ms=550.505834 gpu_ms=549.949625507 host_copy_ms=0.010875 full_state_readback=0
resting_native_profile step=2560 command_ms=549.713209 gpu_ms=549.052000046 host_copy_ms=0.013208 full_state_readback=0
resting_native_profile step=2592 command_ms=551.314459 gpu_ms=550.595083274 host_copy_ms=0.014083 full_state_readback=0
resting_native_profile step=2624 command_ms=550.128375 gpu_ms=549.479500391 host_copy_ms=0.014083 full_state_readback=0
resting_native_profile step=2656 command_ms=550.25925 gpu_ms=549.718166701 host_copy_ms=0.014292 full_state_readback=0
resting_native_profile step=2688 command_ms=548.604167 gpu_ms=547.997292131 host_copy_ms=0.011291 full_state_readback=0
resting_native_profile step=2720 command_ms=546.017917 gpu_ms=545.29124964 host_copy_ms=0.013333 full_state_readback=0
resting_native_profile step=2752 command_ms=544.050625 gpu_ms=543.473749422 host_copy_ms=0.017375 full_state_readback=0
resting_native_profile step=2784 command_ms=545.521 gpu_ms=544.880041853 host_copy_ms=0.015708 full_state_readback=0
resting_native_profile step=2816 command_ms=539.6335 gpu_ms=538.945999928 host_copy_ms=0.019625 full_state_readback=0
resting_native_profile step=2848 command_ms=546.075541 gpu_ms=545.860917307 host_copy_ms=0.012375 full_state_readback=0
resting_native_profile step=2880 command_ms=546.183 gpu_ms=545.44812534 host_copy_ms=0.014875 full_state_readback=0
resting_native_profile step=2912 command_ms=546.114042 gpu_ms=545.54862529 host_copy_ms=0.015041 full_state_readback=0
resting_native_profile step=2944 command_ms=546.616958 gpu_ms=546.005916782 host_copy_ms=0.020417 full_state_readback=0
resting_native_profile step=2976 command_ms=546.529792 gpu_ms=545.881500468 host_copy_ms=0.014542 full_state_readback=0
resting_native_profile step=3000 command_ms=408.687917 gpu_ms=408.065750264 host_copy_ms=0.113208 full_state_readback=1
stand_terminal_state={"schema":"numi.human.legacy-stand-terminal.v1","step_count":3000,"timestep_seconds":0.002,"root_assistance":false,"initial_q":[-0.05000000074505806,0.20000000298023224,0.10715460777282715,-0.70090925693511963,0,0,0.71325045824050903,0,0,0,0,0,0,0,0,0,0,0,0,0,0,0,0,0,0,0,0,0,0,0,0,0,0,0,0,0,0,0,0,0,0,0,0,0,0,0,0,0,0,0,0,0,0,0,0,0,0,0,0,0,0,0,0,0,0,0,0,0,0,0,0,0,0,0,0,0,0,0,0,0,0,0,0,0,0,0,0,0,0,0,0,0,0,0,0,0,0,0,0,0,0,0,0,0,7.6925396608196195e-11,9.537330214470785e-08,0,-1.4732499664660281e-08,1.0893900004305124e-08,0,0,0,0,0,0.010506000369787216,0,0,0,-7.6925396608196195e-11,9.537330214470785e-08,0,-1.4732499664660281e-08,-1.0893900004305124e-08,0,0,0,0,0,0.010506000369787216],"initial_v":[0,0,0,0,0,0,0,0,0,0,0,0,0,0,0,0,0,0,0,0,0,0,0,0,0,0,0,0,0,0,0,0,0,0,0,0,0,0,0,0,0,0,0,0,0,0,0,0,0,0,0,0,0,0,0,0,0,0,0,0,0,0,0,0,0,0,0,0,0,0,0,0,0,0,0,0,0,0,0,0,0,0,0,0,0,0,0,0,0,0,0,0,0,0,0,0,0,0,0,0,0,0,0,0,0,0,0,0,0,0,0,0,0,0,0,0,0,0,0,0,0,0,0,0,0,0,0,0],"q":[-0.053747322410345078,0.20134983956813812,0.099320836365222931,-0.69874167442321777,-0.0011568560730665922,-0.0034009609371423721,0.71536505222320557,-0.011723420582711697,-0.01822567917406559,0.026588493958115578,0,0,-0.007536986842751503,-0.0021688328124582767,-0.0033006705343723297,0.0010045133531093597,-0.0023915776982903481,-0.0044707590714097023,0.0010045133531093597,-0.0027081102598458529,-0.0045582419261336327,0.00082716805627569556,-0.0029894721228629351,-0.0034264274872839451,0.00076814158819615841,3.9370647186842689e-07,-1.6675583935921168e-07,1.6675583935921168e-07,-3.9370647186842689e-07,7.9717423773217888e-08,-6.4424693846376613e-07,-2.8958575626347738e-07,2.8958575626347738e-07,6.4424693846376613e-07,-7.9717423773217888e-08,0.00064244272653013468,-1.6268862736978917e-06,-0.00064244272653013468,-0.18132947385311127,9.5248902098887811e-09,-0.014517470262944698,-0.17453370988368988,-0.12514086067676544,-0.55148613452911377,-0.063906461000442505,-0.085728868842124939,-0.057796943932771683,1.6188074880574277e-08,-0.090470731258392334,4.3301344732071811e-09,-4.7585840823316516e-10,1.2650890113263813e-08,-0.087208285927772522,3.6917635615196787e-09,3.2329777743811405e-10,0.01961001381278038,-0.068935245275497437,1.8937367229909796e-09,-1.1895645357640205e-08,9.5446308634450361e-09,-0.076807528734207153,1.7962562548490268e-09,-2.2598183591071574e-07,2.8415081487764837e-07,-1.2035313545766257e-07,1.2035313545766257e-07,-2.8415081487764837e-07,5.753466680857855e-08,-4.6497405037371209e-07,-2.0900348829400173e-07,2.0900348829400173e-07,4.6497405037371209e-07,-5.753466680857855e-08,-0.00073811272159218788,-1.1741768730644253e-06,0.00073811272159218788,-0.4493165910243988,-1.1512925084389281e-06,-0.34183737635612488,-0.17453299462795258,-0.59830302000045776,-0.77999991178512573,-0.5,-0.034953739494085312,-0.14626225829124451,0.67833602428436279,0.16138526797294617,7.9685534615236975e-08,-1.6916155800572596e-06,-1.3402011518337531e-06,-0.055687699466943741,-1.0556955203355756e-06,-3.7507064121200528e-07,0.061434220522642136,-0.075850456953048706,-5.7833211997149192e-08,-2.5432109396206215e-07,-1.7135795360445627e-06,-0.10027874261140823,-5.5102157148212427e-07,-1.5666381614209968e-06,-0.031103232875466347,-0.089684277772903442,-0.69813179969787598,1.4688127103479331e-10,9.5410527478634322e-08,1.1897843599228963e-08,-1.379138048207551e-08,1.5290140709112165e-08,-0.04835805669426918,-0.2574048638343811,0.52359902858734131,-5.804327019021116e-10,-1.7869133950298988e-10,0.010506000369787216,-0.034093998372554779,-0.088899210095405579,-0.69813179969787598,3.1768334490811512e-11,9.5315463966016978e-08,-1.848624009426203e-08,-1.6194761087717779e-08,-4.0632528452988481e-09,-0.039432350546121597,-0.22150629758834839,0.52359902858734131,9.0184565371131953e-10,2.7764113230688281e-10,0.010506000369787216],"v":[-3.1375824619317427e-05,5.7852284953696653e-06,-0.00027482779114507139,-0.00027896417304873466,0.00014577868569176644,6.6163884184788913e-05,-0.00012283406977076083,0.00012078309373464435,-0.0010317264823243022,0,0,-7.8970020695123821e-05,-2.272430356242694e-05,2.1873818695894442e-05,-3.8978629163466394e-05,-2.5058150640688837e-05,2.9628092306666076e-05,-3.8978629163466394e-05,-2.8374670364428312e-05,3.0207849704311229e-05,-3.2097010262077674e-05,-3.1322688300861046e-05,2.270722143293824e-05,-2.980657882289961e-05,1.0131349199582473e-06,-4.2911705122605781e-07,4.2911705122605781e-07,-1.0131349199582473e-06,2.0513887477591197e-07,-1.6578570694036898e-06,-7.4519840609355015e-07,7.4519840609355015e-07,1.6578570694036898e-06,-2.0513887477591197e-07,0.00016628982848487794,-4.1865077946567908e-06,-0.00016628982848487794,-0.0024991373065859079,-3.5166766565453145e-07,-0.010403981432318687,-3.8577250052185263e-06,-0.02794257365167141,-0.10499521344900131,0.0047320006415247917,-0.014108146540820599,-0.0045277741737663746,1.3855597558176669e-07,-0.0058351373299956322,4.0415201851828897e-08,-1.7630195081608235e-09,1.8363643050633982e-07,-0.0080195106565952301,5.0799421558167523e-08,1.372154212475607e-08,0.0074296304956078529,-0.0052083609625697136,4.2399129540626745e-08,-2.393760745178497e-08,2.6726385726760782e-07,-0.010872190818190575,8.0248717893027788e-08,-1.167708560956271e-07,5.4340493989002425e-06,-2.3016118575469591e-06,2.3016118575469591e-06,-5.4340493989002425e-06,1.1002827022821293e-06,-8.8920805865200236e-06,-3.9969454519450665e-06,3.9969454519450665e-06,8.8920805865200236e-06,-1.1002827022821293e-06,-0.00012795078509952873,-2.2454749341704883e-05,0.00012795078509952873,0.00071184872649610043,-2.3752863853587769e-05,0.0067281369119882584,2.0855554794252384e-06,-0.093102701008319855,1.4292000969362562e-06,1.6051078546297504e-06,-0.01552005298435688,-0.011245517991483212,0.21088744699954987,-0.0061429841443896294,-2.9090072075632634e-06,-1.0582085678834119e-06,-1.8091295714839362e-05,0.025252899155020714,-7.852550879761111e-06,-6.1421133068506606e-07,-0.00027456218958832324,0.0028732381761074066,-4.5974484237376601e-06,-6.1588991684402572e-07,-2.7536889319890179e-05,-0.009220559149980545,-1.0287982149748132e-05,-4.551336871827516e-07,-0.0003664570685941726,-0.00049095280701294541,-8.2360511441947892e-06,5.6634483769357757e-09,3.0137101703076041e-09,9.63219008554006e-07,7.6190623587990558e-08,3.5590846891864203e-07,-0.00038231661892496049,-0.00110274413600564,-1.8031883541880234e-08,-4.6990351165732136e-08,-1.4466395192869186e-08,2.3850716956985707e-08,-0.00028903083875775337,0.00012696815247181803,-1.5466306649614125e-05,-1.7335299862253351e-09,9.2246921212790767e-10,2.9483257435458654e-07,2.3321256037434068e-08,-1.0894034119246498e-07,-0.00039962166920304298,-0.0010457703610882163,-4.9908205346227419e-10,-1.4383318536204115e-08,-4.4280312749833683e-09,7.300510862506826e-09]}
resting_integrated_body=completed simulated_s=6.0000002849847078 wall_s=59.834952541 real_time_factor=0.10027584263350754 physiology_body_clock=matched root_assistance=false presentation_qualification=pending
