rigid_source_rest_frames=passed source_body_count=103 maximum_COM_position_residual_m=6.26739049493e-08 maximum_orientation_unit_witness_residual_m=1.05692510994e-07 allowed_rest_reconstruction_residual_m=1e-06 rigid_sha256=2c78cb4150b97cea6e8169dad9e8f5dd59af667b247e07b56e48e857435560e4 boundary=consumed_reference_frame_join_not_source_authentication_or_loaded_motion
resting_mass_calibration source_composite_kg=97.1319506911 declared_reference_kg=72 executed_kg=71.9999993989 uniform_mass_inertia_scale=0.741259694099 measured_person=false additional_organ_or_blood_mass_kg=0
bone_orientation_semantics=unit_normalized_once_at_load bone_count=185 maximum_raw_norm_error=5.96046447754e-08 norm_admission_tolerance=0.00200000009499 bone_sha256=7d94e2f28ac6cea30c6c11a79919077acc40281636eb20b11b50b50aebd3ec49
tendon_bone_geometry=checked_bodyparts_subset bodyparts_envelope_count=160 fixed_sibling_envelope_count=0 external_surface_unverified_count=0 maximum_node_residual_m=2.77883934062e-07 allowed_point_residual_m=1e-06 tendon_sha256=52819336540a36621b60bd03b5084bd1d300ed2971673cfd0ccdb7eecfcb52b5 bone_sha256=7d94e2f28ac6cea30c6c11a79919077acc40281636eb20b11b50b50aebd3ec49 rigid_sha256=2c78cb4150b97cea6e8169dad9e8f5dd59af667b247e07b56e48e857435560e4 boundary=consumed_rest_surface_binding_not_loaded_or_clinical_qualification
tendon_payload=NHTENDON2 tendon_endpoints=832 tendon_point_bindings=672 tendon_triangle_bindings=0 tendon_envelope_bindings=160 tendon_migrated_envelope_bindings=0 tendon_max_reference_path_delta_m=0 tendon_max_architecture_scale_change=0 tendon_muscle_payload_sha256=e5bb8a8168706bb3b23cf42b1d849659569ba2e6027bcc85729c3110fdbb8c4b tendon_geometry_identity_verified=true tendon_bone_payload_sha256=7d94e2f28ac6cea30c6c11a79919077acc40281636eb20b11b50b50aebd3ec49
joint_equality_payload=NHEQ1 joint_equalities=51
pose_joint_ranges=passed enabled_range_count=118 failed_range_count=0 rigid_sha256=2c78cb4150b97cea6e8169dad9e8f5dd59af667b247e07b56e48e857435560e4 equality_sha256=0e3c593792a8c4ccd619f1999f6685b68e6ff0fd5ae5f6f0bca66b594a0e9b88 bone_sha256=7d94e2f28ac6cea30c6c11a79919077acc40281636eb20b11b50b50aebd3ec49 boundary=consumed_enabled_native_limits_after_NHEQ_projection_not_disabled_source_limits_or_loaded_motion
pose_q_override_count=0 root_pose_override=1 pose_q_equality_maximum_correction=0.0105060003698
runtime=Numi Matter runtime initialized with eligible dense45 vascular solve device=Apple M4 Pro world_fingerprint=6434571789366693551 timestep_s=0.00200000009499
resting_body_source_fingerprint=3632569280462507243 coupled_program_fingerprint=6823591164565431228
resting_passive_viscera=shared_torso_pelvis_field source_surfaces=80 caudal_m=-0.397011578083 cranial_m=-0.259147137403 upper_body=20 lower_body=128 independent_forces=false independent_mass=false organ_physiology=false
resting_lung_motion=basal_superior_sweep_v1 blend_start_m=-0.052405 blend_span_m=0.06 effective_area_m2=0.0193540051613
resting_initial_anatomical_registration={"body_poses":[{"body_index":20,"position_m":[-0.025000007823109627,-0.44271242618560791,0.096546053886413574],"quaternion_xyzw":[0.0061705871485173702,-0.70707988739013672,-0.0061705652624368668,0.70707988739013672]},{"body_index":128,"position_m":[-0.025055751204490662,-0.83042281866073608,0.11920696496963501],"quaternion_xyzw":[0.0058914260007441044,-0.70680069923400879,-0.005886733066290617,0.7073637843132019]}],"coordinate_source":"source pack transformed by native initialBodies before physical stepping","surfaces":[{"role":"upper_visceral_anchor","semantic":51010,"source_body_index":20,"stable_id":2,"torso_local_max_m":[0.1489698737859726,-0.06762242317199707,0.029034055769443512],"torso_local_min_m":[0.035220548510551453,-0.18552298843860626,-0.10646510124206543]},{"role":"upper_visceral_anchor","semantic":51010,"source_body_index":20,"stable_id":3,"torso_local_max_m":[0.10061360895633698,-0.14701209962368011,0.048131499439477921],"torso_local_min_m":[0.049258694052696228,-0.22131331264972687,-0.073365472257137299]},{"role":"upper_visceral_anchor","semantic":51010,"source_body_index":20,"stable_id":4,"torso_local_max_m":[0.065826825797557831,-0.15392428636550903,0.088104061782360077],"torso_local_min_m":[0.018313027918338776,-0.25914710760116577,0.030521268025040627]},{"role":"upper_visceral_anchor","semantic":51010,"source_body_index":20,"stable_id":5,"torso_local_max_m":[0.054068014025688171,-0.1345781683921814,-0.033227771520614624],"torso_local_min_m":[0.013165432959794998,-0.24133054912090302,-0.091208852827548981]},{"role":"upper_visceral_anchor","semantic":51010,"source_body_index":20,"stable_id":13,"torso_local_max_m":[0.095457650721073151,-0.10293921083211899,-0.056195467710494995],"torso_local_min_m":[-0.00033182650804519653,-0.17370373010635376,-0.11487260460853577]},{"role":"upper_visceral_anchor","semantic":51010,"source_body_index":20,"stable_id":14,"torso_local_max_m":[0.094544753432273865,-0.055873673409223557,0.033946555107831955],"torso_local_min_m":[0.058444060385227203,-0.13125307857990265,-0.011481210589408875]},{"role":"upper_visceral_anchor","semantic":51010,"source_body_index":20,"stable_id":15,"torso_local_max_m":[0.15468204021453857,-0.051299087703227997,-0.0026821792125701904],"torso_local_min_m":[0.045374639332294464,-0.10517608374357224,-0.095222979784011841]},{"role":"upper_visceral_anchor","semantic":51010,"source_body_index":20,"stable_id":16,"torso_local_max_m":[0.15707412362098694,-0.071360647678375244,0.0014663934707641602],"torso_local_min_m":[0.07356831431388855,-0.138477623462677,-0.074144557118415833]},{"role":"upper_visceral_anchor","semantic":51010,"source_body_index":20,"stable_id":17,"torso_local_max_m":[0.15518583357334137,-0.04497130960226059,0.046523258090019226],"torso_local_min_m":[0.074793577194213867,-0.16443367302417755,-0.011679999530315399]},{"role":"upper_visceral_anchor","semantic":51010,"source_body_index":20,"stable_id":18,"torso_local_max_m":[0.15332278609275818,-0.10873293876647949,0.10524313896894455],"torso_local_min_m":[0.06183064728975296,-0.17893320322036743,0.026367701590061188]},{"role":"upper_visceral_anchor","semantic":51010,"source_body_index":20,"stable_id":19,"torso_local_max_m":[0.11932293325662613,-0.11438564956188202,0.11530916392803192],"torso_local_min_m":[-0.0020214840769767761,-0.19753372669219971,0.021444413810968399]},{"role":"upper_visceral_anchor","semantic":51010,"source_body_index":20,"stable_id":20,"torso_local_max_m":[0.11958994716405869,-0.11408335715532303,0.11550363898277283],"torso_local_min_m":[-0.0022704675793647766,-0.19755388796329498,0.021117139607667923]},{"role":"upper_visceral_anchor","semantic":51010,"source_body_index":20,"stable_id":21,"torso_local_max_m":[0.10608795285224915,-0.049535799771547318,0.11580190062522888],"torso_local_min_m":[-0.0032210424542427063,-0.13487040996551514,0.020207773894071579]},{"role":"upper_visceral_anchor","semantic":51010,"source_body_index":20,"stable_id":22,"torso_local_max_m":[0.15336306393146515,-0.041172627359628677,0.11002320796251297],"torso_local_min_m":[0.02455456554889679,-0.11670317500829697,0.017514020204544067]},{"role":"upper_visceral_anchor","semantic":51010,"source_body_index":20,"stable_id":461,"torso_local_max_m":[0.13303953409194946,-0.13353027403354645,0.063625447452068329],"torso_local_min_m":[0.084262087941169739,-0.17424784600734711,0.026906765997409821]},{"role":"pelvic_anchor","semantic":51010,"source_body_index":20,"stable_id":462,"torso_local_max_m":[0.08233652263879776,-0.39701157808303833,0.034268602728843689],"torso_local_min_m":[0.010075983591377735,-0.43757495284080505,-0.033010013401508331]},{"role":"pelvic_anchor","semantic":51010,"source_body_index":20,"stable_id":463,"torso_local_max_m":[0.050315443426370621,-0.4348473846912384,0.01782398484647274],"torso_local_min_m":[0.018116317689418793,-0.4553583562374115,-0.016720972955226898]}],"torso_body_index":20}
resting_support_geometry=full_registered_skin vertices=54949 regions=32 full_binding_count=86 region_sizes=[6907,1222,2796,2044,1525,1394,710,777,1891,1262,810,832,890,483,1328,1266,835,700,870,3097,4320,2043,1882,579,1199,1219,962,632,868,3302,4308,1996] force_owner=exi2026-10-05 23:19:54.604 numi-human-native[39731:16095054] +[NSXPCSharedListener endpointForReply:withListenerName:replyErrorCode:]: an error occurred while attempting to obtain endpoint for listener 'ClientCallsAuxiliary': Connection interrupted
2026-10-05 23:19:54.680 numi-human-native[39731:16095054] Human native framebuffer output: recording; window drawable unavailable
sting_metal_stand partition=source_rest_voronoi
resting_initialization=dynamic_release recruitment_activation_cap=0.01 normalized_residual_rms=101.4427227 maximum_acceleration_residual=576.867872555 balanced=false qualification=initialization_transient_not_static_equilibrium
compiled_support_geometry=admissible compiled_support_min_gap_m=-1.38777878078e-17 compiled_support_gap_tolerance_m=1e-06 compiled_support_activation_distance_m=0.002 compiled_support_separated_witnesses=31 compiled_support_max_separated_force_n=0 compiled_support_rejected_pose_candidates=0
human_stand_solver_path=split_candidate
resting_integrated_rejection=pass rejected_after_accepted_predecessor=true body_q_v_root_myo_unchanged=true circulation_and_clock_unchanged=true respiration_brain_history_unchanged=true retry_matches_uninterrupted_replay=true same_command_buffer_reject=pass accepted_prefix=2 rejected_step=2 inert_suffix=1
resting_native_profile step=32 command_ms=516.215292 gpu_ms=515.585124493 host_copy_ms=0.009958 full_state_readback=0
resting_native_profile step=64 command_ms=549.953291 gpu_ms=549.26937446 host_copy_ms=0.008625 full_state_readback=0
resting_native_profile step=96 command_ms=549.123125 gpu_ms=548.513875343 host_copy_ms=0.009083 full_state_readback=0
resting_native_profile step=128 command_ms=547.148625 gpu_ms=546.509374864 host_copy_ms=0.006916 full_state_readback=0
resting_native_profile step=160 command_ms=546.073792 gpu_ms=545.488874428 host_copy_ms=0.011042 full_state_readback=0
resting_native_profile step=192 command_ms=540.697167 gpu_ms=540.158124641 host_copy_ms=0.00675 full_state_readback=0
resting_native_profile step=224 command_ms=529.671667 gpu_ms=529.063625261 host_copy_ms=0.0065 full_state_readback=0
resting_native_profile step=256 command_ms=533.628042 gpu_ms=533.100583591 host_copy_ms=0.006 full_state_readback=0
resting_native_profile step=288 command_ms=546.023 gpu_ms=545.438000001 host_copy_ms=0.006625 full_state_readback=0
resting_native_profile step=320 command_ms=565.1705 gpu_ms=564.542375505 host_copy_ms=0.005709 full_state_readback=0
resting_native_profile step=352 command_ms=552.047958 gpu_ms=551.416832954 host_copy_ms=0.006084 full_state_readback=0
resting_native_profile step=384 command_ms=578.865083 gpu_ms=578.305374831 host_copy_ms=0.005459 full_state_readback=0
resting_native_profile step=416 command_ms=552.141541 gpu_ms=551.55124981 host_copy_ms=0.006167 full_state_readback=0
resting_native_profile step=448 command_ms=539.969083 gpu_ms=539.795374498 host_copy_ms=0.005667 full_state_readback=0
resting_native_profile step=480 command_ms=539.6135 gpu_ms=538.98908291 host_copy_ms=0.006 full_state_readback=0
resting_native_profile step=512 command_ms=538.52875 gpu_ms=538.348374888 host_copy_ms=0.008542 full_state_readback=0
resting_native_profile step=544 command_ms=538.969583 gpu_ms=538.381249644 host_copy_ms=0.00675 full_state_readback=0
resting_native_profile step=576 command_ms=538.581917 gpu_ms=538.400208578 host_copy_ms=0.006958 full_state_readback=0
resting_native_profile step=608 command_ms=538.964708 gpu_ms=538.352958858 host_copy_ms=0.005917 full_state_readback=0
resting_native_profile step=640 command_ms=538.683834 gpu_ms=538.50408271 host_copy_ms=0.006166 full_state_readback=0
accepted_geometry_export=/Users/n/numi-human-resting-evidence-20261005/passive-joint-release-native-025/accepted-geometry/step-639.mrvpack receipt=/Users/n/numi-human-resting-evidence-20261005/passive-joint-release-native-025/accepted-geometry/step-639.receipt.json accepted_root=0xb2ca92065a811bd7 pack_sha256=081d69dedb614537cee35746f85b0adaf08aea2934e2d83da2eee1dbe15a2e89 receipt_sha256=e16d4b9d3800a74ea57bc0abc923a2d9850d47f58bebb7155ce51a843782d5a3
resting_native_profile step=672 command_ms=547.971541 gpu_ms=547.771291807 host_copy_ms=0.005834 full_state_readback=0
resting_native_profile step=704 command_ms=543.078708 gpu_ms=542.534875683 host_copy_ms=3.626 full_state_readback=0
resting_native_profile step=736 command_ms=542.606833 gpu_ms=542.376083322 host_copy_ms=0.008458 full_state_readback=0
resting_native_profile step=768 command_ms=542.5175 gpu_ms=541.963499971 host_copy_ms=0.006458 full_state_readback=0
resting_native_profile step=800 command_ms=541.655542 gpu_ms=541.107041761 host_copy_ms=0.00525 full_state_readback=0
resting_native_profile step=832 command_ms=541.64875 gpu_ms=541.128207929 host_copy_ms=0.006208 full_state_readback=0
resting_native_profile step=864 command_ms=540.975916 gpu_ms=540.429499932 host_copy_ms=0.005667 full_state_readback=0
resting_native_profile step=896 command_ms=540.793084 gpu_ms=540.232291445 host_copy_ms=0.005666 full_state_readback=0
resting_native_profile step=928 command_ms=540.433 gpu_ms=539.855916984 host_copy_ms=0.005625 full_state_readback=0
resting_native_profile step=960 command_ms=539.787167 gpu_ms=539.189708419 host_copy_ms=0.006083 full_state_readback=0
resting_native_profile step=992 command_ms=539.571125 gpu_ms=539.057708345 host_copy_ms=0.005625 full_state_readback=0
resting_native_profile step=1024 command_ms=540.176208 gpu_ms=539.569750428 host_copy_ms=0.036584 full_state_readback=0
resting_native_profile step=1056 command_ms=539.771875 gpu_ms=539.225124754 host_copy_ms=0.008708 full_state_readback=0
resting_native_profile step=1088 command_ms=538.674208 gpu_ms=538.055124693 host_copy_ms=0.01175 full_state_readback=0
resting_native_profile step=1120 command_ms=536.586167 gpu_ms=535.960500129 host_copy_ms=0.007791 full_state_readback=0
resting_native_profile step=1152 command_ms=533.880583 gpu_ms=533.299500123 host_copy_ms=0.007959 full_state_readback=0
resting_native_profile step=1184 command_ms=535.015375 gpu_ms=534.30587519 host_copy_ms=0.010916 full_state_readback=0
resting_native_profile step=1216 command_ms=534.049917 gpu_ms=533.468041569 host_copy_ms=0.008333 full_state_readback=0
resting_native_profile step=1248 command_ms=534.056458 gpu_ms=533.389749937 host_copy_ms=3.827833 full_state_readback=0
resting_native_profile step=1280 command_ms=536.248208 gpu_ms=535.578332841 host_copy_ms=0.008417 full_state_readback=0
resting_native_profile step=1312 command_ms=541.3535 gpu_ms=540.744166821 host_copy_ms=0.009958 full_state_readback=0
resting_native_profile step=1344 command_ms=540.950209 gpu_ms=540.397000499 host_copy_ms=0.008666 full_state_readback=0
resting_native_profile step=1376 command_ms=541.277125 gpu_ms=540.615666658 host_copy_ms=0.009167 full_state_readback=0
resting_native_profile step=1408 command_ms=541.568833 gpu_ms=540.929083712 host_copy_ms=0.00725 full_state_readback=0
resting_native_profile step=1440 command_ms=542.350959 gpu_ms=541.774416342 host_copy_ms=0.007333 full_state_readback=0
resting_native_profile step=1472 command_ms=541.094792 gpu_ms=540.543125011 host_copy_ms=0.00925 full_state_readback=0
resting_native_profile step=1504 command_ms=540.701333 gpu_ms=540.046541952 host_copy_ms=0.007209 full_state_readback=0
resting_native_profile step=1536 command_ms=540.672167 gpu_ms=540.03704153 host_copy_ms=0.008083 full_state_readback=0
resting_native_profile step=1568 command_ms=540.683 gpu_ms=540.106124245 host_copy_ms=0.008 full_state_readback=0
resting_native_profile step=1600 command_ms=540.531084 gpu_ms=539.941833355 host_copy_ms=0.006625 full_state_readback=0
resting_native_profile step=1632 command_ms=541.149 gpu_ms=540.610000491 host_copy_ms=0.00725 full_state_readback=0
resting_native_profile step=1664 command_ms=541.047208 gpu_ms=540.821666829 host_copy_ms=0.007208 full_state_readback=0
resting_native_profile step=1696 command_ms=541.366208 gpu_ms=540.759666823 host_copy_ms=0.009084 full_state_readback=0
resting_native_profile step=1728 command_ms=541.154041 gpu_ms=540.628541261 host_copy_ms=0.008375 full_state_readback=0
resting_native_profile step=1760 command_ms=541.511792 gpu_ms=540.937125683 host_copy_ms=0.00675 full_state_readback=0
resting_native_profile step=1792 command_ms=541.528875 gpu_ms=540.91612529 host_copy_ms=0.010584 full_state_readback=0
resting_native_profile step=1824 command_ms=540.7195 gpu_ms=540.150666609 host_copy_ms=0.008166 full_state_readback=0
resting_native_profile step=1856 command_ms=541.453458 gpu_ms=540.911791846 host_copy_ms=0.00875 full_state_readback=0
resting_native_profile step=1888 command_ms=540.969833 gpu_ms=540.300000459 host_copy_ms=0.007042 full_state_readback=0
resting_native_profile step=1920 command_ms=541.948334 gpu_ms=541.401334107 host_copy_ms=0.007125 full_state_readback=0
resting_native_profile step=1952 command_ms=541.20975 gpu_ms=540.633833967 host_copy_ms=0.006791 full_state_readback=0
resting_native_profile step=1984 command_ms=541.435375 gpu_ms=540.740458295 host_copy_ms=0.007417 full_state_readback=0
resting_native_profile step=2016 command_ms=541.013333 gpu_ms=540.469416417 host_copy_ms=0.008458 full_state_readback=0
resting_native_profile step=2048 command_ms=541.188833 gpu_ms=540.558958426 host_copy_ms=0.007459 full_state_readback=0
resting_native_profile step=2080 command_ms=541.112792 gpu_ms=540.555958636 host_copy_ms=0.008792 full_state_readback=0
resting_native_profile step=2112 command_ms=540.718917 gpu_ms=540.078083053 host_copy_ms=0.007125 full_state_readback=0
resting_native_profile step=2144 command_ms=540.97925 gpu_ms=540.376583114 host_copy_ms=0.007084 full_state_readback=0
resting_native_profile step=2176 command_ms=541.321958 gpu_ms=540.753125213 host_copy_ms=0.008 full_state_readback=0
resting_native_profile step=2208 command_ms=540.998375 gpu_ms=540.598166175 host_copy_ms=0.008875 full_state_readback=0
resting_native_profile step=2240 command_ms=541.474167 gpu_ms=540.836167522 host_copy_ms=0.006791 full_state_readback=0
resting_native_profile step=2272 command_ms=542.103209 gpu_ms=541.503374465 host_copy_ms=0.007375 full_state_readback=0
resting_native_profile step=2304 command_ms=541.791542 gpu_ms=541.622124612 host_copy_ms=0.007416 full_state_readback=0
resting_native_profile step=2336 command_ms=541.816375 gpu_ms=541.172374971 host_copy_ms=0.011458 full_state_readback=0
resting_native_profile step=2368 command_ms=542.127625 gpu_ms=541.555499658 host_copy_ms=0.007583 full_state_readback=0
resting_native_profile step=2400 command_ms=541.386167 gpu_ms=540.872916579 host_copy_ms=0.008833 full_state_readback=0
resting_native_profile step=2432 command_ms=542.297875 gpu_ms=541.699375026 host_copy_ms=0.007459 full_state_readback=0
resting_native_profile step=2464 command_ms=542.334333 gpu_ms=541.682749987 host_copy_ms=0.006667 full_state_readback=0
resting_native_profile step=2496 command_ms=542.486583 gpu_ms=541.950083338 host_copy_ms=0.005958 full_state_readback=0
resting_native_profile step=2528 command_ms=543.196167 gpu_ms=542.653874494 host_copy_ms=0.007625 full_state_readback=0
resting_native_profile step=2560 command_ms=543.900333 gpu_ms=543.292624876 host_copy_ms=0.008458 full_state_readback=0
resting_native_profile step=2592 command_ms=544.878333 gpu_ms=544.250999577 host_copy_ms=0.007917 full_state_readback=0
resting_native_profile step=2624 command_ms=545.371583 gpu_ms=544.737041928 host_copy_ms=0.007167 full_state_readback=0
resting_native_profile step=2656 command_ms=545.542875 gpu_ms=544.967915863 host_copy_ms=0.007667 full_state_readback=0
resting_native_profile step=2688 command_ms=546.77825 gpu_ms=546.214499511 host_copy_ms=0.0075 full_state_readback=0
resting_native_profile step=2720 command_ms=546.832833 gpu_ms=546.216749586 host_copy_ms=0.007709 full_state_readback=0
resting_native_profile step=2752 command_ms=547.312125 gpu_ms=546.69149965 host_copy_ms=0.008666 full_state_readback=0
resting_native_profile step=2784 command_ms=547.449583 gpu_ms=546.84737511 host_copy_ms=0.007917 full_state_readback=0
accepted_geometry_export=/Users/n/numi-human-resting-evidence-20261005/passive-joint-release-native-025/accepted-geometry/step-2783.mrvpack receipt=/Users/n/numi-human-resting-evidence-20261005/passive-joint-release-native-025/accepted-geometry/step-2783.receipt.json accepted_root=0xa3a6038c2ad04bf7 pack_sha256=f72cbff33719e4ed29985156db2c67a64a5f23535d4ba181fb059902b32bf441 receipt_sha256=7b67fc03f6229f5b9f8e8991b0ed02eef980c9ac5f0e2982da48e6b990072bbe
resting_native_profile step=2816 command_ms=561.047083 gpu_ms=560.555166565 host_copy_ms=0.006583 full_state_readback=0
resting_native_profile step=2848 command_ms=549.203042 gpu_ms=548.657957464 host_copy_ms=0.011167 full_state_readback=0
resting_native_profile step=2880 command_ms=549.209791 gpu_ms=548.654125072 host_copy_ms=0.008584 full_state_readback=0
resting_native_profile step=2912 command_ms=550.37425 gpu_ms=549.755167216 host_copy_ms=0.008208 full_state_readback=0
resting_native_profile step=2944 command_ms=550.691917 gpu_ms=550.129791722 host_copy_ms=0.006958 full_state_readback=0
resting_native_profile step=2976 command_ms=550.890542 gpu_ms=550.299708731 host_copy_ms=0.007583 full_state_readback=0
resting_native_profile step=3000 command_ms=412.783208 gpu_ms=412.223000079 host_copy_ms=0.110625 full_state_readback=1
accepted_geometry_export=/Users/n/numi-human-resting-evidence-20261005/passive-joint-release-native-025/accepted-geometry/step-2999.mrvpack receipt=/Users/n/numi-human-resting-evidence-20261005/passive-joint-release-native-025/accepted-geometry/step-2999.receipt.json accepted_root=0x2550b810d1f939bf pack_sha256=164ca31fac959a1637133a5e894d05f51e312cdcd650f1b558f8466b8b7dc35e receipt_sha256=c5ad6b9fa3961a5c6e35231602dbcd200bcc0afa161a78c2c2afd64813c03bd4
stand_terminal_state={"schema":"numi.human.legacy-stand-terminal.v1","step_count":3000,"timestep_seconds":0.002,"root_assistance":false,"initial_q":[-0.05000000074505806,0.20000000298023224,0.10715460777282715,-0.70090925693511963,0,0,0.71325045824050903,0,0,0,0,0,0,0,0,0,0,0,0,0,0,0,0,0,0,0,0,0,0,0,0,0,0,0,0,0,0,0,0,0,0,0,0,0,0,0,0,0,0,0,0,0,0,0,0,0,0,0,0,0,0,0,0,0,0,0,0,0,0,0,0,0,0,0,0,0,0,0,0,0,0,0,0,0,0,0,0,0,0,0,0,0,0,0,0,0,0,0,0,0,0,0,0,0,7.6925396608196195e-11,9.537330214470785e-08,0,-1.4732499664660281e-08,1.0893900004305124e-08,0,0,0,0,0,0.010506000369787216,0,0,0,-7.6925396608196195e-11,9.537330214470785e-08,0,-1.4732499664660281e-08,-1.0893900004305124e-08,0,0,0,0,0,0.010506000369787216],"initial_v":[0,0,0,0,0,0,0,0,0,0,0,0,0,0,0,0,0,0,0,0,0,0,0,0,0,0,0,0,0,0,0,0,0,0,0,0,0,0,0,0,0,0,0,0,0,0,0,0,0,0,0,0,0,0,0,0,0,0,0,0,0,0,0,0,0,0,0,0,0,0,0,0,0,0,0,0,0,0,0,0,0,0,0,0,0,0,0,0,0,0,0,0,0,0,0,0,0,0,0,0,0,0,0,0,0,0,0,0,0,0,0,0,0,0,0,0,0,0,0,0,0,0,0,0,0,0,0,0],"q":[-0.052918370813131332,0.17254818975925446,-0.19606789946556091,-0.79553467035293579,0.0010685657616704702,0.002206792589277029,0.6059030294418335,-0.25230416655540466,-0.0048026759177446365,-0.0044565750285983086,0,0,-0.16220635175704956,-0.046676270663738251,-0.00086976459715515375,-0.00016836941358633339,-0.051470048725605011,-0.001178096397779882,-0.00016836941358633339,-0.058282263576984406,-0.0012011491926386952,-0.00013864404172636569,-0.064337559044361115,-0.00090290303342044353,-0.00012875045649707317,-2.3645965185892237e-09,1.0015336338042857e-09,-1.0015336338042857e-09,2.3645965185892237e-09,-4.7878195852391059e-10,3.8693399595501887e-09,1.7392487450251792e-09,-1.7392487450251792e-09,-3.8693399595501887e-09,4.7878195852391059e-10,0.0025548085104674101,9.7710604052281269e-09,-0.0025548085104674101,-0.27662584185600281,2.01932301990837e-08,-0.28644907474517822,0.073001109063625336,-0.067344352602958679,-0.77999997138977051,0.48819869756698608,0.039248257875442505,-0.27826514840126038,0.052441835403442383,0.059159800410270691,-1.1257468202074961e-07,5.0459223466248204e-09,0.06315949559211731,0.051842544227838516,0.080758459866046906,0.0011985026067122817,0.1425640732049942,0.044259462505578995,0.2195071280002594,4.2806096445247022e-09,-1.006583374874026e-06,0.026036784052848816,-8.4915825482312357e-07,3.3985358971477808e-10,7.4183411413741851e-08,-3.1420661628089874e-08,3.1420661628089874e-08,-7.4183411413741851e-08,1.5020608756799447e-08,-1.2139103944264207e-07,-5.456465856923387e-08,5.456465856923387e-08,1.2139103944264207e-07,-1.5020608756799447e-08,-0.0025930732954293489,-3.0654302918264875e-07,0.0025930732954293489,-0.2677176296710968,-2.5055015839825501e-07,-0.30463522672653198,0.044065136462450027,-0.039522167295217514,-0.77999997138977051,0.71100670099258423,-0.11523450911045074,-0.294656902551651,0.047866359353065491,0.05817856639623642,-1.1324148090352537e-06,-1.8130961620954622e-07,0.076354265213012695,0.052195880562067032,0.061586052179336548,-1.7419994264855632e-06,0.13691437244415283,0.04498349130153656,0.21628457307815552,-8.1402998830526485e-07,-8.4922015730626299e-07,0.028274523094296455,1.0483141466011148e-08,-7.6175399499334162e-07,-0.34406599402427673,-0.03225221112370491,-0.6981317400932312,3.660235563529568e-07,2.9009936497459421e-07,6.2239720136858523e-05,4.9083023441198748e-06,2.300775122421328e-05,-0.26080712676048279,-0.020846212282776833,-0.52359902858734131,-3.0363100904651219e-06,-9.3489785513156676e-07,0.010507536120712757,-0.34321218729019165,-0.025622962042689323,-0.6981319785118103,-1.5339984837936527e-10,9.5413994927184831e-08,1.3006500765300189e-08,-1.3703685297627999e-08,-1.5699788136203097e-08,-0.28530764579772949,-0.006390230730175972,-0.52359902858734131,-6.3451821574744827e-10,-1.9534203421489593e-10,0.010506000369787216],"v":[0.001947710057720542,-5.6741053413134068e-05,-0.00024921397562138736,-0.00017313611169811338,3.8137714000185952e-05,-0.0019907616078853607,-0.00037438850267790258,0.0019690990447998047,0.00065496796742081642,0,0,-0.00024069436767604202,-6.9261870521586388e-05,0.00035660382127389312,2.4744691472733393e-05,-7.63752541388385e-05,0.00048301997594535351,2.4744691472733393e-05,-8.6483749328181148e-05,0.00049247161950916052,2.0376053726067767e-05,-9.5469069492537528e-05,0.00037019059527665377,1.8922024537459947e-05,2.3798363599780714e-06,-1.0079885441882652e-06,1.0079885441882652e-06,-2.3798363599780714e-06,4.8186768708546879e-07,-3.8942775972827803e-06,-1.7504581819594023e-06,1.7504581819594023e-06,3.8942775972827803e-06,-4.8186768708546879e-07,-0.00060603913152590394,-9.8340342447045259e-06,0.00060603913152590394,-0.00046533392742276192,-6.2860925709173898e-07,-0.00071657478110864758,0.0017857422353699803,-0.0048921890556812286,-4.9991695050266571e-07,0.023387622088193893,-0.0014367182739078999,-0.058927953243255615,-0.002157917944714427,0.0028417750727385283,-2.316938036983629e-07,-8.3708374631896731e-07,2.4171196855604649e-05,0.0011683445191010833,0.0086683761328458786,0.00067881733411923051,0.0021222943905740976,0.00081705511547625065,0.013731302693486214,-7.6841769214297528e-07,-5.8419220295036212e-05,0.00057520472910255194,-1.2848908227169886e-05,-2.1743248979078089e-08,5.3698331612395123e-06,-2.2744127363694133e-06,2.2744127363694133e-06,-5.3698331612395123e-06,1.0872802249650704e-06,-8.7869993876665831e-06,-3.9497122088505421e-06,3.9497122088505421e-06,8.7869993876665831e-06,-1.0872802249650704e-06,0.00058305787388235331,-2.218939334852621e-05,-0.00058305787388235331,0.0075545255094766617,-1.0622478839650284e-05,-0.016813397407531738,0.0006939334562048316,-0.0097567206248641014,7.9300093602796551e-08,0.17856854200363159,-0.042428035289049149,-0.057641159743070602,0.032655507326126099,-0.0050208992324769497,-0.0001028199476422742,-3.2853057518877904e-07,0.0069711022078990936,-0.001198281068354845,0.010995124466717243,-3.4715441188382101e-07,0.0043528866954147816,-0.00078895059414207935,0.015548629686236382,4.052662347930891e-07,5.4071492741059046e-06,-0.0010226548183709383,-2.9187513064243831e-06,-1.232834847542108e-07,-0.00010386304347775877,0.0019990780856460333,-1.5263362001860514e-05,1.6447259554297489e-07,8.751565161446706e-08,2.7973654141533189e-05,2.2126016574475216e-06,1.0335646948078647e-05,0.0016826082719489932,-0.0018461650470271707,-2.4208424065363943e-07,-1.3646540537592955e-06,-4.2024927893180575e-07,6.8808571995759849e-07,-2.4971281163743697e-05,-0.0020172966178506613,-4.7488327254541218e-05,-1.886986539245683e-10,1.0041285164463787e-10,3.2093190327486809e-08,2.5385713531278498e-09,-1.185840137196692e-08,-0.0034927455708384514,0.0020250552333891392,-6.1668008477511194e-09,-1.5656566043631415e-09,-4.8200127222841616e-10,7.9467443736547239e-10]}
resting_integrated_body=completed simulated_s=6.0000002849847078 wall_s=61.833544291999999 real_time_factor=0.097034713983894752 physiology_body_clock=matched root_assistance=false presentation_qualification=pending
