rigid_source_rest_frames=passed source_body_count=103 maximum_COM_position_residual_m=6.26739049493e-08 maximum_orientation_unit_witness_residual_m=1.05692510994e-07 allowed_rest_reconstruction_residual_m=1e-06 rigid_sha256=2c78cb4150b97cea6e8169dad9e8f5dd59af667b247e07b56e48e857435560e4 boundary=consumed_reference_frame_join_not_source_authentication_or_loaded_motion
resting_mass_calibration source_composite_kg=97.1319506911 declared_reference_kg=72 executed_kg=71.9999993989 uniform_mass_inertia_scale=0.741259694099 measured_person=false additional_organ_or_blood_mass_kg=0
bone_orientation_semantics=unit_normalized_once_at_load bone_count=185 maximum_raw_norm_error=5.96046447754e-08 norm_admission_tolerance=0.00200000009499 bone_sha256=7d94e2f28ac6cea30c6c11a79919077acc40281636eb20b11b50b50aebd3ec49
tendon_bone_geometry=checked_bodyparts_subset bodyparts_envelope_count=160 fixed_sibling_envelope_count=0 external_surface_unverified_count=0 maximum_node_residual_m=2.77883934062e-07 allowed_point_residual_m=1e-06 tendon_sha256=52819336540a36621b60bd03b5084bd1d300ed2971673cfd0ccdb7eecfcb52b5 bone_sha256=7d94e2f28ac6cea30c6c11a79919077acc40281636eb20b11b50b50aebd3ec49 rigid_sha256=2c78cb4150b97cea6e8169dad9e8f5dd59af667b247e07b56e48e857435560e4 boundary=consumed_rest_surface_binding_not_loaded_or_clinical_qualification
tendon_payload=NHTENDON2 tendon_endpoints=832 tendon_point_bindings=672 tendon_triangle_bindings=0 tendon_envelope_bindings=160 tendon_migrated_envelope_bindings=0 tendon_max_reference_path_delta_m=0 tendon_max_architecture_scale_change=0 tendon_muscle_payload_sha256=e5bb8a8168706bb3b23cf42b1d849659569ba2e6027bcc85729c3110fdbb8c4b tendon_geometry_identity_verified=true tendon_bone_payload_sha256=7d94e2f28ac6cea30c6c11a79919077acc40281636eb20b11b50b50aebd3ec49
joint_equality_payload=NHEQ1 joint_equalities=51
pose_joint_ranges=passed enabled_range_count=118 failed_range_count=0 rigid_sha256=2c78cb4150b97cea6e8169dad9e8f5dd59af667b247e07b56e48e857435560e4 equality_sha256=0e3c593792a8c4ccd619f1999f6685b68e6ff0fd5ae5f6f0bca66b594a0e9b88 bone_sha256=7d94e2f28ac6cea30c6c11a79919077acc40281636eb20b11b50b50aebd3ec49 boundary=consumed_enabled_native_limits_after_NHEQ_projection_not_disabled_source_limits_or_loaded_motion
pose_q_override_count=0 root_pose_override=1 pose_q_equality_maximum_correction=0.0105060003698
resting_hand_model=rigid_reference_digits source_equalities=51 derived_internal_equalities=40 wrist_dofs=free root_constraint_rows=0 hand_function_simulated=0 body_mass_inertia_preserved=1
runtime=Numi Matter runtime initialized with eligible dense45 vascular solve device=Apple M4 Pro world_fingerprint=6434571789366693551 timestep_s=0.00200000009499
resting_body_source_fingerprint=12223232190898157244 coupled_program_fingerprint=17902621467452001833
resting_passive_viscera=shared_torso_pelvis_field source_surfaces=80 caudal_m=-0.397011578083 cranial_m=-0.259147137403 upper_body=20 lower_body=128 independent_forces=false independent_mass=false organ_physiology=false
resting_lung_motion=basal_superior_sweep_v1 blend_start_m=-0.052405 blend_span_m=0.06 effective_area_m2=0.0193540051613
resting_initial_anatomical_registration={"body_poses":[{"body_index":20,"position_m":[-0.025000007823109627,-0.44271242618560791,0.096546053886413574],"quaternion_xyzw":[0.0061705871485173702,-0.70707988739013672,-0.0061705652624368668,0.70707988739013672]},{"body_index":128,"position_m":[-0.025055751204490662,-0.83042281866073608,0.11920696496963501],"quaternion_xyzw":[0.0058914260007441044,-0.70680069923400879,-0.005886733066290617,0.7073637843132019]}],"coordinate_source":"source pack transformed by native initialBodies before physical stepping","surfaces":[{"role":"upper_visceral_anchor","semantic":51010,"source_body_index":20,"stable_id":2,"torso_local_max_m":[0.1489698737859726,-0.06762242317199707,0.029034055769443512],"torso_local_min_m":[0.035220548510551453,-0.18552298843860626,-0.10646510124206543]},{"role":"upper_visceral_anchor","semantic":51010,"source_body_index":20,"stable_id":3,"torso_local_max_m":[0.10061360895633698,-0.14701209962368011,0.048131499439477921],"torso_local_min_m":[0.049258694052696228,-0.22131331264972687,-0.073365472257137299]},{"role":"upper_visceral_anchor","semantic":51010,"source_body_index":20,"stable_id":4,"torso_local_max_m":[0.065826825797557831,-0.15392428636550903,0.088104061782360077],"torso_local_min_m":[0.018313027918338776,-0.25914710760116577,0.030521268025040627]},{"role":"upper_visceral_anchor","semantic":51010,"source_body_index":20,"stable_id":5,"torso_local_max_m":[0.054068014025688171,-0.1345781683921814,-0.033227771520614624],"torso_local_min_m":[0.013165432959794998,-0.24133054912090302,-0.091208852827548981]},{"role":"upper_visceral_anchor","semantic":51010,"source_body_index":20,"stable_id":13,"torso_local_max_m":[0.095457650721073151,-0.10293921083211899,-0.056195467710494995],"torso_local_min_m":[-0.00033182650804519653,-0.17370373010635376,-0.11487260460853577]},{"role":"upper_visceral_anchor","semantic":51010,"source_body_index":20,"stable_id":14,"torso_local_max_m":[0.094544753432273865,-0.055873673409223557,0.033946555107831955],"torso_local_min_m":[0.058444060385227203,-0.13125307857990265,-0.011481210589408875]},{"role":"upper_visceral_anchor","semantic":51010,"source_body_index":20,"stable_id":15,"torso_local_max_m":[0.15468204021453857,-0.051299087703227997,-0.0026821792125701904],"torso_local_min_m":[0.045374639332294464,-0.10517608374357224,-0.095222979784011841]},{"role":"upper_visceral_anchor","semantic":51010,"source_body_index":20,"stable_id":16,"torso_local_max_m":[0.15707412362098694,-0.071360647678375244,0.0014663934707641602],"torso_local_min_m":[0.07356831431388855,-0.138477623462677,-0.074144557118415833]},{"role":"upper_visceral_anchor","semantic":51010,"source_body_index":20,"stable_id":17,"torso_local_max_m":[0.15518583357334137,-0.04497130960226059,0.046523258090019226],"torso_local_min_m":[0.074793577194213867,-0.16443367302417755,-0.011679999530315399]},{"role":"upper_visceral_anchor","semantic":51010,"source_body_index":20,"stable_id":18,"torso_local_max_m":[0.15332278609275818,-0.10873293876647949,0.10524313896894455],"torso_local_min_m":[0.06183064728975296,-0.17893320322036743,0.026367701590061188]},{"role":"upper_visceral_anchor","semantic":51010,"source_body_index":20,"stable_id":19,"torso_local_max_m":[0.11932293325662613,-0.11438564956188202,0.11530916392803192],"torso_local_min_m":[-0.0020214840769767761,-0.19753372669219971,0.021444413810968399]},{"role":"upper_visceral_anchor","semantic":51010,"source_body_index":20,"stable_id":20,"torso_local_max_m":[0.11958994716405869,-0.11408335715532303,0.11550363898277283],"torso_local_min_m":[-0.0022704675793647766,-0.19755388796329498,0.021117139607667923]},{"role":"upper_visceral_anchor","semantic":51010,"source_body_index":20,"stable_id":21,"torso_local_max_m":[0.10608795285224915,-0.049535799771547318,0.11580190062522888],"torso_local_min_m":[-0.0032210424542427063,-0.13487040996551514,0.020207773894071579]},{"role":"upper_visceral_anchor","semantic":51010,"source_body_index":20,"stable_id":22,"torso_local_max_m":[0.15336306393146515,-0.041172627359628677,0.11002320796251297],"torso_local_min_m":[0.02455456554889679,-0.11670317500829697,0.017514020204544067]},{"role":"upper_visceral_anchor","semantic":51010,"source_body_index":20,"stable_id":461,"torso_local_max_m":[0.13303953409194946,-0.13353027403354645,0.063625447452068329],"torso_local_min_m":[0.084262087941169739,-0.17424784600734711,0.026906765997409821]},{"role":"pelvic_anchor","semantic":51010,"source_body_index":20,"stable_id":462,"torso_local_max_m":[0.08233652263879776,-0.39701157808303833,0.034268602728843689],"torso_local_min_m":[0.010075983591377735,-0.43757495284080505,-0.033010013401508331]},{"role":"pelvic_anchor","semantic":51010,"source_body_index":20,"stable_id":463,"torso_local_max_m":[0.050315443426370621,-0.4348473846912384,0.01782398484647274],"torso_local_min_m":[0.018116317689418793,-0.4553583562374115,-0.016720972955226898]}],"torso_body_index":20}
resting_support_geometry=full_registered_skin vertices=54949 regions=32 full_bin2026-10-06 01:36:33.599 numi-human-native[52065:16161153] +[NSXPCSharedListener endpointForReply:withListenerName:replyErrorCode:]: an error occurred while attempting to obtain endpoint for listener 'ClientCallsAuxiliary': Connection interrupted
2026-10-06 01:36:33.668 numi-human-native[52065:16161153] Human native framebuffer output: recording; window drawable unavailable
ding_count=86 region_sizes=[6907,1222,2796,2044,1525,1394,710,777,1891,1262,810,832,890,483,1328,1266,835,700,870,3097,4320,2043,1882,579,1199,1219,962,632,868,3302,4308,1996] force_owner=existing_metal_stand partition=source_rest_voronoi
human_execution_stage=static_equilibrium_begin wall_elapsed_ms=4.2e-05 stage_step=0
resting_initialization=dynamic_release recruitment_activation_cap=0.01 normalized_residual_rms=146.157054343 maximum_acceleration_residual=576.853445741 balanced=false qualification=initialization_transient_not_static_equilibrium
compiled_support_geometry=admissible compiled_support_min_gap_m=-1.38777878078e-17 compiled_support_gap_tolerance_m=1e-06 compiled_support_activation_distance_m=0.002 compiled_support_separated_witnesses=31 compiled_support_max_separated_force_n=0 compiled_support_rejected_pose_candidates=0
human_execution_stage=static_equilibrium_end wall_elapsed_ms=1393.76675 stage_step=0
human_execution_stage=fiber_equilibrium_begin wall_elapsed_ms=1393.839084 stage_step=0
human_execution_stage=fiber_equilibrium_end wall_elapsed_ms=1419.216167 stage_step=2
human_execution_stage=initial_force_checks_begin wall_elapsed_ms=1419.229209 stage_step=0
human_stand_solver_path=split_candidate
human_execution_stage=initial_force_checks_end wall_elapsed_ms=2036.210875 stage_step=0
human_execution_stage=native_horizon_begin wall_elapsed_ms=2036.225625 stage_step=0
resting_support_gpu_stage=support_normalize_poses step=0 elapsed_ns=23541
resting_support_gpu_stage=support_positions step=0 elapsed_ns=1891375
resting_support_gpu_stage=support_select step=0 elapsed_ns=10042
resting_support_gpu_stage=support_publish step=0 elapsed_ns=754791
human_gpu_stage=kinematics step=1 elapsed_ns=1594333
resting_support_gpu_stage=support_normalize_poses step=0 elapsed_ns=23625
resting_support_gpu_stage=support_positions step=0 elapsed_ns=1870709
resting_support_gpu_stage=support_select step=0 elapsed_ns=9709
resting_support_gpu_stage=support_publish step=0 elapsed_ns=753209
human_gpu_stage=kinematics step=1 elapsed_ns=1601333
human_gpu_stage=kinematics step=1 elapsed_ns=1601417
resting_integrated_rejection=pass rejected_after_accepted_predecessor=true body_q_v_root_myo_unchanged=true circulation_and_clock_unchanged=true respiration_brain_history_unchanged=true retry_matches_uninterrupted_replay=true same_command_buffer_reject=pass accepted_prefix=2 rejected_step=2 inert_suffix=1
human_execution_stage=authoritative_segment_begin wall_elapsed_ms=2250.727042 stage_step=0
human_borrowed_callback=transaction_begin step=15 encoded=1 host_encode_ns=42 gpu_envelope_sampling=unavailable
human_borrowed_callback=tendon_pre_dynamics step=15 encoded=1 host_encode_ns=42 gpu_envelope_sampling=unavailable
human_borrowed_callback=transaction_pre_dynamics step=15 encoded=1 host_encode_ns=168000 gpu_envelope_sampling=unavailable
human_borrowed_callback=support_geometry_pre_dynamics step=15 encoded=1 host_encode_ns=17625 gpu_envelope_sampling=unavailable
human_borrowed_callback=transaction_post_dynamics step=15 encoded=1 host_encode_ns=8291 gpu_envelope_sampling=unavailable
human_borrowed_callback=tendon_post_validation step=15 encoded=1 host_encode_ns=9375 gpu_envelope_sampling=unavailable
human_borrowed_callback=transaction_begin step=31 encoded=1 host_encode_ns=83 gpu_envelope_sampling=unavailable
human_borrowed_callback=tendon_pre_dynamics step=31 encoded=1 host_encode_ns=42 gpu_envelope_sampling=unavailable
human_borrowed_callback=transaction_pre_dynamics step=31 encoded=1 host_encode_ns=175292 gpu_envelope_sampling=unavailable
human_borrowed_callback=support_geometry_pre_dynamics step=31 encoded=1 host_encode_ns=16250 gpu_envelope_sampling=unavailable
human_borrowed_callback=transaction_post_dynamics step=31 encoded=1 host_encode_ns=7500 gpu_envelope_sampling=unavailable
human_borrowed_callback=tendon_post_validation step=31 encoded=1 host_encode_ns=9333 gpu_envelope_sampling=unavailable
resting_support_gpu_stage=support_normalize_poses step=0 elapsed_ns=23333
resting_support_gpu_stage=support_positions step=0 elapsed_ns=1892333
resting_support_gpu_stage=support_select step=0 elapsed_ns=9125
resting_support_gpu_stage=support_publish step=0 elapsed_ns=754042
human_gpu_stage=kinematics step=1 elapsed_ns=1566541
human_gpu_stage=muscle_angular step=2 elapsed_ns=5708
human_gpu_stage=muscles step=3 elapsed_ns=491333
human_gpu_stage=active_force step=4 elapsed_ns=13875
human_gpu_stage=force_reduce step=5 elapsed_ns=48250
human_gpu_stage=tendon_transfer step=6 elapsed_ns=80292
human_gpu_stage=activation step=7 elapsed_ns=3375
human_gpu_stage=stand_prework step=8 elapsed_ns=833917
human_gpu_stage=stand_mass step=9 elapsed_ns=52833
human_gpu_stage=stand_factor step=10 elapsed_ns=942000
human_gpu_stage=stand_equality_responses step=11 elapsed_ns=506833
human_gpu_stage=stand_equality_factor step=12 elapsed_ns=1135916
human_gpu_stage=stand_projected_responses step=13 elapsed_ns=1606583
human_gpu_stage=stand_finish step=14 elapsed_ns=18746833
human_gpu_stage=kinematics step=17 elapsed_ns=1560292
human_gpu_stage=muscle_angular step=18 elapsed_ns=6291
human_gpu_stage=muscles step=19 elapsed_ns=481875
human_gpu_stage=active_force step=20 elapsed_ns=13959
human_gpu_stage=force_reduce step=21 elapsed_ns=48666
human_gpu_stage=tendon_transfer step=22 elapsed_ns=79542
human_gpu_stage=activation step=23 elapsed_ns=3083
human_gpu_stage=stand_prework step=24 elapsed_ns=825125
human_gpu_stage=stand_mass step=25 elapsed_ns=52833
human_gpu_stage=stand_factor step=26 elapsed_ns=943417
human_gpu_stage=stand_equality_responses step=27 elapsed_ns=507000
human_gpu_stage=stand_equality_factor step=28 elapsed_ns=1135583
human_gpu_stage=stand_projected_responses step=29 elapsed_ns=1606083
human_gpu_stage=stand_finish step=30 elapsed_ns=18287250
human_execution_stage=authoritative_segment_end wall_elapsed_ms=3353.88975 stage_step=32
resting_native_profile step=32 command_ms=1094.332291 gpu_ms=1094.00549997 host_copy_ms=0.046459 full_state_readback=1
human_standing_progress=accepted step=32 simulated_seconds=0.064 root_xyz_m=[-0.0503006018698,0.197987288237,0.0374279543757] center_of_mass_xyz_m=[-0.0249614046761,-0.756165282024,0.109253467955] root_orientation_xyzw=[-0.72438699007,0.000316088466207,0.000551545876078,0.689393222332] root_linear_velocity_xyz_m_s=[-0.0255603864789,-0.0859643742442,-1.07052159309] max_generalized_acceleration=1139.13220215 root_linear_speed_m_s=1.07427170133 support_force_n=646.400570869 penetration_m=0.000120462682389 contact_count=7 friction_witness=unavailable maximum_friction_utilization=0 saturated_friction_contacts=0 maximum_tangent_force_n=0 muscle_feedback_max_excitation_delta=0 root_assistance_force_n=0 root_assistance_torque_nm=0
human_execution_stage=native_horizon_end wall_elapsed_ms=3412.115042 stage_step=32
stand_terminal_state={"schema":"numi.human.legacy-stand-terminal.v1","step_count":32,"timestep_seconds":0.002,"root_assistance":false,"initial_q":[-0.05000000074505806,0.20000000298023224,0.10715460777282715,-0.70090925693511963,0,0,0.71325045824050903,0,0,0,0,0,0,0,0,0,0,0,0,0,0,0,0,0,0,0,0,0,0,0,0,0,0,0,0,0,0,0,0,0,0,0,0,0,0,0,0,0,0,0,0,0,0,0,0,0,0,0,0,0,0,0,0,0,0,0,0,0,0,0,0,0,0,0,0,0,0,0,0,0,0,0,0,0,0,0,0,0,0,0,0,0,0,0,0,0,0,0,0,0,0,0,0,0,7.6925396608196195e-11,9.537330214470785e-08,0,-1.4732499664660281e-08,1.0893900004305124e-08,0,0,0,0,0,0.010506000369787216,0,0,0,-7.6925396608196195e-11,9.537330214470785e-08,0,-1.4732499664660281e-08,-1.0893900004305124e-08,0,0,0,0,0,0.010506000369787216],"initial_v":[0,0,0,0,0,0,0,0,0,0,0,0,0,0,0,0,0,0,0,0,0,0,0,0,0,0,0,0,0,0,0,0,0,0,0,0,0,0,0,0,0,0,0,0,0,0,0,0,0,0,0,0,0,0,0,0,0,0,0,0,0,0,0,0,0,0,0,0,0,0,0,0,0,0,0,0,0,0,0,0,0,0,0,0,0,0,0,0,0,0,0,0,0,0,0,0,0,0,0,0,0,0,0,0,0,0,0,0,0,0,0,0,0,0,0,0,0,0,0,0,0,0,0,0,0,0,0,0],"q":[-0.050300601869821548,0.19798728823661804,0.037427954375743866,-0.72438699007034302,0.0003160884662065655,0.00055154587607830763,0.68939322233200073,-0.04620593786239624,-0.00022071450075600296,-0.00095753476489335299,0,0,-0.029705796390771866,-0.0085480986163020134,-3.9971393562154844e-05,-3.6175664718030021e-05,-0.0094260107725858688,-5.414126644609496e-05,-3.6175664718030021e-05,-0.010673572309315205,-5.5200693168444559e-05,-2.9788905521854758e-05,-0.011782513931393623,-4.1494324250379577e-05,-2.7663179935188964e-05,-0.0001229353656526655,5.2069732191739604e-05,-5.2069732191739604e-05,0.0001229353656526655,-2.4891873181331903e-05,0.00020116697123739868,9.0423542133066803e-05,-9.0423542133066803e-05,-0.00020116697123739868,2.4891873181331903e-05,0.00066926045110449195,0.00050799740711227059,-0.00066926045110449195,-0.042082495987415314,1.245972769403636e-10,-0.032523177564144135,-0.00810285285115242,0.0020367468241602182,0,0,0,0,0,0,0,0,0,0,0,0,0,0,0,0,0,0,0,0,-0.0001873815490398556,7.9366152931470424e-05,-7.9366152931470424e-05,0.0001873815490398556,-3.7940892070764676e-05,0.00030662433709949255,0.00013782609312329441,-0.00013782609312329441,-0.00030662433709949255,3.7940892070764676e-05,0.00090331939281895757,0.00077430391684174538,-0.00090331939281895757,-0.043497491627931595,1.265175741949065e-10,-0.032756060361862183,-0.0037211214657872915,0.0040270197205245495,0,0,0,0,0,0,0,0,0,0,0,0,0,0,0,0,0,0,0,0,-0.097699344158172607,0.0053289574570953846,-0.018579617142677307,3.5405814391431534e-10,9.5520775289514859e-08,4.7133745795235882e-08,-1.1004220645816076e-08,2.8309772304169201e-08,-0.058479856699705124,0.018558068200945854,-0.014758579432964325,-2.2994055548508641e-09,-7.0789241135571501e-10,0.010506001301109791,-0.097253970801830292,0.006497649010270834,-0.024135546758770943,-7.6876810473081036e-11,9.537327372299842e-08,-8.2633726250502804e-12,-1.4733153363977181e-08,-1.0890846446898195e-08,-0.058628212660551071,0.018605152145028114,-0.014707678928971291,4.0312615441975841e-13,1.2410593928403879e-13,0.010506000369787216],"v":[-0.025560386478900909,-0.085964374244213104,-1.0705215930938721,-1.0265936851501465,0.034211505204439163,0.022358732298016548,-0.85898125171661377,-0.019137006253004074,-0.045368697494268417,0,0,-0.5522390604019165,-0.15891152620315552,-0.0034657118376344442,-0.0017140294658020139,-0.1752321720123291,-0.0046943076886236668,-0.0017140294658020139,-0.19842466711997986,-0.004786164965480566,-0.0014114201767370105,-0.21904021501541138,-0.0035977570805698633,-0.0013107017148286104,0.0030616051517426968,-0.001296754227951169,0.001296754227951169,-0.0030616051517426968,0.00061991176335141063,-0.0050098993815481663,-0.0022519244812428951,0.0022519244812428951,0.0050098993815481663,-0.00061991176335141063,0.040502347052097321,-0.012651260942220688,-0.040502347052097321,-0.66275352239608765,3.6291712603997439e-06,-0.49624070525169373,-0.0085074417293071747,-0.037327520549297333,0,0,0,0,0,0,0,0,0,0,0,0,0,0,0,0,0,0,0,0,-0.0053813299164175987,0.0022792823147028685,-0.0022792823147028685,0.0053813299164175987,-0.0010896080639213324,0.0088058123365044594,0.0039581684395670891,-0.0039581684395670891,-0.0088058123365044594,0.0010896080639213324,0.0048196343705058098,0.02223690040409565,-0.0048196343705058098,-0.8132968544960022,5.3626784790594684e-08,-0.65223443508148193,-0.15958227217197418,-0.058910422027111053,0,0,0,0,0,0,0,0,0,0,0,0,0,0,0,0,0,0,0,0,-1.8657909631729126,0.18277665972709656,-0.49065828323364258,3.3771203611365763e-09,1.7970783749987618e-09,5.7436852785031078e-07,4.5432550166424335e-08,2.1222858492819796e-07,-0.7736477255821228,0.12327156960964203,-0.32414925098419189,-2.8020396669603542e-08,-8.6263280962839417e-09,1.4222154121057429e-08,-1.8545249700546265,0.23085957765579224,-0.56801944971084595,4.5612482805254106e-15,-2.4271926038732213e-15,-7.7576074904162073e-13,-6.1362671671325031e-14,2.8664280692959621e-13,-0.77113884687423706,0.12325602769851685,-0.32270824909210205,3.784525590046911e-14,1.1650995787723314e-14,-1.9208999625305867e-14]}
resting_integrated_body=completed simulated_s=0.064000003039836884 wall_s=3.4131235000000002 real_time_factor=0.018751153610420741 physiology_body_clock=matched root_assistance=false presentation_qualification=pending
