[ 10%] Built target numi_matter_shaders
[ 57%] Built target numi_matter_compiler_objects
[ 68%] Built target numi_matter_compiler
[ 68%] Building OBJCXX object CMakeFiles/numi_matter_runtime_objects.dir/src/runtime.mm.o
[ 84%] Built target numi_matter_runtime_objects
[ 89%] Linking CXX static library libnumi_matter_runtime.a
[ 89%] Built target numi_matter_runtime
[ 94%] Linking CXX executable numi-matter-cardboard-probe
[100%] Built target numi-matter-cardboard-probe
[ 10%] Built target numi_matter_shaders
[ 57%] Built target numi_matter_compiler_objects
[ 63%] Built target numi_matter_compiler
[ 84%] Built target numi_matter_runtime_objects
[ 89%] Built target numi_matter_runtime
[ 94%] Building OBJCXX object CMakeFiles/numi-matter-fem-kinematic-release-check.dir/tools/fem_kinematic_release_check.mm.o
[100%] Linking CXX executable numi-matter-fem-kinematic-release-check
[100%] Built target numi-matter-fem-kinematic-release-check
[ 10%] Built target numi_matter_shaders
[ 57%] Built target numi_matter_compiler_objects
[ 68%] Built target numi_matter_compiler
[ 84%] Built target numi_matter_runtime_objects
[ 89%] Built target numi_matter_runtime
[ 94%] Linking CXX executable numi-matter-cardboard-tooling-native-check
[100%] Built target numi-matter-cardboard-tooling-native-check
[ 10%] Built target numi_matter_shaders
[ 57%] Built target numi_matter_compiler_objects
[ 73%] Built target numi_matter_compiler
[ 84%] Built target numi_matter_runtime_objects
[ 89%] Built target numi_matter_runtime
[ 94%] Linking CXX executable numi-matter-fem-material-frame-check
[100%] Built target numi-matter-fem-material-frame-check
[ 10%] Built target numi_matter_shaders
[ 57%] Built target numi_matter_compiler_objects
[ 68%] Built target numi_matter_compiler
[ 84%] Built target numi_matter_runtime_objects
[ 89%] Built target numi_matter_runtime
[ 94%] Linking CXX executable numi-matter-cardboard-gpu-check
[100%] Built target numi-matter-cardboard-gpu-check
