[ 10%] Built target numi_matter_shaders
[ 57%] Built target numi_matter_compiler_objects
[ 78%] Built target numi_matter_runtime_objects
[ 84%] Built target numi_matter_compiler
[ 89%] Built target numi_matter_runtime
[100%] Built target numi-matter-cardboard-probe
[ 10%] Built target numi_matter_shaders
[ 57%] Built target numi_matter_compiler_objects
[ 68%] Built target numi_matter_compiler
[ 84%] Built target numi_matter_runtime_objects
[ 89%] Built target numi_matter_runtime
[100%] Built target numi-matter-fem-kinematic-release-check
[ 10%] Built target numi_matter_shaders
[ 57%] Built target numi_matter_compiler_objects
[ 78%] Built target numi_matter_runtime_objects
[ 84%] Built target numi_matter_compiler
[ 89%] Built target numi_matter_runtime
[100%] Built target numi-matter-cardboard-tooling-native-check
[ 75%] Built target numi_matter_compiler_objects
[ 83%] Built target numi_matter_compiler
[ 91%] Building CXX object CMakeFiles/numi-matter-cardboard-tooling-check.dir/tools/cardboard_tooling_check.cpp.o
[100%] Linking CXX executable numi-matter-cardboard-tooling-check
[100%] Built target numi-matter-cardboard-tooling-check
[ 10%] Built target numi_matter_shaders
[ 57%] Built target numi_matter_compiler_objects
[ 63%] Built target numi_matter_compiler
[ 84%] Built target numi_matter_runtime_objects
[ 89%] Built target numi_matter_runtime
[100%] Built target numi-matter-fem-material-frame-check
[ 10%] Built target numi_matter_shaders
[ 57%] Built target numi_matter_compiler_objects
[ 73%] Built target numi_matter_compiler
[ 84%] Built target numi_matter_runtime_objects
[ 89%] Built target numi_matter_runtime
[100%] Built target numi-matter-cardboard-gpu-check
[ 75%] Built target numi_matter_compiler_objects
[ 83%] Built target numi_matter_compiler
[ 91%] Building CXX object CMakeFiles/numi-matter-stateful-check.dir/tools/stateful_check.cpp.o
[100%] Linking CXX executable numi-matter-stateful-check
[100%] Built target numi-matter-stateful-check
