[ 10%] Built target numi_matter_shaders
[ 57%] Built target numi_matter_compiler_objects
[ 68%] Built target numi_matter_compiler
[ 84%] Built target numi_matter_runtime_objects
[ 89%] Built target numi_matter_runtime
[ 94%] Building OBJCXX object CMakeFiles/numi-matter-cardboard-tooling-native-check.dir/tools/cardboard_tooling_native_check.mm.o
[100%] Linking CXX executable numi-matter-cardboard-tooling-native-check
[100%] Built target numi-matter-cardboard-tooling-native-check
[ 10%] Built target numi_matter_shaders
[ 57%] Built target numi_matter_compiler_objects
[ 68%] Built target numi_matter_compiler
[ 84%] Built target numi_matter_runtime_objects
[ 89%] Built target numi_matter_runtime
[ 94%] Building OBJCXX object CMakeFiles/numi-matter-fem-material-frame-check.dir/tools/fem_material_frame_check.mm.o
[100%] Linking CXX executable numi-matter-fem-material-frame-check
[100%] Built target numi-matter-fem-material-frame-check
[ 10%] Built target numi_matter_shaders
[ 57%] Built target numi_matter_compiler_objects
[ 78%] Built target numi_matter_runtime_objects
[ 84%] Built target numi_matter_compiler
[ 89%] Built target numi_matter_runtime
[ 94%] Building OBJCXX object CMakeFiles/numi-matter-cardboard-gpu-check.dir/tools/cardboard_gpu_check.mm.o
[100%] Linking CXX executable numi-matter-cardboard-gpu-check
[100%] Built target numi-matter-cardboard-gpu-check
