[ 10%] Built target numi_matter_shaders
[ 21%] Building CXX object CMakeFiles/numi_matter_compiler_objects.dir/src/matter.cpp.o
[ 21%] Building CXX object CMakeFiles/numi_matter_compiler_objects.dir/src/language_impl.cpp.o
[ 26%] Building CXX object CMakeFiles/numi_matter_compiler_objects.dir/src/constitutive_impl.cpp.o
[ 31%] Building OBJCXX object CMakeFiles/numi_matter_runtime_objects.dir/src/runtime.mm.o
[ 36%] Building CXX object CMakeFiles/numi_matter_compiler_objects.dir/src/compiler_impl.cpp.o
[ 42%] Building CXX object CMakeFiles/numi_matter_compiler_objects.dir/src/vascular_impl.cpp.o
[ 47%] Building CXX object CMakeFiles/numi_matter_compiler_objects.dir/src/fingerprint_impl.cpp.o
[ 52%] Building OBJCXX object CMakeFiles/numi_matter_runtime_objects.dir/src/human_physiology.mm.o
[ 57%] Building CXX object CMakeFiles/numi_matter_compiler_objects.dir/src/validation_impl.cpp.o
[ 63%] Building CXX object CMakeFiles/numi_matter_runtime_objects.dir/src/metal_world.cpp.o
[ 68%] Building CXX object CMakeFiles/numi_matter_compiler_objects.dir/src/package_impl.cpp.o
[ 73%] Building CXX object CMakeFiles/numi_matter_compiler_objects.dir/src/surgical_tissue.cpp.o
[ 78%] Building OBJCXX object CMakeFiles/numi_matter_runtime_objects.dir/src/numi_human.mm.o
[ 78%] Built target numi_matter_compiler_objects
[ 84%] Linking CXX static library libnumi_matter_compiler.a
[ 84%] Built target numi_matter_compiler
[ 84%] Built target numi_matter_runtime_objects
[ 89%] Linking CXX static library libnumi_matter_runtime.a
[ 89%] Built target numi_matter_runtime
[ 94%] Building OBJCXX object CMakeFiles/numi-matter-cardboard-probe.dir/tools/cardboard_probe.mm.o
[100%] Linking CXX executable numi-matter-cardboard-probe
[100%] Built target numi-matter-cardboard-probe
[ 10%] Built target numi_matter_shaders
[ 57%] Built target numi_matter_compiler_objects
[ 78%] Built target numi_matter_runtime_objects
[ 84%] Built target numi_matter_compiler
[ 89%] Built target numi_matter_runtime
[ 94%] Building OBJCXX object CMakeFiles/numi-matter-fem-kinematic-release-check.dir/tools/fem_kinematic_release_check.mm.o
[100%] Linking CXX executable numi-matter-fem-kinematic-release-check
[100%] Built target numi-matter-fem-kinematic-release-check
