checkpoint_initial_mcl_femoral_continuum_force_n=-0.209555,0.172632,-0.714397
source_step=rejected source_time=0.05 newton_budget=1 fgmres_budget=1 matter_status=10 failing_object=9 failing_index=4294967295 completed_microsteps=0 fgmres_iterations=1 diagnostic0=0.011674 diagnostic1=4.6615e-08 residual=0 correction=0 worst_object=0 maximum_object_residual=0.011674 minimum_jacobian=0.987668 max_fem_displacement_m=0.000338057 source_contact_history=1035210 source_equivalence=unqualified
checkpoint_rigid_body index=0 material=1 center_m=0.00401774,0.0462779,0.00361437 quaternion=0.000716022,0.00105284,-0.00181432,0.999998
checkpoint_rigid_body index=1 material=2 center_m=2.13163e-17,1.06581e-17,-1.42109e-17 quaternion=-5.71475e-17,-1.54976e-17,-1.30938e-17,1
checkpoint_rigid_body index=2 material=3 center_m=-0.0044315,-0.0072205,-0.0249345 quaternion=-6.91206e-17,1.78818e-17,-1.73536e-17,1
checkpoint_rigid_body index=3 material=4 center_m=-0.000880283,-0.00679647,0.000166238 quaternion=9.86238e-05,0.000631277,-0.000931808,0.999999
checkpoint_rigid_body index=4 material=17 center_m=-0.0044315,-0.0072205,-0.0249349 quaternion=2.09857e-06,-3.17154e-07,-0.00093181,1
checkpoint_rigid_body index=5 material=18 center_m=-0.00104244,-0.00677181,0.000166448 quaternion=9.96731e-05,0.000631119,-0.000931807,0.999999
checkpoint_rigid_body index=6 material=19 center_m=0.00401855,0.0462778,0.0037001 quaternion=0.000723428,0.0010522,-0.000932433,0.999999
checkpoint_rigid_body index=7 material=20 center_m=-0.00101053,-0.00677666,0.000166406 quaternion=0.000647284,0.000548359,-0.000932162,0.999999
checkpoint_rigid_body index=8 material=21 center_m=0.0013789,0.0379265,0.0901749 quaternion=0.000237675,0.00120951,-0.00184625,0.999998
source_certificate object=0 residual=0.011674 correction=4.6615e-08 volume=0 pressure=0 minimum_jacobian=0.999955 contact_gap=0 transport=0,0,0,0
source_certificate object=1 residual=0.011674 correction=4.6615e-08 volume=0 pressure=0 minimum_jacobian=0.997241 contact_gap=0 transport=0,0,0,0
source_certificate object=2 residual=0.011674 correction=4.6615e-08 volume=0 pressure=0 minimum_jacobian=0.994739 contact_gap=0 transport=0,0,0,0
source_certificate object=3 residual=0.011674 correction=4.6615e-08 volume=0 pressure=0 minimum_jacobian=0.998798 contact_gap=0 transport=0,0,0,0
source_certificate object=4 residual=0.011674 correction=4.6615e-08 volume=0 pressure=0 minimum_jacobian=0.987668 contact_gap=0 transport=0,0,0,0
source_certificate object=5 residual=0.011674 correction=4.6615e-08 volume=0 pressure=0 minimum_jacobian=0.998804 contact_gap=0 transport=0,0,0,0
source_certificate object=6 residual=0.011674 correction=4.6615e-08 volume=0 pressure=0 minimum_jacobian=0.99954 contact_gap=0 transport=0,0,0,0
source_certificate object=7 residual=0.011674 correction=4.6615e-08 volume=0 pressure=0 minimum_jacobian=0.99915 contact_gap=0 transport=0,0,0,0
source_certificate object=8 residual=0.011674 correction=4.6615e-08 volume=0 pressure=0 minimum_jacobian=0.995024 contact_gap=0 transport=0,0,0,0
source_certificate object=9 residual=0.011674 correction=4.6615e-08 volume=0 pressure=0 minimum_jacobian=0.997427 contact_gap=0 transport=0,0,0,0
source_certificate object=10 residual=0.011674 correction=4.6615e-08 volume=0 pressure=0 minimum_jacobian=0.998372 contact_gap=0 transport=0,0,0,0
source_certificate object=11 residual=0.011674 correction=4.6615e-08 volume=0 pressure=0 minimum_jacobian=0.997978 contact_gap=0 transport=0,0,0,0
checkpoint_candidate_contact surface=1 name=ACL_@_FMB_ContactFaces active_faces=0 active_gauss=0 pressure_area_integral_n=0 max_pressure_pa=0 max_gap_m=0
checkpoint_candidate_contact surface=2 name=ACL_@_PCL_ContactFaces active_faces=30 active_gauss=71 pressure_area_integral_n=0.947055 max_pressure_pa=861836 max_gap_m=0.000106674
checkpoint_candidate_contact surface=3 name=ACL_@_TBB_ContactFaces active_faces=0 active_gauss=0 pressure_area_integral_n=0 max_pressure_pa=0 max_gap_m=0
checkpoint_candidate_contact surface=4 name=FMB_@_ACL_ContactFaces active_faces=0 active_gauss=0 pressure_area_integral_n=0 max_pressure_pa=0 max_gap_m=0
checkpoint_candidate_contact surface=5 name=FMB_@_LCL_ContactFaces active_faces=0 active_gauss=0 pressure_area_integral_n=0 max_pressure_pa=0 max_gap_m=0
checkpoint_candidate_contact surface=6 name=FMB_@_MCL_ContactFaces active_faces=0 active_gauss=0 pressure_area_integral_n=0 max_pressure_pa=0 max_gap_m=0
checkpoint_candidate_contact surface=7 name=FMB_@_PCL_ContactFaces active_faces=0 active_gauss=0 pressure_area_integral_n=0 max_pressure_pa=0 max_gap_m=0
checkpoint_candidate_contact surface=8 name=FMB_@_QAT_ContactFaces active_faces=0 active_gauss=0 pressure_area_integral_n=0 max_pressure_pa=0 max_gap_m=0
checkpoint_candidate_contact surface=9 name=FMC_@_MNS-L_ContactFaces active_faces=4 active_gauss=4 pressure_area_integral_n=0.00731231 max_pressure_pa=45997.3 max_gap_m=9.37496e-06
checkpoint_candidate_contact surface=10 name=FMC_@_MNS-M_ContactFaces active_faces=15 active_gauss=21 pressure_area_integral_n=0.134501 max_pressure_pa=383632 max_gap_m=3.05504e-05
checkpoint_candidate_contact surface=11 name=FMC_@_PTC_ContactFaces active_faces=7 active_gauss=10 pressure_area_integral_n=0.0100789 max_pressure_pa=34279.3 max_gap_m=1.39238e-05
checkpoint_candidate_contact surface=12 name=FMC_@_QAT_ContactFaces active_faces=0 active_gauss=0 pressure_area_integral_n=0 max_pressure_pa=0 max_gap_m=0
checkpoint_candidate_contact surface=13 name=FMC_@_TBC-L_ContactFaces active_faces=17 active_gauss=36 pressure_area_integral_n=0.0580925 max_pressure_pa=58495.2 max_gap_m=1.45757e-05
checkpoint_candidate_contact surface=14 name=FMC_@_TBC-M_ContactFaces active_faces=36 active_gauss=85 pressure_area_integral_n=0.109727 max_pressure_pa=31780.8 max_gap_m=7.10315e-06
checkpoint_candidate_contact surface=15 name=LCL_@_FMB_ContactFaces active_faces=0 active_gauss=0 pressure_area_integral_n=0 max_pressure_pa=0 max_gap_m=0
checkpoint_candidate_contact surface=16 name=MCL_@_FMB_ContactFaces active_faces=0 active_gauss=0 pressure_area_integral_n=0 max_pressure_pa=0 max_gap_m=0
checkpoint_candidate_contact surface=17 name=MCL_@_TBB_ContactFaces active_faces=27 active_gauss=55 pressure_area_integral_n=0.143394 max_pressure_pa=190108 max_gap_m=3.04957e-05
checkpoint_candidate_contact surface=18 name=MNS-L_@_FMC_ContactFaces active_faces=6 active_gauss=6 pressure_area_integral_n=0.0175241 max_pressure_pa=98641.6 max_gap_m=7.60836e-06
checkpoint_candidate_contact surface=19 name=MNS-L_@_TBC-L_ContactFaces active_faces=13 active_gauss=18 pressure_area_integral_n=0.0357538 max_pressure_pa=138252 max_gap_m=6.20447e-06
checkpoint_candidate_contact surface=20 name=MNS-M_@_FMC_ContactFaces active_faces=22 active_gauss=40 pressure_area_integral_n=0.27139 max_pressure_pa=514352 max_gap_m=3.67764e-05
checkpoint_candidate_contact surface=21 name=MNS-M_@_PCL_ContactFaces active_faces=11 active_gauss=21 pressure_area_integral_n=0.280484 max_pressure_pa=601354 max_gap_m=4.64195e-05
checkpoint_candidate_contact surface=22 name=MNS-M_@_TBC-M_ContactFaces active_faces=72 active_gauss=131 pressure_area_integral_n=0.347763 max_pressure_pa=165323 max_gap_m=1.20974e-05
checkpoint_candidate_contact surface=23 name=PCL_@_ACL_ContactFaces active_faces=24 active_gauss=53 pressure_area_integral_n=1.23552 max_pressure_pa=992314 max_gap_m=0.000103718
checkpoint_candidate_contact surface=24 name=PCL_@_FMB_ContactFaces active_faces=0 active_gauss=0 pressure_area_integral_n=0 max_pressure_pa=0 max_gap_m=0
checkpoint_candidate_contact surface=25 name=PCL_@_MNS-M_ContactFaces active_faces=10 active_gauss=19 pressure_area_integral_n=0.263184 max_pressure_pa=639574 max_gap_m=4.38826e-05
checkpoint_candidate_contact surface=26 name=PCL_@_TBB_ContactFaces active_faces=0 active_gauss=0 pressure_area_integral_n=0 max_pressure_pa=0 max_gap_m=0
checkpoint_candidate_contact surface=27 name=PTC_@_FMC_ContactFaces active_faces=15 active_gauss=25 pressure_area_integral_n=0.0470075 max_pressure_pa=208882 max_gap_m=1.69233e-05
checkpoint_candidate_contact surface=28 name=QAT_@_FMB_ContactFaces active_faces=0 active_gauss=0 pressure_area_integral_n=0 max_pressure_pa=0 max_gap_m=0
checkpoint_candidate_contact surface=29 name=QAT_@_FMC_ContactFaces active_faces=0 active_gauss=0 pressure_area_integral_n=0 max_pressure_pa=0 max_gap_m=0
checkpoint_candidate_contact surface=30 name=TBB_@_ACL_ContactFaces active_faces=0 active_gauss=0 pressure_area_integral_n=0 max_pressure_pa=0 max_gap_m=0
checkpoint_candidate_contact surface=31 name=TBB_@_MCL_ContactFaces active_faces=8 active_gauss=16 pressure_area_integral_n=0 max_pressure_pa=0 max_gap_m=2.9843e-05
checkpoint_candidate_contact surface=32 name=TBB_@_PCL_ContactFaces active_faces=0 active_gauss=0 pressure_area_integral_n=0 max_pressure_pa=0 max_gap_m=0
checkpoint_candidate_contact surface=33 name=TBC-L_@_FMC_ContactFaces active_faces=62 active_gauss=153 pressure_area_integral_n=0.26099 max_pressure_pa=221525 max_gap_m=1.50279e-05
checkpoint_candidate_contact surface=34 name=TBC-L_@_MNS-L_ContactFaces active_faces=26 active_gauss=44 pressure_area_integral_n=0.0304178 max_pressure_pa=109426 max_gap_m=7.69648e-06
checkpoint_candidate_contact surface=35 name=TBC-M_@_FMC_ContactFaces active_faces=109 active_gauss=265 pressure_area_integral_n=0.309458 max_pressure_pa=128672 max_gap_m=8.59706e-06
checkpoint_candidate_contact surface=36 name=TBC-M_@_MNS-M_ContactFaces active_faces=103 active_gauss=208 pressure_area_integral_n=0.23619 max_pressure_pa=121895 max_gap_m=1.30218e-05
source_residual_block object=0 name=OpenKnee_QAT l2=5.01221e-05 maximum=4.2286e-06 worst_node=13293
source_residual_block object=1 name=OpenKnee_TBC-L l2=2.40697e-05 maximum=1.43934e-05 worst_node=26864
source_residual_block object=2 name=OpenKnee_PCL l2=1.66215e-05 maximum=7.65651e-06 worst_node=56369
source_residual_block object=3 name=OpenKnee_PTC l2=1.68827e-05 maximum=1.19453e-06 worst_node=69173
source_residual_block object=4 name=OpenKnee_ACL l2=8.07524e-06 maximum=3.66185e-06 worst_node=89343
source_residual_block object=5 name=OpenKnee_MCL l2=0.000536751 maximum=9.06175e-05 worst_node=108451
source_residual_block object=6 name=OpenKnee_PTL l2=4.24641e-05 maximum=7.61557e-06 worst_node=126117
source_residual_block object=7 name=OpenKnee_MNS-L l2=3.12693e-05 maximum=1.78642e-05 worst_node=130962
source_residual_block object=8 name=OpenKnee_MNS-M l2=0.000710531 maximum=0.00021437 worst_node=140560
source_residual_block object=9 name=OpenKnee_LCL l2=2.1061e-05 maximum=1.45902e-06 worst_node=151597
source_residual_block object=10 name=OpenKnee_TBC-M l2=6.71628e-05 maximum=1.88405e-05 worst_node=152543
source_residual_block object=11 name=OpenKnee_FMC l2=5.56984e-05 maximum=4.87596e-05 worst_node=181559
source_residual_block name=rigid l2=0.0116394 maximum=0.00676717 worst_dof=20
checkpoint_rigid_residual dof=0 impulse=0.000704523
checkpoint_rigid_residual dof=1 impulse=-0.0037238
checkpoint_rigid_residual dof=2 impulse=-0.000896332
checkpoint_rigid_residual dof=3 impulse=2.33121e-06
checkpoint_rigid_residual dof=4 impulse=-3.46588e-07
checkpoint_rigid_residual dof=5 impulse=-1.94814e-08
checkpoint_rigid_residual dof=6 impulse=4.93448e-05
checkpoint_rigid_residual dof=7 impulse=7.74715e-05
checkpoint_rigid_residual dof=8 impulse=-9.10244e-06
checkpoint_rigid_residual dof=9 impulse=9.43401e-08
checkpoint_rigid_residual dof=10 impulse=-5.43813e-07
checkpoint_rigid_residual dof=11 impulse=-8.64657e-07
checkpoint_rigid_residual dof=12 impulse=0.000587046
checkpoint_rigid_residual dof=13 impulse=-8.82441e-05
checkpoint_rigid_residual dof=14 impulse=0.00671446
checkpoint_rigid_residual dof=15 impulse=8.8649e-06
checkpoint_rigid_residual dof=16 impulse=1.3724e-05
checkpoint_rigid_residual dof=17 impulse=-7.58682e-07
checkpoint_rigid_residual dof=18 impulse=-0.00056275
checkpoint_rigid_residual dof=19 impulse=0.000264966
checkpoint_rigid_residual dof=20 impulse=-0.00676717
checkpoint_rigid_residual dof=21 impulse=-3.30224e-06
checkpoint_rigid_residual dof=22 impulse=-2.17408e-05
checkpoint_rigid_residual dof=23 impulse=1.28427e-07
checkpoint_rigid_residual dof=24 impulse=-0.0026389
checkpoint_rigid_residual dof=25 impulse=0.00422819
checkpoint_rigid_residual dof=26 impulse=0.000240349
checkpoint_rigid_residual dof=27 impulse=-1.09213e-05
checkpoint_rigid_residual dof=28 impulse=8.54269e-06
checkpoint_rigid_residual dof=29 impulse=-0.000102469
checkpoint_rigid_residual dof=30 impulse=0.00186014
checkpoint_rigid_residual dof=31 impulse=-0.000534328
checkpoint_rigid_residual dof=32 impulse=-0.000157983
checkpoint_rigid_residual dof=33 impulse=-1.49097e-07
checkpoint_rigid_residual dof=34 impulse=-7.00394e-07
checkpoint_rigid_residual dof=35 impulse=4.24638e-07
checkpoint_rigid_residual dof=36 impulse=2.79397e-09
checkpoint_rigid_residual dof=37 impulse=8.45059e-07
checkpoint_rigid_residual dof=38 impulse=-2.53312e-05
checkpoint_rigid_residual dof=39 impulse=5.31979e-10
checkpoint_rigid_residual dof=40 impulse=3.43934e-09
checkpoint_rigid_residual dof=41 impulse=7.54417e-10
source_contact_block object=0 name=OpenKnee_QAT contact_impulse_l2=0 contact_residual_dot=0
source_contact_block object=1 name=OpenKnee_TBC-L contact_impulse_l2=0.00118229 contact_residual_dot=4.64765e-09
source_contact_block object=2 name=OpenKnee_PCL contact_impulse_l2=0.0128622 contact_residual_dot=4.64075e-08
source_contact_block object=3 name=OpenKnee_PTC contact_impulse_l2=0.000414975 contact_residual_dot=-3.41846e-11
source_contact_block object=4 name=OpenKnee_ACL contact_impulse_l2=0.010873 contact_residual_dot=1.47512e-08
source_contact_block object=5 name=OpenKnee_MCL contact_impulse_l2=0.000806513 contact_residual_dot=3.40873e-10
source_contact_block object=6 name=OpenKnee_PTL contact_impulse_l2=0 contact_residual_dot=0
source_contact_block object=7 name=OpenKnee_MNS-L contact_impulse_l2=0.000542017 contact_residual_dot=8.95338e-09
source_contact_block object=8 name=OpenKnee_MNS-M contact_impulse_l2=0.00504171 contact_residual_dot=1.89826e-07
source_contact_block object=9 name=OpenKnee_LCL contact_impulse_l2=0 contact_residual_dot=0
source_contact_block object=10 name=OpenKnee_TBC-M contact_impulse_l2=0.00190179 contact_residual_dot=7.04269e-08
source_contact_block object=11 name=OpenKnee_FMC contact_impulse_l2=0.00366354 contact_residual_dot=9.24058e-08
checkpoint_rigid_contact_force body=0 material=1 newton=0,0,0
checkpoint_rigid_contact_force body=1 material=2 newton=0,0,0
checkpoint_rigid_contact_force body=2 material=3 newton=-0.131324,0.0197102,0.0540182
checkpoint_rigid_contact_force body=3 material=4 newton=0,0,0
checkpoint_rigid_contact_force body=4 material=17 newton=0,0,0
checkpoint_rigid_contact_force body=5 material=18 newton=0,0,0
checkpoint_rigid_contact_force body=6 material=19 newton=0,0,0
checkpoint_rigid_contact_force body=7 material=20 newton=0,0,0
checkpoint_rigid_contact_force body=8 material=21 newton=0,0,0
checkpoint_tied_contact_force object=11 name=OpenKnee_FMC body_material=4 newton=-0.00462347,0.00109828,0.00798849
checkpoint_tie_object object=0 name=OpenKnee_QAT impulse=-1.04419e-05,-0.000182735,-0.000307372
checkpoint_tie_object object=1 name=OpenKnee_TBC-L impulse=0.00203684,-0.00116415,-0.00572095
checkpoint_tie_object object=2 name=OpenKnee_PCL impulse=0.0284211,-0.00182583,0.0201388
checkpoint_tie_object object=3 name=OpenKnee_PTC impulse=0.000296792,0.00113085,-9.31531e-05
checkpoint_tie_object object=4 name=OpenKnee_ACL impulse=-0.0326561,-0.00348131,-0.0142403
checkpoint_tie_object object=5 name=OpenKnee_MCL impulse=0.00320815,0.00217759,3.16543e-05
checkpoint_tie_object object=6 name=OpenKnee_PTL impulse=-6.5062e-06,6.61695e-05,-0.000237437
checkpoint_tie_object object=7 name=OpenKnee_MNS-L impulse=0.00027523,0.0003548,0.000525188
checkpoint_tie_object object=8 name=OpenKnee_MNS-M impulse=0.00803731,0.00276069,-0.00352423
checkpoint_tie_object object=9 name=OpenKnee_LCL impulse=-5.82257e-06,-5.66856e-07,-5.47499e-07
checkpoint_tie_object object=10 name=OpenKnee_TBC-M impulse=-0.0021676,0.000590492,-0.0160628
checkpoint_tie_object object=11 name=OpenKnee_FMC impulse=-0.00524853,-0.000567364,0.0176396
checkpoint_tie_body body=0 material=1 impulse=-0.000263302,0.000984006,-0.000653027
checkpoint_tie_body body=1 material=2 impulse=0.00151943,0.00108383,0.0065222
checkpoint_tie_body body=2 material=3 impulse=0.00066159,-0.00145002,-0.00747256
checkpoint_tie_body body=3 material=4 impulse=0.000358489,-0.000696098,-0.000174691
checkpoint_tie_body body=4 material=17 impulse=0,0,0
checkpoint_tie_body body=5 material=18 impulse=0,0,0
checkpoint_tie_body body=6 material=19 impulse=0,0,0
checkpoint_tie_body body=7 material=20 impulse=0,0,0
checkpoint_tie_body body=8 material=21 impulse=-9.58056e-05,-6.30996e-05,-7.34743e-05
checkpoint_tie_path object=0 name=OpenKnee_QAT body_material=1 impulse=8.53637e-05,-0.000119636,-0.000233897
checkpoint_tie_path object=0 name=OpenKnee_QAT body_material=21 impulse=-9.58056e-05,-6.30996e-05,-7.34743e-05
checkpoint_tie_path object=1 name=OpenKnee_TBC-L body_material=3 impulse=0.00203684,-0.00116415,-0.00572095
checkpoint_tie_path object=2 name=OpenKnee_PCL body_material=3 impulse=0.000117076,-5.57588e-05,0.007613
checkpoint_tie_path object=2 name=OpenKnee_PCL body_material=4 impulse=0.028304,-0.00177007,0.0125258
checkpoint_tie_path object=3 name=OpenKnee_PTC body_material=1 impulse=0.000296792,0.00113085,-9.31531e-05
checkpoint_tie_path object=4 name=OpenKnee_ACL body_material=3 impulse=-0.0149769,-0.00332983,-0.00232961
checkpoint_tie_path object=4 name=OpenKnee_ACL body_material=4 impulse=-0.0176792,-0.000151481,-0.0119107
checkpoint_tie_path object=5 name=OpenKnee_MCL body_material=3 impulse=0.00670073,-0.00069963,0.0119383
checkpoint_tie_path object=5 name=OpenKnee_MCL body_material=4 impulse=-0.00349258,0.00287722,-0.0119066
checkpoint_tie_path object=6 name=OpenKnee_PTL body_material=1 impulse=-0.000645458,-2.72033e-05,-0.000325976
checkpoint_tie_path object=6 name=OpenKnee_PTL body_material=3 impulse=0.000638952,9.33729e-05,8.85389e-05
checkpoint_tie_path object=7 name=OpenKnee_MNS-L body_material=3 impulse=0.00027523,0.0003548,0.000525188
checkpoint_tie_path object=8 name=OpenKnee_MNS-M body_material=3 impulse=0.00803731,0.00276069,-0.00352423
checkpoint_tie_path object=9 name=OpenKnee_LCL body_material=2 impulse=0.00151943,0.00108383,0.0065222
checkpoint_tie_path object=9 name=OpenKnee_LCL body_material=4 impulse=-0.00152525,-0.0010844,-0.00652275
checkpoint_tie_path object=10 name=OpenKnee_TBC-M body_material=3 impulse=-0.0021676,0.000590492,-0.0160628
checkpoint_tie_path object=11 name=OpenKnee_FMC body_material=4 impulse=-0.00524853,-0.000567364,0.0176396
