source_step=rejected source_time=0.05 newton_budget=7 fgmres_budget=10 matter_status=10 failing_object=9 failing_index=4294967295 completed_microsteps=0 fgmres_iterations=10 diagnostic0=0.00146919 diagnostic1=2.15776e-05 residual=0 correction=0 worst_object=0 maximum_object_residual=0.00146919 minimum_jacobian=0.987666 max_fem_displacement_m=0.000338057 source_contact_history=1035210 source_equivalence=unqualified
checkpoint_rigid_body index=0 material=1 center_m=0.00401774,0.0462779,0.00361437 quaternion=0.000716022,0.00105284,-0.00181432,0.999998
checkpoint_rigid_body index=1 material=2 center_m=2.13163e-17,1.06581e-17,-1.42109e-17 quaternion=-5.71475e-17,-1.54976e-17,-1.30938e-17,1
checkpoint_rigid_body index=2 material=3 center_m=-0.0044315,-0.0072205,-0.0249345 quaternion=-6.91206e-17,1.78818e-17,-1.73536e-17,1
checkpoint_rigid_body index=3 material=4 center_m=-0.000880283,-0.00679647,0.000166238 quaternion=9.86238e-05,0.000631277,-0.000931808,0.999999
checkpoint_rigid_body index=4 material=17 center_m=-0.0044315,-0.0072205,-0.0249349 quaternion=2.09857e-06,-3.17154e-07,-0.00093181,1
checkpoint_rigid_body index=5 material=18 center_m=-0.00104244,-0.00677181,0.000166448 quaternion=9.96731e-05,0.000631119,-0.000931807,0.999999
checkpoint_rigid_body index=6 material=19 center_m=0.00401855,0.0462778,0.0037001 quaternion=0.000723428,0.0010522,-0.000932433,0.999999
checkpoint_rigid_body index=7 material=20 center_m=-0.00101053,-0.00677666,0.000166406 quaternion=0.000647284,0.000548359,-0.000932162,0.999999
checkpoint_rigid_body index=8 material=21 center_m=0.0013789,0.0379265,0.0901749 quaternion=0.000237675,0.00120951,-0.00184625,0.999998
source_certificate object=0 residual=0.00146919 correction=2.15776e-05 volume=0 pressure=0 minimum_jacobian=0.999956 contact_gap=0 transport=0,0,0,0
source_certificate object=1 residual=0.00146919 correction=2.15776e-05 volume=0 pressure=0 minimum_jacobian=0.997241 contact_gap=0 transport=0,0,0,0
source_certificate object=2 residual=0.00146919 correction=2.15776e-05 volume=0 pressure=0 minimum_jacobian=0.99474 contact_gap=0 transport=0,0,0,0
source_certificate object=3 residual=0.00146919 correction=2.15776e-05 volume=0 pressure=0 minimum_jacobian=0.998798 contact_gap=0 transport=0,0,0,0
source_certificate object=4 residual=0.00146919 correction=2.15776e-05 volume=0 pressure=0 minimum_jacobian=0.987666 contact_gap=0 transport=0,0,0,0
source_certificate object=5 residual=0.00146919 correction=2.15776e-05 volume=0 pressure=0 minimum_jacobian=0.998804 contact_gap=0 transport=0,0,0,0
source_certificate object=6 residual=0.00146919 correction=2.15776e-05 volume=0 pressure=0 minimum_jacobian=0.99954 contact_gap=0 transport=0,0,0,0
source_certificate object=7 residual=0.00146919 correction=2.15776e-05 volume=0 pressure=0 minimum_jacobian=0.999144 contact_gap=0 transport=0,0,0,0
source_certificate object=8 residual=0.00146919 correction=2.15776e-05 volume=0 pressure=0 minimum_jacobian=0.995024 contact_gap=0 transport=0,0,0,0
source_certificate object=9 residual=0.00146919 correction=2.15776e-05 volume=0 pressure=0 minimum_jacobian=0.997427 contact_gap=0 transport=0,0,0,0
source_certificate object=10 residual=0.00146919 correction=2.15776e-05 volume=0 pressure=0 minimum_jacobian=0.99835 contact_gap=0 transport=0,0,0,0
source_certificate object=11 residual=0.00146919 correction=2.15776e-05 volume=0 pressure=0 minimum_jacobian=0.99796 contact_gap=0 transport=0,0,0,0
checkpoint_candidate_contact surface=1 name=ACL_@_FMB_ContactFaces active_faces=0 active_gauss=0 pressure_area_integral_n=0 max_pressure_pa=0 max_gap_m=0
checkpoint_candidate_contact surface=2 name=ACL_@_PCL_ContactFaces active_faces=30 active_gauss=71 pressure_area_integral_n=0.947053 max_pressure_pa=861837 max_gap_m=0.000106674
checkpoint_candidate_contact surface=3 name=ACL_@_TBB_ContactFaces active_faces=0 active_gauss=0 pressure_area_integral_n=0 max_pressure_pa=0 max_gap_m=0
checkpoint_candidate_contact surface=4 name=FMB_@_ACL_ContactFaces active_faces=0 active_gauss=0 pressure_area_integral_n=0 max_pressure_pa=0 max_gap_m=0
checkpoint_candidate_contact surface=5 name=FMB_@_LCL_ContactFaces active_faces=0 active_gauss=0 pressure_area_integral_n=0 max_pressure_pa=0 max_gap_m=0
checkpoint_candidate_contact surface=6 name=FMB_@_MCL_ContactFaces active_faces=0 active_gauss=0 pressure_area_integral_n=0 max_pressure_pa=0 max_gap_m=0
checkpoint_candidate_contact surface=7 name=FMB_@_PCL_ContactFaces active_faces=0 active_gauss=0 pressure_area_integral_n=0 max_pressure_pa=0 max_gap_m=0
checkpoint_candidate_contact surface=8 name=FMB_@_QAT_ContactFaces active_faces=0 active_gauss=0 pressure_area_integral_n=0 max_pressure_pa=0 max_gap_m=0
checkpoint_candidate_contact surface=9 name=FMC_@_MNS-L_ContactFaces active_faces=4 active_gauss=4 pressure_area_integral_n=0.00731334 max_pressure_pa=46003.4 max_gap_m=9.3762e-06
checkpoint_candidate_contact surface=10 name=FMC_@_MNS-M_ContactFaces active_faces=15 active_gauss=21 pressure_area_integral_n=0.134426 max_pressure_pa=383384 max_gap_m=3.05306e-05
checkpoint_candidate_contact surface=11 name=FMC_@_PTC_ContactFaces active_faces=7 active_gauss=10 pressure_area_integral_n=0.0100782 max_pressure_pa=34279.3 max_gap_m=1.39238e-05
checkpoint_candidate_contact surface=12 name=FMC_@_QAT_ContactFaces active_faces=0 active_gauss=0 pressure_area_integral_n=0 max_pressure_pa=0 max_gap_m=0
checkpoint_candidate_contact surface=13 name=FMC_@_TBC-L_ContactFaces active_faces=17 active_gauss=36 pressure_area_integral_n=0.0580951 max_pressure_pa=58495.2 max_gap_m=1.45791e-05
checkpoint_candidate_contact surface=14 name=FMC_@_TBC-M_ContactFaces active_faces=36 active_gauss=85 pressure_area_integral_n=0.109716 max_pressure_pa=31780.8 max_gap_m=7.10315e-06
checkpoint_candidate_contact surface=15 name=LCL_@_FMB_ContactFaces active_faces=0 active_gauss=0 pressure_area_integral_n=0 max_pressure_pa=0 max_gap_m=0
checkpoint_candidate_contact surface=16 name=MCL_@_FMB_ContactFaces active_faces=0 active_gauss=0 pressure_area_integral_n=0 max_pressure_pa=0 max_gap_m=0
checkpoint_candidate_contact surface=17 name=MCL_@_TBB_ContactFaces active_faces=27 active_gauss=55 pressure_area_integral_n=0.143396 max_pressure_pa=190117 max_gap_m=3.04957e-05
checkpoint_candidate_contact surface=18 name=MNS-L_@_FMC_ContactFaces active_faces=6 active_gauss=6 pressure_area_integral_n=0.0175321 max_pressure_pa=98673.6 max_gap_m=7.61083e-06
checkpoint_candidate_contact surface=19 name=MNS-L_@_TBC-L_ContactFaces active_faces=13 active_gauss=18 pressure_area_integral_n=0.035656 max_pressure_pa=138014 max_gap_m=6.19378e-06
checkpoint_candidate_contact surface=20 name=MNS-M_@_FMC_ContactFaces active_faces=22 active_gauss=40 pressure_area_integral_n=0.271242 max_pressure_pa=514027 max_gap_m=3.67532e-05
checkpoint_candidate_contact surface=21 name=MNS-M_@_PCL_ContactFaces active_faces=11 active_gauss=21 pressure_area_integral_n=0.280462 max_pressure_pa=601349 max_gap_m=4.64191e-05
checkpoint_candidate_contact surface=22 name=MNS-M_@_TBC-M_ContactFaces active_faces=72 active_gauss=131 pressure_area_integral_n=0.346865 max_pressure_pa=165041 max_gap_m=1.20768e-05
checkpoint_candidate_contact surface=23 name=PCL_@_ACL_ContactFaces active_faces=24 active_gauss=53 pressure_area_integral_n=1.23552 max_pressure_pa=992312 max_gap_m=0.000103719
checkpoint_candidate_contact surface=24 name=PCL_@_FMB_ContactFaces active_faces=0 active_gauss=0 pressure_area_integral_n=0 max_pressure_pa=0 max_gap_m=0
checkpoint_candidate_contact surface=25 name=PCL_@_MNS-M_ContactFaces active_faces=10 active_gauss=19 pressure_area_integral_n=0.263159 max_pressure_pa=639556 max_gap_m=4.38801e-05
checkpoint_candidate_contact surface=26 name=PCL_@_TBB_ContactFaces active_faces=0 active_gauss=0 pressure_area_integral_n=0 max_pressure_pa=0 max_gap_m=0
checkpoint_candidate_contact surface=27 name=PTC_@_FMC_ContactFaces active_faces=15 active_gauss=25 pressure_area_integral_n=0.0470025 max_pressure_pa=208882 max_gap_m=1.69234e-05
checkpoint_candidate_contact surface=28 name=QAT_@_FMB_ContactFaces active_faces=0 active_gauss=0 pressure_area_integral_n=0 max_pressure_pa=0 max_gap_m=0
checkpoint_candidate_contact surface=29 name=QAT_@_FMC_ContactFaces active_faces=0 active_gauss=0 pressure_area_integral_n=0 max_pressure_pa=0 max_gap_m=0
checkpoint_candidate_contact surface=30 name=TBB_@_ACL_ContactFaces active_faces=0 active_gauss=0 pressure_area_integral_n=0 max_pressure_pa=0 max_gap_m=0
checkpoint_candidate_contact surface=31 name=TBB_@_MCL_ContactFaces active_faces=8 active_gauss=16 pressure_area_integral_n=0 max_pressure_pa=0 max_gap_m=2.9843e-05
checkpoint_candidate_contact surface=32 name=TBB_@_PCL_ContactFaces active_faces=0 active_gauss=0 pressure_area_integral_n=0 max_pressure_pa=0 max_gap_m=0
checkpoint_candidate_contact surface=33 name=TBC-L_@_FMC_ContactFaces active_faces=62 active_gauss=153 pressure_area_integral_n=0.261 max_pressure_pa=221531 max_gap_m=1.50283e-05
checkpoint_candidate_contact surface=34 name=TBC-L_@_MNS-L_ContactFaces active_faces=26 active_gauss=44 pressure_area_integral_n=0.0303329 max_pressure_pa=109286 max_gap_m=7.68082e-06
checkpoint_candidate_contact surface=35 name=TBC-M_@_FMC_ContactFaces active_faces=109 active_gauss=265 pressure_area_integral_n=0.309424 max_pressure_pa=128672 max_gap_m=8.59705e-06
checkpoint_candidate_contact surface=36 name=TBC-M_@_MNS-M_ContactFaces active_faces=103 active_gauss=208 pressure_area_integral_n=0.235623 max_pressure_pa=121690 max_gap_m=1.29999e-05
source_residual_block object=0 name=OpenKnee_QAT l2=3.07769e-05 maximum=2.49872e-06 worst_node=14177
source_residual_block object=1 name=OpenKnee_TBC-L l2=1.6811e-05 maximum=7.85406e-06 worst_node=26865
source_residual_block object=2 name=OpenKnee_PCL l2=1.78946e-05 maximum=5.27154e-06 worst_node=59235
source_residual_block object=3 name=OpenKnee_PTC l2=1.80405e-05 maximum=9.89673e-07 worst_node=76867
source_residual_block object=4 name=OpenKnee_ACL l2=1.44046e-05 maximum=3.25814e-06 worst_node=92302
source_residual_block object=5 name=OpenKnee_MCL l2=0.000450002 maximum=7.83158e-05 worst_node=109971
source_residual_block object=6 name=OpenKnee_PTL l2=2.536e-05 maximum=6.21489e-06 worst_node=125932
source_residual_block object=7 name=OpenKnee_MNS-L l2=2.50202e-05 maximum=1.40486e-05 worst_node=130962
source_residual_block object=8 name=OpenKnee_MNS-M l2=0.000595688 maximum=0.000189076 worst_node=140549
source_residual_block object=9 name=OpenKnee_LCL l2=3.50876e-05 maximum=1.12753e-05 worst_node=151696
source_residual_block object=10 name=OpenKnee_TBC-M l2=4.5581e-05 maximum=1.25542e-05 worst_node=169515
source_residual_block object=11 name=OpenKnee_FMC l2=0.000166371 maximum=3.14601e-05 worst_node=181559
source_residual_block name=rigid l2=0.00125173 maximum=0.000822186 worst_dof=20
checkpoint_rigid_residual dof=0 impulse=-0.000525801
checkpoint_rigid_residual dof=1 impulse=-0.000651948
checkpoint_rigid_residual dof=2 impulse=5.88401e-05
checkpoint_rigid_residual dof=3 impulse=1.77445e-06
checkpoint_rigid_residual dof=4 impulse=-1.45727e-06
checkpoint_rigid_residual dof=5 impulse=1.0106e-06
checkpoint_rigid_residual dof=6 impulse=8.48688e-05
checkpoint_rigid_residual dof=7 impulse=-0.000187914
checkpoint_rigid_residual dof=8 impulse=-2.89248e-05
checkpoint_rigid_residual dof=9 impulse=1.58006e-06
checkpoint_rigid_residual dof=10 impulse=2.22704e-05
checkpoint_rigid_residual dof=11 impulse=-2.36826e-05
checkpoint_rigid_residual dof=12 impulse=7.28725e-05
checkpoint_rigid_residual dof=13 impulse=-1.06525e-05
checkpoint_rigid_residual dof=14 impulse=-0.00025951
checkpoint_rigid_residual dof=15 impulse=3.99444e-07
checkpoint_rigid_residual dof=16 impulse=7.54189e-07
checkpoint_rigid_residual dof=17 impulse=-2.33375e-07
checkpoint_rigid_residual dof=18 impulse=-7.28354e-05
checkpoint_rigid_residual dof=19 impulse=2.15247e-05
checkpoint_rigid_residual dof=20 impulse=0.000822186
checkpoint_rigid_residual dof=21 impulse=-1.62955e-05
checkpoint_rigid_residual dof=22 impulse=-0.00012568
checkpoint_rigid_residual dof=23 impulse=-6.34408e-07
checkpoint_rigid_residual dof=24 impulse=-1.22308e-05
checkpoint_rigid_residual dof=25 impulse=0.000210006
checkpoint_rigid_residual dof=26 impulse=1.38889e-05
checkpoint_rigid_residual dof=27 impulse=-5.59856e-07
checkpoint_rigid_residual dof=28 impulse=-1.4159e-07
checkpoint_rigid_residual dof=29 impulse=1.91508e-06
checkpoint_rigid_residual dof=30 impulse=-2.70196e-05
checkpoint_rigid_residual dof=31 impulse=1.39456e-05
checkpoint_rigid_residual dof=32 impulse=2.29077e-05
checkpoint_rigid_residual dof=33 impulse=5.90858e-08
checkpoint_rigid_residual dof=34 impulse=7.28116e-07
checkpoint_rigid_residual dof=35 impulse=4.42374e-08
checkpoint_rigid_residual dof=36 impulse=-4.05416e-07
checkpoint_rigid_residual dof=37 impulse=1.42165e-07
checkpoint_rigid_residual dof=38 impulse=-3.08956e-05
checkpoint_rigid_residual dof=39 impulse=-4.31948e-09
checkpoint_rigid_residual dof=40 impulse=1.54023e-09
checkpoint_rigid_residual dof=41 impulse=5.45263e-09
source_contact_block object=0 name=OpenKnee_QAT contact_impulse_l2=0 contact_residual_dot=0
source_contact_block object=1 name=OpenKnee_TBC-L contact_impulse_l2=0.00118204 contact_residual_dot=1.93816e-09
source_contact_block object=2 name=OpenKnee_PCL contact_impulse_l2=0.0128621 contact_residual_dot=2.59805e-08
source_contact_block object=3 name=OpenKnee_PTC contact_impulse_l2=0.000414951 contact_residual_dot=1.98257e-12
source_contact_block object=4 name=OpenKnee_ACL contact_impulse_l2=0.010873 contact_residual_dot=1.2194e-08
source_contact_block object=5 name=OpenKnee_MCL contact_impulse_l2=0.000806519 contact_residual_dot=2.50731e-10
source_contact_block object=6 name=OpenKnee_PTL contact_impulse_l2=0 contact_residual_dot=0
source_contact_block object=7 name=OpenKnee_MNS-L contact_impulse_l2=0.000541087 contact_residual_dot=6.52785e-09
source_contact_block object=8 name=OpenKnee_MNS-M contact_impulse_l2=0.00503959 contact_residual_dot=1.35e-07
source_contact_block object=9 name=OpenKnee_LCL contact_impulse_l2=0 contact_residual_dot=0
source_contact_block object=10 name=OpenKnee_TBC-M contact_impulse_l2=0.00189886 contact_residual_dot=2.9971e-08
source_contact_block object=11 name=OpenKnee_FMC contact_impulse_l2=0.00366268 contact_residual_dot=4.9072e-08
checkpoint_rigid_contact_force body=0 material=1 newton=0,0,0
checkpoint_rigid_contact_force body=1 material=2 newton=0,0,0
checkpoint_rigid_contact_force body=2 material=3 newton=-0.131325,0.0197104,0.0540187
checkpoint_rigid_contact_force body=3 material=4 newton=0,0,0
checkpoint_rigid_contact_force body=4 material=17 newton=0,0,0
checkpoint_rigid_contact_force body=5 material=18 newton=0,0,0
checkpoint_rigid_contact_force body=6 material=19 newton=0,0,0
checkpoint_rigid_contact_force body=7 material=20 newton=0,0,0
checkpoint_rigid_contact_force body=8 material=21 newton=0,0,0
checkpoint_tied_contact_force object=11 name=OpenKnee_FMC body_material=4 newton=-0.00461937,0.00109786,0.0079808
checkpoint_tie_object object=0 name=OpenKnee_QAT impulse=-7.01845e-05,1.0099e-05,-1.33589e-05
checkpoint_tie_object object=1 name=OpenKnee_TBC-L impulse=0.0020365,-0.00116483,-0.00571875
checkpoint_tie_object object=2 name=OpenKnee_PCL impulse=0.0284764,-0.00180799,0.0201645
checkpoint_tie_object object=3 name=OpenKnee_PTC impulse=-9.7528e-05,0.000415313,0.000292805
checkpoint_tie_object object=4 name=OpenKnee_ACL impulse=-0.0327848,-0.00344425,-0.0142846
checkpoint_tie_object object=5 name=OpenKnee_MCL impulse=0.00276203,0.00224696,0.000684772
checkpoint_tie_object object=6 name=OpenKnee_PTL impulse=-8.20972e-05,-6.65603e-05,2.01727e-05
checkpoint_tie_object object=7 name=OpenKnee_MNS-L impulse=0.000275321,0.000354918,0.000525476
checkpoint_tie_object object=8 name=OpenKnee_MNS-M impulse=0.00803741,0.00276062,-0.00352389
checkpoint_tie_object object=9 name=OpenKnee_LCL impulse=-7.82426e-05,-6.83469e-07,-6.37798e-05
checkpoint_tie_object object=10 name=OpenKnee_TBC-M impulse=-0.00217276,0.000591766,-0.0160882
checkpoint_tie_object object=11 name=OpenKnee_FMC impulse=-0.00460572,-0.00086774,0.017631
checkpoint_tie_body body=0 material=1 impulse=-0.000792926,0.000330387,0.00029002
checkpoint_tie_body body=1 material=2 impulse=0.0015201,0.00108387,0.00652205
checkpoint_tie_body body=2 material=3 impulse=0.000656806,-0.00145107,-0.00749438
checkpoint_tie_body body=3 material=4 impulse=0.000408549,-0.00087175,0.000387498
checkpoint_tie_body body=4 material=17 impulse=0,0,0
checkpoint_tie_body body=5 material=18 impulse=0,0,0
checkpoint_tie_body body=6 material=19 impulse=0,0,0
checkpoint_tie_body body=7 material=20 impulse=0,0,0
checkpoint_tie_body body=8 material=21 impulse=-9.62211e-05,-6.38024e-05,-7.90388e-05
checkpoint_tie_path object=0 name=OpenKnee_QAT body_material=1 impulse=2.60366e-05,7.39014e-05,6.56799e-05
checkpoint_tie_path object=0 name=OpenKnee_QAT body_material=21 impulse=-9.62211e-05,-6.38024e-05,-7.90388e-05
checkpoint_tie_path object=1 name=OpenKnee_TBC-L body_material=3 impulse=0.0020365,-0.00116483,-0.00571875
checkpoint_tie_path object=2 name=OpenKnee_PCL body_material=3 impulse=0.000116982,-5.62766e-05,0.00761378
checkpoint_tie_path object=2 name=OpenKnee_PCL body_material=4 impulse=0.0283594,-0.00175171,0.0125508
checkpoint_tie_path object=3 name=OpenKnee_PTC body_material=1 impulse=-9.7528e-05,0.000415313,0.000292805
checkpoint_tie_path object=4 name=OpenKnee_ACL body_material=3 impulse=-0.0149771,-0.00332974,-0.00232969
checkpoint_tie_path object=4 name=OpenKnee_ACL body_material=4 impulse=-0.0178078,-0.00011451,-0.0119549
checkpoint_tie_path object=5 name=OpenKnee_MCL body_material=3 impulse=0.00670109,-0.000699806,0.0119383
checkpoint_tie_path object=5 name=OpenKnee_MCL body_material=4 impulse=-0.00393906,0.00294677,-0.0112535
checkpoint_tie_path object=6 name=OpenKnee_PTL body_material=1 impulse=-0.000721434,-0.000158827,-6.84647e-05
checkpoint_tie_path object=6 name=OpenKnee_PTL body_material=3 impulse=0.000639337,9.22671e-05,8.86374e-05
checkpoint_tie_path object=7 name=OpenKnee_MNS-L body_material=3 impulse=0.000275321,0.000354918,0.000525476
checkpoint_tie_path object=8 name=OpenKnee_MNS-M body_material=3 impulse=0.00803741,0.00276062,-0.00352389
checkpoint_tie_path object=9 name=OpenKnee_LCL body_material=2 impulse=0.0015201,0.00108387,0.00652205
checkpoint_tie_path object=9 name=OpenKnee_LCL body_material=4 impulse=-0.00159835,-0.00108455,-0.00658583
checkpoint_tie_path object=10 name=OpenKnee_TBC-M body_material=3 impulse=-0.00217276,0.000591766,-0.0160882
checkpoint_tie_path object=11 name=OpenKnee_FMC body_material=4 impulse=-0.00460572,-0.00086774,0.017631
