source_step=rejected source_time=0.05 newton_budget=7 fgmres_budget=10 matter_status=10 failing_object=9 failing_index=4294967295 completed_microsteps=0 fgmres_iterations=10 diagnostic0=0.0144227 diagnostic1=1.74876e-07 residual=0 correction=0 worst_object=0 maximum_object_residual=0.0144227 minimum_jacobian=0.998146 max_fem_displacement_m=0 source_contact_history=1035210 source_equivalence=unqualified
source_certificate object=0 residual=0.0144227 correction=1.74876e-07 volume=0 pressure=0 minimum_jacobian=0.99997 contact_gap=0 transport=0,0,0,0
source_certificate object=1 residual=0.0144227 correction=1.74876e-07 volume=0 pressure=0 minimum_jacobian=0.999979 contact_gap=0 transport=0,0,0,0
source_certificate object=2 residual=0.0144227 correction=1.74876e-07 volume=0 pressure=0 minimum_jacobian=0.999978 contact_gap=0 transport=0,0,0,0
source_certificate object=3 residual=0.0144227 correction=1.74876e-07 volume=0 pressure=0 minimum_jacobian=0.99998 contact_gap=0 transport=0,0,0,0
source_certificate object=4 residual=0.0144227 correction=1.74876e-07 volume=0 pressure=0 minimum_jacobian=0.999938 contact_gap=0 transport=0,0,0,0
source_certificate object=5 residual=0.0144227 correction=1.74876e-07 volume=0 pressure=0 minimum_jacobian=0.999891 contact_gap=0 transport=0,0,0,0
source_certificate object=6 residual=0.0144227 correction=1.74876e-07 volume=0 pressure=0 minimum_jacobian=0.99997 contact_gap=0 transport=0,0,0,0
source_certificate object=7 residual=0.0144227 correction=1.74876e-07 volume=0 pressure=0 minimum_jacobian=0.99999 contact_gap=0 transport=0,0,0,0
source_certificate object=8 residual=0.0144227 correction=1.74876e-07 volume=0 pressure=0 minimum_jacobian=0.999989 contact_gap=0 transport=0,0,0,0
source_certificate object=9 residual=0.0144227 correction=1.74876e-07 volume=0 pressure=0 minimum_jacobian=0.999972 contact_gap=0 transport=0,0,0,0
source_certificate object=10 residual=0.0144227 correction=1.74876e-07 volume=0 pressure=0 minimum_jacobian=0.999979 contact_gap=0 transport=0,0,0,0
source_certificate object=11 residual=0.0144227 correction=1.74876e-07 volume=0 pressure=0 minimum_jacobian=0.998146 contact_gap=0 transport=0,0,0,0
source_residual_block object=0 name=OpenKnee_QAT l2=0.000219126 maximum=4.00487e-05 worst_node=6859
source_residual_block object=1 name=OpenKnee_TBC-L l2=5.46318e-05 maximum=4.24434e-06 worst_node=28520
source_residual_block object=2 name=OpenKnee_PCL l2=0.000386158 maximum=6.72395e-05 worst_node=59318
source_residual_block object=3 name=OpenKnee_PTC l2=0.00014984 maximum=7.90219e-06 worst_node=77508
source_residual_block object=4 name=OpenKnee_ACL l2=0.00115024 maximum=5.86853e-05 worst_node=92942
source_residual_block object=5 name=OpenKnee_MCL l2=0.00947254 maximum=0.000350297 worst_node=116870
source_residual_block object=6 name=OpenKnee_PTL l2=0.000216349 maximum=2.87755e-05 worst_node=125974
source_residual_block object=7 name=OpenKnee_MNS-L l2=1.38444e-05 maximum=4.62781e-06 worst_node=135187
source_residual_block object=8 name=OpenKnee_MNS-M l2=1.01581e-05 maximum=2.1488e-06 worst_node=142120
source_residual_block object=9 name=OpenKnee_LCL l2=0.00406482 maximum=0.000198534 worst_node=150405
source_residual_block object=10 name=OpenKnee_TBC-M l2=7.18155e-05 maximum=7.10485e-06 worst_node=169517
source_residual_block object=11 name=OpenKnee_FMC l2=0.00157026 maximum=0.000275335 worst_node=192743
source_residual_block name=rigid l2=0.00988436 maximum=0.00883503 worst_dof=1
source_contact_block object=0 name=OpenKnee_QAT contact_impulse_l2=0 contact_residual_dot=0
source_contact_block object=1 name=OpenKnee_TBC-L contact_impulse_l2=1.76914e-08 contact_residual_dot=-3.75985e-16
source_contact_block object=2 name=OpenKnee_PCL contact_impulse_l2=1.12869e-07 contact_residual_dot=-8.55145e-14
source_contact_block object=3 name=OpenKnee_PTC contact_impulse_l2=1.97588e-10 contact_residual_dot=-3.01898e-18
source_contact_block object=4 name=OpenKnee_ACL contact_impulse_l2=8.53213e-08 contact_residual_dot=8.50834e-12
source_contact_block object=5 name=OpenKnee_MCL contact_impulse_l2=2.58935e-09 contact_residual_dot=1.16876e-12
source_contact_block object=6 name=OpenKnee_PTL contact_impulse_l2=0 contact_residual_dot=0
source_contact_block object=7 name=OpenKnee_MNS-L contact_impulse_l2=2.55085e-08 contact_residual_dot=-1.03182e-15
source_contact_block object=8 name=OpenKnee_MNS-M contact_impulse_l2=8.47866e-08 contact_residual_dot=-1.77705e-14
source_contact_block object=9 name=OpenKnee_LCL contact_impulse_l2=0 contact_residual_dot=0
source_contact_block object=10 name=OpenKnee_TBC-M contact_impulse_l2=5.37474e-08 contact_residual_dot=-2.59534e-15
source_contact_block object=11 name=OpenKnee_FMC contact_impulse_l2=1.2362e-08 contact_residual_dot=-1.03883e-13
