source_step=rejected source_time=0.05 newton_budget=7 fgmres_budget=10 matter_status=10 failing_object=9 failing_index=4294967295 completed_microsteps=0 fgmres_iterations=10 diagnostic0=0.128834 diagnostic1=0.000705976 residual=0 correction=0 worst_object=0 maximum_object_residual=0.128834 minimum_jacobian=0.97101 max_fem_displacement_m=0 source_contact_history=1035210 source_equivalence=unqualified
source_certificate object=0 residual=0.128834 correction=0.000705976 volume=0 pressure=0 minimum_jacobian=0.99997 contact_gap=0 transport=0,0,0,0
source_certificate object=1 residual=0.128834 correction=0.000705976 volume=0 pressure=0 minimum_jacobian=0.983735 contact_gap=0 transport=0,0,0,0
source_certificate object=2 residual=0.128834 correction=0.000705976 volume=0 pressure=0 minimum_jacobian=0.983499 contact_gap=0 transport=0,0,0,0
source_certificate object=3 residual=0.128834 correction=0.000705976 volume=0 pressure=0 minimum_jacobian=0.999714 contact_gap=0 transport=0,0,0,0
source_certificate object=4 residual=0.128834 correction=0.000705976 volume=0 pressure=0 minimum_jacobian=0.97101 contact_gap=0 transport=0,0,0,0
source_certificate object=5 residual=0.128834 correction=0.000705976 volume=0 pressure=0 minimum_jacobian=0.999618 contact_gap=0 transport=0,0,0,0
source_certificate object=6 residual=0.128834 correction=0.000705976 volume=0 pressure=0 minimum_jacobian=0.999972 contact_gap=0 transport=0,0,0,0
source_certificate object=7 residual=0.128834 correction=0.000705976 volume=0 pressure=0 minimum_jacobian=0.993106 contact_gap=0 transport=0,0,0,0
source_certificate object=8 residual=0.128834 correction=0.000705976 volume=0 pressure=0 minimum_jacobian=0.977735 contact_gap=0 transport=0,0,0,0
source_certificate object=9 residual=0.128834 correction=0.000705976 volume=0 pressure=0 minimum_jacobian=0.999882 contact_gap=0 transport=0,0,0,0
source_certificate object=10 residual=0.128834 correction=0.000705976 volume=0 pressure=0 minimum_jacobian=0.982769 contact_gap=0 transport=0,0,0,0
source_certificate object=11 residual=0.128834 correction=0.000705976 volume=0 pressure=0 minimum_jacobian=0.997719 contact_gap=0 transport=0,0,0,0
source_residual_block object=0 name=OpenKnee_QAT l2=0.000249945 maximum=4.23697e-05 worst_node=6181
source_residual_block object=1 name=OpenKnee_TBC-L l2=0.00994669 maximum=0.00184531 worst_node=50973
source_residual_block object=2 name=OpenKnee_PCL l2=0.0878464 maximum=0.0347895 worst_node=58797
source_residual_block object=3 name=OpenKnee_PTC l2=0.00020702 maximum=6.11692e-05 worst_node=81131
source_residual_block object=4 name=OpenKnee_ACL l2=0.0647453 maximum=0.0178107 worst_node=97657
source_residual_block object=5 name=OpenKnee_MCL l2=0.00844214 maximum=0.000772407 worst_node=114205
source_residual_block object=6 name=OpenKnee_PTL l2=0.000194553 maximum=2.43569e-05 worst_node=125974
source_residual_block object=7 name=OpenKnee_MNS-L l2=0.015413 maximum=0.00410226 worst_node=130962
source_residual_block object=8 name=OpenKnee_MNS-M l2=0.0548224 maximum=0.0175267 worst_node=146056
source_residual_block object=9 name=OpenKnee_LCL l2=0.00407746 maximum=0.000452312 worst_node=151779
source_residual_block object=10 name=OpenKnee_TBC-M l2=0.0284572 maximum=0.0027356 worst_node=164414
source_residual_block object=11 name=OpenKnee_FMC l2=0.00740594 maximum=0.0021446 worst_node=191894
source_residual_block name=rigid l2=0.0198679 maximum=0.0125555 worst_dof=14
source_contact_block object=0 name=OpenKnee_QAT contact_impulse_l2=0 contact_residual_dot=0
source_contact_block object=1 name=OpenKnee_TBC-L contact_impulse_l2=0.014447 contact_residual_dot=6.29299e-05
source_contact_block object=2 name=OpenKnee_PCL contact_impulse_l2=0.103769 contact_residual_dot=0.00457884
source_contact_block object=3 name=OpenKnee_PTC contact_impulse_l2=0.000185759 contact_residual_dot=8.97782e-09
source_contact_block object=4 name=OpenKnee_ACL contact_impulse_l2=0.0791334 contact_residual_dot=0.003666
source_contact_block object=5 name=OpenKnee_MCL contact_impulse_l2=0.0025765 contact_residual_dot=3.30844e-06
source_contact_block object=6 name=OpenKnee_PTL contact_impulse_l2=0 contact_residual_dot=0
source_contact_block object=7 name=OpenKnee_MNS-L contact_impulse_l2=0.0208371 contact_residual_dot=0.000245839
source_contact_block object=8 name=OpenKnee_MNS-M contact_impulse_l2=0.0713225 contact_residual_dot=0.00283376
source_contact_block object=9 name=OpenKnee_LCL contact_impulse_l2=0 contact_residual_dot=0
source_contact_block object=10 name=OpenKnee_TBC-M contact_impulse_l2=0.0433116 contact_residual_dot=0.000519301
source_contact_block object=11 name=OpenKnee_FMC contact_impulse_l2=0.0105425 contact_residual_dot=5.37651e-05
