rigid_source_rest_frames=passed source_body_count=103 maximum_COM_position_residual_m=6.26739049493e-08 maximum_orientation_unit_witness_residual_m=1.05692510994e-07 allowed_rest_reconstruction_residual_m=1e-06 rigid_sha256=2c78cb4150b97cea6e8169dad9e8f5dd59af667b247e07b56e48e857435560e4 boundary=consumed_reference_frame_join_not_source_authentication_or_loaded_motion
resting_mass_calibration source_composite_kg=97.1319506911 declared_reference_kg=72 executed_kg=71.9999993989 uniform_mass_inertia_scale=0.741259694099 measured_person=false additional_organ_or_blood_mass_kg=0
bone_orientation_semantics=unit_normalized_once_at_load bone_count=185 maximum_raw_norm_error=5.96046447754e-08 norm_admission_tolerance=0.00200000009499 bone_sha256=7d94e2f28ac6cea30c6c11a79919077acc40281636eb20b11b50b50aebd3ec49
tendon_bone_geometry=checked_bodyparts_subset bodyparts_envelope_count=160 fixed_sibling_envelope_count=0 external_surface_unverified_count=0 maximum_node_residual_m=2.77883934062e-07 allowed_point_residual_m=1e-06 tendon_sha256=52819336540a36621b60bd03b5084bd1d300ed2971673cfd0ccdb7eecfcb52b5 bone_sha256=7d94e2f28ac6cea30c6c11a79919077acc40281636eb20b11b50b50aebd3ec49 rigid_sha256=2c78cb4150b97cea6e8169dad9e8f5dd59af667b247e07b56e48e857435560e4 boundary=consumed_rest_surface_binding_not_loaded_or_clinical_qualification
tendon_payload=NHTENDON2 tendon_endpoints=832 tendon_point_bindings=672 tendon_triangle_bindings=0 tendon_envelope_bindings=160 tendon_migrated_envelope_bindings=0 tendon_max_reference_path_delta_m=0 tendon_max_architecture_scale_change=0 tendon_muscle_payload_sha256=e5bb8a8168706bb3b23cf42b1d849659569ba2e6027bcc85729c3110fdbb8c4b tendon_geometry_identity_verified=true tendon_bone_payload_sha256=7d94e2f28ac6cea30c6c11a79919077acc40281636eb20b11b50b50aebd3ec49
joint_equality_payload=NHEQ1 joint_equalities=51
pose_joint_ranges=passed enabled_range_count=118 failed_range_count=0 rigid_sha256=2c78cb4150b97cea6e8169dad9e8f5dd59af667b247e07b56e48e857435560e4 equality_sha256=0e3c593792a8c4ccd619f1999f6685b68e6ff0fd5ae5f6f0bca66b594a0e9b88 bone_sha256=7d94e2f28ac6cea30c6c11a79919077acc40281636eb20b11b50b50aebd3ec49 boundary=consumed_enabled_native_limits_after_NHEQ_projection_not_disabled_source_limits_or_loaded_motion
pose_q_override_count=0 root_pose_override=1 pose_q_equality_maximum_correction=0.0105060003698
runtime=Numi Matter runtime initialized with eligible dense45 vascular solve device=Apple M4 Pro world_fingerprint=6434571789366693551 timestep_s=0.00200000009499
resting_body_source_fingerprint=14574775444669942528 coupled_program_fingerprint=8788907775993688750
resting_passive_viscera=shared_torso_pelvis_field source_surfaces=80 caudal_m=-0.397011578083 cranial_m=-0.259147137403 upper_body=20 lower_body=128 independent_forces=false independent_mass=false organ_physiology=false
resting_lung_motion=basal_superior_sweep_v1 blend_start_m=-0.052405 blend_span_m=0.06 effective_area_m2=0.0193540051613
resting_initial_anatomical_registration={"body_poses":[{"body_index":20,"position_m":[-0.025000007823109627,-0.44271242618560791,0.096546053886413574],"quaternion_xyzw":[0.0061705871485173702,-0.70707988739013672,-0.0061705652624368668,0.70707988739013672]},{"body_index":128,"position_m":[-0.025055751204490662,-0.83042281866073608,0.11920696496963501],"quaternion_xyzw":[0.0058914260007441044,-0.70680069923400879,-0.005886733066290617,0.7073637843132019]}],"coordinate_source":"source pack transformed by native initialBodies before physical stepping","surfaces":[{"role":"upper_visceral_anchor","semantic":51010,"source_body_index":20,"stable_id":2,"torso_local_max_m":[0.1489698737859726,-0.06762242317199707,0.029034055769443512],"torso_local_min_m":[0.035220548510551453,-0.18552298843860626,-0.10646510124206543]},{"role":"upper_visceral_anchor","semantic":51010,"source_body_index":20,"stable_id":3,"torso_local_max_m":[0.10061360895633698,-0.14701209962368011,0.048131499439477921],"torso_local_min_m":[0.049258694052696228,-0.22131331264972687,-0.073365472257137299]},{"role":"upper_visceral_anchor","semantic":51010,"source_body_index":20,"stable_id":4,"torso_local_max_m":[0.065826825797557831,-0.15392428636550903,0.088104061782360077],"torso_local_min_m":[0.018313027918338776,-0.25914710760116577,0.030521268025040627]},{"role":"upper_visceral_anchor","semantic":51010,"source_body_index":20,"stable_id":5,"torso_local_max_m":[0.054068014025688171,-0.1345781683921814,-0.033227771520614624],"torso_local_min_m":[0.013165432959794998,-0.24133054912090302,-0.091208852827548981]},{"role":"upper_visceral_anchor","semantic":51010,"source_body_index":20,"stable_id":13,"torso_local_max_m":[0.095457650721073151,-0.10293921083211899,-0.056195467710494995],"torso_local_min_m":[-0.00033182650804519653,-0.17370373010635376,-0.11487260460853577]},{"role":"upper_visceral_anchor","semantic":51010,"source_body_index":20,"stable_id":14,"torso_local_max_m":[0.094544753432273865,-0.055873673409223557,0.033946555107831955],"torso_local_min_m":[0.058444060385227203,-0.13125307857990265,-0.011481210589408875]},{"role":"upper_visceral_anchor","semantic":51010,"source_body_index":20,"stable_id":15,"torso_local_max_m":[0.15468204021453857,-0.051299087703227997,-0.0026821792125701904],"torso_local_min_m":[0.045374639332294464,-0.10517608374357224,-0.095222979784011841]},{"role":"upper_visceral_anchor","semantic":51010,"source_body_index":20,"stable_id":16,"torso_local_max_m":[0.15707412362098694,-0.071360647678375244,0.0014663934707641602],"torso_local_min_m":[0.07356831431388855,-0.138477623462677,-0.074144557118415833]},{"role":"upper_visceral_anchor","semantic":51010,"source_body_index":20,"stable_id":17,"torso_local_max_m":[0.15518583357334137,-0.04497130960226059,0.046523258090019226],"torso_local_min_m":[0.074793577194213867,-0.16443367302417755,-0.011679999530315399]},{"role":"upper_visceral_anchor","semantic":51010,"source_body_index":20,"stable_id":18,"torso_local_max_m":[0.15332278609275818,-0.10873293876647949,0.10524313896894455],"torso_local_min_m":[0.06183064728975296,-0.17893320322036743,0.026367701590061188]},{"role":"upper_visceral_anchor","semantic":51010,"source_body_index":20,"stable_id":19,"torso_local_max_m":[0.11932293325662613,-0.11438564956188202,0.11530916392803192],"torso_local_min_m":[-0.0020214840769767761,-0.19753372669219971,0.021444413810968399]},{"role":"upper_visceral_anchor","semantic":51010,"source_body_index":20,"stable_id":20,"torso_local_max_m":[0.11958994716405869,-0.11408335715532303,0.11550363898277283],"torso_local_min_m":[-0.0022704675793647766,-0.19755388796329498,0.021117139607667923]},{"role":"upper_visceral_anchor","semantic":51010,"source_body_index":20,"stable_id":21,"torso_local_max_m":[0.10608795285224915,-0.049535799771547318,0.11580190062522888],"torso_local_min_m":[-0.0032210424542427063,-0.13487040996551514,0.020207773894071579]},{"role":"upper_visceral_anchor","semantic":51010,"source_body_index":20,"stable_id":22,"torso_local_max_m":[0.15336306393146515,-0.041172627359628677,0.11002320796251297],"torso_local_min_m":[0.02455456554889679,-0.11670317500829697,0.017514020204544067]},{"role":"upper_visceral_anchor","semantic":51010,"source_body_index":20,"stable_id":461,"torso_local_max_m":[0.13303953409194946,-0.13353027403354645,0.063625447452068329],"torso_local_min_m":[0.084262087941169739,-0.17424784600734711,0.026906765997409821]},{"role":"pelvic_anchor","semantic":51010,"source_body_index":20,"stable_id":462,"torso_local_max_m":[0.08233652263879776,-0.39701157808303833,0.034268602728843689],"torso_local_min_m":[0.010075983591377735,-0.43757495284080505,-0.033010013401508331]},{"role":"pelvic_anchor","semantic":51010,"source_body_index":20,"stable_id":463,"torso_local_max_m":[0.050315443426370621,-0.4348473846912384,0.01782398484647274],"torso_local_min_m":[0.018116317689418793,-0.4553583562374115,-0.016720972955226898]}],"torso_body_index":20}
resting_support_geometry=full_registered_skin vertices=54949 regions=32 full_binding_count=86 region_sizes=[6907,1222,2796,2044,1525,1394,710,777,1891,1262,810,832,890,483,1328,1266,835,700,870,3097,4320,2043,1882,579,1199,1219,962,632,868,3302,4308,1996] force_owner=ex2026-10-05 23:37:18.168 numi-human-native[42022:16105910] +[NSXPCSharedListener endpointForReply:withListenerName:replyErrorCode:]: an error occurred while attempting to obtain endpoint for listener 'ClientCallsAuxiliary': Connection interrupted
2026-10-05 23:37:18.239 numi-human-native[42022:16105910] Human native framebuffer output: recording; window drawable unavailable
isting_metal_stand partition=source_rest_voronoi
resting_initialization=dynamic_release recruitment_activation_cap=0.005 normalized_residual_rms=106.77303235 maximum_acceleration_residual=602.509604386 balanced=false qualification=initialization_transient_not_static_equilibrium
compiled_support_geometry=admissible compiled_support_min_gap_m=-1.38777878078e-17 compiled_support_gap_tolerance_m=1e-06 compiled_support_activation_distance_m=0.002 compiled_support_separated_witnesses=31 compiled_support_max_separated_force_n=0 compiled_support_rejected_pose_candidates=0
human_stand_solver_path=split_candidate
resting_integrated_rejection=pass rejected_after_accepted_predecessor=true body_q_v_root_myo_unchanged=true circulation_and_clock_unchanged=true respiration_brain_history_unchanged=true retry_matches_uninterrupted_replay=true same_command_buffer_reject=pass accepted_prefix=2 rejected_step=2 inert_suffix=1
resting_native_profile step=32 command_ms=514.256167 gpu_ms=513.723416254 host_copy_ms=0.007833 full_state_readback=0
resting_native_profile step=64 command_ms=544.262 gpu_ms=543.661833741 host_copy_ms=0.008917 full_state_readback=0
resting_native_profile step=96 command_ms=542.949875 gpu_ms=542.348000221 host_copy_ms=0.009042 full_state_readback=0
resting_native_profile step=128 command_ms=539.235125 gpu_ms=538.61616645 host_copy_ms=0.008417 full_state_readback=0
resting_native_profile step=160 command_ms=539.288125 gpu_ms=538.72475028 host_copy_ms=0.008291 full_state_readback=0
resting_native_profile step=192 command_ms=546.942417 gpu_ms=546.379624866 host_copy_ms=0.010958 full_state_readback=0
resting_native_profile step=224 command_ms=545.157833 gpu_ms=544.582500122 host_copy_ms=0.007209 full_state_readback=0
resting_native_profile step=256 command_ms=544.897375 gpu_ms=544.318374246 host_copy_ms=0.008 full_state_readback=0
resting_native_profile step=288 command_ms=545.236333 gpu_ms=544.683874585 host_copy_ms=0.009167 full_state_readback=0
resting_native_profile step=320 command_ms=568.222042 gpu_ms=567.687166855 host_copy_ms=0.008083 full_state_readback=0
resting_native_profile step=352 command_ms=575.094042 gpu_ms=574.492124841 host_copy_ms=0.007958 full_state_readback=0
resting_native_profile step=384 command_ms=562.837333 gpu_ms=562.189791352 host_copy_ms=0.007958 full_state_readback=0
resting_native_profile step=416 command_ms=543.936958 gpu_ms=543.421749957 host_copy_ms=0.007833 full_state_readback=0
resting_native_profile step=448 command_ms=540.16475 gpu_ms=539.74299971 host_copy_ms=0.009208 full_state_readback=0
resting_native_profile step=480 command_ms=533.750875 gpu_ms=533.129666932 host_copy_ms=0.008375 full_state_readback=0
resting_native_profile step=512 command_ms=537.303125 gpu_ms=536.635625176 host_copy_ms=0.008167 full_state_readback=0
resting_native_profile step=544 command_ms=538.260667 gpu_ms=537.736750208 host_copy_ms=0.008042 full_state_readback=0
resting_native_profile step=576 command_ms=535.736 gpu_ms=535.110583529 host_copy_ms=0.007833 full_state_readback=0
resting_native_profile step=608 command_ms=534.79425 gpu_ms=534.180750139 host_copy_ms=0.008875 full_state_readback=0
resting_native_profile step=640 command_ms=534.284916 gpu_ms=533.728125505 host_copy_ms=0.009 full_state_readback=0
accepted_geometry_export=/Users/n/numi-human-resting-evidence-20261005/release-cap005-sensitivity-027/accepted-geometry/step-639.mrvpack receipt=/Users/n/numi-human-resting-evidence-20261005/release-cap005-sensitivity-027/accepted-geometry/step-639.receipt.json accepted_root=0x9580af0ac52e0ac5 pack_sha256=6d15b5468910890b485bb7805992865e709909356b926857fc0fff47b7361fd1 receipt_sha256=aed729e91eca04ec6215d16ef032314bfa9951365405a0456b644247219851b3
resting_native_profile step=672 command_ms=542.326916 gpu_ms=542.138875462 host_copy_ms=0.007334 full_state_readback=0
resting_native_profile step=704 command_ms=533.033125 gpu_ms=532.46224951 host_copy_ms=3.892916 full_state_readback=0
resting_native_profile step=736 command_ms=533.787959 gpu_ms=533.240375109 host_copy_ms=0.0095 full_state_readback=0
resting_native_profile step=768 command_ms=535.607917 gpu_ms=534.949374385 host_copy_ms=0.010208 full_state_readback=0
resting_native_profile step=800 command_ms=535.568 gpu_ms=535.363040864 host_copy_ms=0.008292 full_state_readback=0
resting_native_profile step=832 command_ms=537.54775 gpu_ms=536.94299981 host_copy_ms=0.009583 full_state_readback=0
resting_native_profile step=864 command_ms=538.684334 gpu_ms=538.458541967 host_copy_ms=0.008833 full_state_readback=0
resting_native_profile step=896 command_ms=538.591333 gpu_ms=537.956500426 host_copy_ms=0.009542 full_state_readback=0
resting_native_profile step=928 command_ms=537.158958 gpu_ms=536.578750238 host_copy_ms=0.010792 full_state_readback=0
resting_native_profile step=960 command_ms=536.239416 gpu_ms=535.66983249 host_copy_ms=0.008334 full_state_readback=0
resting_native_profile step=992 command_ms=535.625625 gpu_ms=534.996958449 host_copy_ms=0.008125 full_state_readback=0
resting_native_profile step=1024 command_ms=532.68425 gpu_ms=532.056374475 host_copy_ms=0.007917 full_state_readback=0
resting_native_profile step=1056 command_ms=532.428625 gpu_ms=531.819874421 host_copy_ms=0.007791 full_state_readback=0
resting_native_profile step=1088 command_ms=532.096625 gpu_ms=531.570750289 host_copy_ms=0.008708 full_state_readback=0
resting_native_profile step=1120 command_ms=532.441833 gpu_ms=531.885666773 host_copy_ms=0.008167 full_state_readback=0
resting_native_profile step=1152 command_ms=532.928583 gpu_ms=532.311000861 host_copy_ms=0.008625 full_state_readback=0
resting_native_profile step=1184 command_ms=534.031834 gpu_ms=533.510374837 host_copy_ms=0.0085 full_state_readback=0
resting_native_profile step=1216 command_ms=534.938959 gpu_ms=534.393416718 host_copy_ms=0.007666 full_state_readback=0
resting_native_profile step=1248 command_ms=534.898875 gpu_ms=534.295749851 host_copy_ms=3.098541 full_state_readback=0
resting_native_profile step=1280 command_ms=532.883708 gpu_ms=532.264666632 host_copy_ms=0.02175 full_state_readback=0
resting_native_profile step=1312 command_ms=532.118208 gpu_ms=531.503750011 host_copy_ms=0.017 full_state_readback=0
resting_native_profile step=1344 command_ms=532.848417 gpu_ms=532.308707945 host_copy_ms=0.007208 full_state_readback=0
resting_native_profile step=1376 command_ms=533.899417 gpu_ms=533.300207928 host_copy_ms=0.008458 full_state_readback=0
resting_native_profile step=1408 command_ms=534.376375 gpu_ms=533.761249855 host_copy_ms=0.008959 full_state_readback=0
resting_native_profile step=1440 command_ms=535.063875 gpu_ms=534.906041808 host_copy_ms=0.0085 full_state_readback=0
resting_native_profile step=1472 command_ms=533.793333 gpu_ms=533.284249716 host_copy_ms=0.008125 full_state_readback=0
resting_native_profile step=1504 command_ms=534.881042 gpu_ms=534.304750152 host_copy_ms=0.009416 full_state_readback=0
resting_native_profile step=1536 command_ms=534.567167 gpu_ms=533.96458365 host_copy_ms=0.007625 full_state_readback=0
resting_native_profile step=1568 command_ms=536.276958 gpu_ms=535.82825046 host_copy_ms=0.007375 full_state_readback=0
resting_native_profile step=1600 command_ms=536.689375 gpu_ms=536.180833355 host_copy_ms=0.008833 full_state_readback=0
resting_native_profile step=1632 command_ms=538.065125 gpu_ms=537.435624748 host_copy_ms=0.008375 full_state_readback=0
resting_native_profile step=1664 command_ms=539.086333 gpu_ms=538.537750021 host_copy_ms=0.007583 full_state_readback=0
resting_native_profile step=1696 command_ms=541.872459 gpu_ms=541.25137534 host_copy_ms=0.008416 full_state_readback=0
resting_native_profile step=1728 command_ms=543.990125 gpu_ms=543.373125605 host_copy_ms=0.007792 full_state_readback=0
resting_native_profile step=1760 command_ms=543.582208 gpu_ms=543.017832562 host_copy_ms=0.008292 full_state_readback=0
resting_native_profile step=1792 command_ms=546.379084 gpu_ms=545.783458278 host_copy_ms=0.0305 full_state_readback=0
resting_native_profile step=1824 command_ms=554.319208 gpu_ms=553.763874806 host_copy_ms=0.013542 full_state_readback=0
resting_native_profile step=1856 command_ms=553.906083 gpu_ms=553.251124918 host_copy_ms=0.017375 full_state_readback=0
resting_native_profile step=1888 command_ms=546.421209 gpu_ms=546.084082685 host_copy_ms=0.017208 full_state_readback=0
resting_native_profile step=1920 command_ms=553.974542 gpu_ms=553.389167413 host_copy_ms=0.017833 full_state_readback=0
resting_native_profile step=1952 command_ms=557.10075 gpu_ms=556.495499797 host_copy_ms=0.015375 full_state_readback=0
resting_native_profile step=1984 command_ms=556.347375 gpu_ms=555.78562431 host_copy_ms=0.012583 full_state_readback=0
resting_native_profile step=2016 command_ms=554.844667 gpu_ms=554.284875281 host_copy_ms=0.016833 full_state_readback=0
resting_native_profile step=2048 command_ms=556.430833 gpu_ms=555.836166255 host_copy_ms=0.011375 full_state_readback=0
resting_native_profile step=2080 command_ms=550.145583 gpu_ms=549.587000161 host_copy_ms=0.017709 full_state_readback=0
resting_native_profile step=2112 command_ms=555.989584 gpu_ms=555.781000294 host_copy_ms=0.011708 full_state_readback=0
resting_native_profile step=2144 command_ms=555.378834 gpu_ms=554.713250138 host_copy_ms=0.012583 full_state_readback=0
resting_native_profile step=2176 command_ms=552.633291 gpu_ms=551.965375431 host_copy_ms=0.019167 full_state_readback=0
resting_native_profile step=2208 command_ms=556.830458 gpu_ms=556.216499768 host_copy_ms=0.016542 full_state_readback=0
resting_native_profile step=2240 command_ms=556.386833 gpu_ms=555.821750313 host_copy_ms=0.014833 full_state_readback=0
resting_native_profile step=2272 command_ms=555.60525 gpu_ms=555.425458588 host_copy_ms=0.014375 full_state_readback=0
resting_native_profile step=2304 command_ms=556.642084 gpu_ms=556.055375375 host_copy_ms=0.01525 full_state_readback=0
resting_native_profile step=2336 command_ms=556.696709 gpu_ms=556.096750312 host_copy_ms=0.021166 full_state_readback=0
resting_native_profile step=2368 command_ms=555.190958 gpu_ms=554.627125151 host_copy_ms=0.014542 full_state_readback=0
resting_native_profile step=2400 command_ms=553.70025 gpu_ms=553.124750033 host_copy_ms=0.014583 full_state_readback=0
resting_native_profile step=2432 command_ms=549.211792 gpu_ms=548.568375409 host_copy_ms=0.017875 full_state_readback=0
resting_native_profile step=2464 command_ms=547.565042 gpu_ms=546.969374642 host_copy_ms=0.019 full_state_readback=0
resting_native_profile step=2496 command_ms=555.901708 gpu_ms=555.309916846 host_copy_ms=0.015084 full_state_readback=0
resting_native_profile step=2528 command_ms=554.114 gpu_ms=553.532875143 host_copy_ms=0.016042 full_state_readback=0
resting_native_profile step=2560 command_ms=547.4315 gpu_ms=546.883624978 host_copy_ms=0.014417 full_state_readback=0
resting_native_profile step=2592 command_ms=546.808959 gpu_ms=546.154875308 host_copy_ms=0.015583 full_state_readback=0
resting_native_profile step=2624 command_ms=547.653417 gpu_ms=547.06195835 host_copy_ms=0.011458 full_state_readback=0
resting_native_profile step=2656 command_ms=547.64625 gpu_ms=547.093375586 host_copy_ms=0.014667 full_state_readback=0
resting_native_profile step=2688 command_ms=549.618375 gpu_ms=549.01108332 host_copy_ms=0.015375 full_state_readback=0
resting_native_profile step=2720 command_ms=546.299375 gpu_ms=545.703874901 host_copy_ms=0.013667 full_state_readback=0
resting_native_profile step=2752 command_ms=544.659208 gpu_ms=544.092999771 host_copy_ms=0.011375 full_state_readback=0
resting_native_profile step=2784 command_ms=544.479208 gpu_ms=543.915416114 host_copy_ms=0.011917 full_state_readback=0
accepted_geometry_export=/Users/n/numi-human-resting-evidence-20261005/release-cap005-sensitivity-027/accepted-geometry/step-2783.mrvpack receipt=/Users/n/numi-human-resting-evidence-20261005/release-cap005-sensitivity-027/accepted-geometry/step-2783.receipt.json accepted_root=0x84ec3e80b57f5ae5 pack_sha256=bb932d8a948f6cd0509b1ca365fdafe9e50080e5e966ef6016cdf4dfc5bf6c85 receipt_sha256=815815a4a01efff8ed18f8d0b121d8a96bc5fd2d9810b4b61b2a41e57442349e
resting_native_profile step=2816 command_ms=555.844792 gpu_ms=555.321209133 host_copy_ms=0.0165 full_state_readback=0
resting_native_profile step=2848 command_ms=544.038333 gpu_ms=543.468125165 host_copy_ms=0.017834 full_state_readback=0
resting_native_profile step=2880 command_ms=543.717667 gpu_ms=543.150457554 host_copy_ms=0.015042 full_state_readback=0
resting_native_profile step=2912 command_ms=536.682709 gpu_ms=536.401874386 host_copy_ms=0.014958 full_state_readback=0
resting_native_profile step=2944 command_ms=536.2485 gpu_ms=535.71916651 host_copy_ms=0.016208 full_state_readback=0
resting_native_profile step=2976 command_ms=529.477208 gpu_ms=528.860541992 host_copy_ms=0.017375 full_state_readback=0
resting_native_profile step=3000 command_ms=401.777542 gpu_ms=401.173500344 host_copy_ms=0.10975 full_state_readback=1
accepted_geometry_export=/Users/n/numi-human-resting-evidence-20261005/release-cap005-sensitivity-027/accepted-geometry/step-2999.mrvpack receipt=/Users/n/numi-human-resting-evidence-20261005/release-cap005-sensitivity-027/accepted-geometry/step-2999.receipt.json accepted_root=0x021a851c4e5628ad pack_sha256=b009a66621d8ea188c0295d71c1ea7ee22ce70fc184205d59150940d775f6052 receipt_sha256=51c2f31377d7557d489cadb98329ab00e330377accf5a3e2b2237fe75409775c
stand_terminal_state={"schema":"numi.human.legacy-stand-terminal.v1","step_count":3000,"timestep_seconds":0.002,"root_assistance":false,"initial_q":[-0.05000000074505806,0.20000000298023224,0.10715460777282715,-0.70090925693511963,0,0,0.71325045824050903,0,0,0,0,0,0,0,0,0,0,0,0,0,0,0,0,0,0,0,0,0,0,0,0,0,0,0,0,0,0,0,0,0,0,0,0,0,0,0,0,0,0,0,0,0,0,0,0,0,0,0,0,0,0,0,0,0,0,0,0,0,0,0,0,0,0,0,0,0,0,0,0,0,0,0,0,0,0,0,0,0,0,0,0,0,0,0,0,0,0,0,0,0,0,0,0,0,7.6925396608196195e-11,9.537330214470785e-08,0,-1.4732499664660281e-08,1.0893900004305124e-08,0,0,0,0,0,0.010506000369787216,0,0,0,-7.6925396608196195e-11,9.537330214470785e-08,0,-1.4732499664660281e-08,-1.0893900004305124e-08,0,0,0,0,0,0.010506000369787216],"initial_v":[0,0,0,0,0,0,0,0,0,0,0,0,0,0,0,0,0,0,0,0,0,0,0,0,0,0,0,0,0,0,0,0,0,0,0,0,0,0,0,0,0,0,0,0,0,0,0,0,0,0,0,0,0,0,0,0,0,0,0,0,0,0,0,0,0,0,0,0,0,0,0,0,0,0,0,0,0,0,0,0,0,0,0,0,0,0,0,0,0,0,0,0,0,0,0,0,0,0,0,0,0,0,0,0,0,0,0,0,0,0,0,0,0,0,0,0,0,0,0,0,0,0,0,0,0,0,0,0],"q":[-0.052311006933450699,0.17232196033000946,-0.19585135579109192,-0.79545128345489502,0.00097952689975500107,0.0021762754768133163,0.60601282119750977,-0.25168600678443909,-0.0035410244017839432,-0.002379012992605567,0,0,-0.16180893778800964,-0.046561911702156067,-0.00064127950463443995,-8.9879118604585528e-05,-0.051343943923711777,-0.00086861324962228537,-8.9879118604585528e-05,-0.058139469474554062,-0.00088561017764732242,-7.4011091783177108e-05,-0.064179927110671997,-0.00066571257775649428,-6.872968515381217e-05,-1.4842973961037842e-08,6.2867968608770752e-09,-6.2867968608770752e-09,1.4842973961037842e-08,-3.0053954880315814e-09,2.4288501876412738e-08,1.0917559301049096e-08,-1.0917559301049096e-08,-2.4288501876412738e-08,3.0053954880315814e-09,0.0021783029660582542,6.1334603174145741e-08,-0.0021783029660582542,-0.31264805793762207,4.7840980066382599e-09,-0.22628718614578247,0.05947272852063179,-0.10337943583726883,-0.77999997138977051,0.77999997138977051,-0.14345152676105499,-0.25016102194786072,0.21583639085292816,0.18949681520462036,4.1255955096630714e-08,3.0561908559434414e-09,0.40470165014266968,0.21351902186870575,0.21689549088478088,2.9325206707397911e-09,0.28121486306190491,0.20496052503585815,0.50236618518829346,1.358537171647356e-09,-7.3033652370213531e-07,-0.023198084905743599,-7.1913326848971337e-08,3.0638963588458523e-10,4.3221376699875691e-07,-1.8306573679183202e-07,1.8306573679183202e-07,-4.3221376699875691e-07,8.7514351321260619e-08,-7.0725889145251131e-07,-3.1790929710950877e-07,3.1790929710950877e-07,7.0725889145251131e-07,-8.7514351321260619e-08,-0.0019415153656154871,-1.7860072603070876e-06,0.0019415153656154871,-0.52572721242904663,0.48294273018836975,-0.74383378028869629,-0.13253803551197052,-0.27309828996658325,-0.77999997138977051,0.57738995552062988,-0.20553036034107208,-0.29380297660827637,0.1851867288351059,0.24777841567993164,0.016740908846259117,-8.6437061952437944e-08,0.44299313426017761,0.26179900765419006,0.21167069673538208,-3.2401874250354012e-07,0.54714071750640869,0.1727035790681839,0.44008597731590271,0.0040199747309088707,0.0088117280974984169,0.027527442201972008,-5.8012528825202025e-07,6.8385558327221929e-10,-0.34345030784606934,-0.036007262766361237,-0.6981317400932312,2.8574913812917657e-07,2.4738514525779465e-07,4.8586611228529364e-05,3.8283910726022441e-06,1.7963198843062855e-05,-0.27152514457702637,-0.02708258293569088,-0.52359902858734131,-2.3702614271314815e-06,-7.2979298693098826e-07,0.010507199913263321,-0.34246808290481567,-0.031724151223897934,-0.6981322169303894,-5.8356840193507509e-11,9.5363418495253427e-08,-3.1580733583780329e-09,-1.498230339791462e-08,-9.7269952092915446e-09,-0.29911839962005615,-0.012233756482601166,-0.52359902858734131,1.5406566300502078e-10,4.743047274380352e-11,0.010506000369787216],"v":[0.0023963316343724728,3.3796059142332524e-05,0.00021028524497523904,0.00026438935310579836,0.00021272206504363567,-0.0024997482541948557,0.00011036927025998011,0.0025576774496585131,-3.6774650652660057e-05,0,0,7.0956404670141637e-05,2.0418316125869751e-05,0.00046319537796080112,-1.3893463801650796e-06,2.2515330783789977e-05,0.00062739825807511806,-1.3893463801650796e-06,2.5495302907074802e-05,0.00063967506866902113,-1.1440594107625657e-06,2.814416257024277e-05,0.00048084332956932485,-1.0624196420394583e-06,1.1994153510386241e-06,-5.0801685347323655e-07,5.0801685347323655e-07,-1.1994153510386241e-06,2.428568279810861e-07,-1.9626795619842596e-06,-8.822146355669247e-07,8.822146355669247e-07,1.9626795619842596e-06,-2.428568279810861e-07,0.0006977524608373642,-4.9562618187337648e-06,-0.0006977524608373642,-0.00088070268975570798,3.1094666042008612e-07,0.0014668137300759554,0.0052012712694704533,-0.010901279747486115,2.0400066205183975e-05,4.6553927859349642e-06,-0.031038818880915642,-0.052579116076231003,0.0071683144196867943,0.016846014186739922,1.1945654478040524e-05,-1.2923690064781113e-06,0.083342142403125763,0.016125157475471497,0.034146543592214584,-1.2022936743960599e-06,0.05468648299574852,0.037425730377435684,0.097568511962890625,-1.6183596471819328e-06,-2.8951584241099226e-08,-0.00047730113146826625,1.3784302836938878e-06,7.7815114352119963e-09,2.3946156488818815e-06,-1.0142483688468928e-06,1.0142483688468928e-06,-2.3946156488818815e-06,4.8486015202797716e-07,-3.9184619708976243e-06,-1.7613289173823432e-06,1.7613289173823432e-06,3.9184619708976243e-06,-4.8486015202797716e-07,-0.00064568652305752039,-9.8951059044338763e-06,0.00064568652305752039,-0.027768006548285484,0.34487706422805786,-0.0016078812768682837,0.019324192777276039,-0.21042288839817047,-1.1753910484912922e-06,-0.031565252691507339,-0.011772169731557369,-0.04866844043135643,0.049857575446367264,0.051300227642059326,0.0066990992054343224,2.3140614757721778e-07,0.13486790657043457,3.5968921565654455e-06,0.057538110762834549,8.4056829052769899e-08,0.11289885640144348,0.045445051044225693,0.089746288955211639,0.00054869276937097311,-0.0004121653619222343,0.013545784167945385,-6.3091620177146979e-06,1.8383337518912413e-08,0.00033582394826225936,0.0025351480580866337,-1.666834214120172e-05,1.6366686850233236e-07,8.7088167788351711e-08,2.7836451408802532e-05,2.2017745777702658e-06,1.0285081771144178e-05,0.0013306256150826812,-0.0011086632730439305,-2.4357041183975525e-07,-1.3579677897723741e-06,-4.1816221596491232e-07,6.857114271952014e-07,0.00041920205694623291,-0.0026188925839960575,-1.3016019693168346e-05,1.0293661756310968e-10,-5.4776013586055328e-11,-1.7507090888102539e-08,-1.3848108215697152e-09,6.468852564722738e-09,-0.0050565595738589764,0.0031908384989947081,8.5048561970779701e-08,8.5407814154336847e-10,2.629355067007566e-10,-4.3350195655378343e-10]}
resting_integrated_body=completed simulated_s=6.0000002849847078 wall_s=62.049888875000001 real_time_factor=0.096696390497519769 physiology_body_clock=matched root_assistance=false presentation_qualification=pending
