rigid_source_rest_frames=passed source_body_count=103 maximum_COM_position_residual_m=6.26739049493e-08 maximum_orientation_unit_witness_residual_m=1.05692510994e-07 allowed_rest_reconstruction_residual_m=1e-06 rigid_sha256=2c78cb4150b97cea6e8169dad9e8f5dd59af667b247e07b56e48e857435560e4 boundary=consumed_reference_frame_join_not_source_authentication_or_loaded_motion
resting_mass_calibration source_composite_kg=97.1319506911 declared_reference_kg=72 executed_kg=71.9999993989 uniform_mass_inertia_scale=0.741259694099 measured_person=false additional_organ_or_blood_mass_kg=0
bone_orientation_semantics=unit_normalized_once_at_load bone_count=185 maximum_raw_norm_error=5.96046447754e-08 norm_admission_tolerance=0.00200000009499 bone_sha256=7d94e2f28ac6cea30c6c11a79919077acc40281636eb20b11b50b50aebd3ec49
tendon_bone_geometry=checked_bodyparts_subset bodyparts_envelope_count=160 fixed_sibling_envelope_count=0 external_surface_unverified_count=0 maximum_node_residual_m=2.77883934062e-07 allowed_point_residual_m=1e-06 tendon_sha256=52819336540a36621b60bd03b5084bd1d300ed2971673cfd0ccdb7eecfcb52b5 bone_sha256=7d94e2f28ac6cea30c6c11a79919077acc40281636eb20b11b50b50aebd3ec49 rigid_sha256=2c78cb4150b97cea6e8169dad9e8f5dd59af667b247e07b56e48e857435560e4 boundary=consumed_rest_surface_binding_not_loaded_or_clinical_qualification
tendon_payload=NHTENDON2 tendon_endpoints=832 tendon_point_bindings=672 tendon_triangle_bindings=0 tendon_envelope_bindings=160 tendon_migrated_envelope_bindings=0 tendon_max_reference_path_delta_m=0 tendon_max_architecture_scale_change=0 tendon_muscle_payload_sha256=e5bb8a8168706bb3b23cf42b1d849659569ba2e6027bcc85729c3110fdbb8c4b tendon_geometry_identity_verified=true tendon_bone_payload_sha256=7d94e2f28ac6cea30c6c11a79919077acc40281636eb20b11b50b50aebd3ec49
joint_equality_payload=NHEQ1 joint_equalities=51
pose_joint_ranges=passed enabled_range_count=118 failed_range_count=0 rigid_sha256=2c78cb4150b97cea6e8169dad9e8f5dd59af667b247e07b56e48e857435560e4 equality_sha256=0e3c593792a8c4ccd619f1999f6685b68e6ff0fd5ae5f6f0bca66b594a0e9b88 bone_sha256=7d94e2f28ac6cea30c6c11a79919077acc40281636eb20b11b50b50aebd3ec49 boundary=consumed_enabled_native_limits_after_NHEQ_projection_not_disabled_source_limits_or_loaded_motion
pose_q_override_count=0 root_pose_override=1 pose_q_equality_maximum_correction=0.0105060003698
runtime=Numi Matter runtime initialized with eligible dense45 vascular solve device=Apple M4 Pro world_fingerprint=6434571789366693551 timestep_s=0.00200000009499
resting_body_source_fingerprint=2345854527065296080 coupled_program_fingerprint=7931675693865756625
resting_passive_viscera=shared_torso_pelvis_field source_surfaces=80 caudal_m=-0.397011578083 cranial_m=-0.259147137403 upper_body=20 lower_body=128 independent_forces=false independent_mass=false organ_physiology=false
resting_lung_motion=basal_superior_sweep_v1 blend_start_m=-0.052405 blend_span_m=0.06 effective_area_m2=0.0193540051613
resting_initial_anatomical_registration={"body_poses":[{"body_index":20,"position_m":[-0.025000007823109627,-0.44271242618560791,0.096546053886413574],"quaternion_xyzw":[0.0061705871485173702,-0.70707988739013672,-0.0061705652624368668,0.70707988739013672]},{"body_index":128,"position_m":[-0.025055751204490662,-0.83042281866073608,0.11920696496963501],"quaternion_xyzw":[0.0058914260007441044,-0.70680069923400879,-0.005886733066290617,0.7073637843132019]}],"coordinate_source":"source pack transformed by native initialBodies before physical stepping","surfaces":[{"role":"upper_visceral_anchor","semantic":51010,"source_body_index":20,"stable_id":2,"torso_local_max_m":[0.1489698737859726,-0.06762242317199707,0.029034055769443512],"torso_local_min_m":[0.035220548510551453,-0.18552298843860626,-0.10646510124206543]},{"role":"upper_visceral_anchor","semantic":51010,"source_body_index":20,"stable_id":3,"torso_local_max_m":[0.10061360895633698,-0.14701209962368011,0.048131499439477921],"torso_local_min_m":[0.049258694052696228,-0.22131331264972687,-0.073365472257137299]},{"role":"upper_visceral_anchor","semantic":51010,"source_body_index":20,"stable_id":4,"torso_local_max_m":[0.065826825797557831,-0.15392428636550903,0.088104061782360077],"torso_local_min_m":[0.018313027918338776,-0.25914710760116577,0.030521268025040627]},{"role":"upper_visceral_anchor","semantic":51010,"source_body_index":20,"stable_id":5,"torso_local_max_m":[0.054068014025688171,-0.1345781683921814,-0.033227771520614624],"torso_local_min_m":[0.013165432959794998,-0.24133054912090302,-0.091208852827548981]},{"role":"upper_visceral_anchor","semantic":51010,"source_body_index":20,"stable_id":13,"torso_local_max_m":[0.095457650721073151,-0.10293921083211899,-0.056195467710494995],"torso_local_min_m":[-0.00033182650804519653,-0.17370373010635376,-0.11487260460853577]},{"role":"upper_visceral_anchor","semantic":51010,"source_body_index":20,"stable_id":14,"torso_local_max_m":[0.094544753432273865,-0.055873673409223557,0.033946555107831955],"torso_local_min_m":[0.058444060385227203,-0.13125307857990265,-0.011481210589408875]},{"role":"upper_visceral_anchor","semantic":51010,"source_body_index":20,"stable_id":15,"torso_local_max_m":[0.15468204021453857,-0.051299087703227997,-0.0026821792125701904],"torso_local_min_m":[0.045374639332294464,-0.10517608374357224,-0.095222979784011841]},{"role":"upper_visceral_anchor","semantic":51010,"source_body_index":20,"stable_id":16,"torso_local_max_m":[0.15707412362098694,-0.071360647678375244,0.0014663934707641602],"torso_local_min_m":[0.07356831431388855,-0.138477623462677,-0.074144557118415833]},{"role":"upper_visceral_anchor","semantic":51010,"source_body_index":20,"stable_id":17,"torso_local_max_m":[0.15518583357334137,-0.04497130960226059,0.046523258090019226],"torso_local_min_m":[0.074793577194213867,-0.16443367302417755,-0.011679999530315399]},{"role":"upper_visceral_anchor","semantic":51010,"source_body_index":20,"stable_id":18,"torso_local_max_m":[0.15332278609275818,-0.10873293876647949,0.10524313896894455],"torso_local_min_m":[0.06183064728975296,-0.17893320322036743,0.026367701590061188]},{"role":"upper_visceral_anchor","semantic":51010,"source_body_index":20,"stable_id":19,"torso_local_max_m":[0.11932293325662613,-0.11438564956188202,0.11530916392803192],"torso_local_min_m":[-0.0020214840769767761,-0.19753372669219971,0.021444413810968399]},{"role":"upper_visceral_anchor","semantic":51010,"source_body_index":20,"stable_id":20,"torso_local_max_m":[0.11958994716405869,-0.11408335715532303,0.11550363898277283],"torso_local_min_m":[-0.0022704675793647766,-0.19755388796329498,0.021117139607667923]},{"role":"upper_visceral_anchor","semantic":51010,"source_body_index":20,"stable_id":21,"torso_local_max_m":[0.10608795285224915,-0.049535799771547318,0.11580190062522888],"torso_local_min_m":[-0.0032210424542427063,-0.13487040996551514,0.020207773894071579]},{"role":"upper_visceral_anchor","semantic":51010,"source_body_index":20,"stable_id":22,"torso_local_max_m":[0.15336306393146515,-0.041172627359628677,0.11002320796251297],"torso_local_min_m":[0.02455456554889679,-0.11670317500829697,0.017514020204544067]},{"role":"upper_visceral_anchor","semantic":51010,"source_body_index":20,"stable_id":461,"torso_local_max_m":[0.13303953409194946,-0.13353027403354645,0.063625447452068329],"torso_local_min_m":[0.084262087941169739,-0.17424784600734711,0.026906765997409821]},{"role":"pelvic_anchor","semantic":51010,"source_body_index":20,"stable_id":462,"torso_local_max_m":[0.08233652263879776,-0.39701157808303833,0.034268602728843689],"torso_local_min_m":[0.010075983591377735,-0.43757495284080505,-0.033010013401508331]},{"role":"pelvic_anchor","semantic":51010,"source_body_index":20,"stable_id":463,"torso_local_max_m":[0.050315443426370621,-0.4348473846912384,0.01782398484647274],"torso_local_min_m":[0.018116317689418793,-0.4553583562374115,-0.016720972955226898]}],"torso_body_index":20}
resting_support_geometry=full_registered_skin vertices=54949 regions=32 full_binding_count=86 region_sizes=[6907,1222,2796,2044,1525,1394,710,777,1891,1262,810,832,890,483,1328,1266,835,700,870,3097,4320,2043,1882,579,1199,1219,962,632,868,3302,4308,1996] force_owner=exi2026-10-06 01:11:43.654 numi-human-native[50701:16151626] +[NSXPCSharedListener endpointForReply:withListenerName:replyErrorCode:]: an error occurred while attempting to obtain endpoint for listener 'ClientCallsAuxiliary': Connection interrupted
2026-10-06 01:11:43.724 numi-human-native[50701:16151626] Human native framebuffer output: recording; window drawable unavailable
sting_metal_stand partition=source_rest_voronoi
human_execution_stage=static_equilibrium_begin wall_elapsed_ms=4.2e-05 stage_step=0
resting_initialization=dynamic_release recruitment_activation_cap=0.01 normalized_residual_rms=101.4427227 maximum_acceleration_residual=576.867872555 balanced=false qualification=initialization_transient_not_static_equilibrium
compiled_support_geometry=admissible compiled_support_min_gap_m=-1.38777878078e-17 compiled_support_gap_tolerance_m=1e-06 compiled_support_activation_distance_m=0.002 compiled_support_separated_witnesses=31 compiled_support_max_separated_force_n=0 compiled_support_rejected_pose_candidates=0
human_execution_stage=static_equilibrium_end wall_elapsed_ms=3077.569208 stage_step=0
human_execution_stage=fiber_equilibrium_begin wall_elapsed_ms=3077.638917 stage_step=0
human_execution_stage=fiber_equilibrium_end wall_elapsed_ms=3102.574833 stage_step=2
human_execution_stage=initial_force_checks_begin wall_elapsed_ms=3102.59275 stage_step=0
human_stand_solver_path=split_candidate
human_execution_stage=initial_force_checks_end wall_elapsed_ms=3125.779167 stage_step=0
human_execution_stage=native_horizon_begin wall_elapsed_ms=3125.791792 stage_step=0
resting_support_gpu_stage=support_normalize_poses step=0 elapsed_ns=23708
resting_support_gpu_stage=support_positions step=0 elapsed_ns=1893500
resting_support_gpu_stage=support_select step=0 elapsed_ns=9084
resting_support_gpu_stage=support_publish step=0 elapsed_ns=753750
human_gpu_stage=kinematics step=1 elapsed_ns=1598833
resting_support_gpu_stage=support_normalize_poses step=0 elapsed_ns=23875
resting_support_gpu_stage=support_positions step=0 elapsed_ns=1873833
resting_support_gpu_stage=support_select step=0 elapsed_ns=9208
resting_support_gpu_stage=support_publish step=0 elapsed_ns=755708
human_gpu_stage=kinematics step=1 elapsed_ns=1601667
human_gpu_stage=kinematics step=1 elapsed_ns=1597542
resting_integrated_rejection=pass rejected_after_accepted_predecessor=true body_q_v_root_myo_unchanged=true circulation_and_clock_unchanged=true respiration_brain_history_unchanged=true retry_matches_uninterrupted_replay=true same_command_buffer_reject=pass accepted_prefix=2 rejected_step=2 inert_suffix=1
human_execution_stage=authoritative_segment_begin wall_elapsed_ms=3243.967333 stage_step=0
human_borrowed_callback=transaction_begin step=15 encoded=1 host_encode_ns=42 gpu_envelope_sampling=unavailable
human_borrowed_callback=tendon_pre_dynamics step=15 encoded=1 host_encode_ns=42 gpu_envelope_sampling=unavailable
human_borrowed_callback=transaction_pre_dynamics step=15 encoded=1 host_encode_ns=178542 gpu_envelope_sampling=unavailable
human_borrowed_callback=support_geometry_pre_dynamics step=15 encoded=1 host_encode_ns=18458 gpu_envelope_sampling=unavailable
human_borrowed_callback=transaction_post_dynamics step=15 encoded=1 host_encode_ns=8042 gpu_envelope_sampling=unavailable
human_borrowed_callback=tendon_post_validation step=15 encoded=1 host_encode_ns=13041 gpu_envelope_sampling=unavailable
human_borrowed_callback=transaction_begin step=31 encoded=1 host_encode_ns=42 gpu_envelope_sampling=unavailable
human_borrowed_callback=tendon_pre_dynamics step=31 encoded=1 host_encode_ns=42 gpu_envelope_sampling=unavailable
human_borrowed_callback=transaction_pre_dynamics step=31 encoded=1 host_encode_ns=177500 gpu_envelope_sampling=unavailable
human_borrowed_callback=support_geometry_pre_dynamics step=31 encoded=1 host_encode_ns=17292 gpu_envelope_sampling=unavailable
human_borrowed_callback=transaction_post_dynamics step=31 encoded=1 host_encode_ns=8416 gpu_envelope_sampling=unavailable
human_borrowed_callback=tendon_post_validation step=31 encoded=1 host_encode_ns=9334 gpu_envelope_sampling=unavailable
resting_support_gpu_stage=support_normalize_poses step=0 elapsed_ns=23292
resting_support_gpu_stage=support_positions step=0 elapsed_ns=1897000
resting_support_gpu_stage=support_select step=0 elapsed_ns=8875
resting_support_gpu_stage=support_publish step=0 elapsed_ns=754750
human_gpu_stage=kinematics step=1 elapsed_ns=1563584
human_gpu_stage=muscle_angular step=2 elapsed_ns=5833
human_gpu_stage=muscles step=3 elapsed_ns=491708
human_gpu_stage=active_force step=4 elapsed_ns=13834
human_gpu_stage=force_reduce step=5 elapsed_ns=48375
human_gpu_stage=tendon_transfer step=6 elapsed_ns=80834
human_gpu_stage=activation step=7 elapsed_ns=3167
human_gpu_stage=stand_prework step=8 elapsed_ns=438375
human_gpu_stage=stand_mass step=9 elapsed_ns=52833
human_gpu_stage=stand_factor step=10 elapsed_ns=943750
human_gpu_stage=stand_equality_responses step=11 elapsed_ns=504500
human_gpu_stage=stand_equality_factor step=12 elapsed_ns=326166
human_gpu_stage=stand_projected_responses step=13 elapsed_ns=900333
human_gpu_stage=stand_finish step=14 elapsed_ns=3015041
human_gpu_stage=kinematics step=17 elapsed_ns=1563333
human_gpu_stage=muscle_angular step=18 elapsed_ns=5792
human_gpu_stage=muscles step=19 elapsed_ns=488667
human_gpu_stage=active_force step=20 elapsed_ns=13916
human_gpu_stage=force_reduce step=21 elapsed_ns=48375
human_gpu_stage=tendon_transfer step=22 elapsed_ns=80542
human_gpu_stage=activation step=23 elapsed_ns=3334
human_gpu_stage=stand_prework step=24 elapsed_ns=441000
human_gpu_stage=stand_mass step=25 elapsed_ns=52542
human_gpu_stage=stand_factor step=26 elapsed_ns=944792
human_gpu_stage=stand_equality_responses step=27 elapsed_ns=504750
human_gpu_stage=stand_equality_factor step=28 elapsed_ns=326459
human_gpu_stage=stand_projected_responses step=29 elapsed_ns=900125
human_gpu_stage=stand_finish step=30 elapsed_ns=3443625
human_execution_stage=authoritative_segment_end wall_elapsed_ms=3768.056833 stage_step=32
resting_native_profile step=32 command_ms=515.197791 gpu_ms=514.537166804 host_copy_ms=0.052542 full_state_readback=1
human_standing_progress=accepted step=32 simulated_seconds=0.064 root_xyz_m=[-0.0503185242414,0.197966575623,0.0374510623515] center_of_mass_xyz_m=[-0.024957608357,-0.756186557005,0.109251936246] root_orientation_xyzw=[-0.724379241467,0.000312934775138,0.000559343432542,0.689401447773] root_linear_velocity_xyz_m_s=[-0.0238931979984,-0.0860771462321,-1.06755506992] max_generalized_acceleration=1320.9588623 root_linear_speed_m_s=1.071286137 support_force_n=663.325250149 penetration_m=0.000120462682389 contact_count=7 friction_witness=unavailable maximum_friction_utilization=0 saturated_friction_contacts=0 maximum_tangent_force_n=0 muscle_feedback_max_excitation_delta=0 root_assistance_force_n=0 root_assistance_torque_nm=0
accepted_geometry_export=/Users/n/numi-human-resting-evidence-20261005/source51-candidate-profile-039/accepted-geometry/step-31.mrvpack receipt=/Users/n/numi-human-resting-evidence-20261005/source51-candidate-profile-039/accepted-geometry/step-31.receipt.json accepted_root=0x46a544736472e15b pack_sha256=15a2ecb044724930bbd63a9d897d426d436cd88c5fc9b4eae6ac77bd941ea30a receipt_sha256=0c09934f8abb4cc95c43e6318e2db53111db5d4d9b82aa03f4940fa342e5e917
human_execution_stage=native_horizon_end wall_elapsed_ms=4694.31475 stage_step=32
stand_terminal_state={"schema":"numi.human.legacy-stand-terminal.v1","step_count":32,"timestep_seconds":0.002,"root_assistance":false,"initial_q":[-0.05000000074505806,0.20000000298023224,0.10715460777282715,-0.70090925693511963,0,0,0.71325045824050903,0,0,0,0,0,0,0,0,0,0,0,0,0,0,0,0,0,0,0,0,0,0,0,0,0,0,0,0,0,0,0,0,0,0,0,0,0,0,0,0,0,0,0,0,0,0,0,0,0,0,0,0,0,0,0,0,0,0,0,0,0,0,0,0,0,0,0,0,0,0,0,0,0,0,0,0,0,0,0,0,0,0,0,0,0,0,0,0,0,0,0,0,0,0,0,0,0,7.6925396608196195e-11,9.537330214470785e-08,0,-1.4732499664660281e-08,1.0893900004305124e-08,0,0,0,0,0,0.010506000369787216,0,0,0,-7.6925396608196195e-11,9.537330214470785e-08,0,-1.4732499664660281e-08,-1.0893900004305124e-08,0,0,0,0,0,0.010506000369787216],"initial_v":[0,0,0,0,0,0,0,0,0,0,0,0,0,0,0,0,0,0,0,0,0,0,0,0,0,0,0,0,0,0,0,0,0,0,0,0,0,0,0,0,0,0,0,0,0,0,0,0,0,0,0,0,0,0,0,0,0,0,0,0,0,0,0,0,0,0,0,0,0,0,0,0,0,0,0,0,0,0,0,0,0,0,0,0,0,0,0,0,0,0,0,0,0,0,0,0,0,0,0,0,0,0,0,0,0,0,0,0,0,0,0,0,0,0,0,0,0,0,0,0,0,0,0,0,0,0,0,0],"q":[-0.050318524241447449,0.19796657562255859,0.037451062351465225,-0.72437924146652222,0.00031293477513827384,0.00055934343254193664,0.68940144777297974,-0.046185970306396484,-0.00023985306324902922,-0.00099755625706166029,0,0,-0.029692959040403366,-0.0085444049909710884,-4.3437390559120104e-05,-3.7687677831854671e-05,-0.0094219380989670753,-5.8835954405367374e-05,-3.7687677831854671e-05,-0.010668959468603134,-5.9987247368553653e-05,-3.103397466475144e-05,-0.011777422390878201,-4.5092372602084652e-05,-2.8819400540669449e-05,-0.00010602153633954003,4.4905817048856989e-05,-4.4905817048856989e-05,0.00010602153633954003,-2.1467169062816538e-05,0.00017348978144582361,7.7982782386243343e-05,-7.7982782386243343e-05,-0.00017348978144582361,2.1467169062816538e-05,0.00070378964301198721,0.00043810551869682968,-0.00070378964301198721,-0.042817752808332443,-1.5287870525071412e-08,-0.033440500497817993,-0.0094836018979549408,0.0027329290751367807,-0.0058691231533885002,-0.014078942127525806,-0.00045821024104952812,-0.0032091173343360424,0.00073077087290585041,0.0094266310334205627,-2.3993861120175097e-08,-9.500070868861954e-12,0.0047477134503424168,0.010886359959840775,0.0026681253220885992,0.00017646630294620991,0.008284357376396656,0.0099975503981113434,0.0058304616250097752,-9.0806208039029279e-12,-1.1703913571636804e-07,0.0065743341110646725,-2.5655493729459522e-08,2.5228460813486731e-12,-0.00024652629508636892,0.00010441712947795168,-0.00010441712947795168,0.00024652629508636892,-4.9916478019440547e-05,0.00040340665145777166,0.00018132926197722554,-0.00018132926197722554,-0.00040340665145777166,4.9916478019440547e-05,0.00086787919281050563,0.0010187036823481321,-0.00086787919281050563,-0.043930228799581528,-3.7609204639466043e-10,-0.033548802137374878,-0.0056120282970368862,0.0048486897721886635,-0.0057526030577719212,-0.012623936869204044,0.00049674301408231258,-0.0016895306762307882,0.00058421760331839323,0.010326622053980827,-1.6009604308919734e-08,-7.6677331151131511e-10,0.0041832355782389641,0.011595039628446102,0.0019083720399066806,2.3109685571398586e-05,0.0075768041424453259,0.010911665856838226,0.0055372212082147598,-5.7918358997710584e-10,-3.6800403002690274e-11,0.0074130827561020851,-4.0775880935650655e-12,-3.3113984644617123e-12,-0.0976715087890625,0.0053264107555150986,-0.018642863258719444,8.1734126411436847e-11,9.5375860098556586e-08,8.1785173078330331e-10,-1.4667807413104583e-08,1.1196095606180734e-08,-0.05849539116024971,0.018543042242527008,-0.014758284203708172,-3.9898650355807419e-11,-1.2283151926140157e-11,0.010506000369787216,-0.097227513790130615,0.0065108127892017365,-0.024114251136779785,-7.6645856328383388e-11,9.537315293073334e-08,-4.754310140020479e-11,-1.4736260212089292e-08,-1.0876332723341875e-08,-0.058630526065826416,0.018604697659611702,-0.014707472175359726,2.3193758112022289e-12,7.140403177584298e-13,0.010506000369787216],"v":[-0.023893197998404503,-0.086077146232128143,-1.0675550699234009,-1.0236363410949707,0.033672094345092773,0.020930370315909386,-0.8575020432472229,-0.016587572172284126,-0.040688421577215195,0,0,-0.55128806829452515,-0.1586378812789917,-0.0030040093697607517,-0.001537208678200841,-0.17493040859699249,-0.0040689315646886826,-0.001537208678200841,-0.19808298349380493,-0.0041485517285764217,-0.0012658167397603393,-0.21866302192211151,-0.00311846355907619,-0.0011754885781556368,0.00259247119538486,-0.0010980507358908653,0.0010980507358908653,-0.00259247119538486,0.00052492180839180946,-0.0042422255501151085,-0.0019068589899688959,0.0019068589899688959,0.0042422255501151085,-0.00052492180839180946,0.0355072021484375,-0.010712690651416779,-0.0355072021484375,-0.72138386964797974,-1.7451373679477911e-08,-0.4992508590221405,-0.098202034831047058,-0.018082432448863983,-0.12458786368370056,-0.23596967756748199,-0.071669630706310272,-0.093454942107200623,0.066453367471694946,0.024198675528168678,-8.0957818227034295e-09,-1.4654701772087719e-06,0.11486335098743439,0.054525524377822876,0.082148060202598572,0.010637450963258743,0.13988249003887177,0.059484075754880905,0.081994049251079559,-1.6085446077340748e-06,1.4243038037875522e-07,-0.023268550634384155,2.6638389272193308e-08,1.3382406294226712e-09,-0.006136537529528141,0.0025991532020270824,-0.0025991532020270824,0.006136537529528141,-0.0012425220338627696,0.010041606612503529,0.0045136515982449055,-0.0045136515982449055,-0.010041606612503529,0.0012425220338627696,0.0098602194339036942,0.025357592850923538,-0.0098602194339036942,-0.76725918054580688,-3.3420457512534085e-09,-0.67392808198928833,-0.13509783148765564,-0.041917853057384491,-0.064839325845241547,-0.24581006169319153,-0.014699811115860939,-0.081758603453636169,0.045816607773303986,-0.054149121046066284,3.3743496885563218e-09,2.218606853787719e-09,0.095731332898139954,-0.020021229982376099,0.079339340329170227,0.00542065454646945,0.10715176910161972,-0.01588679663836956,0.083870969712734222,5.5957039002407782e-10,-0.055898342281579971,-0.078422613441944122,-2.1306661892595002e-06,-9.2571861287638058e-10,-1.8623216152191162,0.18429166078567505,-0.49481284618377686,4.2303441305513445e-10,2.2511074948550203e-10,7.194817897016037e-08,5.6911009238547194e-09,2.6584780599137048e-08,-0.77237462997436523,0.12406577169895172,-0.32416582107543945,-3.5099703143970373e-09,-1.080575295908659e-09,1.7815446895497189e-09,-1.8513180017471313,0.22946847975254059,-0.57038116455078125,1.6139954650551402e-10,-8.5886082967778776e-11,-2.7450255402072798e-08,-2.1713151276969711e-09,1.0142842121751983e-08,-0.76964414119720459,0.12361522018909454,-0.32273799180984497,1.3391524555927958e-09,4.1226991265297386e-10,-6.7970951089790788e-10]}
resting_integrated_body=completed simulated_s=0.064000003039836884 wall_s=4.6950771250000001 real_time_factor=0.013631299622120027 physiology_body_clock=matched root_assistance=false presentation_qualification=pending
