rigid_source_rest_frames=passed source_body_count=103 maximum_COM_position_residual_m=6.26739049493e-08 maximum_orientation_unit_witness_residual_m=1.05692510994e-07 allowed_rest_reconstruction_residual_m=1e-06 rigid_sha256=2c78cb4150b97cea6e8169dad9e8f5dd59af667b247e07b56e48e857435560e4 boundary=consumed_reference_frame_join_not_source_authentication_or_loaded_motion
resting_mass_calibration source_composite_kg=97.1319506911 declared_reference_kg=72 executed_kg=71.9999993989 uniform_mass_inertia_scale=0.741259694099 measured_person=false additional_organ_or_blood_mass_kg=0
bone_orientation_semantics=unit_normalized_once_at_load bone_count=185 maximum_raw_norm_error=5.96046447754e-08 norm_admission_tolerance=0.00200000009499 bone_sha256=7d94e2f28ac6cea30c6c11a79919077acc40281636eb20b11b50b50aebd3ec49
tendon_bone_geometry=checked_bodyparts_subset bodyparts_envelope_count=160 fixed_sibling_envelope_count=0 external_surface_unverified_count=0 maximum_node_residual_m=2.77883934062e-07 allowed_point_residual_m=1e-06 tendon_sha256=52819336540a36621b60bd03b5084bd1d300ed2971673cfd0ccdb7eecfcb52b5 bone_sha256=7d94e2f28ac6cea30c6c11a79919077acc40281636eb20b11b50b50aebd3ec49 rigid_sha256=2c78cb4150b97cea6e8169dad9e8f5dd59af667b247e07b56e48e857435560e4 boundary=consumed_rest_surface_binding_not_loaded_or_clinical_qualification
tendon_payload=NHTENDON2 tendon_endpoints=832 tendon_point_bindings=672 tendon_triangle_bindings=0 tendon_envelope_bindings=160 tendon_migrated_envelope_bindings=0 tendon_max_reference_path_delta_m=0 tendon_max_architecture_scale_change=0 tendon_muscle_payload_sha256=e5bb8a8168706bb3b23cf42b1d849659569ba2e6027bcc85729c3110fdbb8c4b tendon_geometry_identity_verified=true tendon_bone_payload_sha256=7d94e2f28ac6cea30c6c11a79919077acc40281636eb20b11b50b50aebd3ec49
joint_equality_payload=NHEQ1 joint_equalities=51
pose_joint_ranges=passed enabled_range_count=118 failed_range_count=0 rigid_sha256=2c78cb4150b97cea6e8169dad9e8f5dd59af667b247e07b56e48e857435560e4 equality_sha256=0e3c593792a8c4ccd619f1999f6685b68e6ff0fd5ae5f6f0bca66b594a0e9b88 bone_sha256=7d94e2f28ac6cea30c6c11a79919077acc40281636eb20b11b50b50aebd3ec49 boundary=consumed_enabled_native_limits_after_NHEQ_projection_not_disabled_source_limits_or_loaded_motion
pose_q_override_count=0 root_pose_override=1 pose_q_equality_maximum_correction=0.0105060003698
runtime=Numi Matter runtime initialized with eligible dense45 vascular solve device=Apple M4 Pro world_fingerprint=6434571789366693551 timestep_s=0.00200000009499
resting_body_source_fingerprint=15618613889322551822 coupled_program_fingerprint=7898352751349675782
resting_passive_viscera=shared_torso_pelvis_field source_surfaces=80 caudal_m=-0.397011578083 cranial_m=-0.259147137403 upper_body=20 lower_body=128 independent_forces=false independent_mass=false organ_physiology=false
resting_lung_motion=basal_superior_sweep_v1 blend_start_m=-0.052405 blend_span_m=0.06 effective_area_m2=0.0193540051613
resting_initial_anatomical_registration={"body_poses":[{"body_index":20,"position_m":[-0.025000007823109627,-0.44271242618560791,0.096546053886413574],"quaternion_xyzw":[0.0061705871485173702,-0.70707988739013672,-0.0061705652624368668,0.70707988739013672]},{"body_index":128,"position_m":[-0.025055751204490662,-0.83042281866073608,0.11920696496963501],"quaternion_xyzw":[0.0058914260007441044,-0.70680069923400879,-0.005886733066290617,0.7073637843132019]}],"coordinate_source":"source pack transformed by native initialBodies before physical stepping","surfaces":[{"role":"upper_visceral_anchor","semantic":51010,"source_body_index":20,"stable_id":2,"torso_local_max_m":[0.1489698737859726,-0.06762242317199707,0.029034055769443512],"torso_local_min_m":[0.035220548510551453,-0.18552298843860626,-0.10646510124206543]},{"role":"upper_visceral_anchor","semantic":51010,"source_body_index":20,"stable_id":3,"torso_local_max_m":[0.10061360895633698,-0.14701209962368011,0.048131499439477921],"torso_local_min_m":[0.049258694052696228,-0.22131331264972687,-0.073365472257137299]},{"role":"upper_visceral_anchor","semantic":51010,"source_body_index":20,"stable_id":4,"torso_local_max_m":[0.065826825797557831,-0.15392428636550903,0.088104061782360077],"torso_local_min_m":[0.018313027918338776,-0.25914710760116577,0.030521268025040627]},{"role":"upper_visceral_anchor","semantic":51010,"source_body_index":20,"stable_id":5,"torso_local_max_m":[0.054068014025688171,-0.1345781683921814,-0.033227771520614624],"torso_local_min_m":[0.013165432959794998,-0.24133054912090302,-0.091208852827548981]},{"role":"upper_visceral_anchor","semantic":51010,"source_body_index":20,"stable_id":13,"torso_local_max_m":[0.095457650721073151,-0.10293921083211899,-0.056195467710494995],"torso_local_min_m":[-0.00033182650804519653,-0.17370373010635376,-0.11487260460853577]},{"role":"upper_visceral_anchor","semantic":51010,"source_body_index":20,"stable_id":14,"torso_local_max_m":[0.094544753432273865,-0.055873673409223557,0.033946555107831955],"torso_local_min_m":[0.058444060385227203,-0.13125307857990265,-0.011481210589408875]},{"role":"upper_visceral_anchor","semantic":51010,"source_body_index":20,"stable_id":15,"torso_local_max_m":[0.15468204021453857,-0.051299087703227997,-0.0026821792125701904],"torso_local_min_m":[0.045374639332294464,-0.10517608374357224,-0.095222979784011841]},{"role":"upper_visceral_anchor","semantic":51010,"source_body_index":20,"stable_id":16,"torso_local_max_m":[0.15707412362098694,-0.071360647678375244,0.0014663934707641602],"torso_local_min_m":[0.07356831431388855,-0.138477623462677,-0.074144557118415833]},{"role":"upper_visceral_anchor","semantic":51010,"source_body_index":20,"stable_id":17,"torso_local_max_m":[0.15518583357334137,-0.04497130960226059,0.046523258090019226],"torso_local_min_m":[0.074793577194213867,-0.16443367302417755,-0.011679999530315399]},{"role":"upper_visceral_anchor","semantic":51010,"source_body_index":20,"stable_id":18,"torso_local_max_m":[0.15332278609275818,-0.10873293876647949,0.10524313896894455],"torso_local_min_m":[0.06183064728975296,-0.17893320322036743,0.026367701590061188]},{"role":"upper_visceral_anchor","semantic":51010,"source_body_index":20,"stable_id":19,"torso_local_max_m":[0.11932293325662613,-0.11438564956188202,0.11530916392803192],"torso_local_min_m":[-0.0020214840769767761,-0.19753372669219971,0.021444413810968399]},{"role":"upper_visceral_anchor","semantic":51010,"source_body_index":20,"stable_id":20,"torso_local_max_m":[0.11958994716405869,-0.11408335715532303,0.11550363898277283],"torso_local_min_m":[-0.0022704675793647766,-0.19755388796329498,0.021117139607667923]},{"role":"upper_visceral_anchor","semantic":51010,"source_body_index":20,"stable_id":21,"torso_local_max_m":[0.10608795285224915,-0.049535799771547318,0.11580190062522888],"torso_local_min_m":[-0.0032210424542427063,-0.13487040996551514,0.020207773894071579]},{"role":"upper_visceral_anchor","semantic":51010,"source_body_index":20,"stable_id":22,"torso_local_max_m":[0.15336306393146515,-0.041172627359628677,0.11002320796251297],"torso_local_min_m":[0.02455456554889679,-0.11670317500829697,0.017514020204544067]},{"role":"upper_visceral_anchor","semantic":51010,"source_body_index":20,"stable_id":461,"torso_local_max_m":[0.13303953409194946,-0.13353027403354645,0.063625447452068329],"torso_local_min_m":[0.084262087941169739,-0.17424784600734711,0.026906765997409821]},{"role":"pelvic_anchor","semantic":51010,"source_body_index":20,"stable_id":462,"torso_local_max_m":[0.08233652263879776,-0.39701157808303833,0.034268602728843689],"torso_local_min_m":[0.010075983591377735,-0.43757495284080505,-0.033010013401508331]},{"role":"pelvic_anchor","semantic":51010,"source_body_index":20,"stable_id":463,"torso_local_max_m":[0.050315443426370621,-0.4348473846912384,0.01782398484647274],"torso_local_min_m":[0.018116317689418793,-0.4553583562374115,-0.016720972955226898]}],"torso_body_index":20}
resting_support_geometry=full_registered_skin vertices=54949 regions=32 full_binding_count=86 region_sizes=[6907,1222,2796,2044,1525,1394,710,777,1891,1262,810,832,890,483,1328,1266,835,700,870,3097,4320,2043,1882,579,1199,1219,962,632,868,3302,4308,1996] force_owner=ex2026-10-05 23:35:45.213 numi-human-native[41859:16105033] +[NSXPCSharedListener endpointForReply:withListenerName:replyErrorCode:]: an error occurred while attempting to obtain endpoint for listener 'ClientCallsAuxiliary': Connection interrupted
2026-10-05 23:35:45.284 numi-human-native[41859:16105033] Human native framebuffer output: recording; window drawable unavailable
isting_metal_stand partition=source_rest_voronoi
compiled_support_geometry=admissible compiled_support_min_gap_m=-1.38777878078e-17 compiled_support_gap_tolerance_m=1e-06 compiled_support_activation_distance_m=0.002 compiled_support_separated_witnesses=31 compiled_support_max_separated_force_n=0 compiled_support_rejected_pose_candidates=0
human_stand_solver_path=split_candidate
resting_integrated_rejection=pass rejected_after_accepted_predecessor=true body_q_v_root_myo_unchanged=true circulation_and_clock_unchanged=true respiration_brain_history_unchanged=true retry_matches_uninterrupted_replay=true same_command_buffer_reject=pass accepted_prefix=2 rejected_step=2 inert_suffix=1
resting_native_profile step=32 command_ms=525.635084 gpu_ms=525.018125772 host_copy_ms=0.010916 full_state_readback=0
resting_native_profile step=64 command_ms=532.649875 gpu_ms=532.043958083 host_copy_ms=0.015542 full_state_readback=0
resting_native_profile step=96 command_ms=554.504042 gpu_ms=553.890042007 host_copy_ms=0.014333 full_state_readback=0
resting_native_profile step=128 command_ms=556.655916 gpu_ms=556.427500211 host_copy_ms=0.014709 full_state_readback=0
resting_native_profile step=160 command_ms=555.431084 gpu_ms=554.86850068 host_copy_ms=0.014291 full_state_readback=0
resting_native_profile step=192 command_ms=555.029209 gpu_ms=554.473166354 host_copy_ms=0.016291 full_state_readback=0
resting_native_profile step=224 command_ms=559.1635 gpu_ms=558.560874313 host_copy_ms=0.01175 full_state_readback=0
resting_native_profile step=256 command_ms=558.437458 gpu_ms=557.883542031 host_copy_ms=0.01375 full_state_readback=0
resting_native_profile step=288 command_ms=552.2165 gpu_ms=551.594249904 host_copy_ms=0.014 full_state_readback=0
resting_native_profile step=320 command_ms=549.809042 gpu_ms=549.180916511 host_copy_ms=0.014208 full_state_readback=0
resting_native_profile step=352 command_ms=544.983416 gpu_ms=544.400291517 host_copy_ms=0.0115 full_state_readback=0
resting_native_profile step=384 command_ms=536.877083 gpu_ms=536.206167191 host_copy_ms=0.017417 full_state_readback=0
resting_native_profile step=416 command_ms=543.807375 gpu_ms=543.451500125 host_copy_ms=0.014875 full_state_readback=0
resting_native_profile step=448 command_ms=540.790375 gpu_ms=540.144458413 host_copy_ms=0.017708 full_state_readback=0
resting_native_profile step=480 command_ms=541.015708 gpu_ms=540.441500023 host_copy_ms=0.014792 full_state_readback=0
resting_native_profile step=512 command_ms=540.938916 gpu_ms=540.31695798 host_copy_ms=0.012584 full_state_readback=0
resting_native_profile step=544 command_ms=538.259042 gpu_ms=537.670874968 host_copy_ms=0.016708 full_state_readback=0
resting_native_profile step=576 command_ms=541.288709 gpu_ms=540.700208396 host_copy_ms=0.0155 full_state_readback=0
resting_native_profile step=608 command_ms=538.797959 gpu_ms=538.215374574 host_copy_ms=0.016416 full_state_readback=0
resting_native_profile step=640 command_ms=542.010916 gpu_ms=541.408750229 host_copy_ms=0.012125 full_state_readback=0
accepted_geometry_export=/Users/n/numi-human-resting-evidence-20261005/release-default-regression-026/accepted-geometry/step-639.mrvpack receipt=/Users/n/numi-human-resting-evidence-20261005/release-default-regression-026/accepted-geometry/step-639.receipt.json accepted_root=0x81e443fe5c068f6d pack_sha256=1135c1b73140c33360d408c36357960a647f361bbb7f3017f8b880756fe43e09 receipt_sha256=8cba9176e6b967f3e3866bcf2d973dfe08fd8bc84b65123d312ba9349ffd9336
resting_native_profile step=672 command_ms=540.867167 gpu_ms=540.232500061 host_copy_ms=0.0155 full_state_readback=0
resting_native_profile step=704 command_ms=545.587666 gpu_ms=544.996166602 host_copy_ms=3.556834 full_state_readback=0
resting_native_profile step=736 command_ms=549.327417 gpu_ms=548.749875277 host_copy_ms=0.015083 full_state_readback=0
resting_native_profile step=768 command_ms=549.839834 gpu_ms=549.235875718 host_copy_ms=0.014916 full_state_readback=0
resting_native_profile step=800 command_ms=548.568166 gpu_ms=548.027874902 host_copy_ms=0.014417 full_state_readback=0
resting_native_profile step=832 command_ms=548.940708 gpu_ms=548.239083961 host_copy_ms=0.014333 full_state_readback=0
resting_native_profile step=864 command_ms=541.185333 gpu_ms=540.492665954 host_copy_ms=0.017792 full_state_readback=0
resting_native_profile step=896 command_ms=553.419541 gpu_ms=552.852166817 host_copy_ms=0.012125 full_state_readback=0
resting_native_profile step=928 command_ms=557.592125 gpu_ms=557.023374364 host_copy_ms=0.0145 full_state_readback=0
resting_native_profile step=960 command_ms=557.452083 gpu_ms=557.133416645 host_copy_ms=0.014125 full_state_readback=0
resting_native_profile step=992 command_ms=557.158958 gpu_ms=556.516583078 host_copy_ms=0.01475 full_state_readback=0
resting_native_profile step=1024 command_ms=556.372417 gpu_ms=556.178625673 host_copy_ms=0.014208 full_state_readback=0
resting_native_profile step=1056 command_ms=554.579875 gpu_ms=553.951125592 host_copy_ms=0.011125 full_state_readback=0
resting_native_profile step=1088 command_ms=553.628875 gpu_ms=553.071875125 host_copy_ms=0.014917 full_state_readback=0
resting_native_profile step=1120 command_ms=553.872834 gpu_ms=553.311749361 host_copy_ms=0.014541 full_state_readback=0
resting_native_profile step=1152 command_ms=544.302958 gpu_ms=543.623332866 host_copy_ms=0.019125 full_state_readback=0
resting_native_profile step=1184 command_ms=549.101209 gpu_ms=548.505040817 host_copy_ms=0.016166 full_state_readback=0
resting_native_profile step=1216 command_ms=551.136333 gpu_ms=550.576667301 host_copy_ms=0.012542 full_state_readback=0
resting_native_profile step=1248 command_ms=543.842708 gpu_ms=543.199750595 host_copy_ms=3.208417 full_state_readback=0
resting_native_profile step=1280 command_ms=550.580458 gpu_ms=549.984792247 host_copy_ms=0.015083 full_state_readback=0
resting_native_profile step=1312 command_ms=550.889333 gpu_ms=550.242667086 host_copy_ms=0.013875 full_state_readback=0
resting_native_profile step=1344 command_ms=550.05025 gpu_ms=549.459249713 host_copy_ms=0.015541 full_state_readback=0
resting_native_profile step=1376 command_ms=549.879292 gpu_ms=549.29149989 host_copy_ms=0.011916 full_state_readback=0
resting_native_profile step=1408 command_ms=550.612958 gpu_ms=550.045874901 host_copy_ms=0.013917 full_state_readback=0
resting_native_profile step=1440 command_ms=549.388125 gpu_ms=549.19049982 host_copy_ms=0.013583 full_state_readback=0
resting_native_profile step=1472 command_ms=550.311167 gpu_ms=549.759999849 host_copy_ms=0.011458 full_state_readback=0
resting_native_profile step=1504 command_ms=550.613042 gpu_ms=550.052249804 host_copy_ms=0.013416 full_state_readback=0
resting_native_profile step=1536 command_ms=550.188 gpu_ms=549.614749849 host_copy_ms=0.011459 full_state_readback=0
resting_native_profile step=1568 command_ms=550.423334 gpu_ms=549.847625196 host_copy_ms=0.013291 full_state_readback=0
resting_native_profile step=1600 command_ms=550.57775 gpu_ms=549.966124818 host_copy_ms=0.010959 full_state_readback=0
resting_native_profile step=1632 command_ms=550.527541 gpu_ms=549.91674982 host_copy_ms=0.013459 full_state_readback=0
resting_native_profile step=1664 command_ms=544.539416 gpu_ms=543.933374807 host_copy_ms=0.018167 full_state_readback=0
resting_native_profile step=1696 command_ms=550.987625 gpu_ms=550.358750857 host_copy_ms=0.015417 full_state_readback=0
resting_native_profile step=1728 command_ms=550.097166 gpu_ms=549.520417117 host_copy_ms=0.016292 full_state_readback=0
resting_native_profile step=1760 command_ms=550.130042 gpu_ms=549.54737518 host_copy_ms=0.014291 full_state_readback=0
resting_native_profile step=1792 command_ms=549.736584 gpu_ms=549.5051248 host_copy_ms=0.021208 full_state_readback=0
resting_native_profile step=1824 command_ms=549.783583 gpu_ms=549.583624117 host_copy_ms=0.014167 full_state_readback=0
resting_native_profile step=1856 command_ms=549.839 gpu_ms=549.303375185 host_copy_ms=0.012 full_state_readback=0
resting_native_profile step=1888 command_ms=541.528625 gpu_ms=540.871124715 host_copy_ms=0.020292 full_state_readback=0
resting_native_profile step=1920 command_ms=550.112542 gpu_ms=549.521208741 host_copy_ms=0.015375 full_state_readback=0
resting_native_profile step=1952 command_ms=542.427209 gpu_ms=541.813874617 host_copy_ms=0.016791 full_state_readback=0
resting_native_profile step=1984 command_ms=550.433084 gpu_ms=549.804124981 host_copy_ms=0.015458 full_state_readback=0
resting_native_profile step=2016 command_ms=549.976709 gpu_ms=549.413000233 host_copy_ms=0.011833 full_state_readback=0
resting_native_profile step=2048 command_ms=550.380583 gpu_ms=549.78258349 host_copy_ms=0.011459 full_state_readback=0
resting_native_profile step=2080 command_ms=549.573583 gpu_ms=549.295250326 host_copy_ms=0.018542 full_state_readback=0
resting_native_profile step=2112 command_ms=541.79375 gpu_ms=541.58504121 host_copy_ms=0.018 full_state_readback=0
resting_native_profile step=2144 command_ms=550.014459 gpu_ms=549.371249974 host_copy_ms=0.015125 full_state_readback=0
resting_native_profile step=2176 command_ms=550.731417 gpu_ms=550.17154105 host_copy_ms=0.012542 full_state_readback=0
resting_native_profile step=2208 command_ms=550.845083 gpu_ms=550.209124573 host_copy_ms=0.014042 full_state_readback=0
resting_native_profile step=2240 command_ms=550.711625 gpu_ms=550.157750025 host_copy_ms=0.014584 full_state_readback=0
resting_native_profile step=2272 command_ms=550.597333 gpu_ms=550.044208765 host_copy_ms=0.014917 full_state_readback=0
resting_native_profile step=2304 command_ms=550.438167 gpu_ms=549.864375032 host_copy_ms=0.014708 full_state_readback=0
resting_native_profile step=2336 command_ms=550.48875 gpu_ms=549.885749817 host_copy_ms=0.016875 full_state_readback=0
resting_native_profile step=2368 command_ms=550.901042 gpu_ms=550.266458653 host_copy_ms=0.013833 full_state_readback=0
resting_native_profile step=2400 command_ms=550.402959 gpu_ms=549.856624566 host_copy_ms=0.013541 full_state_readback=0
resting_native_profile step=2432 command_ms=550.986625 gpu_ms=550.411375239 host_copy_ms=0.010875 full_state_readback=0
resting_native_profile step=2464 command_ms=550.135125 gpu_ms=549.944458529 host_copy_ms=0.014291 full_state_readback=0
resting_native_profile step=2496 command_ms=550.268625 gpu_ms=549.669583328 host_copy_ms=0.011167 full_state_readback=0
resting_native_profile step=2528 command_ms=541.627625 gpu_ms=541.03425052 host_copy_ms=0.017334 full_state_readback=0
resting_native_profile step=2560 command_ms=550.220166 gpu_ms=549.620708451 host_copy_ms=0.015042 full_state_readback=0
resting_native_profile step=2592 command_ms=551.143125 gpu_ms=550.548875704 host_copy_ms=0.014917 full_state_readback=0
resting_native_profile step=2624 command_ms=550.660333 gpu_ms=550.094874576 host_copy_ms=0.014 full_state_readback=0
resting_native_profile step=2656 command_ms=550.644959 gpu_ms=550.030791201 host_copy_ms=0.011458 full_state_readback=0
resting_native_profile step=2688 command_ms=548.676666 gpu_ms=548.060875386 host_copy_ms=0.015417 full_state_readback=0
resting_native_profile step=2720 command_ms=546.30575 gpu_ms=545.74870877 host_copy_ms=0.013792 full_state_readback=0
resting_native_profile step=2752 command_ms=546.26425 gpu_ms=545.650833286 host_copy_ms=0.010917 full_state_readback=0
resting_native_profile step=2784 command_ms=546.128792 gpu_ms=545.476041734 host_copy_ms=0.013458 full_state_readback=0
accepted_geometry_export=/Users/n/numi-human-resting-evidence-20261005/release-default-regression-026/accepted-geometry/step-2783.mrvpack receipt=/Users/n/numi-human-resting-evidence-20261005/release-default-regression-026/accepted-geometry/step-2783.receipt.json accepted_root=0x9088d2742c57df4d pack_sha256=67f83fffcf019aa3bad3a7b9f3ecfe7d662d63285c06b1259dae1aaf9e5a2539 receipt_sha256=ba10189883cdc435f86f3e03eb8816d8e9292cb4629dacc0d87968b76d8ba186
resting_native_profile step=2816 command_ms=555.796292 gpu_ms=555.348750204 host_copy_ms=0.015167 full_state_readback=0
resting_native_profile step=2848 command_ms=545.625042 gpu_ms=544.99075003 host_copy_ms=0.020375 full_state_readback=0
resting_native_profile step=2880 command_ms=545.97625 gpu_ms=545.385332778 host_copy_ms=0.011917 full_state_readback=0
resting_native_profile step=2912 command_ms=541.1365 gpu_ms=540.563290939 host_copy_ms=0.016292 full_state_readback=0
resting_native_profile step=2944 command_ms=545.833042 gpu_ms=545.216999948 host_copy_ms=0.015666 full_state_readback=0
resting_native_profile step=2976 command_ms=544.501584 gpu_ms=543.90862491 host_copy_ms=0.015166 full_state_readback=0
resting_native_profile step=3000 command_ms=409.049958 gpu_ms=408.81279204 host_copy_ms=0.110917 full_state_readback=1
accepted_geometry_export=/Users/n/numi-human-resting-evidence-20261005/release-default-regression-026/accepted-geometry/step-2999.mrvpack receipt=/Users/n/numi-human-resting-evidence-20261005/release-default-regression-026/accepted-geometry/step-2999.receipt.json accepted_root=0x167e69e8d77ead05 pack_sha256=4f57140caec64e73fec1709f3105d7cf0490c3e112dd498911bf3da64420c42a receipt_sha256=44f8d097b2582cdfe3c93f8f745068eb5f8368ee5834afa047a9d9d07a09d53f
stand_terminal_state={"schema":"numi.human.legacy-stand-terminal.v1","step_count":3000,"timestep_seconds":0.002,"root_assistance":false,"initial_q":[-0.05000000074505806,0.20000000298023224,0.10715460777282715,-0.70090925693511963,0,0,0.71325045824050903,0,0,0,0,0,0,0,0,0,0,0,0,0,0,0,0,0,0,0,0,0,0,0,0,0,0,0,0,0,0,0,0,0,0,0,0,0,0,0,0,0,0,0,0,0,0,0,0,0,0,0,0,0,0,0,0,0,0,0,0,0,0,0,0,0,0,0,0,0,0,0,0,0,0,0,0,0,0,0,0,0,0,0,0,0,0,0,0,0,0,0,0,0,0,0,0,0,7.6925396608196195e-11,9.537330214470785e-08,0,-1.4732499664660281e-08,1.0893900004305124e-08,0,0,0,0,0,0.010506000369787216,0,0,0,-7.6925396608196195e-11,9.537330214470785e-08,0,-1.4732499664660281e-08,-1.0893900004305124e-08,0,0,0,0,0,0.010506000369787216],"initial_v":[0,0,0,0,0,0,0,0,0,0,0,0,0,0,0,0,0,0,0,0,0,0,0,0,0,0,0,0,0,0,0,0,0,0,0,0,0,0,0,0,0,0,0,0,0,0,0,0,0,0,0,0,0,0,0,0,0,0,0,0,0,0,0,0,0,0,0,0,0,0,0,0,0,0,0,0,0,0,0,0,0,0,0,0,0,0,0,0,0,0,0,0,0,0,0,0,0,0,0,0,0,0,0,0,0,0,0,0,0,0,0,0,0,0,0,0,0,0,0,0,0,0,0,0,0,0,0,0],"q":[-0.053747322410345078,0.20134983956813812,0.099320836365222931,-0.69874167442321777,-0.0011568560730665922,-0.0034009609371423721,0.71536505222320557,-0.011723420582711697,-0.01822567917406559,0.026588493958115578,0,0,-0.007536986842751503,-0.0021688328124582767,-0.0033006705343723297,0.0010045133531093597,-0.0023915776982903481,-0.0044707590714097023,0.0010045133531093597,-0.0027081102598458529,-0.0045582419261336327,0.00082716805627569556,-0.0029894721228629351,-0.0034264274872839451,0.00076814158819615841,3.9370647186842689e-07,-1.6675583935921168e-07,1.6675583935921168e-07,-3.9370647186842689e-07,7.9717423773217888e-08,-6.4424693846376613e-07,-2.8958575626347738e-07,2.8958575626347738e-07,6.4424693846376613e-07,-7.9717423773217888e-08,0.00064244272653013468,-1.6268862736978917e-06,-0.00064244272653013468,-0.18132947385311127,9.5248902098887811e-09,-0.014517470262944698,-0.17453370988368988,-0.12514086067676544,-0.55148613452911377,-0.063906461000442505,-0.085728868842124939,-0.057796943932771683,1.6188074880574277e-08,-0.090470731258392334,4.3301344732071811e-09,-4.7585840823316516e-10,1.2650890113263813e-08,-0.087208285927772522,3.6917635615196787e-09,3.2329777743811405e-10,0.01961001381278038,-0.068935245275497437,1.8937367229909796e-09,-1.1895645357640205e-08,9.5446308634450361e-09,-0.076807528734207153,1.7962562548490268e-09,-2.2598183591071574e-07,2.8415081487764837e-07,-1.2035313545766257e-07,1.2035313545766257e-07,-2.8415081487764837e-07,5.753466680857855e-08,-4.6497405037371209e-07,-2.0900348829400173e-07,2.0900348829400173e-07,4.6497405037371209e-07,-5.753466680857855e-08,-0.00073811272159218788,-1.1741768730644253e-06,0.00073811272159218788,-0.4493165910243988,-1.1512925084389281e-06,-0.34183737635612488,-0.17453299462795258,-0.59830302000045776,-0.77999991178512573,-0.5,-0.034953739494085312,-0.14626225829124451,0.67833602428436279,0.16138526797294617,7.9685534615236975e-08,-1.6916155800572596e-06,-1.3402011518337531e-06,-0.055687699466943741,-1.0556955203355756e-06,-3.7507064121200528e-07,0.061434220522642136,-0.075850456953048706,-5.7833211997149192e-08,-2.5432109396206215e-07,-1.7135795360445627e-06,-0.10027874261140823,-5.5102157148212427e-07,-1.5666381614209968e-06,-0.031103232875466347,-0.089684277772903442,-0.69813179969787598,1.4688127103479331e-10,9.5410527478634322e-08,1.1897843599228963e-08,-1.379138048207551e-08,1.5290140709112165e-08,-0.04835805669426918,-0.2574048638343811,0.52359902858734131,-5.804327019021116e-10,-1.7869133950298988e-10,0.010506000369787216,-0.034093998372554779,-0.088899210095405579,-0.69813179969787598,3.1768334490811512e-11,9.5315463966016978e-08,-1.848624009426203e-08,-1.6194761087717779e-08,-4.0632528452988481e-09,-0.039432350546121597,-0.22150629758834839,0.52359902858734131,9.0184565371131953e-10,2.7764113230688281e-10,0.010506000369787216],"v":[-3.1375824619317427e-05,5.7852284953696653e-06,-0.00027482779114507139,-0.00027896417304873466,0.00014577868569176644,6.6163884184788913e-05,-0.00012283406977076083,0.00012078309373464435,-0.0010317264823243022,0,0,-7.8970020695123821e-05,-2.272430356242694e-05,2.1873818695894442e-05,-3.8978629163466394e-05,-2.5058150640688837e-05,2.9628092306666076e-05,-3.8978629163466394e-05,-2.8374670364428312e-05,3.0207849704311229e-05,-3.2097010262077674e-05,-3.1322688300861046e-05,2.270722143293824e-05,-2.980657882289961e-05,1.0131349199582473e-06,-4.2911705122605781e-07,4.2911705122605781e-07,-1.0131349199582473e-06,2.0513887477591197e-07,-1.6578570694036898e-06,-7.4519840609355015e-07,7.4519840609355015e-07,1.6578570694036898e-06,-2.0513887477591197e-07,0.00016628982848487794,-4.1865077946567908e-06,-0.00016628982848487794,-0.0024991373065859079,-3.5166766565453145e-07,-0.010403981432318687,-3.8577250052185263e-06,-0.02794257365167141,-0.10499521344900131,0.0047320006415247917,-0.014108146540820599,-0.0045277741737663746,1.3855597558176669e-07,-0.0058351373299956322,4.0415201851828897e-08,-1.7630195081608235e-09,1.8363643050633982e-07,-0.0080195106565952301,5.0799421558167523e-08,1.372154212475607e-08,0.0074296304956078529,-0.0052083609625697136,4.2399129540626745e-08,-2.393760745178497e-08,2.6726385726760782e-07,-0.010872190818190575,8.0248717893027788e-08,-1.167708560956271e-07,5.4340493989002425e-06,-2.3016118575469591e-06,2.3016118575469591e-06,-5.4340493989002425e-06,1.1002827022821293e-06,-8.8920805865200236e-06,-3.9969454519450665e-06,3.9969454519450665e-06,8.8920805865200236e-06,-1.1002827022821293e-06,-0.00012795078509952873,-2.2454749341704883e-05,0.00012795078509952873,0.00071184872649610043,-2.3752863853587769e-05,0.0067281369119882584,2.0855554794252384e-06,-0.093102701008319855,1.4292000969362562e-06,1.6051078546297504e-06,-0.01552005298435688,-0.011245517991483212,0.21088744699954987,-0.0061429841443896294,-2.9090072075632634e-06,-1.0582085678834119e-06,-1.8091295714839362e-05,0.025252899155020714,-7.852550879761111e-06,-6.1421133068506606e-07,-0.00027456218958832324,0.0028732381761074066,-4.5974484237376601e-06,-6.1588991684402572e-07,-2.7536889319890179e-05,-0.009220559149980545,-1.0287982149748132e-05,-4.551336871827516e-07,-0.0003664570685941726,-0.00049095280701294541,-8.2360511441947892e-06,5.6634483769357757e-09,3.0137101703076041e-09,9.63219008554006e-07,7.6190623587990558e-08,3.5590846891864203e-07,-0.00038231661892496049,-0.00110274413600564,-1.8031883541880234e-08,-4.6990351165732136e-08,-1.4466395192869186e-08,2.3850716956985707e-08,-0.00028903083875775337,0.00012696815247181803,-1.5466306649614125e-05,-1.7335299862253351e-09,9.2246921212790767e-10,2.9483257435458654e-07,2.3321256037434068e-08,-1.0894034119246498e-07,-0.00039962166920304298,-0.0010457703610882163,-4.9908205346227419e-10,-1.4383318536204115e-08,-4.4280312749833683e-09,7.300510862506826e-09]}
resting_integrated_body=completed simulated_s=6.0000002849847078 wall_s=62.383916999999997 real_time_factor=0.09617863984053307 physiology_body_clock=matched root_assistance=false presentation_qualification=pending
