rigid_source_rest_frames=passed source_body_count=103 maximum_COM_position_residual_m=6.26739049493e-08 maximum_orientation_unit_witness_residual_m=1.05692510994e-07 allowed_rest_reconstruction_residual_m=1e-06 rigid_sha256=2c78cb4150b97cea6e8169dad9e8f5dd59af667b247e07b56e48e857435560e4 boundary=consumed_reference_frame_join_not_source_authentication_or_loaded_motion
resting_mass_calibration source_composite_kg=97.1319506911 declared_reference_kg=72 executed_kg=71.9999993989 uniform_mass_inertia_scale=0.741259694099 measured_person=false additional_organ_or_blood_mass_kg=0
bone_orientation_semantics=unit_normalized_once_at_load bone_count=185 maximum_raw_norm_error=5.96046447754e-08 norm_admission_tolerance=0.00200000009499 bone_sha256=7d94e2f28ac6cea30c6c11a79919077acc40281636eb20b11b50b50aebd3ec49
tendon_bone_geometry=checked_bodyparts_subset bodyparts_envelope_count=160 fixed_sibling_envelope_count=0 external_surface_unverified_count=0 maximum_node_residual_m=2.77883934062e-07 allowed_point_residual_m=1e-06 tendon_sha256=52819336540a36621b60bd03b5084bd1d300ed2971673cfd0ccdb7eecfcb52b5 bone_sha256=7d94e2f28ac6cea30c6c11a79919077acc40281636eb20b11b50b50aebd3ec49 rigid_sha256=2c78cb4150b97cea6e8169dad9e8f5dd59af667b247e07b56e48e857435560e4 boundary=consumed_rest_surface_binding_not_loaded_or_clinical_qualification
tendon_payload=NHTENDON2 tendon_endpoints=832 tendon_point_bindings=672 tendon_triangle_bindings=0 tendon_envelope_bindings=160 tendon_migrated_envelope_bindings=0 tendon_max_reference_path_delta_m=0 tendon_max_architecture_scale_change=0 tendon_muscle_payload_sha256=e5bb8a8168706bb3b23cf42b1d849659569ba2e6027bcc85729c3110fdbb8c4b tendon_geometry_identity_verified=true tendon_bone_payload_sha256=7d94e2f28ac6cea30c6c11a79919077acc40281636eb20b11b50b50aebd3ec49
joint_equality_payload=NHEQ1 joint_equalities=51
pose_joint_ranges=passed enabled_range_count=118 failed_range_count=0 rigid_sha256=2c78cb4150b97cea6e8169dad9e8f5dd59af667b247e07b56e48e857435560e4 equality_sha256=0e3c593792a8c4ccd619f1999f6685b68e6ff0fd5ae5f6f0bca66b594a0e9b88 bone_sha256=7d94e2f28ac6cea30c6c11a79919077acc40281636eb20b11b50b50aebd3ec49 boundary=consumed_enabled_native_limits_after_NHEQ_projection_not_disabled_source_limits_or_loaded_motion
pose_q_override_count=0 root_pose_override=1 pose_q_equality_maximum_correction=0.0105060003698
resting_hand_model=rigid_reference_digits source_equalities=51 derived_internal_equalities=40 wrist_dofs=free root_constraint_rows=0 hand_function_simulated=0 body_mass_inertia_preserved=1
runtime=Numi Matter runtime initialized with eligible dense45 vascular solve device=Apple M4 Pro world_fingerprint=6434571789366693551 timestep_s=0.00200000009499
resting_body_source_fingerprint=12223232190898157244 coupled_program_fingerprint=17902621467452001833
resting_passive_viscera=shared_torso_pelvis_field source_surfaces=80 caudal_m=-0.397011578083 cranial_m=-0.259147137403 upper_body=20 lower_body=128 independent_forces=false independent_mass=false organ_physiology=false
resting_lung_motion=basal_superior_sweep_v1 blend_start_m=-0.052405 blend_span_m=0.06 effective_area_m2=0.0193540051613
resting_initial_anatomical_registration={"body_poses":[{"body_index":20,"position_m":[-0.025000007823109627,-0.44271242618560791,0.096546053886413574],"quaternion_xyzw":[0.0061705871485173702,-0.70707988739013672,-0.0061705652624368668,0.70707988739013672]},{"body_index":128,"position_m":[-0.025055751204490662,-0.83042281866073608,0.11920696496963501],"quaternion_xyzw":[0.0058914260007441044,-0.70680069923400879,-0.005886733066290617,0.7073637843132019]}],"coordinate_source":"source pack transformed by native initialBodies before physical stepping","surfaces":[{"role":"upper_visceral_anchor","semantic":51010,"source_body_index":20,"stable_id":2,"torso_local_max_m":[0.1489698737859726,-0.06762242317199707,0.029034055769443512],"torso_local_min_m":[0.035220548510551453,-0.18552298843860626,-0.10646510124206543]},{"role":"upper_visceral_anchor","semantic":51010,"source_body_index":20,"stable_id":3,"torso_local_max_m":[0.10061360895633698,-0.14701209962368011,0.048131499439477921],"torso_local_min_m":[0.049258694052696228,-0.22131331264972687,-0.073365472257137299]},{"role":"upper_visceral_anchor","semantic":51010,"source_body_index":20,"stable_id":4,"torso_local_max_m":[0.065826825797557831,-0.15392428636550903,0.088104061782360077],"torso_local_min_m":[0.018313027918338776,-0.25914710760116577,0.030521268025040627]},{"role":"upper_visceral_anchor","semantic":51010,"source_body_index":20,"stable_id":5,"torso_local_max_m":[0.054068014025688171,-0.1345781683921814,-0.033227771520614624],"torso_local_min_m":[0.013165432959794998,-0.24133054912090302,-0.091208852827548981]},{"role":"upper_visceral_anchor","semantic":51010,"source_body_index":20,"stable_id":13,"torso_local_max_m":[0.095457650721073151,-0.10293921083211899,-0.056195467710494995],"torso_local_min_m":[-0.00033182650804519653,-0.17370373010635376,-0.11487260460853577]},{"role":"upper_visceral_anchor","semantic":51010,"source_body_index":20,"stable_id":14,"torso_local_max_m":[0.094544753432273865,-0.055873673409223557,0.033946555107831955],"torso_local_min_m":[0.058444060385227203,-0.13125307857990265,-0.011481210589408875]},{"role":"upper_visceral_anchor","semantic":51010,"source_body_index":20,"stable_id":15,"torso_local_max_m":[0.15468204021453857,-0.051299087703227997,-0.0026821792125701904],"torso_local_min_m":[0.045374639332294464,-0.10517608374357224,-0.095222979784011841]},{"role":"upper_visceral_anchor","semantic":51010,"source_body_index":20,"stable_id":16,"torso_local_max_m":[0.15707412362098694,-0.071360647678375244,0.0014663934707641602],"torso_local_min_m":[0.07356831431388855,-0.138477623462677,-0.074144557118415833]},{"role":"upper_visceral_anchor","semantic":51010,"source_body_index":20,"stable_id":17,"torso_local_max_m":[0.15518583357334137,-0.04497130960226059,0.046523258090019226],"torso_local_min_m":[0.074793577194213867,-0.16443367302417755,-0.011679999530315399]},{"role":"upper_visceral_anchor","semantic":51010,"source_body_index":20,"stable_id":18,"torso_local_max_m":[0.15332278609275818,-0.10873293876647949,0.10524313896894455],"torso_local_min_m":[0.06183064728975296,-0.17893320322036743,0.026367701590061188]},{"role":"upper_visceral_anchor","semantic":51010,"source_body_index":20,"stable_id":19,"torso_local_max_m":[0.11932293325662613,-0.11438564956188202,0.11530916392803192],"torso_local_min_m":[-0.0020214840769767761,-0.19753372669219971,0.021444413810968399]},{"role":"upper_visceral_anchor","semantic":51010,"source_body_index":20,"stable_id":20,"torso_local_max_m":[0.11958994716405869,-0.11408335715532303,0.11550363898277283],"torso_local_min_m":[-0.0022704675793647766,-0.19755388796329498,0.021117139607667923]},{"role":"upper_visceral_anchor","semantic":51010,"source_body_index":20,"stable_id":21,"torso_local_max_m":[0.10608795285224915,-0.049535799771547318,0.11580190062522888],"torso_local_min_m":[-0.0032210424542427063,-0.13487040996551514,0.020207773894071579]},{"role":"upper_visceral_anchor","semantic":51010,"source_body_index":20,"stable_id":22,"torso_local_max_m":[0.15336306393146515,-0.041172627359628677,0.11002320796251297],"torso_local_min_m":[0.02455456554889679,-0.11670317500829697,0.017514020204544067]},{"role":"upper_visceral_anchor","semantic":51010,"source_body_index":20,"stable_id":461,"torso_local_max_m":[0.13303953409194946,-0.13353027403354645,0.063625447452068329],"torso_local_min_m":[0.084262087941169739,-0.17424784600734711,0.026906765997409821]},{"role":"pelvic_anchor","semantic":51010,"source_body_index":20,"stable_id":462,"torso_local_max_m":[0.08233652263879776,-0.39701157808303833,0.034268602728843689],"torso_local_min_m":[0.010075983591377735,-0.43757495284080505,-0.033010013401508331]},{"role":"pelvic_anchor","semantic":51010,"source_body_index":20,"stable_id":463,"torso_local_max_m":[0.050315443426370621,-0.4348473846912384,0.01782398484647274],"torso_local_min_m":[0.018116317689418793,-0.4553583562374115,-0.016720972955226898]}],"torso_body_index":20}
resting_support_geometry=full_registered_skin vertices=54949 regions=32 full_bin2026-10-06 00:51:11.712 numi-human-native[49048:16140897] +[NSXPCSharedListener endpointForReply:withListenerName:replyErrorCode:]: an error occurred while attempting to obtain endpoint for listener 'ClientCallsAuxiliary': Connection interrupted
2026-10-06 00:51:11.786 numi-human-native[49048:16140897] Human native framebuffer output: recording; window drawable unavailable
ding_count=86 region_sizes=[6907,1222,2796,2044,1525,1394,710,777,1891,1262,810,832,890,483,1328,1266,835,700,870,3097,4320,2043,1882,579,1199,1219,962,632,868,3302,4308,1996] force_owner=existing_metal_stand partition=source_rest_voronoi
resting_initialization=dynamic_release recruitment_activation_cap=0.01 normalized_residual_rms=146.157054343 maximum_acceleration_residual=576.853445741 balanced=false qualification=initialization_transient_not_static_equilibrium
compiled_support_geometry=admissible compiled_support_min_gap_m=-1.38777878078e-17 compiled_support_gap_tolerance_m=1e-06 compiled_support_activation_distance_m=0.002 compiled_support_separated_witnesses=31 compiled_support_max_separated_force_n=0 compiled_support_rejected_pose_candidates=0
human_stand_solver_path=split_candidate
resting_integrated_rejection=pass rejected_after_accepted_predecessor=true body_q_v_root_myo_unchanged=true circulation_and_clock_unchanged=true respiration_brain_history_unchanged=true retry_matches_uninterrupted_replay=true same_command_buffer_reject=pass accepted_prefix=2 rejected_step=2 inert_suffix=1
resting_native_profile step=32 command_ms=1860.124333 gpu_ms=1859.50741637 host_copy_ms=0.009125 full_state_readback=0
resting_native_profile step=64 command_ms=1900.109708 gpu_ms=1899.47862551 host_copy_ms=0.00775 full_state_readback=0
resting_native_profile step=96 command_ms=1930.102375 gpu_ms=1929.39891666 host_copy_ms=0.01425 full_state_readback=0
resting_native_profile step=128 command_ms=1915.649458 gpu_ms=1914.9742499 host_copy_ms=0.008584 full_state_readback=0
resting_native_profile step=160 command_ms=1926.303708 gpu_ms=1925.66599976 host_copy_ms=0.008917 full_state_readback=0
resting_native_profile step=192 command_ms=1944.615 gpu_ms=1943.95125005 host_copy_ms=0.008583 full_state_readback=0
resting_native_profile step=224 command_ms=1935.856125 gpu_ms=1935.2442082 host_copy_ms=0.007125 full_state_readback=0
resting_native_profile step=256 command_ms=1929.933375 gpu_ms=1929.26787492 host_copy_ms=0.007916 full_state_readback=0
resting_native_profile step=288 command_ms=1932.373833 gpu_ms=1931.72799982 host_copy_ms=2.909417 full_state_readback=0
resting_native_profile step=320 command_ms=1962.798917 gpu_ms=1962.23804168 host_copy_ms=0.018292 full_state_readback=0
resting_native_profile step=352 command_ms=1938.822083 gpu_ms=1938.19999974 host_copy_ms=0.007417 full_state_readback=0
resting_native_profile step=384 command_ms=1958.4385 gpu_ms=1957.80825056 host_copy_ms=0.00925 full_state_readback=0
resting_native_profile step=416 command_ms=1955.553083 gpu_ms=1954.87012435 host_copy_ms=0.02025 full_state_readback=0
resting_native_profile step=448 command_ms=1939.544167 gpu_ms=1938.92587535 host_copy_ms=3.300541 full_state_readback=0
resting_native_profile step=480 command_ms=1933.787208 gpu_ms=1933.14274959 host_copy_ms=0.018334 full_state_readback=0
resting_native_profile step=512 command_ms=1937.906625 gpu_ms=1937.25020811 host_copy_ms=0.01575 full_state_readback=0
resting_native_profile step=544 command_ms=1937.838083 gpu_ms=1937.21699994 host_copy_ms=0.017458 full_state_readback=0
resting_native_profile step=576 command_ms=1942.292666 gpu_ms=1941.6840421 host_copy_ms=0.015042 full_state_readback=0
resting_native_profile step=608 command_ms=1943.966333 gpu_ms=1943.37941706 host_copy_ms=0.0155 full_state_readback=0
resting_native_profile step=640 command_ms=1941.119334 gpu_ms=1940.53300004 host_copy_ms=0.021041 full_state_readback=0
accepted_geometry_export=/Users/n/numi-human-resting-evidence-20261005/rigid-digits-native-032/accepted-geometry/step-639.mrvpack receipt=/Users/n/numi-human-resting-evidence-20261005/rigid-digits-native-032/accepted-geometry/step-639.receipt.json accepted_root=0x140a355be129f643 pack_sha256=590de6ed1a29e42e453730c242512f661d96c1a9a0370905b5aefba9007b8da2 receipt_sha256=b078c0fb5e453c21fc1843d89a10ac9473cb50f53f55ed473cd8418191549a17
resting_native_profile step=672 command_ms=1954.682375 gpu_ms=1954.1662503 host_copy_ms=0.017166 full_state_readback=0
resting_native_profile step=704 command_ms=1951.051917 gpu_ms=1950.49412549 host_copy_ms=0.015833 full_state_readback=0
resting_native_profile step=736 command_ms=1947.648 gpu_ms=1947.01875001 host_copy_ms=0.017917 full_state_readback=0
resting_native_profile step=768 command_ms=1948.585084 gpu_ms=1947.94333354 host_copy_ms=0.020916 full_state_readback=0
resting_native_profile step=800 command_ms=1945.637083 gpu_ms=1945.06524969 host_copy_ms=0.01575 full_state_readback=0
resting_native_profile step=832 command_ms=1937.8645 gpu_ms=1937.28424981 host_copy_ms=0.014667 full_state_readback=0
resting_native_profile step=864 command_ms=1949.218916 gpu_ms=1948.61645903 host_copy_ms=0.015042 full_state_readback=0
resting_native_profile step=896 command_ms=1951.275416 gpu_ms=1950.60774963 host_copy_ms=0.014209 full_state_readback=0
resting_native_profile step=928 command_ms=1939.0585 gpu_ms=1938.69533297 host_copy_ms=0.015458 full_state_readback=0
resting_native_profile step=960 command_ms=1942.132042 gpu_ms=1941.48687553 host_copy_ms=0.014916 full_state_readback=0
resting_native_profile step=992 command_ms=1941.312333 gpu_ms=1940.73554128 host_copy_ms=0.014333 full_state_readback=0
resting_native_profile step=1024 command_ms=1942.187292 gpu_ms=1942.0055002 host_copy_ms=0.01325 full_state_readback=0
resting_native_profile step=1056 command_ms=1936.001792 gpu_ms=1935.39670855 host_copy_ms=0.014833 full_state_readback=0
resting_native_profile step=1088 command_ms=1943.511792 gpu_ms=1942.96158291 host_copy_ms=0.0135 full_state_readback=0
resting_native_profile step=1120 command_ms=1954.038542 gpu_ms=1953.46174948 host_copy_ms=0.0235 full_state_readback=0
resting_native_profile step=1152 command_ms=1955.924333 gpu_ms=1955.30925039 host_copy_ms=0.015209 full_state_readback=0
resting_native_profile step=1184 command_ms=1951.332167 gpu_ms=1950.74400026 host_copy_ms=0.016708 full_state_readback=0
resting_native_profile step=1216 command_ms=1945.161292 gpu_ms=1944.5122499 host_copy_ms=0.018542 full_state_readback=0
resting_native_profile step=1248 command_ms=1951.36625 gpu_ms=1950.74599981 host_copy_ms=0.018208 full_state_readback=0
resting_native_profile step=1280 command_ms=1949.382375 gpu_ms=1948.77870753 host_copy_ms=0.021583 full_state_readback=0
resting_native_profile step=1312 command_ms=1948.439916 gpu_ms=1947.87662569 host_copy_ms=0.017292 full_state_readback=0
resting_native_profile step=1344 command_ms=1951.638292 gpu_ms=1951.07199997 host_copy_ms=0.016917 full_state_readback=0
resting_native_profile step=1376 command_ms=1954.056209 gpu_ms=1953.37862428 host_copy_ms=0.015541 full_state_readback=0
resting_native_profile step=1408 command_ms=1953.731 gpu_ms=1953.17487512 host_copy_ms=0.015708 full_state_readback=0
resting_native_profile step=1440 command_ms=1952.056042 gpu_ms=1951.41095854 host_copy_ms=0.024916 full_state_readback=0
resting_native_profile step=1472 command_ms=1944.501 gpu_ms=1944.28283349 host_copy_ms=0.017584 full_state_readback=0
resting_native_profile step=1504 command_ms=1952.93775 gpu_ms=1952.72783376 host_copy_ms=0.015167 full_state_readback=0
resting_native_profile step=1536 command_ms=1954.450709 gpu_ms=1953.85412499 host_copy_ms=0.015041 full_state_readback=0
resting_native_profile step=1568 command_ms=1958.140833 gpu_ms=1957.57075027 host_copy_ms=0.01225 full_state_readback=0
resting_native_profile step=1600 command_ms=1959.485583 gpu_ms=1958.83562509 host_copy_ms=0.021459 full_state_readback=0
resting_native_profile step=1632 command_ms=1950.497958 gpu_ms=1949.7351246 host_copy_ms=0.014 full_state_readback=0
resting_native_profile step=1664 command_ms=1953.099083 gpu_ms=1952.46962551 host_copy_ms=0.014833 full_state_readback=0
resting_native_profile step=1696 command_ms=1952.833292 gpu_ms=1952.25900039 host_copy_ms=0.016291 full_state_readback=0
resting_native_profile step=1728 command_ms=1964.373625 gpu_ms=1963.76049984 host_copy_ms=0.015042 full_state_readback=0
resting_native_profile step=1760 command_ms=1954.348125 gpu_ms=1953.75079196 host_copy_ms=0.02325 full_state_readback=0
resting_native_profile step=1792 command_ms=1951.856625 gpu_ms=1951.28712524 host_copy_ms=0.0155 full_state_readback=0
resting_native_profile step=1824 command_ms=1954.251416 gpu_ms=1953.61837558 host_copy_ms=0.012417 full_state_readback=0
resting_native_profile step=1856 command_ms=1947.998167 gpu_ms=1947.40245864 host_copy_ms=0.015083 full_state_readback=0
resting_native_profile step=1888 command_ms=1954.14875 gpu_ms=1953.53724994 host_copy_ms=0.014375 full_state_readback=0
resting_native_profile step=1920 command_ms=1946.326917 gpu_ms=1945.71412448 host_copy_ms=0.02325 full_state_readback=0
resting_native_profile step=1952 command_ms=1954.182 gpu_ms=1953.60745769 host_copy_ms=0.012459 full_state_readback=0
resting_native_profile step=1984 command_ms=1945.237709 gpu_ms=1944.5436243 host_copy_ms=0.019583 full_state_readback=0
resting_native_profile step=2016 command_ms=1954.058084 gpu_ms=1953.43562495 host_copy_ms=0.015541 full_state_readback=0
resting_native_profile step=2048 command_ms=1947.086167 gpu_ms=1946.44987583 host_copy_ms=0.0185 full_state_readback=0
resting_native_profile step=2080 command_ms=1952.899042 gpu_ms=1952.28237472 host_copy_ms=0.021375 full_state_readback=0
resting_native_profile step=2112 command_ms=1952.272833 gpu_ms=1951.57549996 host_copy_ms=0.012417 full_state_readback=0
resting_native_profile step=2144 command_ms=1951.884917 gpu_ms=1951.24487486 host_copy_ms=0.01275 full_state_readback=0
resting_native_profile step=2176 command_ms=1958.183625 gpu_ms=1957.51729142 host_copy_ms=0.011958 full_state_readback=0
resting_native_profile step=2208 command_ms=1952.857209 gpu_ms=1952.17579138 host_copy_ms=0.012 full_state_readback=0
resting_native_profile step=2240 command_ms=1959.53075 gpu_ms=1958.85675028 host_copy_ms=0.022958 full_state_readback=0
resting_native_profile step=2272 command_ms=1963.104875 gpu_ms=1962.40545809 host_copy_ms=0.017375 full_state_readback=0
resting_native_profile step=2304 command_ms=1953.914459 gpu_ms=1953.20708305 host_copy_ms=0.012583 full_state_readback=0
resting_native_profile step=2336 command_ms=1956.856709 gpu_ms=1956.15912508 host_copy_ms=0.011541 full_state_readback=0
resting_native_profile step=2368 command_ms=1954.531416 gpu_ms=1953.85658368 host_copy_ms=0.01625 full_state_readback=0
resting_native_profile step=2400 command_ms=1946.465125 gpu_ms=1945.78924961 host_copy_ms=0.023333 full_state_readback=0
resting_native_profile step=2432 command_ms=1957.668792 gpu_ms=1956.96725044 host_copy_ms=0.017167 full_state_readback=0
resting_native_profile step=2464 command_ms=1960.538375 gpu_ms=1959.86391604 host_copy_ms=0.017625 full_state_readback=0
resting_native_profile step=2496 command_ms=1957.065125 gpu_ms=1956.44412469 host_copy_ms=0.016208 full_state_readback=0
resting_native_profile step=2528 command_ms=1956.135833 gpu_ms=1955.4770831 host_copy_ms=0.018334 full_state_readback=0
resting_native_profile step=2560 command_ms=1957.600291 gpu_ms=1957.1364997 host_copy_ms=0.011167 full_state_readback=0
resting_native_profile step=2592 command_ms=1954.574917 gpu_ms=1953.87774985 host_copy_ms=0.007958 full_state_readback=0
resting_native_profile step=2624 command_ms=1960.903833 gpu_ms=1960.25595814 host_copy_ms=0.008792 full_state_readback=0
resting_native_profile step=2656 command_ms=1960.859666 gpu_ms=1960.27645841 host_copy_ms=0.008084 full_state_readback=0
resting_native_profile step=2688 command_ms=1958.221875 gpu_ms=1957.62716699 host_copy_ms=0.008792 full_state_readback=0
resting_native_profile step=2720 command_ms=1954.022083 gpu_ms=1953.40504218 host_copy_ms=0.010959 full_state_readback=0
resting_native_profile step=2752 command_ms=1954.283 gpu_ms=1953.70425005 host_copy_ms=0.008542 full_state_readback=0
resting_native_profile step=2784 command_ms=1951.5355 gpu_ms=1951.09199919 host_copy_ms=0.008833 full_state_readback=0
accepted_geometry_export=/Users/n/numi-human-resting-evidence-20261005/rigid-digits-native-032/accepted-geometry/step-2783.mrvpack receipt=/Users/n/numi-human-resting-evidence-20261005/rigid-digits-native-032/accepted-geometry/step-2783.receipt.json accepted_root=0x0566a4d19178a663 pack_sha256=e3ba519d55fdaa25905597165dd5a15613e7efa9b380de407f24e5f058d1bc46 receipt_sha256=2f56fc9462a2c0ca145ac43a6e5ff8a1ec068b04f22b831dc6eb2e1f7cbed0d3
resting_native_profile step=2816 command_ms=1963.737541 gpu_ms=1963.23825046 host_copy_ms=0.008125 full_state_readback=0
resting_native_profile step=2848 command_ms=1954.377125 gpu_ms=1953.72654125 host_copy_ms=0.009125 full_state_readback=0
resting_native_profile step=2880 command_ms=1957.130916 gpu_ms=1956.58191666 host_copy_ms=0.0095 full_state_readback=0
resting_native_profile step=2912 command_ms=1961.114917 gpu_ms=1960.93825065 host_copy_ms=0.007292 full_state_readback=0
resting_native_profile step=2944 command_ms=1951.518125 gpu_ms=1951.3294585 host_copy_ms=0.008459 full_state_readback=0
resting_native_profile step=2976 command_ms=1951.892833 gpu_ms=1951.28237456 host_copy_ms=0.008125 full_state_readback=0
resting_native_profile step=3000 command_ms=1464.795375 gpu_ms=1464.22520839 host_copy_ms=0.090208 full_state_readback=1
accepted_geometry_export=/Users/n/numi-human-resting-evidence-20261005/rigid-digits-native-032/accepted-geometry/step-2999.mrvpack receipt=/Users/n/numi-human-resting-evidence-20261005/rigid-digits-native-032/accepted-geometry/step-2999.receipt.json accepted_root=0x83901f4d6a51d42b pack_sha256=ab4f60cac1d4f2084eb766c1eeb190e59ddc022581f8d4a2c8380b4bff2f07e6 receipt_sha256=b1ef9c5791c0fa3c27ba51c6f2e3ea3c49d49484c96f5ca05090096747632dea
stand_terminal_state={"schema":"numi.human.legacy-stand-terminal.v1","step_count":3000,"timestep_seconds":0.002,"root_assistance":false,"initial_q":[-0.05000000074505806,0.20000000298023224,0.10715460777282715,-0.70090925693511963,0,0,0.71325045824050903,0,0,0,0,0,0,0,0,0,0,0,0,0,0,0,0,0,0,0,0,0,0,0,0,0,0,0,0,0,0,0,0,0,0,0,0,0,0,0,0,0,0,0,0,0,0,0,0,0,0,0,0,0,0,0,0,0,0,0,0,0,0,0,0,0,0,0,0,0,0,0,0,0,0,0,0,0,0,0,0,0,0,0,0,0,0,0,0,0,0,0,0,0,0,0,0,0,7.6925396608196195e-11,9.537330214470785e-08,0,-1.4732499664660281e-08,1.0893900004305124e-08,0,0,0,0,0,0.010506000369787216,0,0,0,-7.6925396608196195e-11,9.537330214470785e-08,0,-1.4732499664660281e-08,-1.0893900004305124e-08,0,0,0,0,0,0.010506000369787216],"initial_v":[0,0,0,0,0,0,0,0,0,0,0,0,0,0,0,0,0,0,0,0,0,0,0,0,0,0,0,0,0,0,0,0,0,0,0,0,0,0,0,0,0,0,0,0,0,0,0,0,0,0,0,0,0,0,0,0,0,0,0,0,0,0,0,0,0,0,0,0,0,0,0,0,0,0,0,0,0,0,0,0,0,0,0,0,0,0,0,0,0,0,0,0,0,0,0,0,0,0,0,0,0,0,0,0,0,0,0,0,0,0,0,0,0,0,0,0,0,0,0,0,0,0,0,0,0,0,0,0],"q":[-0.065270364284515381,0.17243939638137817,-0.19627660512924194,-0.79559004306793213,-0.004278204869478941,0.0063364137895405293,0.60578709840774536,-0.2525763213634491,-0.017134847119450569,-0.0054487716406583786,0,0,-0.16238132119178772,-0.046726621687412262,-0.0031031207181513309,-0.00020585460879374295,-0.051525570452213287,-0.0042031779885292053,-0.00020585460879374295,-0.058345131576061249,-0.0042854249477386475,-0.00016951128782238811,-0.06440696120262146,-0.0032213511876761913,-0.0001574150228407234,-1.2491807588332904e-08,5.2909516767840614e-09,-5.2909516767840614e-09,1.2491807588332904e-08,-2.5293329652953389e-09,2.0441140335947239e-08,9.1881888764078212e-09,-9.1881888764078212e-09,-2.0441140335947239e-08,2.5293329652953389e-09,0.0023427889682352543,5.1619039709294157e-08,-0.0023427889682352543,-0.28792211413383484,3.5448888269229428e-08,-0.1949666291475296,0.025785714387893677,-0.015927257016301155,0,0,0,0,0,0,0,0,0,0,0,0,0,0,0,0,0,0,0,0,2.9011800961598055e-07,-1.2288056439047068e-07,1.2288056439047068e-07,-2.9011800961598055e-07,5.8742902098174454e-08,-4.7473855602220283e-07,-2.1339259603792016e-07,2.1339259603792016e-07,4.7473855602220283e-07,-5.8742902098174454e-08,-0.0025825444608926773,-1.1988347523583798e-06,0.0025825444608926773,-0.2698398232460022,-1.1490478755149525e-06,-0.2325579822063446,0.03538648784160614,-0.040922164916992188,0,0,0,0,0,0,0,0,0,0,0,0,0,0,0,0,0,0,0,0,-0.34401878714561462,-0.049575395882129669,-0.69813162088394165,1.7894173254262569e-07,1.9055171662785142e-07,3.0420882467296906e-05,2.3915288238640642e-06,1.1251222531427629e-05,-0.27509313821792603,-0.01809258759021759,-0.52359902858734131,-1.4840650237601949e-06,-4.5691666628044914e-07,0.010506752878427505,-0.34428146481513977,-0.0080111455172300339,-0.69813179969787598,-7.8653500379388674e-11,9.537421874483698e-08,2.9391022948743739e-10,-1.470925159452463e-08,-1.1002499356038697e-08,-0.26015922427177429,-0.018371248617768288,-0.52359902858734131,-1.433832219621678e-11,-4.4141790916940593e-12,0.010506000369787216],"v":[-0.00053328688954934478,-0.00013850818504579365,-0.00050469278357923031,-0.00052176503231748939,-0.00015634331793989986,0.00077427015639841557,-0.0005130279459990561,-0.00039195519639179111,0.0001972456811927259,0,0,-0.00032982564880512655,-9.4910174084361643e-05,-7.0983085606712848e-05,7.4519421104923822e-06,-0.00010465770174050704,-9.6146606665570289e-05,7.4519421104923822e-06,-0.00011850945884361863,-9.8027987405657768e-05,6.1363130043901037e-06,-0.00013082212535664439,-7.3687573603820056e-05,5.6984276852745097e-06,-3.5447908430796815e-07,1.5014093435183895e-07,-1.5014093435183895e-07,3.5447908430796815e-07,-7.1774692855797184e-08,5.8005667824545526e-07,2.6073254844050098e-07,-2.6073254844050098e-07,-5.8005667824545526e-07,7.1774692855797184e-08,-0.00013222554116509855,1.4647896477981703e-06,0.00013222554116509855,0.00067694071913138032,3.8790210510342149e-07,-7.7711210906272754e-06,0.0010006527882069349,-0.0030052359215915203,0,0,0,0,0,0,0,0,0,0,0,0,0,0,0,0,0,0,0,0,4.8798251555126626e-06,-2.0668680917879101e-06,2.0668680917879101e-06,-4.8798251555126626e-06,9.880637890091748e-07,-7.9851688497001305e-06,-3.5892931009584572e-06,3.5892931009584572e-06,7.9851688497001305e-06,-9.880637890091748e-07,7.5618198025040329e-05,-2.0164567104075104e-05,-7.5618198025040329e-05,0.0011182788293808699,-1.2850421626353636e-05,-0.00063262926414608955,0.0014047122094780207,-0.0038265951443463564,0,0,0,0,0,0,0,0,0,0,0,0,0,0,0,0,0,0,0,0,-0.00053997040959075093,-0.0015723301330581307,4.1408165998291224e-06,2.2527697751684173e-07,1.1987359016529808e-07,3.8314799894578755e-05,3.030624156963313e-06,1.4156885299598798e-05,-0.00019472348503768444,0.00064528215443715453,-1.9507848492139601e-07,-1.8691542891247082e-06,-5.7552171028874e-07,9.4566314601252088e-07,-0.00056890340056270361,0.0016092512523755431,9.4122824521036819e-06,-4.4582190044696601e-14,2.3723673375710026e-14,7.5823791689799691e-12,5.9976616771997837e-13,-2.8016814129089296e-12,0.001825602725148201,-0.0013685219455510378,-7.6536166293550423e-10,-3.6990408566056621e-13,-1.1387824006264119e-13,1.8775108692140746e-13]}
resting_integrated_body=completed simulated_s=6.0000002849847078 wall_s=192.361554708 real_time_factor=0.03119126529255057 physiology_body_clock=matched root_assistance=false presentation_qualification=pending
