rigid_source_rest_frames=passed source_body_count=103 maximum_COM_position_residual_m=6.26739049493e-08 maximum_orientation_unit_witness_residual_m=1.05692510994e-07 allowed_rest_reconstruction_residual_m=1e-06 rigid_sha256=2c78cb4150b97cea6e8169dad9e8f5dd59af667b247e07b56e48e857435560e4 boundary=consumed_reference_frame_join_not_source_authentication_or_loaded_motion
resting_mass_calibration source_composite_kg=97.1319506911 declared_reference_kg=72 executed_kg=71.9999993989 uniform_mass_inertia_scale=0.741259694099 measured_person=false additional_organ_or_blood_mass_kg=0
bone_orientation_semantics=unit_normalized_once_at_load bone_count=185 maximum_raw_norm_error=5.96046447754e-08 norm_admission_tolerance=0.00200000009499 bone_sha256=7d94e2f28ac6cea30c6c11a79919077acc40281636eb20b11b50b50aebd3ec49
tendon_bone_geometry=checked_bodyparts_subset bodyparts_envelope_count=160 fixed_sibling_envelope_count=0 external_surface_unverified_count=0 maximum_node_residual_m=2.77883934062e-07 allowed_point_residual_m=1e-06 tendon_sha256=52819336540a36621b60bd03b5084bd1d300ed2971673cfd0ccdb7eecfcb52b5 bone_sha256=7d94e2f28ac6cea30c6c11a79919077acc40281636eb20b11b50b50aebd3ec49 rigid_sha256=2c78cb4150b97cea6e8169dad9e8f5dd59af667b247e07b56e48e857435560e4 boundary=consumed_rest_surface_binding_not_loaded_or_clinical_qualification
tendon_payload=NHTENDON2 tendon_endpoints=832 tendon_point_bindings=672 tendon_triangle_bindings=0 tendon_envelope_bindings=160 tendon_migrated_envelope_bindings=0 tendon_max_reference_path_delta_m=0 tendon_max_architecture_scale_change=0 tendon_muscle_payload_sha256=e5bb8a8168706bb3b23cf42b1d849659569ba2e6027bcc85729c3110fdbb8c4b tendon_geometry_identity_verified=true tendon_bone_payload_sha256=7d94e2f28ac6cea30c6c11a79919077acc40281636eb20b11b50b50aebd3ec49
joint_equality_payload=NHEQ1 joint_equalities=51
pose_joint_ranges=passed enabled_range_count=118 failed_range_count=0 rigid_sha256=2c78cb4150b97cea6e8169dad9e8f5dd59af667b247e07b56e48e857435560e4 equality_sha256=0e3c593792a8c4ccd619f1999f6685b68e6ff0fd5ae5f6f0bca66b594a0e9b88 bone_sha256=7d94e2f28ac6cea30c6c11a79919077acc40281636eb20b11b50b50aebd3ec49 boundary=consumed_enabled_native_limits_after_NHEQ_projection_not_disabled_source_limits_or_loaded_motion
pose_q_override_count=0 root_pose_override=1 pose_q_equality_maximum_correction=0.0105060003698
resting_hand_model=rigid_reference_digits source_equalities=51 derived_internal_equalities=40 wrist_dofs=free root_constraint_rows=0 hand_function_simulated=0 body_mass_inertia_preserved=1
runtime=Numi Matter runtime initialized with eligible dense45 vascular solve device=Apple M4 Pro world_fingerprint=6434571789366693551 timestep_s=0.00200000009499
resting_body_source_fingerprint=12223232190898157244 coupled_program_fingerprint=17902621467452001833
resting_passive_viscera=shared_torso_pelvis_field source_surfaces=80 caudal_m=-0.397011578083 cranial_m=-0.259147137403 upper_body=20 lower_body=128 independent_forces=false independent_mass=false organ_physiology=false
resting_lung_motion=basal_superior_sweep_v1 blend_start_m=-0.052405 blend_span_m=0.06 effective_area_m2=0.0193540051613
resting_initial_anatomical_registration={"body_poses":[{"body_index":20,"position_m":[-0.025000007823109627,-0.44271242618560791,0.096546053886413574],"quaternion_xyzw":[0.0061705871485173702,-0.70707988739013672,-0.0061705652624368668,0.70707988739013672]},{"body_index":128,"position_m":[-0.025055751204490662,-0.83042281866073608,0.11920696496963501],"quaternion_xyzw":[0.0058914260007441044,-0.70680069923400879,-0.005886733066290617,0.7073637843132019]}],"coordinate_source":"source pack transformed by native initialBodies before physical stepping","surfaces":[{"role":"upper_visceral_anchor","semantic":51010,"source_body_index":20,"stable_id":2,"torso_local_max_m":[0.1489698737859726,-0.06762242317199707,0.029034055769443512],"torso_local_min_m":[0.035220548510551453,-0.18552298843860626,-0.10646510124206543]},{"role":"upper_visceral_anchor","semantic":51010,"source_body_index":20,"stable_id":3,"torso_local_max_m":[0.10061360895633698,-0.14701209962368011,0.048131499439477921],"torso_local_min_m":[0.049258694052696228,-0.22131331264972687,-0.073365472257137299]},{"role":"upper_visceral_anchor","semantic":51010,"source_body_index":20,"stable_id":4,"torso_local_max_m":[0.065826825797557831,-0.15392428636550903,0.088104061782360077],"torso_local_min_m":[0.018313027918338776,-0.25914710760116577,0.030521268025040627]},{"role":"upper_visceral_anchor","semantic":51010,"source_body_index":20,"stable_id":5,"torso_local_max_m":[0.054068014025688171,-0.1345781683921814,-0.033227771520614624],"torso_local_min_m":[0.013165432959794998,-0.24133054912090302,-0.091208852827548981]},{"role":"upper_visceral_anchor","semantic":51010,"source_body_index":20,"stable_id":13,"torso_local_max_m":[0.095457650721073151,-0.10293921083211899,-0.056195467710494995],"torso_local_min_m":[-0.00033182650804519653,-0.17370373010635376,-0.11487260460853577]},{"role":"upper_visceral_anchor","semantic":51010,"source_body_index":20,"stable_id":14,"torso_local_max_m":[0.094544753432273865,-0.055873673409223557,0.033946555107831955],"torso_local_min_m":[0.058444060385227203,-0.13125307857990265,-0.011481210589408875]},{"role":"upper_visceral_anchor","semantic":51010,"source_body_index":20,"stable_id":15,"torso_local_max_m":[0.15468204021453857,-0.051299087703227997,-0.0026821792125701904],"torso_local_min_m":[0.045374639332294464,-0.10517608374357224,-0.095222979784011841]},{"role":"upper_visceral_anchor","semantic":51010,"source_body_index":20,"stable_id":16,"torso_local_max_m":[0.15707412362098694,-0.071360647678375244,0.0014663934707641602],"torso_local_min_m":[0.07356831431388855,-0.138477623462677,-0.074144557118415833]},{"role":"upper_visceral_anchor","semantic":51010,"source_body_index":20,"stable_id":17,"torso_local_max_m":[0.15518583357334137,-0.04497130960226059,0.046523258090019226],"torso_local_min_m":[0.074793577194213867,-0.16443367302417755,-0.011679999530315399]},{"role":"upper_visceral_anchor","semantic":51010,"source_body_index":20,"stable_id":18,"torso_local_max_m":[0.15332278609275818,-0.10873293876647949,0.10524313896894455],"torso_local_min_m":[0.06183064728975296,-0.17893320322036743,0.026367701590061188]},{"role":"upper_visceral_anchor","semantic":51010,"source_body_index":20,"stable_id":19,"torso_local_max_m":[0.11932293325662613,-0.11438564956188202,0.11530916392803192],"torso_local_min_m":[-0.0020214840769767761,-0.19753372669219971,0.021444413810968399]},{"role":"upper_visceral_anchor","semantic":51010,"source_body_index":20,"stable_id":20,"torso_local_max_m":[0.11958994716405869,-0.11408335715532303,0.11550363898277283],"torso_local_min_m":[-0.0022704675793647766,-0.19755388796329498,0.021117139607667923]},{"role":"upper_visceral_anchor","semantic":51010,"source_body_index":20,"stable_id":21,"torso_local_max_m":[0.10608795285224915,-0.049535799771547318,0.11580190062522888],"torso_local_min_m":[-0.0032210424542427063,-0.13487040996551514,0.020207773894071579]},{"role":"upper_visceral_anchor","semantic":51010,"source_body_index":20,"stable_id":22,"torso_local_max_m":[0.15336306393146515,-0.041172627359628677,0.11002320796251297],"torso_local_min_m":[0.02455456554889679,-0.11670317500829697,0.017514020204544067]},{"role":"upper_visceral_anchor","semantic":51010,"source_body_index":20,"stable_id":461,"torso_local_max_m":[0.13303953409194946,-0.13353027403354645,0.063625447452068329],"torso_local_min_m":[0.084262087941169739,-0.17424784600734711,0.026906765997409821]},{"role":"pelvic_anchor","semantic":51010,"source_body_index":20,"stable_id":462,"torso_local_max_m":[0.08233652263879776,-0.39701157808303833,0.034268602728843689],"torso_local_min_m":[0.010075983591377735,-0.43757495284080505,-0.033010013401508331]},{"role":"pelvic_anchor","semantic":51010,"source_body_index":20,"stable_id":463,"torso_local_max_m":[0.050315443426370621,-0.4348473846912384,0.01782398484647274],"torso_local_min_m":[0.018116317689418793,-0.4553583562374115,-0.016720972955226898]}],"torso_body_index":20}
resting_support_geometry=full_registered_skin vertices=54949 regions=32 full_bin2026-10-06 01:18:19.242 numi-human-native[50946:16153735] +[NSXPCSharedListener endpointForReply:withListenerName:replyErrorCode:]: an error occurred while attempting to obtain endpoint for listener 'ClientCallsAuxiliary': Connection interrupted
2026-10-06 01:18:19.313 numi-human-native[50946:16153735] Human native framebuffer output: recording; window drawable unavailable
ding_count=86 region_sizes=[6907,1222,2796,2044,1525,1394,710,777,1891,1262,810,832,890,483,1328,1266,835,700,870,3097,4320,2043,1882,579,1199,1219,962,632,868,3302,4308,1996] force_owner=existing_metal_stand partition=source_rest_voronoi
resting_initialization=dynamic_release recruitment_activation_cap=0.01 normalized_residual_rms=146.157054343 maximum_acceleration_residual=576.853445741 balanced=false qualification=initialization_transient_not_static_equilibrium
compiled_support_geometry=admissible compiled_support_min_gap_m=-1.38777878078e-17 compiled_support_gap_tolerance_m=1e-06 compiled_support_activation_distance_m=0.002 compiled_support_separated_witnesses=31 compiled_support_max_separated_force_n=0 compiled_support_rejected_pose_candidates=0
human_stand_solver_path=split_candidate
resting_integrated_rejection=pass rejected_after_accepted_predecessor=true body_q_v_root_myo_unchanged=true circulation_and_clock_unchanged=true respiration_brain_history_unchanged=true retry_matches_uninterrupted_replay=true same_command_buffer_reject=pass accepted_prefix=2 rejected_step=2 inert_suffix=1
resting_native_profile step=32 command_ms=1103.929167 gpu_ms=1103.23412437 host_copy_ms=0.01425 full_state_readback=0
resting_native_profile step=64 command_ms=1139.034917 gpu_ms=1138.35183345 host_copy_ms=0.017208 full_state_readback=0
resting_native_profile step=96 command_ms=1175.832958 gpu_ms=1175.21249969 host_copy_ms=0.014709 full_state_readback=0
resting_native_profile step=128 command_ms=1161.479583 gpu_ms=1160.78887507 host_copy_ms=0.012125 full_state_readback=0
resting_native_profile step=160 command_ms=1171.010584 gpu_ms=1170.40520813 host_copy_ms=0.021333 full_state_readback=0
resting_native_profile step=192 command_ms=1190.489459 gpu_ms=1189.86824993 host_copy_ms=0.014083 full_state_readback=0
resting_native_profile step=224 command_ms=1181.037541 gpu_ms=1180.77683356 host_copy_ms=0.014792 full_state_readback=0
resting_native_profile step=256 command_ms=1174.716875 gpu_ms=1174.51562546 host_copy_ms=0.011583 full_state_readback=0
resting_native_profile step=288 command_ms=1176.759917 gpu_ms=1176.08291656 host_copy_ms=0.01425 full_state_readback=0
resting_native_profile step=320 command_ms=1207.83275 gpu_ms=1207.225875 host_copy_ms=0.014084 full_state_readback=0
resting_native_profile step=352 command_ms=1184.329292 gpu_ms=1183.70887451 host_copy_ms=0.013583 full_state_readback=0
resting_native_profile step=384 command_ms=1203.300792 gpu_ms=1202.71974988 host_copy_ms=0.010917 full_state_readback=0
resting_native_profile step=416 command_ms=1199.803291 gpu_ms=1199.13674984 host_copy_ms=0.011 full_state_readback=0
resting_native_profile step=448 command_ms=1183.426917 gpu_ms=1182.75874946 host_copy_ms=3.748042 full_state_readback=0
resting_native_profile step=480 command_ms=1178.07125 gpu_ms=1177.5152497 host_copy_ms=0.010458 full_state_readback=0
resting_native_profile step=512 command_ms=1172.844709 gpu_ms=1172.65412491 host_copy_ms=0.011583 full_state_readback=0
resting_native_profile step=544 command_ms=1173.013125 gpu_ms=1172.32941743 host_copy_ms=0.011833 full_state_readback=0
resting_native_profile step=576 command_ms=1176.922083 gpu_ms=1176.72574986 host_copy_ms=0.013917 full_state_readback=0
resting_native_profile step=608 command_ms=1179.093208 gpu_ms=1178.48854139 host_copy_ms=0.01225 full_state_readback=0
resting_native_profile step=640 command_ms=1171.338708 gpu_ms=1170.71612552 host_copy_ms=0.017959 full_state_readback=0
accepted_geometry_export=/Users/n/numi-human-resting-evidence-20261005/rigid-digits-stability-native-040/accepted-geometry/step-639.mrvpack receipt=/Users/n/numi-human-resting-evidence-20261005/rigid-digits-stability-native-040/accepted-geometry/step-639.receipt.json accepted_root=0x140a355be129f643 pack_sha256=590de6ed1a29e42e453730c242512f661d96c1a9a0370905b5aefba9007b8da2 receipt_sha256=769904f6219f883e092eaa2fbf927b114d76be27760289908e3d6c43f8dc3c12
resting_native_profile step=672 command_ms=1183.768167 gpu_ms=1183.26187506 host_copy_ms=0.0345 full_state_readback=0
resting_native_profile step=704 command_ms=1179.641042 gpu_ms=1178.99612524 host_copy_ms=2.547166 full_state_readback=0
resting_native_profile step=736 command_ms=1182.169292 gpu_ms=1181.96162488 host_copy_ms=0.014791 full_state_readback=0
resting_native_profile step=768 command_ms=1179.432834 gpu_ms=1178.85187548 host_copy_ms=0.015416 full_state_readback=0
resting_native_profile step=800 command_ms=1180.675916 gpu_ms=1180.39675057 host_copy_ms=0.014875 full_state_readback=0
resting_native_profile step=832 command_ms=1172.899625 gpu_ms=1172.69399948 host_copy_ms=0.011792 full_state_readback=0
resting_native_profile step=864 command_ms=1184.429958 gpu_ms=1183.76187515 host_copy_ms=0.015375 full_state_readback=0
resting_native_profile step=896 command_ms=1186.200084 gpu_ms=1185.56041643 host_copy_ms=0.014666 full_state_readback=0
resting_native_profile step=928 command_ms=1174.404209 gpu_ms=1173.79491683 host_copy_ms=0.015 full_state_readback=0
resting_native_profile step=960 command_ms=1177.080417 gpu_ms=1176.47070903 host_copy_ms=0.011583 full_state_readback=0
resting_native_profile step=992 command_ms=1176.264958 gpu_ms=1175.59625022 host_copy_ms=0.01875 full_state_readback=0
resting_native_profile step=1024 command_ms=1179.454042 gpu_ms=1178.85354161 host_copy_ms=0.016458 full_state_readback=0
resting_native_profile step=1056 command_ms=1172.671792 gpu_ms=1172.44325019 host_copy_ms=0.01425 full_state_readback=0
resting_native_profile step=1088 command_ms=1178.102708 gpu_ms=1177.4401255 host_copy_ms=0.0135 full_state_readback=0
resting_native_profile step=1120 command_ms=1191.645708 gpu_ms=1190.97124971 host_copy_ms=0.014708 full_state_readback=0
resting_native_profile step=1152 command_ms=1192.24875 gpu_ms=1191.64729211 host_copy_ms=0.013791 full_state_readback=0
resting_native_profile step=1184 command_ms=1191.63575 gpu_ms=1191.01516716 host_copy_ms=0.014667 full_state_readback=0
resting_native_profile step=1216 command_ms=1183.9245 gpu_ms=1183.25641658 host_copy_ms=0.013584 full_state_readback=0
resting_native_profile step=1248 command_ms=1187.522584 gpu_ms=1186.90620828 host_copy_ms=0.01125 full_state_readback=0
resting_native_profile step=1280 command_ms=1185.378834 gpu_ms=1184.77750011 host_copy_ms=0.019791 full_state_readback=0
resting_native_profile step=1312 command_ms=1190.994375 gpu_ms=1190.34583308 host_copy_ms=0.010792 full_state_readback=0
resting_native_profile step=1344 command_ms=1187.157375 gpu_ms=1186.56525016 host_copy_ms=0.013666 full_state_readback=0
resting_native_profile step=1376 command_ms=1189.692583 gpu_ms=1189.00558352 host_copy_ms=0.011625 full_state_readback=0
resting_native_profile step=1408 command_ms=1189.034333 gpu_ms=1188.43987491 host_copy_ms=0.014042 full_state_readback=0
resting_native_profile step=1440 command_ms=1196.51575 gpu_ms=1195.84674947 host_copy_ms=0.0135 full_state_readback=0
resting_native_profile step=1472 command_ms=1179.884709 gpu_ms=1179.13237493 host_copy_ms=0.020166 full_state_readback=0
resting_native_profile step=1504 command_ms=1188.864458 gpu_ms=1188.24312463 host_copy_ms=0.0125 full_state_readback=0
resting_native_profile step=1536 command_ms=1190.001208 gpu_ms=1189.39587474 host_copy_ms=0.012 full_state_readback=0
resting_native_profile step=1568 command_ms=1193.532917 gpu_ms=1192.78641697 host_copy_ms=0.02075 full_state_readback=0
resting_native_profile step=1600 command_ms=1194.458208 gpu_ms=1193.85237526 host_copy_ms=0.015167 full_state_readback=0
resting_native_profile step=1632 command_ms=1185.649 gpu_ms=1185.03249995 host_copy_ms=0.012208 full_state_readback=0
resting_native_profile step=1664 command_ms=1188.5945 gpu_ms=1187.86874972 host_copy_ms=0.014291 full_state_readback=0
resting_native_profile step=1696 command_ms=1188.019916 gpu_ms=1187.79670913 host_copy_ms=0.013 full_state_readback=0
resting_native_profile step=1728 command_ms=1195.16475 gpu_ms=1194.54791676 host_copy_ms=0.015125 full_state_readback=0
resting_native_profile step=1760 command_ms=1188.665458 gpu_ms=1188.04820906 host_copy_ms=0.009792 full_state_readback=0
resting_native_profile step=1792 command_ms=1177.439 gpu_ms=1176.80112459 host_copy_ms=0.008875 full_state_readback=0
resting_native_profile step=1824 command_ms=1179.391458 gpu_ms=1179.12650015 host_copy_ms=0.007334 full_state_readback=0
resting_native_profile step=1856 command_ms=1173.33675 gpu_ms=1173.1298333 host_copy_ms=0.013416 full_state_readback=0
resting_native_profile step=1888 command_ms=1180.06475 gpu_ms=1179.43225056 host_copy_ms=0.007875 full_state_readback=0
resting_native_profile step=1920 command_ms=1175.995 gpu_ms=1175.35970826 host_copy_ms=0.0185 full_state_readback=0
resting_native_profile step=1952 command_ms=1179.709417 gpu_ms=1179.13562525 host_copy_ms=0.017666 full_state_readback=0
resting_native_profile step=1984 command_ms=1187.690417 gpu_ms=1187.08712514 host_copy_ms=0.016542 full_state_readback=0
resting_native_profile step=2016 command_ms=1188.487125 gpu_ms=1187.91983277 host_copy_ms=0.015 full_state_readback=0
resting_native_profile step=2048 command_ms=1186.364625 gpu_ms=1185.7664166 host_copy_ms=0.018167 full_state_readback=0
resting_native_profile step=2080 command_ms=1186.707833 gpu_ms=1186.07937451 host_copy_ms=0.017959 full_state_readback=0
resting_native_profile step=2112 command_ms=1187.356 gpu_ms=1186.81416661 host_copy_ms=0.015042 full_state_readback=0
resting_native_profile step=2144 command_ms=1179.870625 gpu_ms=1179.248292 host_copy_ms=0.023083 full_state_readback=0
resting_native_profile step=2176 command_ms=1184.065958 gpu_ms=1183.40345845 host_copy_ms=0.018708 full_state_readback=0
resting_native_profile step=2208 command_ms=1187.771292 gpu_ms=1187.21037544 host_copy_ms=0.016541 full_state_readback=0
resting_native_profile step=2240 command_ms=1198.173834 gpu_ms=1197.57458288 host_copy_ms=0.014625 full_state_readback=0
resting_native_profile step=2272 command_ms=1200.430709 gpu_ms=1199.82366636 host_copy_ms=0.0155 full_state_readback=0
resting_native_profile step=2304 command_ms=1188.785875 gpu_ms=1188.13150004 host_copy_ms=0.012333 full_state_readback=0
resting_native_profile step=2336 command_ms=1192.58525 gpu_ms=1191.93737488 host_copy_ms=0.01475 full_state_readback=0
resting_native_profile step=2368 command_ms=1184.573166 gpu_ms=1184.01783332 host_copy_ms=0.017792 full_state_readback=0
resting_native_profile step=2400 command_ms=1193.309209 gpu_ms=1193.00524984 host_copy_ms=0.015458 full_state_readback=0
resting_native_profile step=2432 command_ms=1192.992708 gpu_ms=1192.40987487 host_copy_ms=0.011792 full_state_readback=0
resting_native_profile step=2464 command_ms=1206.217166 gpu_ms=1205.57099953 host_copy_ms=0.015292 full_state_readback=0
resting_native_profile step=2496 command_ms=1202.846041 gpu_ms=1202.29266677 host_copy_ms=0.013959 full_state_readback=0
resting_native_profile step=2528 command_ms=1201.235959 gpu_ms=1200.61637461 host_copy_ms=0.014708 full_state_readback=0
resting_native_profile step=2560 command_ms=1202.869583 gpu_ms=1202.30216719 host_copy_ms=0.01725 full_state_readback=0
resting_native_profile step=2592 command_ms=1202.420875 gpu_ms=1201.80037525 host_copy_ms=0.015291 full_state_readback=0
resting_native_profile step=2624 command_ms=1205.708375 gpu_ms=1205.09487577 host_copy_ms=0.014125 full_state_readback=0
resting_native_profile step=2656 command_ms=1202.957084 gpu_ms=1202.34374981 host_copy_ms=0.020416 full_state_readback=0
resting_native_profile step=2688 command_ms=1200.265958 gpu_ms=1199.64062423 host_copy_ms=0.011292 full_state_readback=0
resting_native_profile step=2720 command_ms=1194.838333 gpu_ms=1194.63208411 host_copy_ms=0.018584 full_state_readback=0
resting_native_profile step=2752 command_ms=1198.350625 gpu_ms=1198.12279195 host_copy_ms=0.01475 full_state_readback=0
resting_native_profile step=2784 command_ms=1196.616042 gpu_ms=1196.00708317 host_copy_ms=0.014833 full_state_readback=0
accepted_geometry_export=/Users/n/numi-human-resting-evidence-20261005/rigid-digits-stability-native-040/accepted-geometry/step-2783.mrvpack receipt=/Users/n/numi-human-resting-evidence-20261005/rigid-digits-stability-native-040/accepted-geometry/step-2783.receipt.json accepted_root=0x0566a4d19178a663 pack_sha256=e3ba519d55fdaa25905597165dd5a15613e7efa9b380de407f24e5f058d1bc46 receipt_sha256=5d3f3531ba651fae01e4c083b1a9842aeb781661069c577d7e01dffc67c657ee
resting_native_profile step=2816 command_ms=1210.0545 gpu_ms=1209.57800001 host_copy_ms=0.011542 full_state_readback=0
resting_native_profile step=2848 command_ms=1199.367959 gpu_ms=1198.68300017 host_copy_ms=0.013666 full_state_readback=0
resting_native_profile step=2880 command_ms=1202.555541 gpu_ms=1201.90337487 host_copy_ms=0.013625 full_state_readback=0
resting_native_profile step=2912 command_ms=1207.125083 gpu_ms=1206.52962476 host_copy_ms=0.019709 full_state_readback=0
resting_native_profile step=2944 command_ms=1196.777209 gpu_ms=1196.17024995 host_copy_ms=0.013166 full_state_readback=0
resting_native_profile step=2976 command_ms=1197.156041 gpu_ms=1196.53954171 host_copy_ms=0.014709 full_state_readback=0
resting_native_profile step=3008 command_ms=1200.046083 gpu_ms=1199.75787494 host_copy_ms=0.013458 full_state_readback=0
resting_native_profile step=3040 command_ms=1198.4315 gpu_ms=1197.82687444 host_copy_ms=0.015375 full_state_readback=0
resting_native_profile step=3072 command_ms=1197.280792 gpu_ms=1196.67066634 host_copy_ms=0.010666 full_state_readback=0
resting_native_profile step=3104 command_ms=1193.732 gpu_ms=1193.10441613 host_copy_ms=0.017875 full_state_readback=0
resting_native_profile step=3136 command_ms=1199.761542 gpu_ms=1199.14599974 host_copy_ms=0.015583 full_state_readback=0
resting_native_profile step=3168 command_ms=1201.804625 gpu_ms=1201.14750043 host_copy_ms=0.020083 full_state_readback=0
resting_native_profile step=3200 command_ms=1203.165667 gpu_ms=1202.53495872 host_copy_ms=0.011458 full_state_readback=0
resting_native_profile step=3232 command_ms=1204.30975 gpu_ms=1203.68745923 host_copy_ms=0.013792 full_state_readback=0
resting_native_profile step=3264 command_ms=1199.185834 gpu_ms=1198.57549947 host_copy_ms=0.011625 full_state_readback=0
resting_native_profile step=3296 command_ms=1198.289958 gpu_ms=1197.6926662 host_copy_ms=0.013792 full_state_readback=0
resting_native_profile step=3328 command_ms=1201.5825 gpu_ms=1201.37941651 host_copy_ms=0.010625 full_state_readback=0
resting_native_profile step=3360 command_ms=1200.768625 gpu_ms=1200.1547087 host_copy_ms=0.014625 full_state_readback=0
resting_native_profile step=3392 command_ms=1198.473209 gpu_ms=1197.78962433 host_copy_ms=0.014208 full_state_readback=0
resting_native_profile step=3424 command_ms=1198.0265 gpu_ms=1197.41633348 host_copy_ms=0.019208 full_state_readback=0
resting_native_profile step=3456 command_ms=1202.883625 gpu_ms=1202.27487478 host_copy_ms=0.010708 full_state_readback=0
resting_native_profile step=3488 command_ms=1196.801417 gpu_ms=1196.12575043 host_copy_ms=0.013917 full_state_readback=0
resting_native_profile step=3520 command_ms=1198.135208 gpu_ms=1197.54166622 host_copy_ms=0.014042 full_state_readback=0
resting_native_profile step=3552 command_ms=1199.405416 gpu_ms=1198.79100006 host_copy_ms=0.013584 full_state_readback=0
resting_native_profile step=3584 command_ms=1194.268667 gpu_ms=1193.60624999 host_copy_ms=0.011041 full_state_readback=0
resting_native_profile step=3616 command_ms=1197.563625 gpu_ms=1196.96087483 host_copy_ms=0.013959 full_state_readback=0
resting_native_profile step=3648 command_ms=1203.928125 gpu_ms=1203.18750013 host_copy_ms=0.013709 full_state_readback=0
resting_native_profile step=3680 command_ms=1198.496959 gpu_ms=1197.88541645 host_copy_ms=0.019666 full_state_readback=0
resting_native_profile step=3712 command_ms=1194.280042 gpu_ms=1194.07987501 host_copy_ms=0.010708 full_state_readback=0
resting_native_profile step=3744 command_ms=1197.5275 gpu_ms=1196.94187492 host_copy_ms=0.01275 full_state_readback=0
resting_native_profile step=3776 command_ms=1194.163459 gpu_ms=1193.92058346 host_copy_ms=0.012833 full_state_readback=0
resting_native_profile step=3808 command_ms=1191.620584 gpu_ms=1191.01829175 host_copy_ms=0.014208 full_state_readback=0
resting_native_profile step=3840 command_ms=1193.818583 gpu_ms=1193.14487558 host_copy_ms=0.010458 full_state_readback=0
resting_native_profile step=3872 command_ms=1195.1915 gpu_ms=1194.58987471 host_copy_ms=0.013417 full_state_readback=0
resting_native_profile step=3904 command_ms=1206.37575 gpu_ms=1205.77308349 host_copy_ms=0.013125 full_state_readback=0
resting_native_profile step=3936 command_ms=1193.504375 gpu_ms=1192.84329098 host_copy_ms=0.014 full_state_readback=0
resting_native_profile step=3968 command_ms=1201.937375 gpu_ms=1201.31541695 host_copy_ms=0.011 full_state_readback=0
resting_native_profile step=4000 command_ms=1195.213041 gpu_ms=1194.54983342 host_copy_ms=0.013459 full_state_readback=0
resting_native_profile step=4032 command_ms=1200.025334 gpu_ms=1199.34708253 host_copy_ms=0.01075 full_state_readback=0
resting_native_profile step=4064 command_ms=1196.551667 gpu_ms=1195.88149991 host_copy_ms=0.017167 full_state_readback=0
resting_native_profile step=4096 command_ms=1202.550125 gpu_ms=1201.85933355 host_copy_ms=0.014792 full_state_readback=0
resting_native_profile step=4128 command_ms=1199.947792 gpu_ms=1199.28349927 host_copy_ms=0.014167 full_state_readback=0
resting_native_profile step=4160 command_ms=1197.990417 gpu_ms=1197.36887515 host_copy_ms=0.013208 full_state_readback=0
resting_native_profile step=4192 command_ms=1202.370792 gpu_ms=1201.75437443 host_copy_ms=0.012875 full_state_readback=0
resting_native_profile step=4224 command_ms=1198.783917 gpu_ms=1198.09787534 host_copy_ms=0.010583 full_state_readback=0
resting_native_profile step=4256 command_ms=1188.127542 gpu_ms=1187.52324954 host_copy_ms=0.01475 full_state_readback=0
resting_native_profile step=4288 command_ms=1197.995875 gpu_ms=1197.38341589 host_copy_ms=0.0135 full_state_readback=0
resting_native_profile step=4320 command_ms=1199.684791 gpu_ms=1199.07524996 host_copy_ms=0.011 full_state_readback=0
resting_native_profile step=4352 command_ms=1198.135584 gpu_ms=1197.45362457 host_copy_ms=0.011041 full_state_readback=0
resting_native_profile step=4384 command_ms=1197.153791 gpu_ms=1196.55162562 host_copy_ms=0.013542 full_state_readback=0
resting_native_profile step=4416 command_ms=1194.023542 gpu_ms=1193.41729116 host_copy_ms=0.014541 full_state_readback=0
resting_native_profile step=4448 command_ms=1199.338583 gpu_ms=1198.65166675 host_copy_ms=0.013542 full_state_readback=0
resting_native_profile step=4480 command_ms=1198.889041 gpu_ms=1198.29079229 host_copy_ms=0.010792 full_state_readback=0
resting_native_profile step=4512 command_ms=1195.458167 gpu_ms=1194.80137434 host_copy_ms=0.013458 full_state_readback=0
resting_native_profile step=4544 command_ms=1199.474667 gpu_ms=1199.29124974 host_copy_ms=0.010625 full_state_readback=0
resting_native_profile step=4576 command_ms=1199.048125 gpu_ms=1198.44804145 host_copy_ms=0.017542 full_state_readback=0
resting_native_profile step=4608 command_ms=1193.542708 gpu_ms=1192.91208405 host_copy_ms=0.012334 full_state_readback=0
resting_native_profile step=4640 command_ms=1195.492542 gpu_ms=1194.83325072 host_copy_ms=0.015542 full_state_readback=0
resting_native_profile step=4672 command_ms=1202.859167 gpu_ms=1202.25599967 host_copy_ms=0.014041 full_state_readback=0
resting_native_profile step=4704 command_ms=1199.880125 gpu_ms=1199.19295795 host_copy_ms=0.014792 full_state_readback=0
resting_native_profile step=4736 command_ms=1185.894666 gpu_ms=1185.2782499 host_copy_ms=0.018167 full_state_readback=0
resting_native_profile step=4768 command_ms=1203.617208 gpu_ms=1202.94175018 host_copy_ms=0.01625 full_state_readback=0
resting_native_profile step=4800 command_ms=1199.663709 gpu_ms=1199.02283326 host_copy_ms=0.009666 full_state_readback=0
resting_native_profile step=4832 command_ms=1184.250583 gpu_ms=1183.98733344 host_copy_ms=0.017209 full_state_readback=0
resting_native_profile step=4864 command_ms=1199.8605 gpu_ms=1199.2469579 host_copy_ms=0.012541 full_state_readback=0
resting_native_profile step=4896 command_ms=1205.286166 gpu_ms=1204.56824917 host_copy_ms=0.012167 full_state_readback=0
resting_native_profile step=4928 command_ms=1198.09475 gpu_ms=1197.88175076 host_copy_ms=0.014541 full_state_readback=0
resting_native_profile step=4960 command_ms=1199.066334 gpu_ms=1198.46087508 host_copy_ms=0.014375 full_state_readback=0
resting_native_profile step=4992 command_ms=1190.726958 gpu_ms=1190.11545833 host_copy_ms=0.018292 full_state_readback=0
accepted_geometry_export=/Users/n/numi-human-resting-evidence-20261005/rigid-digits-stability-native-040/accepted-geometry/step-4991.mrvpack receipt=/Users/n/numi-human-resting-evidence-20261005/rigid-digits-stability-native-040/accepted-geometry/step-4991.receipt.json accepted_root=0x63fcc427f6eb5343 pack_sha256=66e2585e6c4a5e69c9cca4af0bcfdef0574eab659866de498b6f4b08906e7ee8 receipt_sha256=f3901976235dd416462f8554bd1c7c6fdc2f7c9f11adc47e681bf6c333a66099
resting_native_profile step=5024 command_ms=1214.95375 gpu_ms=1214.43475038 host_copy_ms=0.012416 full_state_readback=0
resting_native_profile step=5056 command_ms=1198.772583 gpu_ms=1198.16750009 host_copy_ms=0.016084 full_state_readback=0
resting_native_profile step=5088 command_ms=1193.705792 gpu_ms=1193.0995835 host_copy_ms=0.018208 full_state_readback=0
resting_native_profile step=5120 command_ms=1200.939666 gpu_ms=1200.64812526 host_copy_ms=0.015084 full_state_readback=0
resting_native_profile step=5152 command_ms=1193.862833 gpu_ms=1193.24966613 host_copy_ms=0.012459 full_state_readback=0
resting_native_profile step=5184 command_ms=1198.767875 gpu_ms=1198.58637545 host_copy_ms=0.014583 full_state_readback=0
resting_native_profile step=5216 command_ms=1199.572083 gpu_ms=1198.95979203 host_copy_ms=0.016833 full_state_readback=0
resting_native_profile step=5248 command_ms=1201.042875 gpu_ms=1200.38554166 host_copy_ms=0.013792 full_state_readback=0
resting_native_profile step=5280 command_ms=1203.673917 gpu_ms=1203.06987502 host_copy_ms=0.011792 full_state_readback=0
resting_native_profile step=5312 command_ms=1190.524625 gpu_ms=1189.84108325 host_copy_ms=0.018709 full_state_readback=0
resting_native_profile step=5344 command_ms=1195.296125 gpu_ms=1194.68083326 host_copy_ms=0.0155 full_state_readback=0
resting_native_profile step=5376 command_ms=1198.654166 gpu_ms=1198.44612479 host_copy_ms=0.011292 full_state_readback=0
resting_native_profile step=5408 command_ms=1200.286125 gpu_ms=1200.08666627 host_copy_ms=0.011708 full_state_readback=0
resting_native_profile step=5440 command_ms=1192.363625 gpu_ms=1191.75604172 host_copy_ms=0.014417 full_state_readback=0
resting_native_profile step=5472 command_ms=1199.204792 gpu_ms=1198.58700037 host_copy_ms=0.023916 full_state_readback=0
resting_native_profile step=5504 command_ms=1197.312667 gpu_ms=1196.93449978 host_copy_ms=0.014458 full_state_readback=0
resting_native_profile step=5536 command_ms=1201.494708 gpu_ms=1201.28479134 host_copy_ms=0.012125 full_state_readback=0
resting_native_profile step=5568 command_ms=1197.432417 gpu_ms=1196.82799932 host_copy_ms=0.014125 full_state_readback=0
resting_native_profile step=5600 command_ms=1205.856166 gpu_ms=1205.24329226 host_copy_ms=0.01675 full_state_readback=0
resting_native_profile step=5632 command_ms=1200.453542 gpu_ms=1199.83800035 host_copy_ms=0.011541 full_state_readback=0
resting_native_profile step=5664 command_ms=1206.175333 gpu_ms=1205.50025068 host_copy_ms=0.011292 full_state_readback=0
resting_native_profile step=5696 command_ms=1203.283833 gpu_ms=1202.58279238 host_copy_ms=0.013334 full_state_readback=0
resting_native_profile step=5728 command_ms=1199.650167 gpu_ms=1199.0526244 host_copy_ms=0.020042 full_state_readback=0
resting_native_profile step=5760 command_ms=1203.214208 gpu_ms=1202.5997499 host_copy_ms=0.013542 full_state_readback=0
resting_native_profile step=5792 command_ms=1188.064333 gpu_ms=1187.28562538 host_copy_ms=0.019625 full_state_readback=0
resting_native_profile step=5824 command_ms=1198.611958 gpu_ms=1197.99662475 host_copy_ms=0.015459 full_state_readback=0
resting_native_profile step=5856 command_ms=1199.508125 gpu_ms=1198.91224988 host_copy_ms=0.015 full_state_readback=0
resting_native_profile step=5888 command_ms=1200.962292 gpu_ms=1200.29654168 host_copy_ms=0.014042 full_state_readback=0
resting_native_profile step=5920 command_ms=1201.720584 gpu_ms=1201.11145824 host_copy_ms=0.011 full_state_readback=0
resting_native_profile step=5952 command_ms=1198.027916 gpu_ms=1197.45812565 host_copy_ms=0.012917 full_state_readback=0
resting_native_profile step=5984 command_ms=1198.855792 gpu_ms=1198.25654197 host_copy_ms=0.0195 full_state_readback=0
resting_native_profile step=6016 command_ms=1194.959 gpu_ms=1194.36199963 host_copy_ms=0.010666 full_state_readback=0
resting_native_profile step=6048 command_ms=1194.324542 gpu_ms=1193.66237521 host_copy_ms=0.019375 full_state_readback=0
resting_native_profile step=6080 command_ms=1199.668 gpu_ms=1199.46641661 host_copy_ms=0.014709 full_state_readback=0
resting_native_profile step=6112 command_ms=1191.686375 gpu_ms=1191.07779115 host_copy_ms=0.02125 full_state_readback=0
resting_native_profile step=6144 command_ms=1195.377375 gpu_ms=1194.96312551 host_copy_ms=0.015334 full_state_readback=0
resting_native_profile step=6176 command_ms=1199.15875 gpu_ms=1198.54325056 host_copy_ms=0.014542 full_state_readback=0
resting_native_profile step=6208 command_ms=1199.636291 gpu_ms=1199.43241682 host_copy_ms=0.015209 full_state_readback=0
resting_native_profile step=6240 command_ms=1205.694042 gpu_ms=1205.07587492 host_copy_ms=0.019875 full_state_readback=0
resting_native_profile step=6272 command_ms=1200.467791 gpu_ms=1199.84799996 host_copy_ms=0.014042 full_state_readback=0
resting_native_profile step=6304 command_ms=1200.2195 gpu_ms=1199.54762515 host_copy_ms=0.010916 full_state_readback=0
resting_native_profile step=6336 command_ms=1198.259875 gpu_ms=1197.65208289 host_copy_ms=0.012625 full_state_readback=0
resting_native_profile step=6368 command_ms=1197.730791 gpu_ms=1197.11958338 host_copy_ms=0.018084 full_state_readback=0
resting_native_profile step=6400 command_ms=1199.211834 gpu_ms=1198.58429115 host_copy_ms=0.018958 full_state_readback=0
resting_native_profile step=6432 command_ms=1203.228791 gpu_ms=1202.54091639 host_copy_ms=0.015459 full_state_readback=0
resting_native_profile step=6464 command_ms=1196.986708 gpu_ms=1196.78712543 host_copy_ms=0.016125 full_state_readback=0
resting_native_profile step=6496 command_ms=1200.200208 gpu_ms=1199.58179165 host_copy_ms=0.021584 full_state_readback=0
resting_native_profile step=6528 command_ms=1193.776625 gpu_ms=1193.57587583 host_copy_ms=0.012208 full_state_readback=0
resting_native_profile step=6560 command_ms=1203.382416 gpu_ms=1202.58062519 host_copy_ms=0.015084 full_state_readback=0
resting_native_profile step=6592 command_ms=1188.61475 gpu_ms=1188.38866614 host_copy_ms=0.018334 full_state_readback=0
resting_native_profile step=6624 command_ms=1198.581542 gpu_ms=1197.88725022 host_copy_ms=0.015333 full_state_readback=0
resting_native_profile step=6656 command_ms=1202.727084 gpu_ms=1202.04870868 host_copy_ms=0.012291 full_state_readback=0
resting_native_profile step=6688 command_ms=1202.624875 gpu_ms=1201.92837529 host_copy_ms=0.014916 full_state_readback=0
resting_native_profile step=6720 command_ms=1196.089083 gpu_ms=1195.47487516 host_copy_ms=0.015834 full_state_readback=0
resting_native_profile step=6752 command_ms=1202.625833 gpu_ms=1202.00612582 host_copy_ms=0.021208 full_state_readback=0
resting_native_profile step=6784 command_ms=1194.721584 gpu_ms=1194.03554127 host_copy_ms=0.012291 full_state_readback=0
resting_native_profile step=6816 command_ms=1198.7075 gpu_ms=1198.04425072 host_copy_ms=0.014417 full_state_readback=0
resting_native_profile step=6848 command_ms=1197.078458 gpu_ms=1196.40462566 host_copy_ms=0.013792 full_state_readback=0
resting_native_profile step=6880 command_ms=1202.237042 gpu_ms=1201.62100065 host_copy_ms=0.01375 full_state_readback=0
resting_native_profile step=6912 command_ms=1200.981459 gpu_ms=1200.33820812 host_copy_ms=0.012583 full_state_readback=0
resting_native_profile step=6944 command_ms=1200.072208 gpu_ms=1199.4601246 host_copy_ms=0.013667 full_state_readback=0
resting_native_profile step=6976 command_ms=1201.84725 gpu_ms=1201.19237434 host_copy_ms=0.013791 full_state_readback=0
resting_native_profile step=7008 command_ms=1192.444333 gpu_ms=1191.82866719 host_copy_ms=0.014542 full_state_readback=0
resting_native_profile step=7040 command_ms=1190.670417 gpu_ms=1190.08333422 host_copy_ms=0.009208 full_state_readback=0
resting_native_profile step=7072 command_ms=1192.049 gpu_ms=1191.41712505 host_copy_ms=0.007125 full_state_readback=0
resting_native_profile step=7104 command_ms=1188.065041 gpu_ms=1187.49712501 host_copy_ms=0.00725 full_state_readback=0
resting_native_profile step=7136 command_ms=1197.118208 gpu_ms=1196.50312513 host_copy_ms=0.006375 full_state_readback=0
resting_native_profile step=7168 command_ms=1192.367041 gpu_ms=1192.17825029 host_copy_ms=0.009084 full_state_readback=0
resting_native_profile step=7200 command_ms=1190.27875 gpu_ms=1189.63912502 host_copy_ms=0.007375 full_state_readback=0
resting_native_profile step=7232 command_ms=1193.186208 gpu_ms=1192.59112515 host_copy_ms=0.006292 full_state_readback=0
resting_native_profile step=7264 command_ms=1190.52325 gpu_ms=1189.89033345 host_copy_ms=0.006125 full_state_readback=0
resting_native_profile step=7296 command_ms=1186.256458 gpu_ms=1185.72462443 host_copy_ms=0.007125 full_state_readback=0
resting_native_profile step=7328 command_ms=1184.914541 gpu_ms=1184.31208376 host_copy_ms=0.008709 full_state_readback=0
resting_native_profile step=7360 command_ms=1191.871334 gpu_ms=1191.68258365 host_copy_ms=0.007166 full_state_readback=0
resting_native_profile step=7392 command_ms=1191.78375 gpu_ms=1191.22854155 host_copy_ms=0.008417 full_state_readback=0
resting_native_profile step=7424 command_ms=1193.653667 gpu_ms=1193.06487497 host_copy_ms=0.007666 full_state_readback=0
resting_native_profile step=7456 command_ms=1190.339916 gpu_ms=1189.68174979 host_copy_ms=0.009084 full_state_readback=0
resting_native_profile step=7488 command_ms=1190.686959 gpu_ms=1190.00587519 host_copy_ms=0.009875 full_state_readback=0
resting_native_profile step=7520 command_ms=1189.935542 gpu_ms=1189.32637479 host_copy_ms=0.009041 full_state_readback=0
resting_native_profile step=7552 command_ms=1187.739667 gpu_ms=1187.51724996 host_copy_ms=0.012917 full_state_readback=0
resting_native_profile step=7584 command_ms=1193.1165 gpu_ms=1192.47949962 host_copy_ms=0.009292 full_state_readback=0
resting_native_profile step=7616 command_ms=1193.962 gpu_ms=1193.28837469 host_copy_ms=0.010125 full_state_readback=0
resting_native_profile step=7648 command_ms=1190.972375 gpu_ms=1190.29275049 host_copy_ms=0.025167 full_state_readback=0
resting_native_profile step=7680 command_ms=1197.100833 gpu_ms=1196.49045821 host_copy_ms=0.008625 full_state_readback=0
resting_native_profile step=7712 command_ms=1194.968666 gpu_ms=1194.32166684 host_copy_ms=0.008834 full_state_readback=0
resting_native_profile step=7744 command_ms=1195.673375 gpu_ms=1195.05537488 host_copy_ms=0.01 full_state_readback=0
resting_native_profile step=7776 command_ms=1194.669166 gpu_ms=1194.04695835 host_copy_ms=0.010625 full_state_readback=0
resting_native_profile step=7808 command_ms=1192.006125 gpu_ms=1191.41533319 host_copy_ms=0.0125 full_state_readback=0
resting_native_profile step=7840 command_ms=1194.006417 gpu_ms=1193.37250013 host_copy_ms=0.023167 full_state_readback=0
resting_native_profile step=7872 command_ms=1194.518667 gpu_ms=1193.8845003 host_copy_ms=0.009542 full_state_readback=0
resting_native_profile step=7904 command_ms=1193.90225 gpu_ms=1193.29500012 host_copy_ms=0.010125 full_state_readback=0
resting_native_profile step=7936 command_ms=1194.282667 gpu_ms=1193.63020826 host_copy_ms=0.008125 full_state_readback=0
resting_native_profile step=7968 command_ms=1195.386875 gpu_ms=1194.70124971 host_copy_ms=0.010167 full_state_readback=0
resting_native_profile step=8000 command_ms=1193.957875 gpu_ms=1193.28649994 host_copy_ms=0.009667 full_state_readback=0
resting_native_profile step=8032 command_ms=1194.366417 gpu_ms=1193.6900001 host_copy_ms=0.009708 full_state_readback=0
resting_native_profile step=8064 command_ms=1193.8165 gpu_ms=1193.21483374 host_copy_ms=0.012167 full_state_readback=0
resting_native_profile step=8096 command_ms=1191.149417 gpu_ms=1190.55816624 host_copy_ms=0.009541 full_state_readback=0
resting_native_profile step=8128 command_ms=1197.145875 gpu_ms=1196.47475053 host_copy_ms=0.009584 full_state_readback=0
resting_native_profile step=8160 command_ms=1195.825458 gpu_ms=1195.58124989 host_copy_ms=0.009959 full_state_readback=0
resting_native_profile step=8192 command_ms=1198.782375 gpu_ms=1198.18012509 host_copy_ms=0.008375 full_state_readback=0
resting_native_profile step=8224 command_ms=1192.361958 gpu_ms=1191.69775024 host_copy_ms=0.008667 full_state_readback=0
resting_native_profile step=8256 command_ms=1193.14825 gpu_ms=1192.4377922 host_copy_ms=0.007916 full_state_readback=0
resting_native_profile step=8288 command_ms=1194.941459 gpu_ms=1194.28562559 host_copy_ms=0.01075 full_state_readback=0
resting_native_profile step=8320 command_ms=1194.138041 gpu_ms=1193.44512559 host_copy_ms=0.015167 full_state_readback=0
resting_native_profile step=8352 command_ms=1187.259958 gpu_ms=1186.60975061 host_copy_ms=0.011459 full_state_readback=0
resting_native_profile step=8384 command_ms=1193.863917 gpu_ms=1193.27874947 host_copy_ms=0.008 full_state_readback=0
resting_native_profile step=8416 command_ms=1196.079625 gpu_ms=1195.41954156 host_copy_ms=0.010792 full_state_readback=0
resting_native_profile step=8448 command_ms=1194.656084 gpu_ms=1193.97862535 host_copy_ms=0.010208 full_state_readback=0
resting_native_profile step=8480 command_ms=1192.879667 gpu_ms=1192.21458305 host_copy_ms=0.009 full_state_readback=0
resting_native_profile step=8512 command_ms=1193.272541 gpu_ms=1192.63379183 host_copy_ms=0.0105 full_state_readback=0
resting_native_profile step=8544 command_ms=1196.097792 gpu_ms=1195.45425009 host_copy_ms=0.010042 full_state_readback=0
resting_native_profile step=8576 command_ms=1190.312833 gpu_ms=1189.6721255 host_copy_ms=0.013459 full_state_readback=0
resting_native_profile step=8608 command_ms=1194.754 gpu_ms=1194.08849999 host_copy_ms=0.009792 full_state_readback=0
resting_native_profile step=8640 command_ms=1195.887542 gpu_ms=1195.27687505 host_copy_ms=0.009916 full_state_readback=0
resting_native_profile step=8672 command_ms=1201.526125 gpu_ms=1200.87349974 host_copy_ms=0.00925 full_state_readback=0
resting_native_profile step=8704 command_ms=1191.695833 gpu_ms=1191.01737533 host_copy_ms=0.010292 full_state_readback=0
resting_native_profile step=8736 command_ms=1186.1905 gpu_ms=1185.5157502 host_copy_ms=0.010917 full_state_readback=0
resting_native_profile step=8768 command_ms=1195.061541 gpu_ms=1194.48745809 host_copy_ms=0.010542 full_state_readback=0
resting_native_profile step=8800 command_ms=1188.862958 gpu_ms=1188.23587522 host_copy_ms=0.008959 full_state_readback=0
resting_native_profile step=8832 command_ms=1191.412542 gpu_ms=1190.78874961 host_copy_ms=0.012833 full_state_readback=0
resting_native_profile step=8864 command_ms=1193.726583 gpu_ms=1193.05687491 host_copy_ms=0.011459 full_state_readback=0
resting_native_profile step=8896 command_ms=1191.909333 gpu_ms=1191.32633321 host_copy_ms=0.01125 full_state_readback=0
resting_native_profile step=8928 command_ms=1190.663 gpu_ms=1189.98683337 host_copy_ms=0.009791 full_state_readback=0
resting_native_profile step=8960 command_ms=1183.81725 gpu_ms=1183.24187491 host_copy_ms=0.009333 full_state_readback=0
resting_native_profile step=8992 command_ms=1193.298292 gpu_ms=1192.63570849 host_copy_ms=0.009708 full_state_readback=0
accepted_geometry_export=/Users/n/numi-human-resting-evidence-20261005/rigid-digits-stability-native-040/accepted-geometry/step-8991.mrvpack receipt=/Users/n/numi-human-resting-evidence-20261005/rigid-digits-stability-native-040/accepted-geometry/step-8991.receipt.json accepted_root=0x462efa82c339aba3 pack_sha256=2c57dcac18f6acf42f0bd2b82556bbb6cf487de07fcccde9dc2b4303af8ea298 receipt_sha256=41cd7f4ed5333a9eb09f154d8d51f7f3abd1d8bddd20ef8a373fea5459161e8b
resting_native_profile step=9024 command_ms=1198.658458 gpu_ms=1198.12737498 host_copy_ms=0.009208 full_state_readback=0
resting_native_profile step=9056 command_ms=1196.553417 gpu_ms=1196.30550034 host_copy_ms=0.01025 full_state_readback=0
resting_native_profile step=9088 command_ms=1194.480584 gpu_ms=1193.90337449 host_copy_ms=0.012875 full_state_readback=0
resting_native_profile step=9120 command_ms=1192.445833 gpu_ms=1191.83912501 host_copy_ms=0.008542 full_state_readback=0
resting_native_profile step=9152 command_ms=1188.849959 gpu_ms=1188.20262514 host_copy_ms=0.010916 full_state_readback=0
resting_native_profile step=9184 command_ms=1197.006667 gpu_ms=1196.33262511 host_copy_ms=0.0095 full_state_readback=0
resting_native_profile step=9216 command_ms=1190.505083 gpu_ms=1189.84141666 host_copy_ms=0.010584 full_state_readback=0
resting_native_profile step=9248 command_ms=1193.690125 gpu_ms=1192.99604185 host_copy_ms=0.01 full_state_readback=0
resting_native_profile step=9280 command_ms=1195.737041 gpu_ms=1195.02162468 host_copy_ms=0.027875 full_state_readback=0
resting_native_profile step=9312 command_ms=1195.060958 gpu_ms=1194.41687502 host_copy_ms=0.010417 full_state_readback=0
resting_native_profile step=9344 command_ms=1186.175459 gpu_ms=1185.48125029 host_copy_ms=0.009208 full_state_readback=0
resting_native_profile step=9376 command_ms=1191.688166 gpu_ms=1191.0846252 host_copy_ms=0.008542 full_state_readback=0
resting_native_profile step=9408 command_ms=1203.798 gpu_ms=1203.12124956 host_copy_ms=0.008834 full_state_readback=0
resting_native_profile step=9440 command_ms=1195.253167 gpu_ms=1194.65325028 host_copy_ms=0.011458 full_state_readback=0
resting_native_profile step=9472 command_ms=1194.559209 gpu_ms=1194.29887552 host_copy_ms=0.009416 full_state_readback=0
resting_native_profile step=9504 command_ms=1200.112791 gpu_ms=1199.88062512 host_copy_ms=0.011167 full_state_readback=0
resting_native_profile step=9536 command_ms=1195.006459 gpu_ms=1194.31975018 host_copy_ms=0.010416 full_state_readback=0
resting_native_profile step=9568 command_ms=1197.45725 gpu_ms=1196.83120865 host_copy_ms=0.009334 full_state_readback=0
resting_native_profile step=9600 command_ms=1195.137 gpu_ms=1194.5097493 host_copy_ms=0.009958 full_state_readback=0
resting_native_profile step=9632 command_ms=1195.291792 gpu_ms=1195.04058361 host_copy_ms=0.009833 full_state_readback=0
resting_native_profile step=9664 command_ms=1195.090792 gpu_ms=1194.41562518 host_copy_ms=0.009083 full_state_readback=0
resting_native_profile step=9696 command_ms=1195.309625 gpu_ms=1194.71395854 host_copy_ms=0.010541 full_state_readback=0
resting_native_profile step=9728 command_ms=1192.209875 gpu_ms=1191.52987469 host_copy_ms=0.010125 full_state_readback=0
resting_native_profile step=9760 command_ms=1201.61975 gpu_ms=1200.94587468 host_copy_ms=0.009917 full_state_readback=0
resting_native_profile step=9792 command_ms=1194.033709 gpu_ms=1193.37237533 host_copy_ms=0.0085 full_state_readback=0
resting_native_profile step=9824 command_ms=1194.820834 gpu_ms=1194.25912574 host_copy_ms=0.01125 full_state_readback=0
resting_native_profile step=9856 command_ms=1197.253417 gpu_ms=1196.67062536 host_copy_ms=0.0095 full_state_readback=0
resting_native_profile step=9888 command_ms=1196.541459 gpu_ms=1195.8688749 host_copy_ms=0.0105 full_state_readback=0
resting_native_profile step=9920 command_ms=1189.962125 gpu_ms=1189.28399961 host_copy_ms=0.009625 full_state_readback=0
resting_native_profile step=9952 command_ms=1191.612791 gpu_ms=1190.99929184 host_copy_ms=0.01025 full_state_readback=0
resting_native_profile step=9984 command_ms=1192.722833 gpu_ms=1192.04929192 host_copy_ms=0.009417 full_state_readback=0
resting_native_profile step=10016 command_ms=1185.316958 gpu_ms=1184.70470794 host_copy_ms=0.009458 full_state_readback=0
resting_native_profile step=10048 command_ms=1187.043292 gpu_ms=1186.3904167 host_copy_ms=0.008875 full_state_readback=0
resting_native_profile step=10080 command_ms=1194.624791 gpu_ms=1194.13129147 host_copy_ms=0.010125 full_state_readback=0
resting_native_profile step=10112 command_ms=1190.882708 gpu_ms=1190.65808319 host_copy_ms=0.009375 full_state_readback=0
resting_native_profile step=10144 command_ms=1197.29175 gpu_ms=1196.68987487 host_copy_ms=0.0155 full_state_readback=0
resting_native_profile step=10176 command_ms=1194.769416 gpu_ms=1194.12379153 host_copy_ms=0.01075 full_state_readback=0
resting_native_profile step=10208 command_ms=1194.554833 gpu_ms=1193.95133387 host_copy_ms=0.008709 full_state_readback=0
resting_native_profile step=10240 command_ms=1193.407375 gpu_ms=1192.78408308 host_copy_ms=0.010792 full_state_readback=0
resting_native_profile step=10272 command_ms=1195.097667 gpu_ms=1194.42237541 host_copy_ms=0.009625 full_state_readback=0
resting_native_profile step=10304 command_ms=1192.541917 gpu_ms=1191.89004134 host_copy_ms=0.008958 full_state_readback=0
resting_native_profile step=10336 command_ms=1194.2445 gpu_ms=1193.56358331 host_copy_ms=0.009625 full_state_readback=0
resting_native_profile step=10368 command_ms=1194.925542 gpu_ms=1194.25462466 host_copy_ms=0.010042 full_state_readback=0
resting_native_profile step=10400 command_ms=1197.8865 gpu_ms=1197.28645869 host_copy_ms=0.014 full_state_readback=0
resting_native_profile step=10432 command_ms=1197.200417 gpu_ms=1196.61404099 host_copy_ms=0.008958 full_state_readback=0
resting_native_profile step=10464 command_ms=1195.123459 gpu_ms=1194.44674999 host_copy_ms=0.009458 full_state_readback=0
resting_native_profile step=10496 command_ms=1197.155458 gpu_ms=1196.39612548 host_copy_ms=0.010917 full_state_readback=0
resting_native_profile step=10528 command_ms=1188.489125 gpu_ms=1187.84462474 host_copy_ms=0.00925 full_state_readback=0
resting_native_profile step=10560 command_ms=1186.831709 gpu_ms=1186.25158351 host_copy_ms=0.009458 full_state_readback=0
resting_native_profile step=10592 command_ms=1193.507084 gpu_ms=1193.11491679 host_copy_ms=0.008291 full_state_readback=0
resting_native_profile step=10624 command_ms=1198.169792 gpu_ms=1197.5777084 host_copy_ms=0.009333 full_state_readback=0
resting_native_profile step=10656 command_ms=1198.173917 gpu_ms=1197.93241657 host_copy_ms=0.014792 full_state_readback=0
resting_native_profile step=10688 command_ms=1195.575333 gpu_ms=1195.01762465 host_copy_ms=0.009042 full_state_readback=0
resting_native_profile step=10720 command_ms=1197.576375 gpu_ms=1196.8820421 host_copy_ms=0.009375 full_state_readback=0
resting_native_profile step=10752 command_ms=1198.1535 gpu_ms=1197.52691686 host_copy_ms=0.0085 full_state_readback=0
resting_native_profile step=10784 command_ms=1192.556375 gpu_ms=1191.9835005 host_copy_ms=0.010667 full_state_readback=0
resting_native_profile step=10816 command_ms=1196.187709 gpu_ms=1195.56675013 host_copy_ms=0.01025 full_state_readback=0
resting_native_profile step=10848 command_ms=1197.517959 gpu_ms=1196.87912427 host_copy_ms=0.009458 full_state_readback=0
resting_native_profile step=10880 command_ms=1187.193209 gpu_ms=1186.50462478 host_copy_ms=0.008375 full_state_readback=0
resting_native_profile step=10912 command_ms=1191.194792 gpu_ms=1190.59933349 host_copy_ms=0.011542 full_state_readback=0
resting_native_profile step=10944 command_ms=1193.222 gpu_ms=1192.5747497 host_copy_ms=0.009625 full_state_readback=0
resting_native_profile step=10976 command_ms=1196.64 gpu_ms=1196.06291689 host_copy_ms=0.009458 full_state_readback=0
resting_native_profile step=11008 command_ms=1194.406584 gpu_ms=1193.78433283 host_copy_ms=0.009083 full_state_readback=0
resting_native_profile step=11040 command_ms=1194.28775 gpu_ms=1193.62674933 host_copy_ms=0.009667 full_state_readback=0
resting_native_profile step=11072 command_ms=1195.480667 gpu_ms=1194.84824967 host_copy_ms=0.011 full_state_readback=0
resting_native_profile step=11104 command_ms=1190.765958 gpu_ms=1190.099 host_copy_ms=0.00875 full_state_readback=0
resting_native_profile step=11136 command_ms=1193.638959 gpu_ms=1192.99270771 host_copy_ms=0.009291 full_state_readback=0
resting_native_profile step=11168 command_ms=1191.732666 gpu_ms=1191.07270893 host_copy_ms=0.014292 full_state_readback=0
resting_native_profile step=11200 command_ms=1188.488833 gpu_ms=1187.7903752 host_copy_ms=0.010125 full_state_readback=0
resting_native_profile step=11232 command_ms=1199.180958 gpu_ms=1198.57037533 host_copy_ms=0.009167 full_state_readback=0
resting_native_profile step=11264 command_ms=1192.328917 gpu_ms=1191.68812502 host_copy_ms=0.008667 full_state_readback=0
resting_native_profile step=11296 command_ms=1197.264 gpu_ms=1196.64562494 host_copy_ms=0.009375 full_state_readback=0
resting_native_profile step=11328 command_ms=1194.296583 gpu_ms=1193.71029176 host_copy_ms=0.009667 full_state_readback=0
resting_native_profile step=11360 command_ms=1197.229917 gpu_ms=1196.62224967 host_copy_ms=0.009667 full_state_readback=0
resting_native_profile step=11392 command_ms=1190.390083 gpu_ms=1189.76275064 host_copy_ms=0.008667 full_state_readback=0
resting_native_profile step=11424 command_ms=1195.997292 gpu_ms=1195.37349977 host_copy_ms=0.012583 full_state_readback=0
resting_native_profile step=11456 command_ms=1196.578917 gpu_ms=1195.91450039 host_copy_ms=0.009625 full_state_readback=0
resting_native_profile step=11488 command_ms=1194.846417 gpu_ms=1194.45475005 host_copy_ms=0.009208 full_state_readback=0
resting_native_profile step=11520 command_ms=1189.08225 gpu_ms=1188.81162535 host_copy_ms=0.009959 full_state_readback=0
resting_native_profile step=11552 command_ms=1195.188 gpu_ms=1194.55450028 host_copy_ms=0.008625 full_state_readback=0
resting_native_profile step=11584 command_ms=1198.413583 gpu_ms=1198.15724995 host_copy_ms=0.010125 full_state_readback=0
resting_native_profile step=11616 command_ms=1194.385333 gpu_ms=1193.74745898 host_copy_ms=0.009458 full_state_readback=0
resting_native_profile step=11648 command_ms=1190.655458 gpu_ms=1189.97350056 host_copy_ms=0.017167 full_state_readback=0
resting_native_profile step=11680 command_ms=1196.178583 gpu_ms=1195.49691677 host_copy_ms=0.014125 full_state_readback=0
resting_native_profile step=11712 command_ms=1199.921958 gpu_ms=1199.25187528 host_copy_ms=0.00925 full_state_readback=0
resting_native_profile step=11744 command_ms=1203.771459 gpu_ms=1203.53787486 host_copy_ms=0.008375 full_state_readback=0
resting_native_profile step=11776 command_ms=1196.039625 gpu_ms=1195.42145822 host_copy_ms=0.025709 full_state_readback=0
resting_native_profile step=11808 command_ms=1196.664042 gpu_ms=1196.00174949 host_copy_ms=0.009 full_state_readback=0
resting_native_profile step=11840 command_ms=1193.024833 gpu_ms=1192.41341669 host_copy_ms=0.010042 full_state_readback=0
resting_native_profile step=11872 command_ms=1190.572125 gpu_ms=1189.93612472 host_copy_ms=0.011583 full_state_readback=0
resting_native_profile step=11904 command_ms=1194.149666 gpu_ms=1193.55675019 host_copy_ms=0.01 full_state_readback=0
resting_native_profile step=11936 command_ms=1192.278167 gpu_ms=1191.58433378 host_copy_ms=0.025958 full_state_readback=0
resting_native_profile step=11968 command_ms=1189.022958 gpu_ms=1188.38562537 host_copy_ms=0.00925 full_state_readback=0
resting_native_profile step=12000 command_ms=1196.751709 gpu_ms=1196.17416617 host_copy_ms=0.099291 full_state_readback=1
accepted_geometry_export=/Users/n/numi-human-resting-evidence-20261005/rigid-digits-stability-native-040/accepted-geometry/step-11999.mrvpack receipt=/Users/n/numi-human-resting-evidence-20261005/rigid-digits-stability-native-040/accepted-geometry/step-11999.receipt.json accepted_root=0x3240be2a1fef9263 pack_sha256=d318c6ea1f79c04200159701d760c4613b762395de2ea2244c4985783c87a901 receipt_sha256=1c2adcc766acb2046d27a77d83d0632675445e9f055d82d5fd5f5d8f031c4c04
stand_terminal_state={"schema":"numi.human.legacy-stand-terminal.v1","step_count":12000,"timestep_seconds":0.002,"root_assistance":false,"initial_q":[-0.05000000074505806,0.20000000298023224,0.10715460777282715,-0.70090925693511963,0,0,0.71325045824050903,0,0,0,0,0,0,0,0,0,0,0,0,0,0,0,0,0,0,0,0,0,0,0,0,0,0,0,0,0,0,0,0,0,0,0,0,0,0,0,0,0,0,0,0,0,0,0,0,0,0,0,0,0,0,0,0,0,0,0,0,0,0,0,0,0,0,0,0,0,0,0,0,0,0,0,0,0,0,0,0,0,0,0,0,0,0,0,0,0,0,0,0,0,0,0,0,0,7.6925396608196195e-11,9.537330214470785e-08,0,-1.4732499664660281e-08,1.0893900004305124e-08,0,0,0,0,0,0.010506000369787216,0,0,0,-7.6925396608196195e-11,9.537330214470785e-08,0,-1.4732499664660281e-08,-1.0893900004305124e-08,0,0,0,0,0,0.010506000369787216],"initial_v":[0,0,0,0,0,0,0,0,0,0,0,0,0,0,0,0,0,0,0,0,0,0,0,0,0,0,0,0,0,0,0,0,0,0,0,0,0,0,0,0,0,0,0,0,0,0,0,0,0,0,0,0,0,0,0,0,0,0,0,0,0,0,0,0,0,0,0,0,0,0,0,0,0,0,0,0,0,0,0,0,0,0,0,0,0,0,0,0,0,0,0,0,0,0,0,0,0,0,0,0,0,0,0,0,0,0,0,0,0,0,0,0,0,0,0,0,0,0,0,0,0,0,0,0,0,0,0,0],"q":[-0.078175686299800873,0.1721317321062088,-0.19684261083602905,-0.79570525884628296,-0.010856493376195431,0.011505377478897572,0.60547739267349243,-0.2531818151473999,-0.0246583241969347,-0.0061970786191523075,0,0,-0.1627705842256546,-0.046838637441396713,-0.0044656223617494106,-0.00023412564769387245,-0.051649089902639389,-0.0060486868023872375,-0.00023412564769387245,-0.0584850013256073,-0.0061670467257499695,-0.00019279112166259438,-0.064561359584331512,-0.0046357647515833378,-0.0001790336100384593,-1.661080695214423e-08,7.0355690162671181e-09,-7.0355690162671181e-09,1.661080695214423e-08,-3.3633451579362372e-09,2.7181320305658119e-08,1.2217866718344794e-08,-1.2217866718344794e-08,-2.7181320305658119e-08,3.3633451579362372e-09,0.0023434462491422892,6.8639700145922689e-08,-0.0023434462491422892,-0.28509789705276489,3.4094441048182489e-08,-0.20494982600212097,0.046290986239910126,-0.059098523110151291,0,0,0,0,0,0,0,0,0,0,0,0,0,0,0,0,0,0,0,0,3.1156776003626874e-07,-1.3196569170759176e-07,1.3196569170759176e-07,-3.1156776003626874e-07,6.3086034174375527e-08,-5.098381734569557e-07,-2.2916968589470343e-07,2.2916968589470343e-07,5.098381734569557e-07,-6.3086034174375527e-08,-0.0030442795250564814,-1.2874701269538491e-06,0.0030442795250564814,-0.26546564698219299,-2.884907530642522e-07,-0.24716344475746155,0.067750856280326843,-0.1052308976650238,0,0,0,0,0,0,0,0,0,0,0,0,0,0,0,0,0,0,0,0,-0.34436243772506714,-0.081157229840755463,-0.69813162088394165,2.0320916860327998e-07,2.0346479345789703e-07,3.4548258554423228e-05,2.7179955850442639e-06,1.2776238691003527e-05,-0.29392597079277039,-0.005239805206656456,-0.52359902858734131,-1.6854153273015982e-06,-5.1891402108594775e-07,0.010506854392588139,-0.34560441970825195,0.023821474984288216,-0.69813179969787598,-7.8651134216567442e-11,9.537421874483698e-08,2.9350671892913738e-10,-1.470928356894774e-08,-1.1002350142064188e-08,-0.247589111328125,-0.023394942283630371,-0.52359902858734131,-1.4318637421573133e-11,-4.4081188352307343e-12,0.010506000369787216],"v":[-0.0010753215756267309,-3.8681926525896415e-05,-6.6196225816383958e-05,-5.9372316172812134e-05,7.7645607234444469e-05,0.0013034142320975661,-6.2300037825480103e-05,-0.00062079617055132985,-0.00032230382203124464,0,0,-4.005269511253573e-05,-1.1525507034093607e-05,-0.00011242618347750977,-1.2176638847449794e-05,-1.2709207112493459e-05,-0.00015228129632305354,-1.2176638847449794e-05,-1.4391309377970174e-05,-0.00015526112110819668,-1.0026871677837335e-05,-1.588650957273785e-05,-0.00011670967796817422,-9.3113576440373436e-06,-1.5663036947444198e-06,6.6341374349576654e-07,-6.6341374349576654e-07,1.5663036947444198e-06,-3.1714412784822343e-07,2.5630424715927802e-06,1.1520746738824528e-06,-1.1520746738824528e-06,-2.5630424715927802e-06,3.1714412784822343e-07,0.000245311064645648,6.4723294599389192e-06,-0.000245311064645648,0.00081210379721596837,6.7101592549079214e-07,-0.00027384157874621451,0.00014612148515880108,-0.0020035197958350182,0,0,0,0,0,0,0,0,0,0,0,0,0,0,0,0,0,0,0,0,4.5512729229812976e-06,-1.9277085812063888e-06,1.9277085812063888e-06,-4.5512729229812976e-06,9.215387422045751e-07,-7.4475378823990468e-06,-3.3476305816293461e-06,3.3476305816293461e-06,7.4475378823990468e-06,-9.215387422045751e-07,-0.00028135013417340815,-1.8806913431035355e-05,0.00028135013417340815,0.00043513302807696164,-1.3426325494947378e-05,-0.0017425795085728168,0.0025899943429976702,-0.003247156273573637,0,0,0,0,0,0,0,0,0,0,0,0,0,0,0,0,0,0,0,0,-5.4929198086028919e-05,-0.0022162790410220623,1.3286095054354519e-05,2.4023461264732759e-07,1.2783223723999981e-07,4.0858845750335604e-05,3.2318416742782574e-06,1.5096824427018873e-05,-0.0010912299621850252,0.00068747036857530475,-1.7749665914834623e-07,-1.9932604118366726e-06,-6.1374697679639212e-07,1.0080098036269192e-06,-0.00018930525402538478,0.0022040565963834524,1.0763985756057082e-06,3.3009201925657261e-13,-1.7565298987467365e-13,-5.6140869730825216e-11,-4.4407424786008232e-12,2.0743995063354781e-11,-0.0032059443183243275,-3.2484014809597284e-05,5.2782600512557565e-10,2.7388154678203991e-12,8.4316852545091026e-13,-1.3901321500170427e-12]}
resting_integrated_body=completed simulated_s=24.000001139938831 wall_s=473.80648404200002 real_time_factor=0.050653593710235888 physiology_body_clock=matched root_assistance=false presentation_qualification=pending
