rigid_source_rest_frames=passed source_body_count=103 maximum_COM_position_residual_m=6.26739049493e-08 maximum_orientation_unit_witness_residual_m=1.05692510994e-07 allowed_rest_reconstruction_residual_m=1e-06 rigid_sha256=2c78cb4150b97cea6e8169dad9e8f5dd59af667b247e07b56e48e857435560e4 boundary=consumed_reference_frame_join_not_source_authentication_or_loaded_motion
resting_mass_calibration source_composite_kg=97.1319506911 declared_reference_kg=72 executed_kg=71.9999993989 uniform_mass_inertia_scale=0.741259694099 measured_person=false additional_organ_or_blood_mass_kg=0
bone_orientation_semantics=unit_normalized_once_at_load bone_count=185 maximum_raw_norm_error=5.96046447754e-08 norm_admission_tolerance=0.00200000009499 bone_sha256=7d94e2f28ac6cea30c6c11a79919077acc40281636eb20b11b50b50aebd3ec49
tendon_bone_geometry=checked_bodyparts_subset bodyparts_envelope_count=160 fixed_sibling_envelope_count=0 external_surface_unverified_count=0 maximum_node_residual_m=2.77883934062e-07 allowed_point_residual_m=1e-06 tendon_sha256=52819336540a36621b60bd03b5084bd1d300ed2971673cfd0ccdb7eecfcb52b5 bone_sha256=7d94e2f28ac6cea30c6c11a79919077acc40281636eb20b11b50b50aebd3ec49 rigid_sha256=2c78cb4150b97cea6e8169dad9e8f5dd59af667b247e07b56e48e857435560e4 boundary=consumed_rest_surface_binding_not_loaded_or_clinical_qualification
tendon_payload=NHTENDON2 tendon_endpoints=832 tendon_point_bindings=672 tendon_triangle_bindings=0 tendon_envelope_bindings=160 tendon_migrated_envelope_bindings=0 tendon_max_reference_path_delta_m=0 tendon_max_architecture_scale_change=0 tendon_muscle_payload_sha256=e5bb8a8168706bb3b23cf42b1d849659569ba2e6027bcc85729c3110fdbb8c4b tendon_geometry_identity_verified=true tendon_bone_payload_sha256=7d94e2f28ac6cea30c6c11a79919077acc40281636eb20b11b50b50aebd3ec49
joint_equality_payload=NHEQ1 joint_equalities=51
pose_joint_ranges=passed enabled_range_count=118 failed_range_count=0 rigid_sha256=2c78cb4150b97cea6e8169dad9e8f5dd59af667b247e07b56e48e857435560e4 equality_sha256=0e3c593792a8c4ccd619f1999f6685b68e6ff0fd5ae5f6f0bca66b594a0e9b88 bone_sha256=7d94e2f28ac6cea30c6c11a79919077acc40281636eb20b11b50b50aebd3ec49 boundary=consumed_enabled_native_limits_after_NHEQ_projection_not_disabled_source_limits_or_loaded_motion
pose_q_override_count=0 root_pose_override=1 pose_q_equality_maximum_correction=0.0105060003698
resting_hand_model=rigid_reference_digits source_equalities=51 derived_internal_equalities=40 wrist_dofs=free root_constraint_rows=0 hand_function_simulated=0 body_mass_inertia_preserved=1
runtime=Numi Matter runtime initialized with eligible dense45 vascular solve device=Apple M4 Pro world_fingerprint=6434571789366693551 timestep_s=0.00200000009499
resting_body_source_fingerprint=641880629085435839 coupled_program_fingerprint=4792596392423709084
resting_passive_viscera=shared_torso_pelvis_field source_surfaces=79 caudal_m=-0.397011578083 cranial_m=-0.259147137403 upper_body=20 lower_body=128 independent_forces=false independent_mass=false organ_physiology=false
resting_lung_motion=basal_superior_sweep_v1 blend_start_m=-0.052405 blend_span_m=0.06 effective_area_m2=0.0187674622972
resting_initial_anatomical_registration={"body_poses":[{"body_index":20,"position_m":[-0.025000007823109627,-0.44271242618560791,0.096546053886413574],"quaternion_xyzw":[0.0061705871485173702,-0.70707988739013672,-0.0061705652624368668,0.70707988739013672]},{"body_index":128,"position_m":[-0.025055751204490662,-0.83042281866073608,0.11920696496963501],"quaternion_xyzw":[0.0058914260007441044,-0.70680069923400879,-0.005886733066290617,0.7073637843132019]}],"coordinate_source":"source pack transformed by native initialBodies before physical stepping","surfaces":[{"role":"upper_visceral_anchor","semantic":51010,"source_body_index":20,"stable_id":2,"torso_local_max_m":[0.1489698737859726,-0.06762242317199707,0.029034055769443512],"torso_local_min_m":[0.035220548510551453,-0.18552298843860626,-0.10645896196365356]},{"role":"upper_visceral_anchor","semantic":51010,"source_body_index":20,"stable_id":3,"torso_local_max_m":[0.10061360895633698,-0.14701209962368011,0.048131499439477921],"torso_local_min_m":[0.049258694052696228,-0.22131331264972687,-0.073365472257137299]},{"role":"upper_visceral_anchor","semantic":51010,"source_body_index":20,"stable_id":4,"torso_local_max_m":[0.065826825797557831,-0.15392428636550903,0.088104061782360077],"torso_local_min_m":[0.018313027918338776,-0.25914710760116577,0.030521268025040627]},{"role":"upper_visceral_anchor","semantic":51010,"source_body_index":20,"stable_id":5,"torso_local_max_m":[0.054068014025688171,-0.1345781683921814,-0.033227771520614624],"torso_local_min_m":[0.013165432959794998,-0.24133054912090302,-0.091208852827548981]},{"role":"upper_visceral_anchor","semantic":51010,"source_body_index":20,"stable_id":13,"torso_local_max_m":[0.095457650721073151,-0.10293921083211899,-0.056195467710494995],"torso_local_min_m":[-0.00033182650804519653,-0.17370373010635376,-0.11487260460853577]},{"role":"upper_visceral_anchor","semantic":51010,"source_body_index":20,"stable_id":14,"torso_local_max_m":[0.091583244502544403,-0.057399556040763855,0.032167300581932068],"torso_local_min_m":[0.054899297654628754,-0.13517054915428162,-0.011148050427436829]},{"role":"upper_visceral_anchor","semantic":51010,"source_body_index":20,"stable_id":15,"torso_local_max_m":[0.14529798924922943,-0.054803524166345596,-0.00016997754573822021],"torso_local_min_m":[0.044483475387096405,-0.10827997326850891,-0.081781387329101562]},{"role":"upper_visceral_anchor","semantic":51010,"source_body_index":20,"stable_id":16,"torso_local_max_m":[0.14555037021636963,-0.076950214803218842,0.0034730583429336548],"torso_local_min_m":[0.070841141045093536,-0.14232207834720612,-0.066602751612663269]},{"role":"upper_visceral_anchor","semantic":51010,"source_body_index":20,"stable_id":17,"torso_local_max_m":[0.14544790983200073,-0.046261340379714966,0.04582890123128891],"torso_local_min_m":[0.071815699338912964,-0.16987395286560059,-0.010366916656494141]},{"role":"upper_visceral_anchor","semantic":51010,"source_body_index":20,"stable_id":18,"torso_local_max_m":[0.14095832407474518,-0.1117347925901413,0.10171232372522354],"torso_local_min_m":[0.058839522302150726,-0.18475639820098877,0.027744609862565994]},{"role":"upper_visceral_anchor","semantic":51010,"source_body_index":20,"stable_id":19,"torso_local_max_m":[0.11320210993289948,-0.11827600747346878,0.11058175563812256],"torso_local_min_m":[-0.0012684613466262817,-0.20231522619724274,0.021600734442472458]},{"role":"upper_visceral_anchor","semantic":51010,"source_body_index":20,"stable_id":20,"torso_local_max_m":[0.10111340880393982,-0.050926655530929565,0.11093625426292419],"torso_local_min_m":[-0.0022434890270233154,-0.13834927976131439,0.019856229424476624]},{"role":"upper_visceral_anchor","semantic":51010,"source_body_index":20,"stable_id":21,"torso_local_max_m":[0.14313989877700806,-0.043088436126708984,0.10617084801197052],"torso_local_min_m":[0.025023393332958221,-0.12118934094905853,0.018454927951097488]},{"role":"upper_visceral_anchor","semantic":51010,"source_body_index":20,"stable_id":22,"torso_local_max_m":[0.15336306393146515,-0.041172627359628677,0.11002320796251297],"torso_local_min_m":[0.02455456554889679,-0.11670317500829697,0.017514020204544067]},{"role":"upper_visceral_anchor","semantic":51010,"source_body_index":20,"stable_id":461,"torso_local_max_m":[0.13303953409194946,-0.13353027403354645,0.063625447452068329],"torso_local_min_m":[0.084262087941169739,-0.17424784600734711,0.026906765997409821]},{"role":"pelvic_anchor","semantic":51010,"source_body_index":20,"stable_id":462,"torso_local_max_m":[0.08233652263879776,-0.39701157808303833,0.034268602728843689],"torso_local_min_m":[0.010075983591377735,-0.43757495284080505,-0.033010013401508331]},{"role":"pelvic_anchor","semantic":51010,"source_body_index":20,"stable_id":463,"torso_local_max_m":[0.050315443426370621,-0.4348473846912384,0.01782398484647274],"torso_local_min_m":[0.018116317689418793,-0.4553583562374115,-0.016720972955226898]}],"torso_body_index":20}
resting_support_geometry=full_registered_skin vertices=54949 regions=32 full_bin2026-10-06 02:24:06.563 numi-human-native[54957:16180444] +[NSXPCSharedListener endpointForReply:withListenerName:replyErrorCode:]: an error occurred while attempting to obtain endpoint for listener 'ClientCallsAuxiliary': Connection interrupted
2026-10-06 02:24:06.636 numi-human-native[54957:16180444] Human native framebuffer output: recording; window drawable unavailable
ding_count=86 region_sizes=[6907,1222,2796,2044,1525,1394,710,777,1891,1262,810,832,890,483,1328,1266,835,700,870,3097,4320,2043,1882,579,1199,1219,962,632,868,3302,4308,1996] force_owner=existing_metal_stand partition=source_rest_voronoi
resting_initialization=dynamic_release recruitment_activation_cap=0.01 normalized_residual_rms=146.157054343 maximum_acceleration_residual=576.853445741 balanced=false qualification=initialization_transient_not_static_equilibrium
compiled_support_geometry=admissible compiled_support_min_gap_m=-1.38777878078e-17 compiled_support_gap_tolerance_m=1e-06 compiled_support_activation_distance_m=0.002 compiled_support_separated_witnesses=31 compiled_support_max_separated_force_n=0 compiled_support_rejected_pose_candidates=0
human_stand_solver_path=split_candidate
resting_integrated_rejection=pass rejected_after_accepted_predecessor=true body_q_v_root_myo_unchanged=true circulation_and_clock_unchanged=true respiration_brain_history_unchanged=true retry_matches_uninterrupted_replay=true same_command_buffer_reject=pass accepted_prefix=2 rejected_step=2 inert_suffix=1
resting_native_profile step=32 command_ms=709.611542 gpu_ms=709.058624692 host_copy_ms=0.007417 full_state_readback=0
resting_native_profile step=64 command_ms=829.094584 gpu_ms=828.494708985 host_copy_ms=0.007125 full_state_readback=0
resting_native_profile step=96 command_ms=833.652542 gpu_ms=833.11637491 host_copy_ms=0.006125 full_state_readback=0
resting_native_profile step=128 command_ms=822.139417 gpu_ms=821.576916613 host_copy_ms=0.007875 full_state_readback=0
resting_native_profile step=160 command_ms=818.347208 gpu_ms=818.092291243 host_copy_ms=0.006459 full_state_readback=0
resting_native_profile step=192 command_ms=790.70375 gpu_ms=790.099250153 host_copy_ms=0.006166 full_state_readback=0
resting_native_profile step=224 command_ms=747.430791 gpu_ms=746.865124442 host_copy_ms=0.009084 full_state_readback=0
resting_native_profile step=256 command_ms=766.580667 gpu_ms=765.988916159 host_copy_ms=0.008791 full_state_readback=0
resting_native_profile step=288 command_ms=804.12075 gpu_ms=803.551957943 host_copy_ms=0.011625 full_state_readback=0
resting_native_profile step=320 command_ms=856.305709 gpu_ms=855.694999918 host_copy_ms=0.009458 full_state_readback=0
resting_native_profile step=352 command_ms=830.139041 gpu_ms=829.470833763 host_copy_ms=0.008917 full_state_readback=0
resting_native_profile step=384 command_ms=877.710375 gpu_ms=877.10387446 host_copy_ms=0.008834 full_state_readback=0
resting_native_profile step=416 command_ms=835.829875 gpu_ms=835.226625204 host_copy_ms=0.006375 full_state_readback=0
resting_native_profile step=448 command_ms=832.649041 gpu_ms=832.020875067 host_copy_ms=0.005709 full_state_readback=0
resting_native_profile step=480 command_ms=827.171583 gpu_ms=826.634875499 host_copy_ms=0.006792 full_state_readback=0
resting_native_profile step=512 command_ms=825.41025 gpu_ms=825.233750045 host_copy_ms=0.005792 full_state_readback=0
resting_native_profile step=544 command_ms=828.167084 gpu_ms=827.577374876 host_copy_ms=0.007916 full_state_readback=0
resting_native_profile step=576 command_ms=840.08 gpu_ms=839.481625706 host_copy_ms=0.0065 full_state_readback=0
resting_native_profile step=608 command_ms=834.400208 gpu_ms=833.871750161 host_copy_ms=4.946875 full_state_readback=0
resting_native_profile step=640 command_ms=825.895042 gpu_ms=825.319875032 host_copy_ms=0.006583 full_state_readback=0
accepted_geometry_export=/Users/n/numi-human-resting-evidence-20261005/contact-iterations64-native-052/accepted-geometry/step-639.mrvpack receipt=/Users/n/numi-human-resting-evidence-20261005/contact-iterations64-native-052/accepted-geometry/step-639.receipt.json accepted_root=0xaefa6f0268d061f7 pack_sha256=d25d78bb3f76f149a35a7422f87a30e1a1d962d1a6943dda5e9605459a9cc67a receipt_sha256=303f7f32dca105e57d187cbc3100785795d4f777b956061d5eceb30f0f1a96c3
resting_native_profile step=672 command_ms=835.958375 gpu_ms=835.464792326 host_copy_ms=0.00575 full_state_readback=0
resting_native_profile step=704 command_ms=833.672084 gpu_ms=833.094500005 host_copy_ms=0.006958 full_state_readback=0
resting_native_profile step=736 command_ms=831.637125 gpu_ms=831.010875292 host_copy_ms=0.006958 full_state_readback=0
resting_native_profile step=768 command_ms=830.5825 gpu_ms=830.041624606 host_copy_ms=0.008792 full_state_readback=0
resting_native_profile step=800 command_ms=832.987958 gpu_ms=832.43029099 host_copy_ms=0.007167 full_state_readback=0
resting_native_profile step=832 command_ms=832.096959 gpu_ms=831.901375204 host_copy_ms=0.00675 full_state_readback=0
resting_native_profile step=864 command_ms=828.380667 gpu_ms=827.827375382 host_copy_ms=0.006416 full_state_readback=0
resting_native_profile step=896 command_ms=835.260458 gpu_ms=835.071874782 host_copy_ms=0.007792 full_state_readback=0
resting_native_profile step=928 command_ms=836.40225 gpu_ms=835.86712461 host_copy_ms=0.007167 full_state_readback=0
resting_native_profile step=960 command_ms=830.842083 gpu_ms=830.236708745 host_copy_ms=1.60425 full_state_readback=0
resting_native_profile step=992 command_ms=837.318708 gpu_ms=836.719708517 host_copy_ms=0.008209 full_state_readback=0
resting_native_profile step=1024 command_ms=834.677708 gpu_ms=834.094207734 host_copy_ms=0.00675 full_state_readback=0
resting_native_profile step=1056 command_ms=838.22425 gpu_ms=837.592499331 host_copy_ms=0.007333 full_state_readback=0
resting_native_profile step=1088 command_ms=838.648084 gpu_ms=838.133458048 host_copy_ms=0.006916 full_state_readback=0
resting_native_profile step=1120 command_ms=833.917459 gpu_ms=833.302167244 host_copy_ms=0.006375 full_state_readback=0
resting_native_profile step=1152 command_ms=837.600667 gpu_ms=837.028292008 host_copy_ms=0.006458 full_state_readback=0
resting_native_profile step=1184 command_ms=846.431291 gpu_ms=845.856625587 host_copy_ms=0.006209 full_state_readback=0
resting_native_profile step=1216 command_ms=837.166708 gpu_ms=836.604166776 host_copy_ms=0.008334 full_state_readback=0
resting_native_profile step=1248 command_ms=841.396625 gpu_ms=840.755499899 host_copy_ms=0.006375 full_state_readback=0
resting_native_profile step=1280 command_ms=842.293709 gpu_ms=841.682874598 host_copy_ms=0.007625 full_state_readback=0
resting_native_profile step=1312 command_ms=852.183584 gpu_ms=851.662666537 host_copy_ms=0.005875 full_state_readback=0
resting_native_profile step=1344 command_ms=839.167459 gpu_ms=838.581250049 host_copy_ms=0.009041 full_state_readback=0
resting_native_profile step=1376 command_ms=843.771667 gpu_ms=843.584375456 host_copy_ms=0.005708 full_state_readback=0
resting_native_profile step=1408 command_ms=840.276667 gpu_ms=839.747708291 host_copy_ms=0.006125 full_state_readback=0
resting_native_profile step=1440 command_ms=844.925167 gpu_ms=844.321125187 host_copy_ms=0.006708 full_state_readback=0
resting_native_profile step=1472 command_ms=832.894041 gpu_ms=832.343874499 host_copy_ms=0.006542 full_state_readback=0
resting_native_profile step=1504 command_ms=836.208791 gpu_ms=835.585874505 host_copy_ms=0.00625 full_state_readback=0
resting_native_profile step=1536 command_ms=845.343917 gpu_ms=844.787750393 host_copy_ms=0.007792 full_state_readback=0
resting_native_profile step=1568 command_ms=843.053 gpu_ms=842.502874322 host_copy_ms=0.007 full_state_readback=0
resting_native_profile step=1600 command_ms=839.362167 gpu_ms=838.754874654 host_copy_ms=0.006042 full_state_readback=0
resting_native_profile step=1632 command_ms=839.946334 gpu_ms=839.412249625 host_copy_ms=0.006416 full_state_readback=0
resting_native_profile step=1664 command_ms=842.209 gpu_ms=841.656957753 host_copy_ms=0.006291 full_state_readback=0
resting_native_profile step=1696 command_ms=839.587792 gpu_ms=838.963749819 host_copy_ms=0.008875 full_state_readback=0
resting_native_profile step=1728 command_ms=833.661875 gpu_ms=833.143750206 host_copy_ms=0.0095 full_state_readback=0
resting_native_profile step=1760 command_ms=848.602375 gpu_ms=848.0790006 host_copy_ms=0.006875 full_state_readback=0
resting_native_profile step=1792 command_ms=840.703458 gpu_ms=840.040500276 host_copy_ms=0.006209 full_state_readback=0
resting_native_profile step=1824 command_ms=837.096667 gpu_ms=836.590250023 host_copy_ms=0.006291 full_state_readback=0
resting_native_profile step=1856 command_ms=846.917541 gpu_ms=846.319500357 host_copy_ms=0.007375 full_state_readback=0
resting_native_profile step=1888 command_ms=835.683292 gpu_ms=835.062333383 host_copy_ms=0.006875 full_state_readback=0
resting_native_profile step=1920 command_ms=840.203417 gpu_ms=839.662374929 host_copy_ms=0.007792 full_state_readback=0
resting_native_profile step=1952 command_ms=832.699083 gpu_ms=832.05037564 host_copy_ms=0.006542 full_state_readback=0
resting_native_profile step=1984 command_ms=834.844542 gpu_ms=834.194707684 host_copy_ms=0.006958 full_state_readback=0
resting_native_profile step=2016 command_ms=831.078334 gpu_ms=830.905333161 host_copy_ms=0.007208 full_state_readback=0
resting_native_profile step=2048 command_ms=839.353416 gpu_ms=839.170582592 host_copy_ms=0.006084 full_state_readback=0
resting_native_profile step=2080 command_ms=840.096875 gpu_ms=839.471666142 host_copy_ms=0.007458 full_state_readback=0
resting_native_profile step=2112 command_ms=859.774875 gpu_ms=859.227458946 host_copy_ms=0.010375 full_state_readback=0
resting_native_profile step=2144 command_ms=863.884583 gpu_ms=863.307499327 host_copy_ms=0.008917 full_state_readback=0
resting_native_profile step=2176 command_ms=866.559875 gpu_ms=865.922749974 host_copy_ms=0.008917 full_state_readback=0
resting_native_profile step=2208 command_ms=861.252 gpu_ms=860.698125325 host_copy_ms=0.0065 full_state_readback=0
resting_native_profile step=2240 command_ms=865.455625 gpu_ms=864.928750321 host_copy_ms=0.008 full_state_readback=0
resting_native_profile step=2272 command_ms=866.45575 gpu_ms=865.911499597 host_copy_ms=0.007 full_state_readback=0
resting_native_profile step=2304 command_ms=868.809833 gpu_ms=868.273041211 host_copy_ms=0.005875 full_state_readback=0
resting_native_profile step=2336 command_ms=869.866375 gpu_ms=869.234832935 host_copy_ms=0.005959 full_state_readback=0
resting_native_profile step=2368 command_ms=864.812292 gpu_ms=864.284457639 host_copy_ms=0.00825 full_state_readback=0
resting_native_profile step=2400 command_ms=860.684416 gpu_ms=860.108749941 host_copy_ms=0.007 full_state_readback=0
resting_native_profile step=2432 command_ms=864.770959 gpu_ms=864.248874597 host_copy_ms=0.00675 full_state_readback=0
resting_native_profile step=2464 command_ms=866.881709 gpu_ms=866.328707896 host_copy_ms=0.009875 full_state_readback=0
resting_native_profile step=2496 command_ms=866.629417 gpu_ms=866.007499397 host_copy_ms=0.008458 full_state_readback=0
resting_native_profile step=2528 command_ms=864.099167 gpu_ms=863.487250172 host_copy_ms=0.008458 full_state_readback=0
resting_native_profile step=2560 command_ms=857.699625 gpu_ms=857.096999884 host_copy_ms=0.007666 full_state_readback=0
resting_native_profile step=2592 command_ms=862.745584 gpu_ms=862.120166421 host_copy_ms=0.008083 full_state_readback=0
resting_native_profile step=2624 command_ms=857.848333 gpu_ms=857.218625024 host_copy_ms=0.007375 full_state_readback=0
resting_native_profile step=2656 command_ms=856.291292 gpu_ms=855.737250298 host_copy_ms=0.008708 full_state_readback=0
resting_native_profile step=2688 command_ms=863.025292 gpu_ms=862.82791663 host_copy_ms=0.006875 full_state_readback=0
resting_native_profile step=2720 command_ms=857.888125 gpu_ms=857.707583345 host_copy_ms=0.006833 full_state_readback=0
resting_native_profile step=2752 command_ms=869.12375 gpu_ms=868.487332948 host_copy_ms=0.007083 full_state_readback=0
resting_native_profile step=2784 command_ms=870.034458 gpu_ms=869.517249987 host_copy_ms=0.0075 full_state_readback=0
accepted_geometry_export=/Users/n/numi-human-resting-evidence-20261005/contact-iterations64-native-052/accepted-geometry/step-2783.mrvpack receipt=/Users/n/numi-human-resting-evidence-20261005/contact-iterations64-native-052/accepted-geometry/step-2783.receipt.json accepted_root=0xbf96fe88188131d7 pack_sha256=f8998745614f76878ed521d55a6ef4fb3d76b5b26815c008af0ba13ec68bd301 receipt_sha256=ac5f87fd2abe9fb91e162e3af9aeb6b79af89412752ec89f22c4586b0458e955
resting_native_profile step=2816 command_ms=867.484541 gpu_ms=867.040582933 host_copy_ms=0.008625 full_state_readback=0
resting_native_profile step=2848 command_ms=869.087166 gpu_ms=868.483874947 host_copy_ms=0.007042 full_state_readback=0
resting_native_profile step=2880 command_ms=858.843333 gpu_ms=858.280500397 host_copy_ms=0.008292 full_state_readback=0
resting_native_profile step=2912 command_ms=867.659917 gpu_ms=867.03716591 host_copy_ms=0.007708 full_state_readback=0
resting_native_profile step=2944 command_ms=867.383125 gpu_ms=867.198958993 host_copy_ms=0.006833 full_state_readback=0
resting_native_profile step=2976 command_ms=865.756292 gpu_ms=865.219583735 host_copy_ms=0.008208 full_state_readback=0
resting_native_profile step=3008 command_ms=866.11925 gpu_ms=865.512499586 host_copy_ms=0.008875 full_state_readback=0
resting_native_profile step=3040 command_ms=856.217333 gpu_ms=855.653125793 host_copy_ms=0.007542 full_state_readback=0
resting_native_profile step=3072 command_ms=864.0085 gpu_ms=863.395624794 host_copy_ms=0.007792 full_state_readback=0
resting_native_profile step=3104 command_ms=871.397291 gpu_ms=870.723624714 host_copy_ms=0.007959 full_state_readback=0
resting_native_profile step=3136 command_ms=862.039916 gpu_ms=861.490708776 host_copy_ms=0.010792 full_state_readback=0
resting_native_profile step=3168 command_ms=865.361583 gpu_ms=864.813374355 host_copy_ms=0.008125 full_state_readback=0
resting_native_profile step=3200 command_ms=858.35925 gpu_ms=857.803249732 host_copy_ms=0.007625 full_state_readback=0
resting_native_profile step=3232 command_ms=865.29625 gpu_ms=865.080624819 host_copy_ms=0.021125 full_state_readback=0
resting_native_profile step=3264 command_ms=865.017292 gpu_ms=864.399000071 host_copy_ms=0.008666 full_state_readback=0
resting_native_profile step=3296 command_ms=863.337708 gpu_ms=862.754249945 host_copy_ms=0.0075 full_state_readback=0
resting_native_profile step=3328 command_ms=855.324041 gpu_ms=854.685917497 host_copy_ms=0.008417 full_state_readback=0
resting_native_profile step=3360 command_ms=863.85075 gpu_ms=863.649374805 host_copy_ms=0.008917 full_state_readback=0
resting_native_profile step=3392 command_ms=856.487209 gpu_ms=855.929624289 host_copy_ms=0.007833 full_state_readback=0
resting_native_profile step=3424 command_ms=866.055625 gpu_ms=865.484874696 host_copy_ms=0.008042 full_state_readback=0
resting_native_profile step=3456 command_ms=862.803833 gpu_ms=862.607875839 host_copy_ms=0.007167 full_state_readback=0
resting_native_profile step=3488 command_ms=867.3145 gpu_ms=866.794541478 host_copy_ms=0.009667 full_state_readback=0
resting_native_profile step=3520 command_ms=859.267584 gpu_ms=858.726999722 host_copy_ms=0.0075 full_state_readback=0
resting_native_profile step=3552 command_ms=863.792167 gpu_ms=863.282000646 host_copy_ms=0.00625 full_state_readback=0
resting_native_profile step=3584 command_ms=861.379875 gpu_ms=860.83462555 host_copy_ms=0.007416 full_state_readback=0
resting_native_profile step=3616 command_ms=858.253208 gpu_ms=857.701875269 host_copy_ms=0.006625 full_state_readback=0
resting_native_profile step=3648 command_ms=864.456125 gpu_ms=863.890375011 host_copy_ms=0.005625 full_state_readback=0
resting_native_profile step=3680 command_ms=865.80225 gpu_ms=865.172374994 host_copy_ms=0.006 full_state_readback=0
resting_native_profile step=3712 command_ms=866.945666 gpu_ms=866.348541342 host_copy_ms=0.007542 full_state_readback=0
resting_native_profile step=3744 command_ms=871.793208 gpu_ms=871.240749955 host_copy_ms=0.006917 full_state_readback=0
resting_native_profile step=3776 command_ms=864.192667 gpu_ms=864.02254086 host_copy_ms=0.006458 full_state_readback=0
resting_native_profile step=3808 command_ms=857.219958 gpu_ms=856.726083905 host_copy_ms=0.006542 full_state_readback=0
resting_native_profile step=3840 command_ms=865.6715 gpu_ms=865.062458441 host_copy_ms=0.00975 full_state_readback=0
resting_native_profile step=3872 command_ms=859.84 gpu_ms=859.262375161 host_copy_ms=0.006834 full_state_readback=0
resting_native_profile step=3904 command_ms=865.280583 gpu_ms=864.63224981 host_copy_ms=0.00875 full_state_readback=0
resting_native_profile step=3936 command_ms=868.495834 gpu_ms=867.908999324 host_copy_ms=0.007125 full_state_readback=0
resting_native_profile step=3968 command_ms=866.99125 gpu_ms=866.435624659 host_copy_ms=0.006834 full_state_readback=0
resting_native_profile step=4000 command_ms=859.665208 gpu_ms=859.090416692 host_copy_ms=0.007209 full_state_readback=0
resting_native_profile step=4032 command_ms=864.749375 gpu_ms=864.202250727 host_copy_ms=0.006875 full_state_readback=0
resting_native_profile step=4064 command_ms=865.9235 gpu_ms=865.296167322 host_copy_ms=0.0065 full_state_readback=0
resting_native_profile step=4096 command_ms=865.87675 gpu_ms=865.235583857 host_copy_ms=0.006667 full_state_readback=0
resting_native_profile step=4128 command_ms=858.268458 gpu_ms=857.699000277 host_copy_ms=0.008834 full_state_readback=0
resting_native_profile step=4160 command_ms=863.580625 gpu_ms=862.937875092 host_copy_ms=0.007375 full_state_readback=0
resting_native_profile step=4192 command_ms=868.491708 gpu_ms=867.845624685 host_copy_ms=0.010083 full_state_readback=0
resting_native_profile step=4224 command_ms=863.495417 gpu_ms=863.315750845 host_copy_ms=0.008083 full_state_readback=0
resting_native_profile step=4256 command_ms=864.678625 gpu_ms=864.484249614 host_copy_ms=0.006458 full_state_readback=0
resting_native_profile step=4288 command_ms=866.575209 gpu_ms=866.047209129 host_copy_ms=0.007958 full_state_readback=0
resting_native_profile step=4320 command_ms=862.528959 gpu_ms=861.960999668 host_copy_ms=0.00675 full_state_readback=0
resting_native_profile step=4352 command_ms=861.778208 gpu_ms=861.204207875 host_copy_ms=0.009042 full_state_readback=0
resting_native_profile step=4384 command_ms=864.592708 gpu_ms=864.04875014 host_copy_ms=0.007333 full_state_readback=0
resting_native_profile step=4416 command_ms=862.696042 gpu_ms=862.081875093 host_copy_ms=0.006458 full_state_readback=0
resting_native_profile step=4448 command_ms=870.944209 gpu_ms=870.28404139 host_copy_ms=0.007041 full_state_readback=0
resting_native_profile step=4480 command_ms=861.00175 gpu_ms=860.328583047 host_copy_ms=0.006334 full_state_readback=0
resting_native_profile step=4512 command_ms=873.583833 gpu_ms=873.035999946 host_copy_ms=0.006 full_state_readback=0
resting_native_profile step=4544 command_ms=860.137834 gpu_ms=859.521249309 host_copy_ms=0.008458 full_state_readback=0
resting_native_profile step=4576 command_ms=863.410708 gpu_ms=862.879250199 host_copy_ms=0.008167 full_state_readback=0
resting_native_profile step=4608 command_ms=863.627833 gpu_ms=862.985499203 host_copy_ms=0.008292 full_state_readback=0
resting_native_profile step=4640 command_ms=868.231125 gpu_ms=867.634166963 host_copy_ms=0.005834 full_state_readback=0
resting_native_profile step=4672 command_ms=861.374792 gpu_ms=860.823124647 host_copy_ms=0.007166 full_state_readback=0
resting_native_profile step=4704 command_ms=865.815042 gpu_ms=865.231500007 host_copy_ms=0.006167 full_state_readback=0
resting_native_profile step=4736 command_ms=866.934542 gpu_ms=866.734749638 host_copy_ms=0.005791 full_state_readback=0
resting_native_profile step=4768 command_ms=865.779333 gpu_ms=865.187874995 host_copy_ms=0.008417 full_state_readback=0
resting_native_profile step=4800 command_ms=869.1435 gpu_ms=868.548999541 host_copy_ms=0.006833 full_state_readback=0
resting_native_profile step=4832 command_ms=869.646 gpu_ms=869.090791792 host_copy_ms=0.006792 full_state_readback=0
resting_native_profile step=4864 command_ms=864.837625 gpu_ms=864.294125699 host_copy_ms=0.007125 full_state_readback=0
resting_native_profile step=4896 command_ms=867.368625 gpu_ms=866.82162527 host_copy_ms=0.009416 full_state_readback=0
resting_native_profile step=4928 command_ms=866.5395 gpu_ms=865.953041241 host_copy_ms=0.00675 full_state_readback=0
resting_native_profile step=4960 command_ms=861.586875 gpu_ms=861.320417374 host_copy_ms=0.007334 full_state_readback=0
resting_native_profile step=4992 command_ms=869.210875 gpu_ms=868.6153749 host_copy_ms=0.008708 full_state_readback=0
resting_native_profile step=5024 command_ms=868.346667 gpu_ms=867.792417295 host_copy_ms=0.007625 full_state_readback=0
resting_native_profile step=5056 command_ms=867.287292 gpu_ms=866.709625348 host_copy_ms=0.006708 full_state_readback=0
resting_native_profile step=5088 command_ms=865.131083 gpu_ms=864.939124323 host_copy_ms=0.007292 full_state_readback=0
resting_native_profile step=5120 command_ms=859.454583 gpu_ms=858.926833607 host_copy_ms=0.006875 full_state_readback=0
resting_native_profile step=5152 command_ms=867.367375 gpu_ms=866.770416498 host_copy_ms=0.007917 full_state_readback=0
resting_native_profile step=5184 command_ms=869.345417 gpu_ms=868.826207705 host_copy_ms=0.008166 full_state_readback=0
resting_native_profile step=5216 command_ms=862.231791 gpu_ms=861.600125208 host_copy_ms=0.009042 full_state_readback=0
resting_native_profile step=5248 command_ms=870.053584 gpu_ms=869.458707981 host_copy_ms=0.009375 full_state_readback=0
resting_native_profile step=5280 command_ms=859.761708 gpu_ms=859.209666029 host_copy_ms=0.007 full_state_readback=0
resting_native_profile step=5312 command_ms=868.576584 gpu_ms=867.996125482 host_copy_ms=0.006958 full_state_readback=0
resting_native_profile step=5344 command_ms=863.34325 gpu_ms=863.168999553 host_copy_ms=0.006 full_state_readback=0
resting_native_profile step=5376 command_ms=864.831292 gpu_ms=864.650500007 host_copy_ms=0.006875 full_state_readback=0
resting_native_profile step=5408 command_ms=866.245417 gpu_ms=865.71437493 host_copy_ms=0.00725 full_state_readback=0
resting_native_profile step=5440 command_ms=864.05725 gpu_ms=863.530750386 host_copy_ms=0.008834 full_state_readback=0
resting_native_profile step=5472 command_ms=861.257042 gpu_ms=860.678624362 host_copy_ms=0.006542 full_state_readback=0
resting_native_profile step=5504 command_ms=864.166916 gpu_ms=863.601875491 host_copy_ms=0.006417 full_state_readback=0
resting_native_profile step=5536 command_ms=864.3565 gpu_ms=863.783125766 host_copy_ms=0.007375 full_state_readback=0
resting_native_profile step=5568 command_ms=861.399833 gpu_ms=860.840541311 host_copy_ms=0.006792 full_state_readback=0
resting_native_profile step=5600 command_ms=865.550708 gpu_ms=864.991707727 host_copy_ms=0.012417 full_state_readback=0
resting_native_profile step=5632 command_ms=868.882459 gpu_ms=868.282249197 host_copy_ms=0.007 full_state_readback=0
resting_native_profile step=5664 command_ms=864.576333 gpu_ms=863.996583968 host_copy_ms=0.008917 full_state_readback=0
resting_native_profile step=5696 command_ms=870.465791 gpu_ms=870.275083929 host_copy_ms=0.006959 full_state_readback=0
resting_native_profile step=5728 command_ms=862.23325 gpu_ms=861.711249687 host_copy_ms=0.006375 full_state_readback=0
resting_native_profile step=5760 command_ms=863.8425 gpu_ms=863.276749849 host_copy_ms=0.006 full_state_readback=0
resting_native_profile step=5792 command_ms=865.828 gpu_ms=865.274749696 host_copy_ms=0.00625 full_state_readback=0
resting_native_profile step=5824 command_ms=866.710458 gpu_ms=866.075708531 host_copy_ms=0.006834 full_state_readback=0
resting_native_profile step=5856 command_ms=859.561708 gpu_ms=858.997750096 host_copy_ms=0.005917 full_state_readback=0
resting_native_profile step=5888 command_ms=869.965167 gpu_ms=869.385999627 host_copy_ms=0.008917 full_state_readback=0
resting_native_profile step=5920 command_ms=861.612334 gpu_ms=861.060958356 host_copy_ms=0.008041 full_state_readback=0
resting_native_profile step=5952 command_ms=860.366125 gpu_ms=859.789333306 host_copy_ms=0.00875 full_state_readback=0
resting_native_profile step=5984 command_ms=860.709625 gpu_ms=860.089624301 host_copy_ms=0.007791 full_state_readback=0
resting_native_profile step=6016 command_ms=869.063417 gpu_ms=868.435416371 host_copy_ms=0.007333 full_state_readback=0
resting_native_profile step=6048 command_ms=868.383625 gpu_ms=867.803582922 host_copy_ms=0.00725 full_state_readback=0
resting_native_profile step=6080 command_ms=863.879 gpu_ms=863.714083098 host_copy_ms=0.005667 full_state_readback=0
resting_native_profile step=6112 command_ms=863.733541 gpu_ms=863.188625313 host_copy_ms=0.011417 full_state_readback=0
resting_native_profile step=6144 command_ms=866.962125 gpu_ms=866.40395876 host_copy_ms=0.008375 full_state_readback=0
resting_native_profile step=6176 command_ms=867.189958 gpu_ms=866.524875164 host_copy_ms=0.008375 full_state_readback=0
resting_native_profile step=6208 command_ms=864.561166 gpu_ms=863.970083185 host_copy_ms=0.008792 full_state_readback=0
resting_native_profile step=6240 command_ms=856.549292 gpu_ms=855.974374339 host_copy_ms=0.010458 full_state_readback=0
resting_native_profile step=6272 command_ms=868.535 gpu_ms=867.909541354 host_copy_ms=0.00925 full_state_readback=0
resting_native_profile step=6304 command_ms=866.040542 gpu_ms=865.395249799 host_copy_ms=0.013375 full_state_readback=0
resting_native_profile step=6336 command_ms=865.15725 gpu_ms=864.450624213 host_copy_ms=0.010542 full_state_readback=0
resting_native_profile step=6368 command_ms=862.870709 gpu_ms=862.266125157 host_copy_ms=0.008541 full_state_readback=0
resting_native_profile step=6400 command_ms=868.580916 gpu_ms=867.917624302 host_copy_ms=0.009167 full_state_readback=0
resting_native_profile step=6432 command_ms=864.666291 gpu_ms=864.066999406 host_copy_ms=0.008 full_state_readback=0
resting_native_profile step=6464 command_ms=860.639583 gpu_ms=860.019000247 host_copy_ms=0.008042 full_state_readback=0
resting_native_profile step=6496 command_ms=864.702625 gpu_ms=864.165999927 host_copy_ms=0.006625 full_state_readback=0
resting_native_profile step=6528 command_ms=868.951125 gpu_ms=868.348749354 host_copy_ms=0.0065 full_state_readback=0
resting_native_profile step=6560 command_ms=861.955709 gpu_ms=861.399624497 host_copy_ms=0.006458 full_state_readback=0
resting_native_profile step=6592 command_ms=866.140458 gpu_ms=865.604750812 host_copy_ms=0.006292 full_state_readback=0
resting_native_profile step=6624 command_ms=865.83325 gpu_ms=865.583083592 host_copy_ms=0.009542 full_state_readback=0
resting_native_profile step=6656 command_ms=861.432167 gpu_ms=860.915624537 host_copy_ms=0.008792 full_state_readback=0
resting_native_profile step=6688 command_ms=865.583666 gpu_ms=865.069625899 host_copy_ms=0.008375 full_state_readback=0
resting_native_profile step=6720 command_ms=857.695458 gpu_ms=857.151291333 host_copy_ms=0.009 full_state_readback=0
resting_native_profile step=6752 command_ms=869.229667 gpu_ms=869.026999921 host_copy_ms=0.007833 full_state_readback=0
resting_native_profile step=6784 command_ms=864.369291 gpu_ms=863.812375814 host_copy_ms=0.010292 full_state_readback=0
resting_native_profile step=6816 command_ms=870.740667 gpu_ms=870.124249719 host_copy_ms=0.006666 full_state_readback=0
resting_native_profile step=6848 command_ms=865.9605 gpu_ms=865.337791853 host_copy_ms=0.008125 full_state_readback=0
resting_native_profile step=6880 command_ms=862.554375 gpu_ms=861.999792047 host_copy_ms=0.00725 full_state_readback=0
resting_native_profile step=6912 command_ms=860.055083 gpu_ms=859.542165883 host_copy_ms=0.008 full_state_readback=0
resting_native_profile step=6944 command_ms=870.367583 gpu_ms=870.169375092 host_copy_ms=0.009 full_state_readback=0
resting_native_profile step=6976 command_ms=866.690167 gpu_ms=866.07575044 host_copy_ms=0.007333 full_state_readback=0
resting_native_profile step=7008 command_ms=873.215459 gpu_ms=872.605249286 host_copy_ms=0.007083 full_state_readback=0
resting_native_profile step=7040 command_ms=862.324 gpu_ms=861.802957952 host_copy_ms=0.007583 full_state_readback=0
resting_native_profile step=7072 command_ms=866.825292 gpu_ms=866.274499334 host_copy_ms=0.0085 full_state_readback=0
resting_native_profile step=7104 command_ms=870.282875 gpu_ms=869.660833851 host_copy_ms=0.008 full_state_readback=0
resting_native_profile step=7136 command_ms=874.682375 gpu_ms=874.448125251 host_copy_ms=0.010208 full_state_readback=0
resting_native_profile step=7168 command_ms=873.274 gpu_ms=872.686624527 host_copy_ms=0.008459 full_state_readback=0
resting_native_profile step=7200 command_ms=868.651917 gpu_ms=867.982500233 host_copy_ms=0.008042 full_state_readback=0
resting_native_profile step=7232 command_ms=870.434792 gpu_ms=869.81616728 host_copy_ms=0.00825 full_state_readback=0
resting_native_profile step=7264 command_ms=873.973875 gpu_ms=873.345583677 host_copy_ms=0.007958 full_state_readback=0
resting_native_profile step=7296 command_ms=870.989416 gpu_ms=870.385249145 host_copy_ms=0.007667 full_state_readback=0
resting_native_profile step=7328 command_ms=870.165833 gpu_ms=869.61762514 host_copy_ms=0.00875 full_state_readback=0
resting_native_profile step=7360 command_ms=864.460125 gpu_ms=863.836000673 host_copy_ms=0.0075 full_state_readback=0
resting_native_profile step=7392 command_ms=867.333875 gpu_ms=866.736332886 host_copy_ms=0.00775 full_state_readback=0
resting_native_profile step=7424 command_ms=867.399959 gpu_ms=866.883375682 host_copy_ms=0.008916 full_state_readback=0
resting_native_profile step=7456 command_ms=875.232625 gpu_ms=874.659666792 host_copy_ms=0.007333 full_state_readback=0
resting_native_profile step=7488 command_ms=872.771916 gpu_ms=872.225750238 host_copy_ms=0.010584 full_state_readback=0
resting_native_profile step=7520 command_ms=864.279167 gpu_ms=863.693250343 host_copy_ms=0.007291 full_state_readback=0
resting_native_profile step=7552 command_ms=867.354791 gpu_ms=866.776749492 host_copy_ms=0.008375 full_state_readback=0
resting_native_profile step=7584 command_ms=866.0645 gpu_ms=865.534250624 host_copy_ms=0.007875 full_state_readback=0
resting_native_profile step=7616 command_ms=873.081375 gpu_ms=872.516166419 host_copy_ms=0.007875 full_state_readback=0
resting_native_profile step=7648 command_ms=863.350584 gpu_ms=862.740458921 host_copy_ms=0.007416 full_state_readback=0
resting_native_profile step=7680 command_ms=865.307667 gpu_ms=864.586709067 host_copy_ms=0.009291 full_state_readback=0
resting_native_profile step=7712 command_ms=860.000666 gpu_ms=859.478624538 host_copy_ms=0.007917 full_state_readback=0
resting_native_profile step=7744 command_ms=859.761625 gpu_ms=859.296833165 host_copy_ms=0.007459 full_state_readback=0
resting_native_profile step=7776 command_ms=862.517792 gpu_ms=861.960167065 host_copy_ms=0.00725 full_state_readback=0
resting_native_profile step=7808 command_ms=867.8805 gpu_ms=867.313541472 host_copy_ms=0.007791 full_state_readback=0
resting_native_profile step=7840 command_ms=874.363917 gpu_ms=873.84899985 host_copy_ms=0.008417 full_state_readback=0
resting_native_profile step=7872 command_ms=867.127959 gpu_ms=866.573709063 host_copy_ms=0.007458 full_state_readback=0
resting_native_profile step=7904 command_ms=870.780584 gpu_ms=870.257041417 host_copy_ms=0.009166 full_state_readback=0
resting_native_profile step=7936 command_ms=869.78225 gpu_ms=869.165916927 host_copy_ms=0.007417 full_state_readback=0
resting_native_profile step=7968 command_ms=866.461292 gpu_ms=866.287374869 host_copy_ms=0.006333 full_state_readback=0
resting_native_profile step=8000 command_ms=864.68225 gpu_ms=864.146874286 host_copy_ms=0.008167 full_state_readback=0
resting_native_profile step=8032 command_ms=854.726125 gpu_ms=854.155625217 host_copy_ms=0.007417 full_state_readback=0
resting_native_profile step=8064 command_ms=868.013792 gpu_ms=867.440957576 host_copy_ms=0.007667 full_state_readback=0
resting_native_profile step=8096 command_ms=872.517916 gpu_ms=871.927917004 host_copy_ms=0.007667 full_state_readback=0
resting_native_profile step=8128 command_ms=863.561167 gpu_ms=863.011083566 host_copy_ms=0.009166 full_state_readback=0
resting_native_profile step=8160 command_ms=870.629708 gpu_ms=870.044750161 host_copy_ms=0.0085 full_state_readback=0
resting_native_profile step=8192 command_ms=862.051583 gpu_ms=861.504625529 host_copy_ms=0.01025 full_state_readback=0
resting_native_profile step=8224 command_ms=865.451041 gpu_ms=864.894625731 host_copy_ms=0.008542 full_state_readback=0
resting_native_profile step=8256 command_ms=874.140833 gpu_ms=873.493875377 host_copy_ms=0.007042 full_state_readback=0
resting_native_profile step=8288 command_ms=865.12625 gpu_ms=864.581624977 host_copy_ms=0.008625 full_state_readback=0
resting_native_profile step=8320 command_ms=865.369667 gpu_ms=864.779958501 host_copy_ms=0.008708 full_state_readback=0
resting_native_profile step=8352 command_ms=871.012833 gpu_ms=870.396333747 host_copy_ms=0.007792 full_state_readback=0
resting_native_profile step=8384 command_ms=861.623917 gpu_ms=861.068875529 host_copy_ms=0.0075 full_state_readback=0
resting_native_profile step=8416 command_ms=868.555875 gpu_ms=867.928625084 host_copy_ms=0.007917 full_state_readback=0
resting_native_profile step=8448 command_ms=862.815125 gpu_ms=862.211166881 host_copy_ms=0.007666 full_state_readback=0
resting_native_profile step=8480 command_ms=873.584541 gpu_ms=872.928000055 host_copy_ms=0.018417 full_state_readback=0
resting_native_profile step=8512 command_ms=873.198458 gpu_ms=872.657082975 host_copy_ms=0.01575 full_state_readback=0
resting_native_profile step=8544 command_ms=874.9095 gpu_ms=874.263999984 host_copy_ms=0.021709 full_state_readback=0
resting_native_profile step=8576 command_ms=877.492708 gpu_ms=876.840833575 host_copy_ms=0.014584 full_state_readback=0
resting_native_profile step=8608 command_ms=880.300167 gpu_ms=879.711249843 host_copy_ms=0.014208 full_state_readback=0
resting_native_profile step=8640 command_ms=883.433667 gpu_ms=882.87324924 host_copy_ms=0.014625 full_state_readback=0
resting_native_profile step=8672 command_ms=865.0795 gpu_ms=864.419958554 host_copy_ms=0.018625 full_state_readback=0
resting_native_profile step=8704 command_ms=873.405333 gpu_ms=872.749499977 host_copy_ms=0.014833 full_state_readback=0
resting_native_profile step=8736 command_ms=879.544875 gpu_ms=878.977499902 host_copy_ms=0.015167 full_state_readback=0
resting_native_profile step=8768 command_ms=882.993917 gpu_ms=882.446416654 host_copy_ms=0.0145 full_state_readback=0
resting_native_profile step=8800 command_ms=879.65225 gpu_ms=879.058958031 host_copy_ms=0.014958 full_state_readback=0
resting_native_profile step=8832 command_ms=879.417625 gpu_ms=878.842458129 host_copy_ms=0.011667 full_state_readback=0
resting_native_profile step=8864 command_ms=872.784166 gpu_ms=872.190957889 host_copy_ms=0.012459 full_state_readback=0
resting_native_profile step=8896 command_ms=871.143875 gpu_ms=870.58508303 host_copy_ms=0.01975 full_state_readback=0
resting_native_profile step=8928 command_ms=883.88525 gpu_ms=883.329291828 host_copy_ms=0.014541 full_state_readback=0
resting_native_profile step=8960 command_ms=881.274667 gpu_ms=880.634292029 host_copy_ms=0.014708 full_state_readback=0
resting_native_profile step=8992 command_ms=876.929833 gpu_ms=876.323000528 host_copy_ms=0.01175 full_state_readback=0
resting_native_profile step=9024 command_ms=874.639 gpu_ms=874.027707614 host_copy_ms=0.013791 full_state_readback=0
resting_native_profile step=9056 command_ms=874.955292 gpu_ms=874.373541214 host_copy_ms=0.0145 full_state_readback=0
resting_native_profile step=9088 command_ms=877.149583 gpu_ms=876.594624482 host_copy_ms=0.017792 full_state_readback=0
resting_native_profile step=9120 command_ms=867.115208 gpu_ms=866.462291218 host_copy_ms=0.019917 full_state_readback=0
resting_native_profile step=9152 command_ms=872.040416 gpu_ms=871.72299996 host_copy_ms=0.015125 full_state_readback=0
resting_native_profile step=9184 command_ms=874.067084 gpu_ms=873.394499533 host_copy_ms=0.014625 full_state_readback=0
resting_native_profile step=9216 command_ms=878.831292 gpu_ms=878.275625408 host_copy_ms=0.013875 full_state_readback=0
resting_native_profile step=9248 command_ms=873.52375 gpu_ms=873.232875019 host_copy_ms=0.017208 full_state_readback=0
resting_native_profile step=9280 command_ms=872.894291 gpu_ms=872.28487432 host_copy_ms=0.012542 full_state_readback=0
resting_native_profile step=9312 command_ms=871.122375 gpu_ms=870.558791794 host_copy_ms=0.016458 full_state_readback=0
accepted_geometry_export=/Users/n/numi-human-resting-evidence-20261005/contact-iterations64-native-052/accepted-geometry/step-9311.mrvpack receipt=/Users/n/numi-human-resting-evidence-20261005/contact-iterations64-native-052/accepted-geometry/step-9311.receipt.json accepted_root=0xc136f8ba642d2657 pack_sha256=6e1497340fab60078076b443c2cefbc0daea47bc132a52298fc3ff773c3fad31 receipt_sha256=c8413fd89e05c10608f1042d166ae3a76ce807cec111c274455b6806dd761b87
resting_native_profile step=9344 command_ms=890.364292 gpu_ms=889.839333482 host_copy_ms=0.016 full_state_readback=0
resting_native_profile step=9376 command_ms=871.336208 gpu_ms=870.745916851 host_copy_ms=0.014709 full_state_readback=0
resting_native_profile step=9408 command_ms=869.368375 gpu_ms=868.741958402 host_copy_ms=0.014834 full_state_readback=0
resting_native_profile step=9440 command_ms=871.853709 gpu_ms=871.31491676 host_copy_ms=0.011291 full_state_readback=0
resting_native_profile step=9472 command_ms=872.462583 gpu_ms=871.844416484 host_copy_ms=0.011208 full_state_readback=0
resting_native_profile step=9504 command_ms=879.139583 gpu_ms=878.555375151 host_copy_ms=0.012792 full_state_readback=0
resting_native_profile step=9536 command_ms=883.703666 gpu_ms=883.508624509 host_copy_ms=0.013292 full_state_readback=0
resting_native_profile step=9568 command_ms=883.142083 gpu_ms=882.564749569 host_copy_ms=0.020833 full_state_readback=0
resting_native_profile step=9600 command_ms=880.32525 gpu_ms=879.65766713 host_copy_ms=0.01225 full_state_readback=0
resting_native_profile step=9632 command_ms=877.075042 gpu_ms=876.428625546 host_copy_ms=0.013625 full_state_readback=0
resting_native_profile step=9664 command_ms=883.212292 gpu_ms=882.635749876 host_copy_ms=0.011583 full_state_readback=0
resting_native_profile step=9696 command_ms=871.457083 gpu_ms=870.904874988 host_copy_ms=0.011292 full_state_readback=0
resting_native_profile step=9728 command_ms=882.828417 gpu_ms=882.260832936 host_copy_ms=0.011166 full_state_readback=0
resting_native_profile step=9760 command_ms=873.412209 gpu_ms=872.788875364 host_copy_ms=0.014 full_state_readback=0
resting_native_profile step=9792 command_ms=877.229208 gpu_ms=876.597624272 host_copy_ms=0.013584 full_state_readback=0
resting_native_profile step=9824 command_ms=871.516292 gpu_ms=870.953375474 host_copy_ms=0.013458 full_state_readback=0
resting_native_profile step=9856 command_ms=879.661167 gpu_ms=879.061416723 host_copy_ms=0.015416 full_state_readback=0
resting_native_profile step=9888 command_ms=866.640667 gpu_ms=866.03708379 host_copy_ms=0.011458 full_state_readback=0
resting_native_profile step=9920 command_ms=878.21925 gpu_ms=878.018874675 host_copy_ms=0.019834 full_state_readback=0
resting_native_profile step=9952 command_ms=876.853292 gpu_ms=876.321541145 host_copy_ms=0.011041 full_state_readback=0
resting_native_profile step=9984 command_ms=878.773667 gpu_ms=878.157374449 host_copy_ms=0.013666 full_state_readback=0
resting_native_profile step=10016 command_ms=876.955333 gpu_ms=876.309874468 host_copy_ms=0.01425 full_state_readback=0
resting_native_profile step=10048 command_ms=870.536667 gpu_ms=869.983291253 host_copy_ms=0.014 full_state_readback=0
resting_native_profile step=10080 command_ms=882.090708 gpu_ms=881.892374717 host_copy_ms=0.013708 full_state_readback=0
resting_native_profile step=10112 command_ms=880.815084 gpu_ms=880.242291838 host_copy_ms=0.011416 full_state_readback=0
resting_native_profile step=10144 command_ms=874.566166 gpu_ms=874.002667144 host_copy_ms=0.017209 full_state_readback=0
resting_native_profile step=10176 command_ms=873.147209 gpu_ms=872.755750082 host_copy_ms=0.016375 full_state_readback=0
resting_native_profile step=10208 command_ms=877.317667 gpu_ms=876.662999392 host_copy_ms=0.016 full_state_readback=0
resting_native_profile step=10240 command_ms=879.045084 gpu_ms=878.483667038 host_copy_ms=0.014791 full_state_readback=0
resting_native_profile step=10272 command_ms=878.625209 gpu_ms=878.070708364 host_copy_ms=0.020833 full_state_readback=0
resting_native_profile step=10304 command_ms=878.185417 gpu_ms=877.611625008 host_copy_ms=0.0125 full_state_readback=0
resting_native_profile step=10336 command_ms=880.617542 gpu_ms=880.032666959 host_copy_ms=0.01375 full_state_readback=0
resting_native_profile step=10368 command_ms=876.291584 gpu_ms=875.710874796 host_copy_ms=0.013833 full_state_readback=0
resting_native_profile step=10400 command_ms=880.61275 gpu_ms=880.421499722 host_copy_ms=0.01425 full_state_readback=0
resting_native_profile step=10432 command_ms=878.311209 gpu_ms=878.116999753 host_copy_ms=0.013333 full_state_readback=0
resting_native_profile step=10464 command_ms=876.506167 gpu_ms=875.919499435 host_copy_ms=0.015583 full_state_readback=0
resting_native_profile step=10496 command_ms=878.885833 gpu_ms=878.257000819 host_copy_ms=0.013708 full_state_readback=0
resting_native_profile step=10528 command_ms=877.8605 gpu_ms=877.253750339 host_copy_ms=0.012 full_state_readback=0
resting_native_profile step=10560 command_ms=866.178375 gpu_ms=865.557041019 host_copy_ms=0.017583 full_state_readback=0
resting_native_profile step=10592 command_ms=877.340042 gpu_ms=876.748832874 host_copy_ms=0.013042 full_state_readback=0
resting_native_profile step=10624 command_ms=862.14 gpu_ms=861.526874825 host_copy_ms=0.016875 full_state_readback=0
resting_native_profile step=10656 command_ms=867.845167 gpu_ms=867.215749808 host_copy_ms=0.015083 full_state_readback=0
resting_native_profile step=10688 command_ms=862.865334 gpu_ms=862.286332995 host_copy_ms=0.014 full_state_readback=0
resting_native_profile step=10720 command_ms=861.086333 gpu_ms=860.524374992 host_copy_ms=0.015458 full_state_readback=0
resting_native_profile step=10752 command_ms=859.389167 gpu_ms=858.762750402 host_copy_ms=0.014292 full_state_readback=0
resting_native_profile step=10784 command_ms=872.3655 gpu_ms=871.770124882 host_copy_ms=0.014833 full_state_readback=0
resting_native_profile step=10816 command_ms=857.584875 gpu_ms=857.380500063 host_copy_ms=0.011375 full_state_readback=0
resting_native_profile step=10848 command_ms=870.650625 gpu_ms=870.009874925 host_copy_ms=0.01375 full_state_readback=0
resting_native_profile step=10880 command_ms=866.826875 gpu_ms=866.628458723 host_copy_ms=0.013584 full_state_readback=0
resting_native_profile step=10912 command_ms=862.072667 gpu_ms=861.51162535 host_copy_ms=0.01125 full_state_readback=0
resting_native_profile step=10944 command_ms=861.0765 gpu_ms=860.533333384 host_copy_ms=0.01325 full_state_readback=0
resting_native_profile step=10976 command_ms=867.087083 gpu_ms=866.892250255 host_copy_ms=0.016 full_state_readback=0
resting_native_profile step=11008 command_ms=865.489042 gpu_ms=864.898416214 host_copy_ms=0.011625 full_state_readback=0
resting_native_profile step=11040 command_ms=890.908 gpu_ms=890.329999849 host_copy_ms=0.011833 full_state_readback=0
resting_native_profile step=11072 command_ms=896.2 gpu_ms=895.56212537 host_copy_ms=0.011834 full_state_readback=0
resting_native_profile step=11104 command_ms=894.916708 gpu_ms=894.324791618 host_copy_ms=0.01425 full_state_readback=0
resting_native_profile step=11136 command_ms=889.54375 gpu_ms=888.943457976 host_copy_ms=0.013542 full_state_readback=0
resting_native_profile step=11168 command_ms=897.724875 gpu_ms=897.16487471 host_copy_ms=0.011458 full_state_readback=0
resting_native_profile step=11200 command_ms=895.904708 gpu_ms=895.158625208 host_copy_ms=0.013417 full_state_readback=0
resting_native_profile step=11232 command_ms=895.02775 gpu_ms=894.453916699 host_copy_ms=0.013792 full_state_readback=0
resting_native_profile step=11264 command_ms=897.606875 gpu_ms=897.019125521 host_copy_ms=0.013834 full_state_readback=0
resting_native_profile step=11296 command_ms=887.371375 gpu_ms=886.760124937 host_copy_ms=0.013791 full_state_readback=0
resting_native_profile step=11328 command_ms=903.22125 gpu_ms=902.627499774 host_copy_ms=0.016042 full_state_readback=0
resting_native_profile step=11360 command_ms=895.91675 gpu_ms=895.335291512 host_copy_ms=0.0135 full_state_readback=0
resting_native_profile step=11392 command_ms=891.680584 gpu_ms=891.114583239 host_copy_ms=0.021666 full_state_readback=0
resting_native_profile step=11424 command_ms=897.157625 gpu_ms=896.565291099 host_copy_ms=0.017083 full_state_readback=0
resting_native_profile step=11456 command_ms=882.867291 gpu_ms=882.539499551 host_copy_ms=0.019542 full_state_readback=0
resting_native_profile step=11488 command_ms=883.2405 gpu_ms=882.690499537 host_copy_ms=0.017209 full_state_readback=0
resting_native_profile step=11520 command_ms=894.446708 gpu_ms=893.783542328 host_copy_ms=0.009292 full_state_readback=0
resting_native_profile step=11552 command_ms=886.813625 gpu_ms=886.225624941 host_copy_ms=0.00825 full_state_readback=0
resting_native_profile step=11584 command_ms=884.066416 gpu_ms=883.468250744 host_copy_ms=0.007459 full_state_readback=0
resting_native_profile step=11616 command_ms=889.654833 gpu_ms=889.063916169 host_copy_ms=0.005875 full_state_readback=0
resting_native_profile step=11648 command_ms=889.155083 gpu_ms=888.559124433 host_copy_ms=0.006958 full_state_readback=0
resting_native_profile step=11680 command_ms=894.994458 gpu_ms=894.356916659 host_copy_ms=0.008958 full_state_readback=0
resting_native_profile step=11712 command_ms=890.382417 gpu_ms=889.766375534 host_copy_ms=0.005917 full_state_readback=0
resting_native_profile step=11744 command_ms=883.14575 gpu_ms=882.588999346 host_copy_ms=0.008333 full_state_readback=0
resting_native_profile step=11776 command_ms=888.003708 gpu_ms=887.532125227 host_copy_ms=0.0075 full_state_readback=0
resting_native_profile step=11808 command_ms=897.42775 gpu_ms=896.837833337 host_copy_ms=0.006208 full_state_readback=0
resting_native_profile step=11840 command_ms=881.721709 gpu_ms=881.127041765 host_copy_ms=0.007416 full_state_readback=0
resting_native_profile step=11872 command_ms=882.415542 gpu_ms=881.887082942 host_copy_ms=0.006333 full_state_readback=0
resting_native_profile step=11904 command_ms=882.67075 gpu_ms=882.478416897 host_copy_ms=0.00625 full_state_readback=0
resting_native_profile step=11936 command_ms=884.682292 gpu_ms=884.159125388 host_copy_ms=0.006125 full_state_readback=0
resting_native_profile step=11968 command_ms=886.09025 gpu_ms=885.494749993 host_copy_ms=0.018667 full_state_readback=0
resting_native_profile step=12000 command_ms=887.799208 gpu_ms=887.565582991 host_copy_ms=0.071375 full_state_readback=1
accepted_geometry_export=/Users/n/numi-human-resting-evidence-20261005/contact-iterations64-native-052/accepted-geometry/step-11999.mrvpack receipt=/Users/n/numi-human-resting-evidence-20261005/contact-iterations64-native-052/accepted-geometry/step-11999.receipt.json accepted_root=0x88b0e473961605d7 pack_sha256=53feff21ddbb57e0437c3f92b5a84986c0857d8001461c6ba4211d01399e6b2a receipt_sha256=16ee34348f4194d843881951233ba1d59d80db8045344ba1704e884a4829a6ee
stand_terminal_state={"schema":"numi.human.legacy-stand-terminal.v1","step_count":12000,"timestep_seconds":0.002,"root_assistance":false,"initial_q":[-0.05000000074505806,0.20000000298023224,0.10715460777282715,-0.70090925693511963,0,0,0.71325045824050903,0,0,0,0,0,0,0,0,0,0,0,0,0,0,0,0,0,0,0,0,0,0,0,0,0,0,0,0,0,0,0,0,0,0,0,0,0,0,0,0,0,0,0,0,0,0,0,0,0,0,0,0,0,0,0,0,0,0,0,0,0,0,0,0,0,0,0,0,0,0,0,0,0,0,0,0,0,0,0,0,0,0,0,0,0,0,0,0,0,0,0,0,0,0,0,0,0,7.6925396608196195e-11,9.537330214470785e-08,0,-1.4732499664660281e-08,1.0893900004305124e-08,0,0,0,0,0,0.010506000369787216,0,0,0,-7.6925396608196195e-11,9.537330214470785e-08,0,-1.4732499664660281e-08,-1.0893900004305124e-08,0,0,0,0,0,0.010506000369787216],"initial_v":[0,0,0,0,0,0,0,0,0,0,0,0,0,0,0,0,0,0,0,0,0,0,0,0,0,0,0,0,0,0,0,0,0,0,0,0,0,0,0,0,0,0,0,0,0,0,0,0,0,0,0,0,0,0,0,0,0,0,0,0,0,0,0,0,0,0,0,0,0,0,0,0,0,0,0,0,0,0,0,0,0,0,0,0,0,0,0,0,0,0,0,0,0,0,0,0,0,0,0,0,0,0,0,0,0,0,0,0,0,0,0,0,0,0,0,0,0,0,0,0,0,0,0,0,0,0,0,0],"q":[-0.062131103128194809,0.17252644896507263,-0.19660069048404694,-0.79569905996322632,-0.0026480692904442549,0.0051102116703987122,0.60566484928131104,-0.25289574265480042,-0.014076733030378819,-0.0052004493772983551,0,0,-0.16258667409420013,-0.046785712242126465,-0.0025492962449789047,-0.00019647298904601485,-0.051590729504823685,-0.0034530225675553083,-0.00019647298904601485,-0.058418918401002884,-0.0035205907188355923,-0.00016178598161786795,-0.064488410949707031,-0.0026464257389307022,-0.00015024098684079945,-3.61596641518247e-10,1.5315559931394773e-10,-1.5315559931394773e-10,3.61596641518247e-10,-7.3215843110485679e-11,5.9170357502580373e-10,2.6596777558118845e-10,-2.6596777558118845e-10,-5.9170357502580373e-10,7.3215843110485679e-11,0.0036336234770715237,1.4942009851637295e-09,-0.0036336234770715237,-0.28780591487884521,-9.8791394975705771e-07,-0.19375136494636536,0.024354349821805954,-0.012890725396573544,0,0,0,0,0,0,0,0,0,0,0,0,0,0,0,0,0,0,0,0,-5.0554660457891032e-10,2.141261473687095e-10,-2.141261473687095e-10,5.0554660457891032e-10,-1.0236274328168093e-10,8.2725809535943995e-10,3.7184835766090885e-10,-3.7184835766090885e-10,-8.2725809535943995e-10,1.0236274328168093e-10,-0.0032856995239853859,2.0890356111635811e-09,0.0032856995239853859,-0.26967296004295349,1.2017336015190949e-09,-0.22935117781162262,0.028111502528190613,-0.025646418333053589,0,0,0,0,0,0,0,0,0,0,0,0,0,0,0,0,0,0,0,0,-0.34453192353248596,-0.041727274656295776,-0.69813233613967896,1.252289660857997e-10,9.539900958088765e-08,8.2152968872151177e-09,-1.4082670141135623e-08,1.3929444264704216e-08,-0.26828968524932861,-0.018889876082539558,-0.52359902858734131,-4.0078079743821604e-10,-1.2338390031896296e-10,0.010506000369787216,-0.34444981813430786,-0.016021529212594032,-0.6981319785118103,-4.1882920742697394e-11,9.5354657503321505e-08,-5.9598987967035555e-09,-1.5203927006268714e-08,-8.6917237851480422e-09,-0.26445674896240234,-0.017423110082745552,-0.52359902858734131,2.9075186702698375e-10,8.951053093175787e-11,0.010506000369787216],"v":[0.00035682140151038766,-5.4747659305576235e-05,-0.00030664677615277469,-0.00024857310927473009,-0.00071638973895460367,-0.00021104271581862122,-0.00016949920973274857,0.00017557860701344907,0.00051519350381568074,0,0,-0.00010897104220930487,-3.1357354600913823e-05,3.1797284464119002e-05,1.9464010620140471e-05,-3.4577838960103691e-05,4.306943083065562e-05,1.9464010620140471e-05,-3.9154318073997274e-05,4.3912208639085293e-05,1.6027670426410623e-05,-4.3222298700129613e-05,3.3008778700605035e-05,1.4883940821164288e-05,4.0815649526848574e-07,-1.7287619868966431e-07,1.7287619868966431e-07,-4.0815649526848574e-07,8.2643254017966683e-08,-6.678924364678096e-07,-3.002142818786524e-07,3.002142818786524e-07,6.678924364678096e-07,-8.2643254017966683e-08,0.0001794621639419347,-1.6865971019797144e-06,-0.0001794621639419347,0.0019302642904222012,-1.1579722922760993e-06,-0.0023382115177810192,0.00045755624887533486,-0.00017183746967930347,0,0,0,0,0,0,0,0,0,0,0,0,0,0,0,0,0,0,0,0,-1.3199610293668229e-07,5.5907442231273308e-08,-5.5907442231273308e-08,1.3199610293668229e-07,-2.6726484136929685e-08,2.1599363719815301e-07,9.7088047823490342e-08,-9.7088047823490342e-08,-2.1599363719815301e-07,2.6726484136929685e-08,-0.00020437368948478252,5.4543846772503457e-07,0.00020437368948478252,0.0002649742818903178,5.2314035769995826e-08,-1.0726696473284392e-06,4.0794348024064675e-05,-0.00049676682101562619,0,0,0,0,0,0,0,0,0,0,0,0,0,0,0,0,0,0,0,0,-0.0002296747115906328,0.00022169281146489084,-7.5898929026152473e-06,-7.3042172310522346e-09,-3.8868179785822576e-09,-1.2422750614859979e-06,-9.8263953418609162e-08,-4.5901938960923871e-07,0.00056682439753785729,0.0002662979532033205,1.5040246381659017e-08,6.0604016027809848e-08,1.8657482669937053e-08,-3.0760567426568741e-08,-0.00028316711541265249,-0.00020934565691277385,4.5152296479500365e-06,2.1003858374779583e-10,-1.1176854580741136e-10,-3.5722610647326292e-08,-2.8256583739505459e-09,1.3199469073299497e-08,8.5408624727278948e-05,-0.00062134192558005452,2.9297858583632319e-10,1.7427168597095033e-09,5.3651078024685717e-10,-8.8454593649700541e-10]}
resting_integrated_body=completed simulated_s=24.000001139938831 wall_s=349.049559375 real_time_factor=0.068758147647894688 physiology_body_clock=matched root_assistance=false presentation_qualification=pending
