[1/133] Generating generated/VisualKernelHashes.h
[2/133] Generating shaders/NumiNeuron.metallib
[3/133] Building CXX object matter/CMakeFiles/numi_matter_compiler_objects.dir/src/matter.cpp.o
[4/133] Generating shaders/NumiMatter.metallib
[5/133] Building CXX object matter/CMakeFiles/numi_matter_compiler_objects.dir/src/constitutive_impl.cpp.o
[6/133] Building CXX object matter/CMakeFiles/numi_matter_compiler_objects.dir/src/language_impl.cpp.o
[7/133] Building CXX object matter/CMakeFiles/numi_matter_compiler_objects.dir/src/vascular_impl.cpp.o
[8/133] Building CXX object matter/CMakeFiles/numi_matter_compiler_objects.dir/src/fingerprint_impl.cpp.o
[9/133] Building CXX object matter/CMakeFiles/numi_matter_compiler_objects.dir/src/compiler_impl.cpp.o
[10/133] Building CXX object matter/CMakeFiles/numi_matter_compiler_objects.dir/src/validation_impl.cpp.o
[11/133] Building CXX object matter/CMakeFiles/numi_matter_compiler_objects.dir/src/package_impl.cpp.o
[12/133] Building CXX object matter/CMakeFiles/numi_matter_compiler_objects.dir/src/surgical_tissue.cpp.o
[13/133] Building OBJCXX object matter/CMakeFiles/numi_matter_runtime_objects.dir/src/human_physiology.mm.o
[14/133] Generating shaders/MetalRobo.metallib
[15/133] Building CXX object CMakeFiles/metalrobo.dir/src/core/Model.cpp.o
[16/133] Building CXX object matter/CMakeFiles/numi_matter_runtime_objects.dir/src/metal_world.cpp.o
[17/133] Building CXX object CMakeFiles/metalrobo.dir/src/core/Franka.cpp.o
[18/133] Building CXX object CMakeFiles/metalrobo.dir/src/core/FrankaEngine.cpp.o
[19/133] Building CXX object CMakeFiles/metalrobo.dir/src/core/FrankaHand.cpp.o
[20/133] Building CXX object CMakeFiles/metalrobo.dir/src/core/CpuDynamics.cpp.o
[21/133] Building CXX object CMakeFiles/metalrobo.dir/src/core/EngineModel.cpp.o
[22/133] Building CXX object CMakeFiles/metalrobo.dir/src/core/FrankaWorld.cpp.o
[23/133] Building OBJCXX object matter/CMakeFiles/numi_matter_runtime_objects.dir/src/runtime.mm.o
[24/133] Building CXX object CMakeFiles/metalrobo.dir/src/core/ParallelABASchedule.cpp.o
[25/133] Building CXX object CMakeFiles/metalrobo.dir/src/core/EngineModelComposer.cpp.o
[26/133] Building CXX object CMakeFiles/metalrobo.dir/src/core/CompiledMetalMultiArticulatedProgram.cpp.o
[27/133] Building CXX object CMakeFiles/metalrobo.dir/src/core/CompiledMetalMultiArticulatedContactProgram.cpp.o
[28/133] Building CXX object CMakeFiles/metalrobo.dir/src/core/RunProgram.cpp.o
[29/133] Building CXX object CMakeFiles/metalrobo.dir/src/core/WorldPack.cpp.o
[30/133] Building CXX object CMakeFiles/metalrobo.dir/src/core/MatterSnapshotArchive.cpp.o
[31/133] Building CXX object CMakeFiles/metalrobo.dir/src/core/WorldCompiler.cpp.o
[32/133] Building CXX object CMakeFiles/metalrobo.dir/src/core/EpisodeTwinCompiler.cpp.o
[33/133] Building CXX object CMakeFiles/metalrobo.dir/src/core/VisualPlatform.cpp.o
[34/133] Building CXX object CMakeFiles/metalrobo.dir/src/core/R2S2R.cpp.o
[35/133] Building CXX object CMakeFiles/metalrobo.dir/src/core/NeuronCulture.cpp.o
[36/133] Building CXX object CMakeFiles/metalrobo.dir/src/core/NeuronCultureArtifacts.cpp.o
[37/133] Building CXX object CMakeFiles/metalrobo.dir/src/core/NeuronCultureEmbodiment.cpp.o
[38/133] Building CXX object CMakeFiles/metalrobo.dir/src/core/NeuronCultureProtocol.cpp.o
[39/133] Building CXX object CMakeFiles/metalrobo.dir/src/core/VisualPresentation.cpp.o
[40/133] Building CXX object CMakeFiles/metalrobo.dir/src/core/TactileDebug.cpp.o
[41/133] Building CXX object CMakeFiles/metalrobo.dir/src/core/Tactile.cpp.o
[42/133] Building CXX object CMakeFiles/metalrobo.dir/src/core/OpenSimFunction.cpp.o
[43/133] Building CXX object CMakeFiles/metalrobo.dir/src/core/OpenSimSpatialTransform.cpp.o
[44/133] Building CXX object CMakeFiles/metalrobo.dir/src/core/GeometryCooker.cpp.o
[45/133] Building CXX object CMakeFiles/metalrobo.dir/src/core/RobotDescriptionCooker.cpp.o
[46/133] Building CXX object CMakeFiles/metalrobo.dir/src/core/G1.cpp.o
[47/133] Building CXX object CMakeFiles/metalrobo.dir/src/core/OpenSimMobileRoot.cpp.o
[48/133] Building CXX object CMakeFiles/metalrobo.dir/src/core/PolicyProgram.cpp.o
[49/133] Building CXX object CMakeFiles/metalrobo.dir/src/core/LocomotionWorld.cpp.o
[50/133] Building CXX object CMakeFiles/metalrobo.dir/src/core/TaskProgram.cpp.o
[51/133] Building CXX object CMakeFiles/metalrobo.dir/src/core/SurgicalPSM.cpp.o
[52/133] Building CXX object CMakeFiles/metalrobo.dir/src/core/MotionCompiler.cpp.o
[53/133] Building CXX object CMakeFiles/metalrobo.dir/src/core/LearningPacks.cpp.o
[54/133] Building CXX object CMakeFiles/metalrobo.dir/src/core/SurgicalAssets.cpp.o
[55/133] Building CXX object CMakeFiles/metalrobo.dir/src/core/EmbodiedTactile.cpp.o
[56/133] Building CXX object CMakeFiles/metalrobo.dir/src/core/SurgicalVisual.cpp.o
[57/133] Building CXX object CMakeFiles/metalrobo.dir/src/core/Wave.cpp.o
[58/133] Building CXX object CMakeFiles/metalrobo.dir/src/core/SurgicalWorld.cpp.o
[59/133] Building CXX object CMakeFiles/metalrobo.dir/src/core/SurgicalKnot.cpp.o
[60/133] Building CXX object CMakeFiles/metalrobo.dir/src/core/SurgicalThreadTargeting.cpp.o
[61/133] Building CXX object CMakeFiles/metalrobo.dir/src/core/DiscreteElasticRod.cpp.o
[62/133] Building CXX object CMakeFiles/metalrobo.dir/src/core/HeterogeneousWorld.cpp.o
[63/133] Building CXX object CMakeFiles/metalrobo.dir/src/core/FreeBodyDynamics.cpp.o
[64/133] Building CXX object CMakeFiles/metalrobo.dir/src/core/PX4X500.cpp.o
[65/133] Building CXX object CMakeFiles/metalrobo.dir/src/core/Multicopter.cpp.o
[66/133] Building CXX object CMakeFiles/metalrobo.dir/src/core/NumiHumanSupport.cpp.o
[67/133] Building CXX object CMakeFiles/metalrobo.dir/src/core/Collision.cpp.o
[68/133] Building CXX object CMakeFiles/metalrobo.dir/src/core/ArticulatedDynamics.cpp.o
[69/133] Building CXX object CMakeFiles/metalrobo.dir/src/core/ArticulatedActuation.cpp.o
[70/133] Building CXX object CMakeFiles/metalrobo.dir/src/core/NumiHumanJointEquality.cpp.o
[71/133] Building CXX object CMakeFiles/metalrobo.dir/src/core/MillardMuscleReference.cpp.o
[72/133] Building CXX object CMakeFiles/metalrobo.dir/src/core/MujocoMuscleReference.cpp.o
[73/133] Building CXX object CMakeFiles/metalrobo.dir/src/core/NumiHumanInitialState.cpp.o
[74/133] Building CXX object CMakeFiles/metalrobo.dir/src/core/HumanBehaviorProgram.cpp.o
[75/133] Building CXX object CMakeFiles/metalrobo.dir/src/core/NumiHumanTensionNetwork.cpp.o
[76/133] Building CXX object CMakeFiles/metalrobo.dir/src/core/NumiHumanCartilage.cpp.o
[77/133] Building CXX object CMakeFiles/metalrobo.dir/src/core/NumiHumanTendon.cpp.o
[78/133] Building CXX object CMakeFiles/metalrobo.dir/src/core/NumiHumanTissueMass.cpp.o
[79/133] Building CXX object CMakeFiles/metalrobo.dir/src/core/NumiHumanMuscleEquilibrium.cpp.o
[80/133] Building CXX object CMakeFiles/metalrobo.dir/src/core/NumiHumanTissueBinding.cpp.o
[81/133] Building CXX object CMakeFiles/metalrobo.dir/src/core/NumiHumanKnee.cpp.o
[82/133] Building CXX object CMakeFiles/metalrobo.dir/src/core/NumiHumanContinuumMap.cpp.o
[83/133] Building CXX object CMakeFiles/metalrobo.dir/src/core/NumiHumanKneeContact.cpp.o
[84/133] Building CXX object CMakeFiles/metalrobo.dir/src/core/ArticulatedJointLimits.cpp.o
[85/133] Building CXX object CMakeFiles/metalrobo.dir/src/core/ArticulatedContact.cpp.o
[86/133] Building CXX object CMakeFiles/metalrobo.dir/src/core/CoupledArticulatedRigidContact.cpp.o
[87/133] Building CXX object CMakeFiles/metalrobo.dir/src/core/ArticulatedRigidCollision.cpp.o
[88/133] Building CXX object CMakeFiles/metalrobo.dir/src/core/ArticulatedMixedConstraints.cpp.o
[89/133] Building CXX object CMakeFiles/metalrobo.dir/src/core/ArticulatedCollision.cpp.o
[90/133] Building CXX object CMakeFiles/metalrobo.dir/src/core/ArticulatedRigidWorld.cpp.o
[91/133] Building CXX object CMakeFiles/metalrobo.dir/src/core/ArticulatedWorld.cpp.o
[92/133] Building CXX object CMakeFiles/metalrobo.dir/src/core/MultiArticulatedWorld.cpp.o
[93/133] Building CXX object CMakeFiles/metalrobo.dir/src/core/ReferenceConicSolver.cpp.o
[94/133] Building CXX object CMakeFiles/metalrobo.dir/src/core/ConstraintIR.cpp.o
[95/133] Building CXX object CMakeFiles/metalrobo.dir/src/core/MultiArticulatedContact.cpp.o
[96/133] Building CXX object CMakeFiles/metalrobo.dir/src/core/ConstraintSolver.cpp.o
[97/133] Building CXX object CMakeFiles/metalrobo.dir/src/core/QualityContactSolver.cpp.o
[98/133] Building CXX object CMakeFiles/metalrobo.dir/src/core/RigidBodyWorld.cpp.o
[99/133] Building OBJCXX object CMakeFiles/metalrobo.dir/src/apple/CaptureManifestJSON.mm.o
[100/133] Building OBJCXX object CMakeFiles/metalrobo.dir/src/apple/HardwareOutcomeJSON.mm.o
[101/133] Building OBJCXX object CMakeFiles/metalrobo.dir/src/apple/EnvironmentCooker.mm.o
[102/133] Building OBJCXX object CMakeFiles/metalrobo.dir/src/metal/MetalNumanXHumanIO.mm.o
[103/133] Building OBJCXX object CMakeFiles/metalrobo.dir/src/metal/MetalHumanBehaviorTelemetry.mm.o
[104/133] Building OBJCXX object CMakeFiles/metalrobo.dir/src/metal/MetalArticulatedOperator.mm.o
[105/133] Building OBJCXX object CMakeFiles/metalrobo.dir/src/metal/NumanXBridgeV1.mm.o
[106/133] Building OBJCXX object CMakeFiles/metalrobo.dir/src/apple/VisualAssetCooker.mm.o
[107/133] Building OBJCXX object CMakeFiles/metalrobo.dir/src/metal/MetalNumanXCoupledHuman.mm.o
[108/133] Building OBJCXX object CMakeFiles/metalrobo.dir/src/metal/NumiHumanTendonMetal.mm.o
[109/133] Building OBJCXX object CMakeFiles/metalrobo.dir/src/metal/MetalNumanXHumanMatter.mm.o
[110/133] Building OBJCXX object CMakeFiles/metalrobo.dir/src/metal/NumanXRuntimeV1.mm.o
[111/133] Building OBJCXX object CMakeFiles/metalrobo.dir/src/metal/NumiHumanExtensorHoodMetal.mm.o
[112/133] Building OBJCXX object CMakeFiles/metalrobo.dir/src/metal/MetalArticulatedABA.mm.o
[113/133] Building OBJCXX object CMakeFiles/metalrobo.dir/src/metal/MetalMultiArticulatedABA.mm.o
[114/133] Building OBJCXX object CMakeFiles/metalrobo.dir/src/metal/MetalArticulatedInverseMass.mm.o
[115/133] Building OBJCXX object CMakeFiles/metalrobo.dir/src/metal/MetalDiscreteElasticRod.mm.o
[116/133] Building OBJCXX object CMakeFiles/metalrobo.dir/src/metal/MetalMultiArticulatedInverseMass.mm.o
[117/133] Building OBJCXX object CMakeFiles/metalrobo.dir/src/metal/MetalQualityContactSolver.mm.o
[118/133] Building OBJCXX object CMakeFiles/metalrobo.dir/src/metal/MetalMultiArticulatedConstraints.mm.o
[119/133] Building OBJCXX object CMakeFiles/metalrobo.dir/src/metal/MetalMultiArticulatedContact.mm.o
[120/133] Building OBJCXX object CMakeFiles/metalrobo.dir/src/metal/MetalUnifiedQualitySolver.mm.o
[121/133] Building OBJCXX object CMakeFiles/metalrobo.dir/src/metal/MetalWorldFamily.mm.o
[122/133] Building OBJCXX object CMakeFiles/metalrobo.dir/src/metal/MetalRunInspector.mm.o
[123/133] Building OBJCXX object CMakeFiles/metalrobo.dir/src/metal/MetalHybridRenderer.mm.o
[124/133] Building OBJCXX object CMakeFiles/metalrobo.dir/src/metal/MetalNeuronCulture.mm.o
[125/133] Building OBJCXX object CMakeFiles/metalrobo.dir/src/metal/MetalTactile.mm.o
[126/133] Building OBJCXX object CMakeFiles/metalrobo.dir/src/metal/MetalWorld.mm.o
[127/133] Building OBJCXX object matter/CMakeFiles/numi_matter_runtime_objects.dir/src/numi_human.mm.o
[128/133] Building CXX object CMakeFiles/metalrobo_numi_human_initial_state_test.dir/tests/numi_human_initial_state_test.cpp.o
[129/133] Building OBJCXX object CMakeFiles/metalrobo_numilab_human_myosim_visual_probe.dir/apps/numilab_human_myosim_visual_probe.mm.o
FAILED: [code=1] CMakeFiles/metalrobo_numilab_human_myosim_visual_probe.dir/apps/numilab_human_myosim_visual_probe.mm.o 
/usr/bin/clang++ -DNUMI_HUMAN_ANTERIOR_THORAX_MATERIAL=\"/Users/runner/work/numi-lab/numi-lab/matter/materials/human_anterior_abdominal_wall_composite_effective.nmatter\" -DNUMI_HUMAN_OPEN_KNEE_LIGAMENT_MATERIAL=\"/Users/runner/work/numi-lab/numi-lab/matter/materials/open_knee_ligament_transverse_isotropic_smooth.nmatter\" -DNUMI_HUMAN_PASSIVE_TISSUE_MATERIAL=\"/Users/runner/work/numi-lab/numi-lab/matter/materials/passive_skeletal_muscle_unqualified.nmatter\" -DNUMI_HUMAN_PECTORALIS_FASCIA_MATERIAL=\"/Users/runner/work/numi-lab/numi-lab/matter/materials/human_pectoralis_fascia_goh_uniaxial.nmatter\" -DNUMI_HUMAN_PLANTAR_FASCIA_MATERIAL=\"/Users/runner/work/numi-lab/numi-lab/matter/materials/human_plantar_fascia_reduced.nmatter\" -DNUMI_HUMAN_REGIONAL_MYOFASCIA_MATERIAL=\"/Users/runner/work/numi-lab/numi-lab/matter/materials/human_myofascia_regional_transverse_isotropic.nmatter\" -DNUMI_HUMAN_THORACOLUMBAR_FASCIA_MATERIAL=\"/Users/runner/work/numi-lab/numi-lab/matter/materials/human_thoracolumbar_fascia_effective_isotropic.nmatter\" -DNUMI_MATTER_METALLIB=\"/Users/runner/work/numi-lab/numi-lab/build-human-handoff/matter/shaders/NumiMatter.metallib\" -I/Users/runner/work/numi-lab/numi-lab/include -I/Users/runner/work/numi-lab/numi-lab/matter/include -F/Applications/Xcode_26.6.app/Contents/Developer/Platforms/MacOSX.platform/Developer/SDKs/MacOSX.sdk/System/Library/Frameworks -x objective-c++ -O3 -DNDEBUG -std=c++23 -arch arm64 -fPIE -fobjc-arc -Wall -Wextra -Wpedantic -Werror -MD -MT CMakeFiles/metalrobo_numilab_human_myosim_visual_probe.dir/apps/numilab_human_myosim_visual_probe.mm.o -MF CMakeFiles/metalrobo_numilab_human_myosim_visual_probe.dir/apps/numilab_human_myosim_visual_probe.mm.o.d -o CMakeFiles/metalrobo_numilab_human_myosim_visual_probe.dir/apps/numilab_human_myosim_visual_probe.mm.o -c /Users/runner/work/numi-lab/numi-lab/apps/numilab_human_myosim_visual_probe.mm
/Users/runner/work/numi-lab/numi-lab/apps/numilab_human_myosim_visual_probe.mm:15032:72: error: no member named 'drivenMuscleTendonForce' in '(anonymous namespace)::CompiledStandActivation'
 15032 |                 writeReactionVector("driven_actuator_force_n", support.drivenMuscleTendonForce);
       |                                                                ~~~~~~~ ^
1 error generated.
[130/133] Building CXX object CMakeFiles/metalrobo.dir/src/c_api.cpp.o
ninja: build stopped: subcommand failed.
