rigid_source_rest_frames=passed source_body_count=103 maximum_COM_position_residual_m=6.26739049493e-08 maximum_orientation_unit_witness_residual_m=1.05692510994e-07 allowed_rest_reconstruction_residual_m=1e-06 rigid_sha256=2c78cb4150b97cea6e8169dad9e8f5dd59af667b247e07b56e48e857435560e4 boundary=consumed_reference_frame_join_not_source_authentication_or_loaded_motion
resting_mass_calibration source_composite_kg=97.1319506911 declared_reference_kg=72 executed_kg=71.9999993989 uniform_mass_inertia_scale=0.741259694099 measured_person=false additional_organ_or_blood_mass_kg=0
bone_orientation_semantics=unit_normalized_once_at_load bone_count=185 maximum_raw_norm_error=5.96046447754e-08 norm_admission_tolerance=0.00200000009499 bone_sha256=7d94e2f28ac6cea30c6c11a79919077acc40281636eb20b11b50b50aebd3ec49
tendon_bone_geometry=checked_bodyparts_subset bodyparts_envelope_count=160 fixed_sibling_envelope_count=0 external_surface_unverified_count=0 maximum_node_residual_m=2.77883934062e-07 allowed_point_residual_m=1e-06 tendon_sha256=52819336540a36621b60bd03b5084bd1d300ed2971673cfd0ccdb7eecfcb52b5 bone_sha256=7d94e2f28ac6cea30c6c11a79919077acc40281636eb20b11b50b50aebd3ec49 rigid_sha256=2c78cb4150b97cea6e8169dad9e8f5dd59af667b247e07b56e48e857435560e4 boundary=consumed_rest_surface_binding_not_loaded_or_clinical_qualification
tendon_payload=NHTENDON2 tendon_endpoints=832 tendon_point_bindings=672 tendon_triangle_bindings=0 tendon_envelope_bindings=160 tendon_migrated_envelope_bindings=0 tendon_max_reference_path_delta_m=0 tendon_max_architecture_scale_change=0 tendon_muscle_payload_sha256=e5bb8a8168706bb3b23cf42b1d849659569ba2e6027bcc85729c3110fdbb8c4b tendon_geometry_identity_verified=true tendon_bone_payload_sha256=7d94e2f28ac6cea30c6c11a79919077acc40281636eb20b11b50b50aebd3ec49
joint_equality_payload=NHEQ1 joint_equalities=51
pose_joint_ranges=passed enabled_range_count=118 failed_range_count=0 rigid_sha256=2c78cb4150b97cea6e8169dad9e8f5dd59af667b247e07b56e48e857435560e4 equality_sha256=0e3c593792a8c4ccd619f1999f6685b68e6ff0fd5ae5f6f0bca66b594a0e9b88 bone_sha256=7d94e2f28ac6cea30c6c11a79919077acc40281636eb20b11b50b50aebd3ec49 boundary=consumed_enabled_native_limits_after_NHEQ_projection_not_disabled_source_limits_or_loaded_motion
pose_q_override_count=0 root_pose_override=1 pose_q_equality_maximum_correction=0.0105060003698
resting_hand_model=rigid_reference_digits source_equalities=51 derived_internal_equalities=40 wrist_dofs=free root_constraint_rows=0 hand_function_simulated=0 body_mass_inertia_preserved=1
runtime=Numi Matter runtime initialized with eligible dense45 vascular solve device=Apple M4 Pro world_fingerprint=6434571789366693551 timestep_s=0.00200000009499
resting_body_source_fingerprint=12223232190898157244 coupled_program_fingerprint=17902621467452001833
resting_passive_viscera=shared_torso_pelvis_field source_surfaces=80 caudal_m=-0.397011578083 cranial_m=-0.259147137403 upper_body=20 lower_body=128 independent_forces=false independent_mass=false organ_physiology=false
resting_lung_motion=basal_superior_sweep_v1 blend_start_m=-0.052405 blend_span_m=0.06 effective_area_m2=0.0193540051613
resting_initial_anatomical_registration={"body_poses":[{"body_index":20,"position_m":[-0.025000007823109627,-0.44271242618560791,0.096546053886413574],"quaternion_xyzw":[0.0061705871485173702,-0.70707988739013672,-0.0061705652624368668,0.70707988739013672]},{"body_index":128,"position_m":[-0.025055751204490662,-0.83042281866073608,0.11920696496963501],"quaternion_xyzw":[0.0058914260007441044,-0.70680069923400879,-0.005886733066290617,0.7073637843132019]}],"coordinate_source":"source pack transformed by native initialBodies before physical stepping","surfaces":[{"role":"upper_visceral_anchor","semantic":51010,"source_body_index":20,"stable_id":2,"torso_local_max_m":[0.1489698737859726,-0.06762242317199707,0.029034055769443512],"torso_local_min_m":[0.035220548510551453,-0.18552298843860626,-0.10646510124206543]},{"role":"upper_visceral_anchor","semantic":51010,"source_body_index":20,"stable_id":3,"torso_local_max_m":[0.10061360895633698,-0.14701209962368011,0.048131499439477921],"torso_local_min_m":[0.049258694052696228,-0.22131331264972687,-0.073365472257137299]},{"role":"upper_visceral_anchor","semantic":51010,"source_body_index":20,"stable_id":4,"torso_local_max_m":[0.065826825797557831,-0.15392428636550903,0.088104061782360077],"torso_local_min_m":[0.018313027918338776,-0.25914710760116577,0.030521268025040627]},{"role":"upper_visceral_anchor","semantic":51010,"source_body_index":20,"stable_id":5,"torso_local_max_m":[0.054068014025688171,-0.1345781683921814,-0.033227771520614624],"torso_local_min_m":[0.013165432959794998,-0.24133054912090302,-0.091208852827548981]},{"role":"upper_visceral_anchor","semantic":51010,"source_body_index":20,"stable_id":13,"torso_local_max_m":[0.095457650721073151,-0.10293921083211899,-0.056195467710494995],"torso_local_min_m":[-0.00033182650804519653,-0.17370373010635376,-0.11487260460853577]},{"role":"upper_visceral_anchor","semantic":51010,"source_body_index":20,"stable_id":14,"torso_local_max_m":[0.094544753432273865,-0.055873673409223557,0.033946555107831955],"torso_local_min_m":[0.058444060385227203,-0.13125307857990265,-0.011481210589408875]},{"role":"upper_visceral_anchor","semantic":51010,"source_body_index":20,"stable_id":15,"torso_local_max_m":[0.15468204021453857,-0.051299087703227997,-0.0026821792125701904],"torso_local_min_m":[0.045374639332294464,-0.10517608374357224,-0.095222979784011841]},{"role":"upper_visceral_anchor","semantic":51010,"source_body_index":20,"stable_id":16,"torso_local_max_m":[0.15707412362098694,-0.071360647678375244,0.0014663934707641602],"torso_local_min_m":[0.07356831431388855,-0.138477623462677,-0.074144557118415833]},{"role":"upper_visceral_anchor","semantic":51010,"source_body_index":20,"stable_id":17,"torso_local_max_m":[0.15518583357334137,-0.04497130960226059,0.046523258090019226],"torso_local_min_m":[0.074793577194213867,-0.16443367302417755,-0.011679999530315399]},{"role":"upper_visceral_anchor","semantic":51010,"source_body_index":20,"stable_id":18,"torso_local_max_m":[0.15332278609275818,-0.10873293876647949,0.10524313896894455],"torso_local_min_m":[0.06183064728975296,-0.17893320322036743,0.026367701590061188]},{"role":"upper_visceral_anchor","semantic":51010,"source_body_index":20,"stable_id":19,"torso_local_max_m":[0.11932293325662613,-0.11438564956188202,0.11530916392803192],"torso_local_min_m":[-0.0020214840769767761,-0.19753372669219971,0.021444413810968399]},{"role":"upper_visceral_anchor","semantic":51010,"source_body_index":20,"stable_id":20,"torso_local_max_m":[0.11958994716405869,-0.11408335715532303,0.11550363898277283],"torso_local_min_m":[-0.0022704675793647766,-0.19755388796329498,0.021117139607667923]},{"role":"upper_visceral_anchor","semantic":51010,"source_body_index":20,"stable_id":21,"torso_local_max_m":[0.10608795285224915,-0.049535799771547318,0.11580190062522888],"torso_local_min_m":[-0.0032210424542427063,-0.13487040996551514,0.020207773894071579]},{"role":"upper_visceral_anchor","semantic":51010,"source_body_index":20,"stable_id":22,"torso_local_max_m":[0.15336306393146515,-0.041172627359628677,0.11002320796251297],"torso_local_min_m":[0.02455456554889679,-0.11670317500829697,0.017514020204544067]},{"role":"upper_visceral_anchor","semantic":51010,"source_body_index":20,"stable_id":461,"torso_local_max_m":[0.13303953409194946,-0.13353027403354645,0.063625447452068329],"torso_local_min_m":[0.084262087941169739,-0.17424784600734711,0.026906765997409821]},{"role":"pelvic_anchor","semantic":51010,"source_body_index":20,"stable_id":462,"torso_local_max_m":[0.08233652263879776,-0.39701157808303833,0.034268602728843689],"torso_local_min_m":[0.010075983591377735,-0.43757495284080505,-0.033010013401508331]},{"role":"pelvic_anchor","semantic":51010,"source_body_index":20,"stable_id":463,"torso_local_max_m":[0.050315443426370621,-0.4348473846912384,0.01782398484647274],"torso_local_min_m":[0.018116317689418793,-0.4553583562374115,-0.016720972955226898]}],"torso_body_index":20}
resting_support_geometry=full_registered_skin vertices=54949 regions=32 full_bin2026-10-06 01:39:05.124 numi-human-native[52369:16162957] +[NSXPCSharedListener endpointForReply:withListenerName:replyErrorCode:]: an error occurred while attempting to obtain endpoint for listener 'ClientCallsAuxiliary': Connection interrupted
2026-10-06 01:39:05.194 numi-human-native[52369:16162957] Human native framebuffer output: recording; window drawable unavailable
ding_count=86 region_sizes=[6907,1222,2796,2044,1525,1394,710,777,1891,1262,810,832,890,483,1328,1266,835,700,870,3097,4320,2043,1882,579,1199,1219,962,632,868,3302,4308,1996] force_owner=existing_metal_stand partition=source_rest_voronoi
human_execution_stage=static_equilibrium_begin wall_elapsed_ms=0 stage_step=0
resting_initialization=dynamic_release recruitment_activation_cap=0.01 normalized_residual_rms=146.157054343 maximum_acceleration_residual=576.853445741 balanced=false qualification=initialization_transient_not_static_equilibrium
compiled_support_geometry=admissible compiled_support_min_gap_m=-1.38777878078e-17 compiled_support_gap_tolerance_m=1e-06 compiled_support_activation_distance_m=0.002 compiled_support_separated_witnesses=31 compiled_support_max_separated_force_n=0 compiled_support_rejected_pose_candidates=0
human_execution_stage=static_equilibrium_end wall_elapsed_ms=1363.540416 stage_step=0
human_execution_stage=fiber_equilibrium_begin wall_elapsed_ms=1363.614166 stage_step=0
human_execution_stage=fiber_equilibrium_end wall_elapsed_ms=1952.194375 stage_step=2
human_execution_stage=initial_force_checks_begin wall_elapsed_ms=1952.209916 stage_step=0
human_stand_solver_path=split_candidate
human_execution_stage=initial_force_checks_end wall_elapsed_ms=2531.314291 stage_step=0
human_execution_stage=native_horizon_begin wall_elapsed_ms=2531.3295 stage_step=0
resting_support_gpu_stage=support_normalize_poses step=0 elapsed_ns=23625
resting_support_gpu_stage=support_positions step=0 elapsed_ns=1894083
resting_support_gpu_stage=support_select step=0 elapsed_ns=9625
resting_support_gpu_stage=support_publish step=0 elapsed_ns=753833
human_gpu_stage=kinematics step=1 elapsed_ns=1599292
resting_support_gpu_stage=support_normalize_poses step=0 elapsed_ns=23500
resting_support_gpu_stage=support_positions step=0 elapsed_ns=1869834
resting_support_gpu_stage=support_select step=0 elapsed_ns=9750
resting_support_gpu_stage=support_publish step=0 elapsed_ns=753541
human_gpu_stage=kinematics step=1 elapsed_ns=1602708
human_gpu_stage=kinematics step=1 elapsed_ns=1603625
resting_integrated_rejection=pass rejected_after_accepted_predecessor=true body_q_v_root_myo_unchanged=true circulation_and_clock_unchanged=true respiration_brain_history_unchanged=true retry_matches_uninterrupted_replay=true same_command_buffer_reject=pass accepted_prefix=2 rejected_step=2 inert_suffix=1
human_execution_stage=authoritative_segment_begin wall_elapsed_ms=2687.664875 stage_step=0
human_borrowed_callback=transaction_begin step=15 encoded=1 host_encode_ns=83 gpu_envelope_sampling=unavailable
human_borrowed_callback=tendon_pre_dynamics step=15 encoded=1 host_encode_ns=41 gpu_envelope_sampling=unavailable
human_borrowed_callback=transaction_pre_dynamics step=15 encoded=1 host_encode_ns=178583 gpu_envelope_sampling=unavailable
human_borrowed_callback=support_geometry_pre_dynamics step=15 encoded=1 host_encode_ns=21750 gpu_envelope_sampling=unavailable
human_borrowed_callback=transaction_post_dynamics step=15 encoded=1 host_encode_ns=8000 gpu_envelope_sampling=unavailable
human_borrowed_callback=tendon_post_validation step=15 encoded=1 host_encode_ns=9666 gpu_envelope_sampling=unavailable
human_borrowed_callback=transaction_begin step=31 encoded=1 host_encode_ns=41 gpu_envelope_sampling=unavailable
human_borrowed_callback=tendon_pre_dynamics step=31 encoded=1 host_encode_ns=0 gpu_envelope_sampling=unavailable
human_borrowed_callback=transaction_pre_dynamics step=31 encoded=1 host_encode_ns=159583 gpu_envelope_sampling=unavailable
human_borrowed_callback=support_geometry_pre_dynamics step=31 encoded=1 host_encode_ns=16584 gpu_envelope_sampling=unavailable
human_borrowed_callback=transaction_post_dynamics step=31 encoded=1 host_encode_ns=8125 gpu_envelope_sampling=unavailable
human_borrowed_callback=tendon_post_validation step=31 encoded=1 host_encode_ns=9500 gpu_envelope_sampling=unavailable
resting_support_gpu_stage=support_normalize_poses step=0 elapsed_ns=23250
resting_support_gpu_stage=support_positions step=0 elapsed_ns=1897583
resting_support_gpu_stage=support_select step=0 elapsed_ns=9208
resting_support_gpu_stage=support_publish step=0 elapsed_ns=753875
human_gpu_stage=kinematics step=1 elapsed_ns=1565459
human_gpu_stage=muscle_angular step=2 elapsed_ns=5583
human_gpu_stage=muscles step=3 elapsed_ns=481917
human_gpu_stage=active_force step=4 elapsed_ns=13917
human_gpu_stage=force_reduce step=5 elapsed_ns=48250
human_gpu_stage=tendon_transfer step=6 elapsed_ns=81333
human_gpu_stage=activation step=7 elapsed_ns=3166
human_gpu_stage=stand_prework step=8 elapsed_ns=820625
human_gpu_stage=stand_mass step=9 elapsed_ns=52584
human_gpu_stage=stand_factor step=10 elapsed_ns=935042
human_gpu_stage=stand_equality_responses step=11 elapsed_ns=507292
human_gpu_stage=stand_equality_factor step=12 elapsed_ns=1135042
human_gpu_stage=stand_projected_responses step=13 elapsed_ns=1605583
human_gpu_stage=stand_finish step=14 elapsed_ns=8439000
human_gpu_stage=kinematics step=17 elapsed_ns=1566875
human_gpu_stage=muscle_angular step=18 elapsed_ns=6083
human_gpu_stage=muscles step=19 elapsed_ns=476209
human_gpu_stage=active_force step=20 elapsed_ns=14042
human_gpu_stage=force_reduce step=21 elapsed_ns=48250
human_gpu_stage=tendon_transfer step=22 elapsed_ns=80500
human_gpu_stage=activation step=23 elapsed_ns=3167
human_gpu_stage=stand_prework step=24 elapsed_ns=829250
human_gpu_stage=stand_mass step=25 elapsed_ns=53125
human_gpu_stage=stand_factor step=26 elapsed_ns=934750
human_gpu_stage=stand_equality_responses step=27 elapsed_ns=507042
human_gpu_stage=stand_equality_factor step=28 elapsed_ns=1134292
human_gpu_stage=stand_projected_responses step=29 elapsed_ns=1605208
human_gpu_stage=stand_finish step=30 elapsed_ns=8081250
human_execution_stage=authoritative_segment_end wall_elapsed_ms=3426.998708 stage_step=32
resting_native_profile step=32 command_ms=730.650959 gpu_ms=729.86558266 host_copy_ms=0.04225 full_state_readback=1
human_standing_progress=accepted step=32 simulated_seconds=0.064 root_xyz_m=[-0.0503096058965,0.197964444757,0.0374520495534] center_of_mass_xyz_m=[-0.0249563402929,-0.756188402074,0.109253258128] root_orientation_xyzw=[-0.724379122257,0.00031456531724,0.000557092251256,0.689401566982] root_linear_velocity_xyz_m_s=[-0.0241471678019,-0.0861289277673,-1.0670273304] max_generalized_acceleration=1345.54992676 root_linear_speed_m_s=1.07077009751 support_force_n=668.803155422 penetration_m=0.000120462682389 contact_count=7 friction_witness=unavailable maximum_friction_utilization=0 saturated_friction_contacts=0 maximum_tangent_force_n=0 muscle_feedback_max_excitation_delta=0 root_assistance_force_n=0 root_assistance_torque_nm=0
human_execution_stage=native_horizon_end wall_elapsed_ms=3484.691291 stage_step=32
stand_terminal_state={"schema":"numi.human.legacy-stand-terminal.v1","step_count":32,"timestep_seconds":0.002,"root_assistance":false,"initial_q":[-0.05000000074505806,0.20000000298023224,0.10715460777282715,-0.70090925693511963,0,0,0.71325045824050903,0,0,0,0,0,0,0,0,0,0,0,0,0,0,0,0,0,0,0,0,0,0,0,0,0,0,0,0,0,0,0,0,0,0,0,0,0,0,0,0,0,0,0,0,0,0,0,0,0,0,0,0,0,0,0,0,0,0,0,0,0,0,0,0,0,0,0,0,0,0,0,0,0,0,0,0,0,0,0,0,0,0,0,0,0,0,0,0,0,0,0,0,0,0,0,0,0,7.6925396608196195e-11,9.537330214470785e-08,0,-1.4732499664660281e-08,1.0893900004305124e-08,0,0,0,0,0,0.010506000369787216,0,0,0,-7.6925396608196195e-11,9.537330214470785e-08,0,-1.4732499664660281e-08,-1.0893900004305124e-08,0,0,0,0,0,0.010506000369787216],"initial_v":[0,0,0,0,0,0,0,0,0,0,0,0,0,0,0,0,0,0,0,0,0,0,0,0,0,0,0,0,0,0,0,0,0,0,0,0,0,0,0,0,0,0,0,0,0,0,0,0,0,0,0,0,0,0,0,0,0,0,0,0,0,0,0,0,0,0,0,0,0,0,0,0,0,0,0,0,0,0,0,0,0,0,0,0,0,0,0,0,0,0,0,0,0,0,0,0,0,0,0,0,0,0,0,0,0,0,0,0,0,0,0,0,0,0,0,0,0,0,0,0,0,0,0,0,0,0,0,0],"q":[-0.050309605896472931,0.19796444475650787,0.037452049553394318,-0.72437912225723267,0.00031456531723961234,0.00055709225125610828,0.68940156698226929,-0.046190015971660614,-0.0002301196800544858,-0.00099293340463191271,0,0,-0.029695561155676842,-0.0085451528429985046,-4.1674673411762342e-05,-3.7513025745283812e-05,-0.0094227632507681847,-5.6448356190230697e-05,-3.7513025745283812e-05,-0.010669893585145473,-5.7552930229576305e-05,-3.0890158086549491e-05,-0.011778454296290874,-4.3262498365947977e-05,-2.8685846700682305e-05,-0.00010801039024954662,4.5748201955575496e-05,-4.5748201955575496e-05,0.00010801039024954662,-2.1869871488888748e-05,0.00017674427363090217,7.9445657320320606e-05,-7.9445657320320606e-05,-0.00017674427363090217,2.1869871488888748e-05,0.0007011146517470479,0.00044632391654886305,-0.0007011146517470479,-0.042670592665672302,-1.3950447907973285e-08,-0.032760817557573318,-0.0080489190295338631,0.0013778653228655457,0,0,0,0,0,0,0,0,0,0,0,0,0,0,0,0,0,0,0,0,-0.00025096209719777107,0.00010629593452904373,-0.00010629593452904373,0.00025096209719777107,-5.0814640417229384e-05,0.00041066526318900287,0.0001845919614424929,-0.0001845919614424929,-0.00041066526318900287,5.0814640417229384e-05,0.00087168178288266063,0.0010370335076004267,-0.00087168178288266063,-0.043985635042190552,-2.4341717530518281e-10,-0.033008754253387451,-0.0037671350874006748,0.0037131293211132288,0,0,0,0,0,0,0,0,0,0,0,0,0,0,0,0,0,0,0,0,-0.09767555445432663,0.0053139678202569485,-0.018604163080453873,7.3735996475310372e-11,9.5371603947569383e-08,-5.4244170266670722e-10,-1.4775406675937575e-08,1.0693468333045075e-08,-0.058498084545135498,0.018549785017967224,-0.014758591540157795,2.6462856211884045e-11,8.1468234935933026e-12,0.010506000369787216,-0.097227036952972412,0.0065115829929709435,-0.024083724245429039,-7.8558444471799049e-11,9.5374169006845477e-08,2.7774282873593847e-10,-1.4710530571448999e-08,-1.0996525467987794e-08,-0.058627638965845108,0.018601696938276291,-0.014707362279295921,-1.3549600677564833e-11,-4.1713642089102887e-12,0.010506000369787216],"v":[-0.024147167801856995,-0.086128927767276764,-1.0670273303985596,-1.0232117176055908,0.033838652074337006,0.021226083859801292,-0.85736751556396484,-0.016626616939902306,-0.041426282376050949,0,0,-0.55120158195495605,-0.15861299633979797,-0.0030110802035778761,-0.0015650850255042315,-0.17490297555923462,-0.0040785088203847408,-0.0015650850255042315,-0.19805189967155457,-0.004158316645771265,-0.0012887716293334961,-0.21862871944904327,-0.0031258037779480219,-0.001196805271320045,0.0026327804662287235,-0.0011151239741593599,0.0011151239741593599,-0.0026327804662287235,0.00053308368660509586,-0.0043081864714622498,-0.001936508109793067,0.001936508109793067,0.0043081864714622498,-0.00053308368660509586,0.036208543926477432,-0.010879258625209332,-0.036208543926477432,-0.72574681043624878,-1.6848449746476035e-08,-0.47941398620605469,-0.041529722511768341,-0.033221200108528137,0,0,0,0,0,0,0,0,0,0,0,0,0,0,0,0,0,0,0,0,-0.0062052421271800995,0.0026282535400241613,-0.0026282535400241613,0.0062052421271800995,-0.0012564333155751228,0.010154033079743385,0.0045641865581274033,-0.0045641865581274033,-0.010154033079743385,0.0012564333155751228,0.0091883977875113487,0.025641497224569321,-0.0091883977875113487,-0.77128309011459351,4.8582462497392953e-09,-0.66144895553588867,-0.1421915590763092,-0.059318207204341888,0,0,0,0,0,0,0,0,0,0,0,0,0,0,0,0,0,0,0,0,-1.8621556758880615,0.18357628583908081,-0.49306845664978027,2.6302404698697046e-10,1.3996387382420039e-10,4.4734186133155163e-08,3.5384739582866587e-09,1.6529236646078971e-08,-0.77194041013717651,0.12392245233058929,-0.32417774200439453,-2.1823438611789925e-09,-6.7185379482026519e-10,1.1076856099023757e-09,-1.8509879112243652,0.22992990911006927,-0.56746482849121094,-2.3562457540649007e-11,1.253837051545803e-11,4.0074183971228194e-09,3.169867979213592e-10,-1.4807370884994953e-09,-0.76931500434875488,0.12375422567129135,-0.32272467017173767,-1.9550069896290267e-10,-6.0186619577073941e-11,9.9229686967294839e-11]}
resting_integrated_body=completed simulated_s=0.064000003039836884 wall_s=3.4857355000000001 real_time_factor=0.018360544866309243 physiology_body_clock=matched root_assistance=false presentation_qualification=pending
