rigid_source_rest_frames=passed source_body_count=103 maximum_COM_position_residual_m=6.26739049493e-08 maximum_orientation_unit_witness_residual_m=1.05692510994e-07 allowed_rest_reconstruction_residual_m=1e-06 rigid_sha256=2c78cb4150b97cea6e8169dad9e8f5dd59af667b247e07b56e48e857435560e4 boundary=consumed_reference_frame_join_not_source_authentication_or_loaded_motion
resting_mass_calibration source_composite_kg=97.1319506911 declared_reference_kg=72 executed_kg=71.9999993989 uniform_mass_inertia_scale=0.741259694099 measured_person=false additional_organ_or_blood_mass_kg=0
bone_orientation_semantics=unit_normalized_once_at_load bone_count=185 maximum_raw_norm_error=5.96046447754e-08 norm_admission_tolerance=0.00200000009499 bone_sha256=7d94e2f28ac6cea30c6c11a79919077acc40281636eb20b11b50b50aebd3ec49
tendon_bone_geometry=checked_bodyparts_subset bodyparts_envelope_count=160 fixed_sibling_envelope_count=0 external_surface_unverified_count=0 maximum_node_residual_m=2.77883934062e-07 allowed_point_residual_m=1e-06 tendon_sha256=52819336540a36621b60bd03b5084bd1d300ed2971673cfd0ccdb7eecfcb52b5 bone_sha256=7d94e2f28ac6cea30c6c11a79919077acc40281636eb20b11b50b50aebd3ec49 rigid_sha256=2c78cb4150b97cea6e8169dad9e8f5dd59af667b247e07b56e48e857435560e4 boundary=consumed_rest_surface_binding_not_loaded_or_clinical_qualification
tendon_payload=NHTENDON2 tendon_endpoints=832 tendon_point_bindings=672 tendon_triangle_bindings=0 tendon_envelope_bindings=160 tendon_migrated_envelope_bindings=0 tendon_max_reference_path_delta_m=0 tendon_max_architecture_scale_change=0 tendon_muscle_payload_sha256=e5bb8a8168706bb3b23cf42b1d849659569ba2e6027bcc85729c3110fdbb8c4b tendon_geometry_identity_verified=true tendon_bone_payload_sha256=7d94e2f28ac6cea30c6c11a79919077acc40281636eb20b11b50b50aebd3ec49
joint_equality_payload=NHEQ1 joint_equalities=51
pose_joint_ranges=passed enabled_range_count=118 failed_range_count=0 rigid_sha256=2c78cb4150b97cea6e8169dad9e8f5dd59af667b247e07b56e48e857435560e4 equality_sha256=0e3c593792a8c4ccd619f1999f6685b68e6ff0fd5ae5f6f0bca66b594a0e9b88 bone_sha256=7d94e2f28ac6cea30c6c11a79919077acc40281636eb20b11b50b50aebd3ec49 boundary=consumed_enabled_native_limits_after_NHEQ_projection_not_disabled_source_limits_or_loaded_motion
pose_q_override_count=0 root_pose_override=1 pose_q_equality_maximum_correction=0.0105060003698
resting_hand_model=rigid_reference_digits source_equalities=51 derived_internal_equalities=40 wrist_dofs=free root_constraint_rows=0 hand_function_simulated=0 body_mass_inertia_preserved=1
runtime=Numi Matter runtime initialized with eligible dense45 vascular solve device=Apple M4 Pro world_fingerprint=6434571789366693551 timestep_s=0.00200000009499
resting_body_source_fingerprint=5457735093724435231 coupled_program_fingerprint=3934278658754501554
resting_passive_viscera=shared_torso_pelvis_field source_surfaces=79 caudal_m=-0.397011578083 cranial_m=-0.259147137403 upper_body=20 lower_body=128 independent_forces=false independent_mass=false organ_physiology=false
resting_lung_motion=basal_superior_sweep_v1 blend_start_m=-0.052405 blend_span_m=0.06 effective_area_m2=0.0187674622972
resting_initial_anatomical_registration={"body_poses":[{"body_index":20,"position_m":[-0.025000007823109627,-0.44271242618560791,0.096546053886413574],"quaternion_xyzw":[0.0061705871485173702,-0.70707988739013672,-0.0061705652624368668,0.70707988739013672]},{"body_index":128,"position_m":[-0.025055751204490662,-0.83042281866073608,0.11920696496963501],"quaternion_xyzw":[0.0058914260007441044,-0.70680069923400879,-0.005886733066290617,0.7073637843132019]}],"coordinate_source":"source pack transformed by native initialBodies before physical stepping","surfaces":[{"role":"upper_visceral_anchor","semantic":51010,"source_body_index":20,"stable_id":2,"torso_local_max_m":[0.1489698737859726,-0.06762242317199707,0.029034055769443512],"torso_local_min_m":[0.035220548510551453,-0.18552298843860626,-0.10645896196365356]},{"role":"upper_visceral_anchor","semantic":51010,"source_body_index":20,"stable_id":3,"torso_local_max_m":[0.10061360895633698,-0.14701209962368011,0.048131499439477921],"torso_local_min_m":[0.049258694052696228,-0.22131331264972687,-0.073365472257137299]},{"role":"upper_visceral_anchor","semantic":51010,"source_body_index":20,"stable_id":4,"torso_local_max_m":[0.065826825797557831,-0.15392428636550903,0.088104061782360077],"torso_local_min_m":[0.018313027918338776,-0.25914710760116577,0.030521268025040627]},{"role":"upper_visceral_anchor","semantic":51010,"source_body_index":20,"stable_id":5,"torso_local_max_m":[0.054068014025688171,-0.1345781683921814,-0.033227771520614624],"torso_local_min_m":[0.013165432959794998,-0.24133054912090302,-0.091208852827548981]},{"role":"upper_visceral_anchor","semantic":51010,"source_body_index":20,"stable_id":13,"torso_local_max_m":[0.095457650721073151,-0.10293921083211899,-0.056195467710494995],"torso_local_min_m":[-0.00033182650804519653,-0.17370373010635376,-0.11487260460853577]},{"role":"upper_visceral_anchor","semantic":51010,"source_body_index":20,"stable_id":14,"torso_local_max_m":[0.091583244502544403,-0.057399556040763855,0.032167300581932068],"torso_local_min_m":[0.054899297654628754,-0.13517054915428162,-0.011148050427436829]},{"role":"upper_visceral_anchor","semantic":51010,"source_body_index":20,"stable_id":15,"torso_local_max_m":[0.14529798924922943,-0.054803524166345596,-0.00016997754573822021],"torso_local_min_m":[0.044483475387096405,-0.10827997326850891,-0.081781387329101562]},{"role":"upper_visceral_anchor","semantic":51010,"source_body_index":20,"stable_id":16,"torso_local_max_m":[0.14555037021636963,-0.076950214803218842,0.0034730583429336548],"torso_local_min_m":[0.070841141045093536,-0.14232207834720612,-0.066602751612663269]},{"role":"upper_visceral_anchor","semantic":51010,"source_body_index":20,"stable_id":17,"torso_local_max_m":[0.14544790983200073,-0.046261340379714966,0.04582890123128891],"torso_local_min_m":[0.071815699338912964,-0.16987395286560059,-0.010366916656494141]},{"role":"upper_visceral_anchor","semantic":51010,"source_body_index":20,"stable_id":18,"torso_local_max_m":[0.14095832407474518,-0.1117347925901413,0.10171232372522354],"torso_local_min_m":[0.058839522302150726,-0.18475639820098877,0.027744609862565994]},{"role":"upper_visceral_anchor","semantic":51010,"source_body_index":20,"stable_id":19,"torso_local_max_m":[0.11320210993289948,-0.11827600747346878,0.11058175563812256],"torso_local_min_m":[-0.0012684613466262817,-0.20231522619724274,0.021600734442472458]},{"role":"upper_visceral_anchor","semantic":51010,"source_body_index":20,"stable_id":20,"torso_local_max_m":[0.10111340880393982,-0.050926655530929565,0.11093625426292419],"torso_local_min_m":[-0.0022434890270233154,-0.13834927976131439,0.019856229424476624]},{"role":"upper_visceral_anchor","semantic":51010,"source_body_index":20,"stable_id":21,"torso_local_max_m":[0.14313989877700806,-0.043088436126708984,0.10617084801197052],"torso_local_min_m":[0.025023393332958221,-0.12118934094905853,0.018454927951097488]},{"role":"upper_visceral_anchor","semantic":51010,"source_body_index":20,"stable_id":22,"torso_local_max_m":[0.15336306393146515,-0.041172627359628677,0.11002320796251297],"torso_local_min_m":[0.02455456554889679,-0.11670317500829697,0.017514020204544067]},{"role":"upper_visceral_anchor","semantic":51010,"source_body_index":20,"stable_id":461,"torso_local_max_m":[0.13303953409194946,-0.13353027403354645,0.063625447452068329],"torso_local_min_m":[0.084262087941169739,-0.17424784600734711,0.026906765997409821]},{"role":"pelvic_anchor","semantic":51010,"source_body_index":20,"stable_id":462,"torso_local_max_m":[0.08233652263879776,-0.39701157808303833,0.034268602728843689],"torso_local_min_m":[0.010075983591377735,-0.43757495284080505,-0.033010013401508331]},{"role":"pelvic_anchor","semantic":51010,"source_body_index":20,"stable_id":463,"torso_local_max_m":[0.050315443426370621,-0.4348473846912384,0.01782398484647274],"torso_local_min_m":[0.018116317689418793,-0.4553583562374115,-0.016720972955226898]}],"torso_body_index":20}
resting_support_geometry=full_registered_skin vertices=54949 regions=32 full_bi2026-10-06 02:04:15.580 numi-human-native[53929:16173310] +[NSXPCSharedListener endpointForReply:withListenerName:replyErrorCode:]: an error occurred while attempting to obtain endpoint for listener 'ClientCallsAuxiliary': Connection interrupted
2026-10-06 02:04:15.654 numi-human-native[53929:16173310] Human native framebuffer output: recording; window drawable unavailable
nding_count=86 region_sizes=[6907,1222,2796,2044,1525,1394,710,777,1891,1262,810,832,890,483,1328,1266,835,700,870,3097,4320,2043,1882,579,1199,1219,962,632,868,3302,4308,1996] force_owner=existing_metal_stand partition=source_rest_voronoi
resting_initialization=dynamic_release recruitment_activation_cap=0.01 normalized_residual_rms=146.157054343 maximum_acceleration_residual=576.853445741 balanced=false qualification=initialization_transient_not_static_equilibrium
compiled_support_geometry=admissible compiled_support_min_gap_m=-1.38777878078e-17 compiled_support_gap_tolerance_m=1e-06 compiled_support_activation_distance_m=0.002 compiled_support_separated_witnesses=31 compiled_support_max_separated_force_n=0 compiled_support_rejected_pose_candidates=0
human_stand_solver_path=split_candidate
resting_integrated_rejection=pass rejected_after_accepted_predecessor=true body_q_v_root_myo_unchanged=true circulation_and_clock_unchanged=true respiration_brain_history_unchanged=true retry_matches_uninterrupted_replay=true same_command_buffer_reject=pass accepted_prefix=2 rejected_step=2 inert_suffix=1
resting_native_profile step=32 command_ms=596.800584 gpu_ms=596.236292273 host_copy_ms=0.007458 full_state_readback=0
resting_native_profile step=64 command_ms=627.720208 gpu_ms=627.082625404 host_copy_ms=0.007125 full_state_readback=0
resting_native_profile step=96 command_ms=627.38775 gpu_ms=626.798499376 host_copy_ms=0.00875 full_state_readback=0
resting_native_profile step=128 command_ms=624.09525 gpu_ms=623.551624827 host_copy_ms=0.007333 full_state_readback=0
resting_native_profile step=160 command_ms=624.269875 gpu_ms=623.70075006 host_copy_ms=0.007667 full_state_readback=0
resting_native_profile step=192 command_ms=618.805291 gpu_ms=618.193792179 host_copy_ms=0.007625 full_state_readback=0
resting_native_profile step=224 command_ms=609.572333 gpu_ms=609.006375074 host_copy_ms=0.0085 full_state_readback=0
resting_native_profile step=256 command_ms=612.839334 gpu_ms=612.178750336 host_copy_ms=0.01 full_state_readback=0
resting_native_profile step=288 command_ms=624.066959 gpu_ms=623.464000411 host_copy_ms=0.008666 full_state_readback=0
resting_native_profile step=320 command_ms=641.890708 gpu_ms=641.320874915 host_copy_ms=0.007167 full_state_readback=0
resting_native_profile step=352 command_ms=633.092583 gpu_ms=632.560167462 host_copy_ms=0.00775 full_state_readback=0
resting_native_profile step=384 command_ms=647.156708 gpu_ms=646.615250036 host_copy_ms=0.00825 full_state_readback=0
resting_native_profile step=416 command_ms=630.52325 gpu_ms=629.952583462 host_copy_ms=0.008459 full_state_readback=0
resting_native_profile step=448 command_ms=635.0465 gpu_ms=634.40325018 host_copy_ms=0.007375 full_state_readback=0
resting_native_profile step=480 command_ms=634.933209 gpu_ms=634.291000664 host_copy_ms=0.007333 full_state_readback=0
resting_native_profile step=512 command_ms=634.128709 gpu_ms=633.480083197 host_copy_ms=0.007 full_state_readback=0
resting_native_profile step=544 command_ms=632.774333 gpu_ms=632.232375443 host_copy_ms=0.007459 full_state_readback=0
resting_native_profile step=576 command_ms=631.812833 gpu_ms=631.231750362 host_copy_ms=0.006459 full_state_readback=0
resting_native_profile step=608 command_ms=632.728042 gpu_ms=632.082999684 host_copy_ms=0.008833 full_state_readback=0
resting_native_profile step=640 command_ms=634.313042 gpu_ms=633.671999909 host_copy_ms=0.00725 full_state_readback=0
accepted_geometry_export=/Users/n/numi-human-resting-evidence-20261005/joint-costal-conditioned-native-049/accepted-geometry/step-639.mrvpack receipt=/Users/n/numi-human-resting-evidence-20261005/joint-costal-conditioned-native-049/accepted-geometry/step-639.receipt.json accepted_root=0xdae18b9cd49de3d9 pack_sha256=f29b2541ee8d48d01621e02c6eeedeb5ec41cde908ffe684af83c7223ddcaa32 receipt_sha256=edff4434f1052740d1f05973e9949ae02b6d4e5fec3c0acc140ef8796e2af68f
resting_native_profile step=672 command_ms=640.858625 gpu_ms=640.389875509 host_copy_ms=0.022708 full_state_readback=0
resting_native_profile step=704 command_ms=633.465083 gpu_ms=632.873750292 host_copy_ms=0.008959 full_state_readback=0
resting_native_profile step=736 command_ms=631.010584 gpu_ms=630.349708721 host_copy_ms=0.008333 full_state_readback=0
resting_native_profile step=768 command_ms=632.954167 gpu_ms=632.32441619 host_copy_ms=0.008125 full_state_readback=0
resting_native_profile step=800 command_ms=631.777458 gpu_ms=631.223999895 host_copy_ms=0.008292 full_state_readback=0
resting_native_profile step=832 command_ms=633.118875 gpu_ms=632.910541259 host_copy_ms=0.020625 full_state_readback=0
resting_native_profile step=864 command_ms=631.325792 gpu_ms=630.754708312 host_copy_ms=0.009041 full_state_readback=0
resting_native_profile step=896 command_ms=633.318917 gpu_ms=632.691208273 host_copy_ms=0.007583 full_state_readback=0
resting_native_profile step=928 command_ms=632.107625 gpu_ms=631.533833221 host_copy_ms=0.007875 full_state_readback=0
resting_native_profile step=960 command_ms=632.526291 gpu_ms=631.918541156 host_copy_ms=0.007625 full_state_readback=0
resting_native_profile step=992 command_ms=633.038875 gpu_ms=632.451875135 host_copy_ms=0.016292 full_state_readback=0
resting_native_profile step=1024 command_ms=634.472 gpu_ms=633.915999904 host_copy_ms=0.008208 full_state_readback=0
resting_native_profile step=1056 command_ms=632.64425 gpu_ms=632.05158338 host_copy_ms=0.008 full_state_readback=0
resting_native_profile step=1088 command_ms=632.457959 gpu_ms=631.84395805 host_copy_ms=0.007375 full_state_readback=0
resting_native_profile step=1120 command_ms=632.820417 gpu_ms=632.188124582 host_copy_ms=0.007333 full_state_readback=0
resting_native_profile step=1152 command_ms=631.277583 gpu_ms=631.097124889 host_copy_ms=0.007 full_state_readback=0
resting_native_profile step=1184 command_ms=633.502042 gpu_ms=633.279332891 host_copy_ms=0.008542 full_state_readback=0
resting_native_profile step=1216 command_ms=634.40525 gpu_ms=633.852999657 host_copy_ms=0.00825 full_state_readback=0
resting_native_profile step=1248 command_ms=633.451833 gpu_ms=632.797125727 host_copy_ms=0.007084 full_state_readback=0
resting_native_profile step=1280 command_ms=634.038416 gpu_ms=633.46937485 host_copy_ms=0.007459 full_state_readback=0
resting_native_profile step=1312 command_ms=634.601334 gpu_ms=633.965750225 host_copy_ms=0.00875 full_state_readback=0
resting_native_profile step=1344 command_ms=638.528625 gpu_ms=637.97620777 host_copy_ms=0.007959 full_state_readback=0
resting_native_profile step=1376 command_ms=639.764291 gpu_ms=639.195375144 host_copy_ms=0.009084 full_state_readback=0
resting_native_profile step=1408 command_ms=641.280208 gpu_ms=640.651499853 host_copy_ms=0.007833 full_state_readback=0
resting_native_profile step=1440 command_ms=641.485708 gpu_ms=640.954624861 host_copy_ms=0.0075 full_state_readback=0
resting_native_profile step=1472 command_ms=641.47725 gpu_ms=640.899541788 host_copy_ms=0.007125 full_state_readback=0
resting_native_profile step=1504 command_ms=641.402334 gpu_ms=640.767833218 host_copy_ms=0.008541 full_state_readback=0
resting_native_profile step=1536 command_ms=641.357333 gpu_ms=640.782457776 host_copy_ms=0.0085 full_state_readback=0
resting_native_profile step=1568 command_ms=641.277208 gpu_ms=640.733791515 host_copy_ms=0.008125 full_state_readback=0
resting_native_profile step=1600 command_ms=639.538125 gpu_ms=638.96537479 host_copy_ms=0.007375 full_state_readback=0
resting_native_profile step=1632 command_ms=642.191625 gpu_ms=641.645416617 host_copy_ms=0.007 full_state_readback=0
resting_native_profile step=1664 command_ms=644.707875 gpu_ms=644.148375839 host_copy_ms=0.007667 full_state_readback=0
resting_native_profile step=1696 command_ms=642.178708 gpu_ms=641.984125599 host_copy_ms=0.007833 full_state_readback=0
resting_native_profile step=1728 command_ms=643.089875 gpu_ms=642.469749786 host_copy_ms=0.007709 full_state_readback=0
resting_native_profile step=1760 command_ms=641.311042 gpu_ms=640.674374998 host_copy_ms=0.007 full_state_readback=0
resting_native_profile step=1792 command_ms=643.78775 gpu_ms=643.227375112 host_copy_ms=0.008625 full_state_readback=0
resting_native_profile step=1824 command_ms=642.8735 gpu_ms=642.306500115 host_copy_ms=0.007625 full_state_readback=0
resting_native_profile step=1856 command_ms=643.631292 gpu_ms=643.371875398 host_copy_ms=0.007916 full_state_readback=0
resting_native_profile step=1888 command_ms=644.103333 gpu_ms=643.462374806 host_copy_ms=0.007084 full_state_readback=0
resting_native_profile step=1920 command_ms=643.157375 gpu_ms=642.561166547 host_copy_ms=0.008209 full_state_readback=0
resting_native_profile step=1952 command_ms=646.161625 gpu_ms=645.515750162 host_copy_ms=0.008959 full_state_readback=0
resting_native_profile step=1984 command_ms=652.450875 gpu_ms=651.847667061 host_copy_ms=0.008958 full_state_readback=0
resting_native_profile step=2016 command_ms=651.930625 gpu_ms=651.277916506 host_copy_ms=0.008333 full_state_readback=0
resting_native_profile step=2048 command_ms=651.0435 gpu_ms=650.476374663 host_copy_ms=0.007291 full_state_readback=0
resting_native_profile step=2080 command_ms=649.884542 gpu_ms=649.243749678 host_copy_ms=0.007083 full_state_readback=0
resting_native_profile step=2112 command_ms=647.611584 gpu_ms=647.001542151 host_copy_ms=0.022041 full_state_readback=0
resting_native_profile step=2144 command_ms=651.188709 gpu_ms=650.630874559 host_copy_ms=0.009041 full_state_readback=0
resting_native_profile step=2176 command_ms=651.382292 gpu_ms=650.833750144 host_copy_ms=0.007791 full_state_readback=0
resting_native_profile step=2208 command_ms=648.912333 gpu_ms=648.263208568 host_copy_ms=0.008167 full_state_readback=0
resting_native_profile step=2240 command_ms=650.47075 gpu_ms=649.830375798 host_copy_ms=0.008583 full_state_readback=0
resting_native_profile step=2272 command_ms=648.671125 gpu_ms=648.108333349 host_copy_ms=0.00875 full_state_readback=0
resting_native_profile step=2304 command_ms=649.569042 gpu_ms=649.013083428 host_copy_ms=0.008042 full_state_readback=0
resting_native_profile step=2336 command_ms=651.524084 gpu_ms=650.980374776 host_copy_ms=0.007666 full_state_readback=0
resting_native_profile step=2368 command_ms=651.018333 gpu_ms=650.421624072 host_copy_ms=0.007917 full_state_readback=0
resting_native_profile step=2400 command_ms=649.371791 gpu_ms=648.808833212 host_copy_ms=0.007625 full_state_readback=0
resting_native_profile step=2432 command_ms=649.087584 gpu_ms=648.549875244 host_copy_ms=0.008916 full_state_readback=0
resting_native_profile step=2464 command_ms=650.444541 gpu_ms=649.888791144 host_copy_ms=0.008542 full_state_readback=0
resting_native_profile step=2496 command_ms=650.382875 gpu_ms=649.77291692 host_copy_ms=0.008708 full_state_readback=0
resting_native_profile step=2528 command_ms=649.814417 gpu_ms=649.21154175 host_copy_ms=0.006625 full_state_readback=0
resting_native_profile step=2560 command_ms=648.162333 gpu_ms=647.975916974 host_copy_ms=0.007125 full_state_readback=0
resting_native_profile step=2592 command_ms=649.313458 gpu_ms=648.667458445 host_copy_ms=0.008708 full_state_readback=0
resting_native_profile step=2624 command_ms=649.382125 gpu_ms=648.750917055 host_copy_ms=0.00775 full_state_readback=0
resting_native_profile step=2656 command_ms=649.493416 gpu_ms=648.84316735 host_copy_ms=0.019834 full_state_readback=0
resting_native_profile step=2688 command_ms=651.300416 gpu_ms=650.711624883 host_copy_ms=0.010834 full_state_readback=0
resting_native_profile step=2720 command_ms=654.338291 gpu_ms=653.674375266 host_copy_ms=0.017792 full_state_readback=0
resting_native_profile step=2752 command_ms=656.873375 gpu_ms=656.208083034 host_copy_ms=0.012916 full_state_readback=0
resting_native_profile step=2784 command_ms=657.203417 gpu_ms=656.581500545 host_copy_ms=0.012333 full_state_readback=0
accepted_geometry_export=/Users/n/numi-human-resting-evidence-20261005/joint-costal-conditioned-native-049/accepted-geometry/step-2783.mrvpack receipt=/Users/n/numi-human-resting-evidence-20261005/joint-costal-conditioned-native-049/accepted-geometry/step-2783.receipt.json accepted_root=0xcb8d1a16a4ccb3f9 pack_sha256=57cda59d3d0bb6902211882eb547db2b1858932b89858a8827734403f4cb5dca receipt_sha256=78c583176000ad59492f20a5d8faa2d027ce7f1c07728f06ae198082ad441d7e
resting_native_profile step=2816 command_ms=659.515125 gpu_ms=659.064667299 host_copy_ms=0.016625 full_state_readback=0
resting_native_profile step=2848 command_ms=657.178209 gpu_ms=656.609208323 host_copy_ms=0.011666 full_state_readback=0
resting_native_profile step=2880 command_ms=656.653208 gpu_ms=656.027291901 host_copy_ms=0.018792 full_state_readback=0
resting_native_profile step=2912 command_ms=655.196875 gpu_ms=654.523875564 host_copy_ms=0.013667 full_state_readback=0
resting_native_profile step=2944 command_ms=658.075375 gpu_ms=657.465708442 host_copy_ms=0.011792 full_state_readback=0
resting_native_profile step=2976 command_ms=656.25925 gpu_ms=655.689291656 host_copy_ms=0.011125 full_state_readback=0
resting_native_profile step=3008 command_ms=650.526333 gpu_ms=649.903042242 host_copy_ms=0.045125 full_state_readback=0
resting_native_profile step=3040 command_ms=656.137833 gpu_ms=655.567125417 host_copy_ms=0.012334 full_state_readback=0
resting_native_profile step=3072 command_ms=658.177459 gpu_ms=657.985875383 host_copy_ms=0.01325 full_state_readback=0
resting_native_profile step=3104 command_ms=652.868542 gpu_ms=652.245000005 host_copy_ms=0.016791 full_state_readback=0
resting_native_profile step=3136 command_ms=649.550792 gpu_ms=648.91850017 host_copy_ms=0.011083 full_state_readback=0
resting_native_profile step=3168 command_ms=656.863666 gpu_ms=656.286291778 host_copy_ms=0.011292 full_state_readback=0
resting_native_profile step=3200 command_ms=654.549291 gpu_ms=654.301624745 host_copy_ms=0.006459 full_state_readback=0
resting_native_profile step=3232 command_ms=650.191875 gpu_ms=649.531499483 host_copy_ms=0.0465 full_state_readback=0
resting_native_profile step=3264 command_ms=656.009875 gpu_ms=655.432374217 host_copy_ms=0.012583 full_state_readback=0
resting_native_profile step=3296 command_ms=651.441625 gpu_ms=650.869124569 host_copy_ms=0.011125 full_state_readback=0
resting_native_profile step=3328 command_ms=658.418208 gpu_ms=657.802499831 host_copy_ms=0.01175 full_state_readback=0
resting_native_profile step=3360 command_ms=658.015709 gpu_ms=657.457374968 host_copy_ms=0.011333 full_state_readback=0
resting_native_profile step=3392 command_ms=655.57225 gpu_ms=655.009125359 host_copy_ms=0.012375 full_state_readback=0
resting_native_profile step=3424 command_ms=651.091333 gpu_ms=650.469791144 host_copy_ms=0.014459 full_state_readback=0
resting_native_profile step=3456 command_ms=657.775167 gpu_ms=657.163999975 host_copy_ms=0.011417 full_state_readback=0
resting_native_profile step=3488 command_ms=653.302 gpu_ms=652.675124817 host_copy_ms=0.011375 full_state_readback=0
resting_native_profile step=3520 command_ms=651.217 gpu_ms=650.666125119 host_copy_ms=0.018542 full_state_readback=0
resting_native_profile step=3552 command_ms=658.031666 gpu_ms=657.448958606 host_copy_ms=0.011625 full_state_readback=0
resting_native_profile step=3584 command_ms=655.86025 gpu_ms=655.250875279 host_copy_ms=0.011625 full_state_readback=0
resting_native_profile step=3616 command_ms=655.450083 gpu_ms=654.831834137 host_copy_ms=0.014459 full_state_readback=0
resting_native_profile step=3648 command_ms=655.991834 gpu_ms=655.435916968 host_copy_ms=0.011541 full_state_readback=0
resting_native_profile step=3680 command_ms=656.864458 gpu_ms=656.253333203 host_copy_ms=0.011084 full_state_readback=0
resting_native_profile step=3712 command_ms=656.899333 gpu_ms=656.332750805 host_copy_ms=0.010959 full_state_readback=0
resting_native_profile step=3744 command_ms=651.220583 gpu_ms=651.019500569 host_copy_ms=0.012292 full_state_readback=0
resting_native_profile step=3776 command_ms=650.663833 gpu_ms=650.092249736 host_copy_ms=0.01325 full_state_readback=0
resting_native_profile step=3808 command_ms=656.554208 gpu_ms=655.910541303 host_copy_ms=0.011417 full_state_readback=0
resting_native_profile step=3840 command_ms=650.791458 gpu_ms=650.220291689 host_copy_ms=0.016458 full_state_readback=0
resting_native_profile step=3872 command_ms=656.243958 gpu_ms=655.67949973 host_copy_ms=0.012375 full_state_readback=0
resting_native_profile step=3904 command_ms=657.780084 gpu_ms=657.16675017 host_copy_ms=0.011625 full_state_readback=0
resting_native_profile step=3936 command_ms=652.18 gpu_ms=651.57274995 host_copy_ms=0.018583 full_state_readback=0
resting_native_profile step=3968 command_ms=658.888417 gpu_ms=658.378374763 host_copy_ms=0.014375 full_state_readback=0
resting_native_profile step=4000 command_ms=659.312541 gpu_ms=658.7625416 host_copy_ms=0.011834 full_state_readback=0
resting_native_profile step=4032 command_ms=655.912625 gpu_ms=655.292624608 host_copy_ms=0.017666 full_state_readback=0
resting_native_profile step=4064 command_ms=658.009417 gpu_ms=657.448374666 host_copy_ms=0.011792 full_state_readback=0
resting_native_profile step=4096 command_ms=650.12225 gpu_ms=649.539374746 host_copy_ms=0.01125 full_state_readback=0
resting_native_profile step=4128 command_ms=657.6245 gpu_ms=657.015041448 host_copy_ms=0.01125 full_state_readback=0
resting_native_profile step=4160 command_ms=650.666292 gpu_ms=650.108875707 host_copy_ms=0.014667 full_state_readback=0
resting_native_profile step=4192 command_ms=658.734542 gpu_ms=658.16091653 host_copy_ms=0.0115 full_state_readback=0
resting_native_profile step=4224 command_ms=659.126542 gpu_ms=658.557708375 host_copy_ms=0.010958 full_state_readback=0
resting_native_profile step=4256 command_ms=650.947958 gpu_ms=650.340958498 host_copy_ms=0.014958 full_state_readback=0
resting_native_profile step=4288 command_ms=657.763166 gpu_ms=657.186208293 host_copy_ms=0.011459 full_state_readback=0
resting_native_profile step=4320 command_ms=659.235916 gpu_ms=658.620041795 host_copy_ms=0.011167 full_state_readback=0
resting_native_profile step=4352 command_ms=654.428708 gpu_ms=653.823708184 host_copy_ms=0.016417 full_state_readback=0
resting_native_profile step=4384 command_ms=656.975458 gpu_ms=656.410000287 host_copy_ms=0.011625 full_state_readback=0
resting_native_profile step=4416 command_ms=659.668208 gpu_ms=659.023750573 host_copy_ms=0.013792 full_state_readback=0
resting_native_profile step=4448 command_ms=656.256125 gpu_ms=655.663374811 host_copy_ms=0.015708 full_state_readback=0
resting_native_profile step=4480 command_ms=657.160167 gpu_ms=656.968041323 host_copy_ms=0.011167 full_state_readback=0
resting_native_profile step=4512 command_ms=657.477083 gpu_ms=656.880624592 host_copy_ms=0.011209 full_state_readback=0
resting_native_profile step=4544 command_ms=656.575042 gpu_ms=655.989666469 host_copy_ms=0.010792 full_state_readback=0
resting_native_profile step=4576 command_ms=657.813625 gpu_ms=657.581499778 host_copy_ms=0.012292 full_state_readback=0
resting_native_profile step=4608 command_ms=656.748625 gpu_ms=656.142583117 host_copy_ms=0.011875 full_state_readback=0
resting_native_profile step=4640 command_ms=656.34125 gpu_ms=655.760624446 host_copy_ms=0.011542 full_state_readback=0
resting_native_profile step=4672 command_ms=652.211 gpu_ms=652.013124898 host_copy_ms=0.015208 full_state_readback=0
resting_native_profile step=4704 command_ms=657.897417 gpu_ms=657.249250449 host_copy_ms=0.011625 full_state_readback=0
resting_native_profile step=4736 command_ms=657.721584 gpu_ms=657.107583247 host_copy_ms=0.011458 full_state_readback=0
resting_native_profile step=4768 command_ms=654.192291 gpu_ms=653.626999818 host_copy_ms=0.016584 full_state_readback=0
resting_native_profile step=4800 command_ms=659.056583 gpu_ms=658.435249701 host_copy_ms=0.011334 full_state_readback=0
resting_native_profile step=4832 command_ms=660.002833 gpu_ms=659.436166286 host_copy_ms=0.011459 full_state_readback=0
resting_native_profile step=4864 command_ms=654.670334 gpu_ms=654.106625356 host_copy_ms=0.009041 full_state_readback=0
resting_native_profile step=4896 command_ms=652.914125 gpu_ms=652.338624932 host_copy_ms=0.007875 full_state_readback=0
resting_native_profile step=4928 command_ms=652.066625 gpu_ms=651.53862536 host_copy_ms=0.006917 full_state_readback=0
resting_native_profile step=4960 command_ms=650.664292 gpu_ms=650.039541535 host_copy_ms=0.007416 full_state_readback=0
resting_native_profile step=4992 command_ms=651.140458 gpu_ms=650.519458577 host_copy_ms=0.00725 full_state_readback=0
accepted_geometry_export=/Users/n/numi-human-resting-evidence-20261005/joint-costal-conditioned-native-049/accepted-geometry/step-4991.mrvpack receipt=/Users/n/numi-human-resting-evidence-20261005/joint-costal-conditioned-native-049/accepted-geometry/step-4991.receipt.json accepted_root=0xad177ae0c35f46d9 pack_sha256=f4dee1bd3a9dc2b27da92b50a2da33bc66dbbac2930cc3dbf700ee4c1a7e2b7e receipt_sha256=f146c2dbe9bd2d97c1cd97a3c0908226f5f95933124a913cc866c92461822bcc
resting_native_profile step=5024 command_ms=661.217084 gpu_ms=660.753916949 host_copy_ms=0.007333 full_state_readback=0
resting_native_profile step=5056 command_ms=651.586041 gpu_ms=651.001666673 host_copy_ms=0.007959 full_state_readback=0
resting_native_profile step=5088 command_ms=650.946583 gpu_ms=650.366707705 host_copy_ms=0.008208 full_state_readback=0
resting_native_profile step=5120 command_ms=651.414709 gpu_ms=650.883249938 host_copy_ms=0.008375 full_state_readback=0
resting_native_profile step=5152 command_ms=652.440667 gpu_ms=651.839874685 host_copy_ms=0.0085 full_state_readback=0
resting_native_profile step=5184 command_ms=651.164875 gpu_ms=650.596708059 host_copy_ms=0.011292 full_state_readback=0
resting_native_profile step=5216 command_ms=652.434458 gpu_ms=651.804375462 host_copy_ms=0.007917 full_state_readback=0
resting_native_profile step=5248 command_ms=648.800583 gpu_ms=648.213500157 host_copy_ms=0.007459 full_state_readback=0
resting_native_profile step=5280 command_ms=652.695083 gpu_ms=652.071041055 host_copy_ms=0.020875 full_state_readback=0
resting_native_profile step=5312 command_ms=651.095666 gpu_ms=650.496750139 host_copy_ms=0.007834 full_state_readback=0
resting_native_profile step=5344 command_ms=651.686875 gpu_ms=651.107291691 host_copy_ms=0.007125 full_state_readback=0
resting_native_profile step=5376 command_ms=650.468 gpu_ms=649.874540977 host_copy_ms=0.007708 full_state_readback=0
resting_native_profile step=5408 command_ms=650.383417 gpu_ms=650.181958452 host_copy_ms=0.007958 full_state_readback=0
resting_native_profile step=5440 command_ms=652.978542 gpu_ms=652.454749681 host_copy_ms=0.00875 full_state_readback=0
resting_native_profile step=5472 command_ms=651.875375 gpu_ms=651.232500561 host_copy_ms=0.023083 full_state_readback=0
resting_native_profile step=5504 command_ms=658.440209 gpu_ms=658.202875406 host_copy_ms=0.012375 full_state_readback=0
resting_native_profile step=5536 command_ms=660.022166 gpu_ms=659.388584085 host_copy_ms=0.011084 full_state_readback=0
resting_native_profile step=5568 command_ms=655.17375 gpu_ms=654.540791176 host_copy_ms=0.017458 full_state_readback=0
resting_native_profile step=5600 command_ms=656.810292 gpu_ms=656.612250023 host_copy_ms=0.011875 full_state_readback=0
resting_native_profile step=5632 command_ms=659.546875 gpu_ms=658.909125254 host_copy_ms=0.012333 full_state_readback=0
resting_native_profile step=5664 command_ms=656.624125 gpu_ms=656.034084037 host_copy_ms=0.031583 full_state_readback=0
resting_native_profile step=5696 command_ms=657.7405 gpu_ms=657.556500286 host_copy_ms=0.011292 full_state_readback=0
resting_native_profile step=5728 command_ms=651.406083 gpu_ms=650.776250288 host_copy_ms=0.01125 full_state_readback=0
resting_native_profile step=5760 command_ms=658.180959 gpu_ms=657.563417219 host_copy_ms=0.017958 full_state_readback=0
resting_native_profile step=5792 command_ms=659.443208 gpu_ms=658.836875111 host_copy_ms=0.012084 full_state_readback=0
resting_native_profile step=5824 command_ms=661.193875 gpu_ms=660.642875358 host_copy_ms=0.012 full_state_readback=0
resting_native_profile step=5856 command_ms=659.649166 gpu_ms=659.085375257 host_copy_ms=0.011625 full_state_readback=0
resting_native_profile step=5888 command_ms=659.099541 gpu_ms=658.538250253 host_copy_ms=0.013792 full_state_readback=0
resting_native_profile step=5920 command_ms=656.77425 gpu_ms=656.212499365 host_copy_ms=0.012625 full_state_readback=0
resting_native_profile step=5952 command_ms=659.482459 gpu_ms=658.885583282 host_copy_ms=0.011375 full_state_readback=0
resting_native_profile step=5984 command_ms=653.412041 gpu_ms=652.781874873 host_copy_ms=0.016417 full_state_readback=0
resting_native_profile step=6016 command_ms=657.511792 gpu_ms=656.86366614 host_copy_ms=0.011958 full_state_readback=0
resting_native_profile step=6048 command_ms=658.7425 gpu_ms=658.162167296 host_copy_ms=0.013667 full_state_readback=0
resting_native_profile step=6080 command_ms=656.297167 gpu_ms=655.668917112 host_copy_ms=0.015541 full_state_readback=0
resting_native_profile step=6112 command_ms=657.407916 gpu_ms=656.788875349 host_copy_ms=0.01325 full_state_readback=0
resting_native_profile step=6144 command_ms=650.070375 gpu_ms=649.46887549 host_copy_ms=0.015167 full_state_readback=0
resting_native_profile step=6176 command_ms=658.226542 gpu_ms=657.600292005 host_copy_ms=0.00925 full_state_readback=0
resting_native_profile step=6208 command_ms=657.400916 gpu_ms=656.82550054 host_copy_ms=0.012334 full_state_readback=0
resting_native_profile step=6240 command_ms=660.099375 gpu_ms=659.906875342 host_copy_ms=0.011916 full_state_readback=0
resting_native_profile step=6272 command_ms=657.434625 gpu_ms=656.889082864 host_copy_ms=0.011958 full_state_readback=0
resting_native_profile step=6304 command_ms=650.225167 gpu_ms=649.646291509 host_copy_ms=0.038666 full_state_readback=0
resting_native_profile step=6336 command_ms=660.319166 gpu_ms=659.702749923 host_copy_ms=0.012042 full_state_readback=0
resting_native_profile step=6368 command_ms=657.910333 gpu_ms=657.345499843 host_copy_ms=0.011834 full_state_readback=0
resting_native_profile step=6400 command_ms=653.101417 gpu_ms=652.523833327 host_copy_ms=0.017875 full_state_readback=0
resting_native_profile step=6432 command_ms=650.678791 gpu_ms=650.064624846 host_copy_ms=0.01175 full_state_readback=0
resting_native_profile step=6464 command_ms=652.552625 gpu_ms=652.01854147 host_copy_ms=0.013458 full_state_readback=0
resting_native_profile step=6496 command_ms=657.61025 gpu_ms=657.07025025 host_copy_ms=0.016708 full_state_readback=0
resting_native_profile step=6528 command_ms=660.223875 gpu_ms=659.656500444 host_copy_ms=0.011583 full_state_readback=0
resting_native_profile step=6560 command_ms=660.4755 gpu_ms=659.830042161 host_copy_ms=0.011292 full_state_readback=0
resting_native_profile step=6592 command_ms=660.056708 gpu_ms=659.516124986 host_copy_ms=0.014709 full_state_readback=0
resting_native_profile step=6624 command_ms=660.120667 gpu_ms=659.543374553 host_copy_ms=0.011833 full_state_readback=0
resting_native_profile step=6656 command_ms=659.112875 gpu_ms=658.937624656 host_copy_ms=0.011667 full_state_readback=0
resting_native_profile step=6688 command_ms=660.702166 gpu_ms=660.148624331 host_copy_ms=0.011084 full_state_readback=0
resting_native_profile step=6720 command_ms=659.720875 gpu_ms=659.072625451 host_copy_ms=0.013583 full_state_readback=0
resting_native_profile step=6752 command_ms=659.391459 gpu_ms=658.718707971 host_copy_ms=0.012791 full_state_readback=0
resting_native_profile step=6784 command_ms=657.260375 gpu_ms=656.705250032 host_copy_ms=0.011 full_state_readback=0
resting_native_profile step=6816 command_ms=655.438667 gpu_ms=654.877125286 host_copy_ms=0.014792 full_state_readback=0
resting_native_profile step=6848 command_ms=661.350584 gpu_ms=660.808417015 host_copy_ms=0.011958 full_state_readback=0
resting_native_profile step=6880 command_ms=660.793208 gpu_ms=660.211124457 host_copy_ms=0.0115 full_state_readback=0
resting_native_profile step=6912 command_ms=656.813208 gpu_ms=656.629167497 host_copy_ms=0.033084 full_state_readback=0
resting_native_profile step=6944 command_ms=661.534291 gpu_ms=660.911291838 host_copy_ms=0.011667 full_state_readback=0
resting_native_profile step=6976 command_ms=663.145958 gpu_ms=662.522832863 host_copy_ms=0.012042 full_state_readback=0
resting_native_profile step=7008 command_ms=661.304083 gpu_ms=660.679708235 host_copy_ms=0.015167 full_state_readback=0
resting_native_profile step=7040 command_ms=662.519792 gpu_ms=661.949791946 host_copy_ms=0.011458 full_state_readback=0
resting_native_profile step=7072 command_ms=661.367792 gpu_ms=660.809542052 host_copy_ms=0.011583 full_state_readback=0
resting_native_profile step=7104 command_ms=664.434167 gpu_ms=663.886750117 host_copy_ms=0.010833 full_state_readback=0
resting_native_profile step=7136 command_ms=652.740167 gpu_ms=652.162374929 host_copy_ms=0.014166 full_state_readback=0
resting_native_profile step=7168 command_ms=660.8455 gpu_ms=660.235000774 host_copy_ms=0.010959 full_state_readback=0
resting_native_profile step=7200 command_ms=661.544416 gpu_ms=660.983082838 host_copy_ms=0.011084 full_state_readback=0
resting_native_profile step=7232 command_ms=654.393916 gpu_ms=653.830874711 host_copy_ms=0.013125 full_state_readback=0
resting_native_profile step=7264 command_ms=656.223417 gpu_ms=655.66445794 host_copy_ms=0.011166 full_state_readback=0
resting_native_profile step=7296 command_ms=662.905209 gpu_ms=662.241125479 host_copy_ms=0.011666 full_state_readback=0
resting_native_profile step=7328 command_ms=659.54725 gpu_ms=658.969041891 host_copy_ms=0.014958 full_state_readback=0
resting_native_profile step=7360 command_ms=663.73125 gpu_ms=663.534166291 host_copy_ms=0.013375 full_state_readback=0
resting_native_profile step=7392 command_ms=662.399334 gpu_ms=662.203624845 host_copy_ms=0.010833 full_state_readback=0
resting_native_profile step=7424 command_ms=657.77325 gpu_ms=657.209666446 host_copy_ms=0.01625 full_state_readback=0
resting_native_profile step=7456 command_ms=661.682 gpu_ms=661.095875315 host_copy_ms=0.011084 full_state_readback=0
resting_native_profile step=7488 command_ms=664.149791 gpu_ms=663.585750386 host_copy_ms=0.011 full_state_readback=0
resting_native_profile step=7520 command_ms=662.745209 gpu_ms=662.152249366 host_copy_ms=0.031375 full_state_readback=0
resting_native_profile step=7552 command_ms=654.46475 gpu_ms=653.887582943 host_copy_ms=0.025542 full_state_readback=0
resting_native_profile step=7584 command_ms=661.458625 gpu_ms=660.897000693 host_copy_ms=0.011208 full_state_readback=0
resting_native_profile step=7616 command_ms=663.1855 gpu_ms=662.586250342 host_copy_ms=0.011333 full_state_readback=0
resting_native_profile step=7648 command_ms=655.69275 gpu_ms=655.142624862 host_copy_ms=0.015 full_state_readback=0
resting_native_profile step=7680 command_ms=662.944375 gpu_ms=662.422541529 host_copy_ms=0.011041 full_state_readback=0
resting_native_profile step=7712 command_ms=662.383417 gpu_ms=661.824665964 host_copy_ms=0.010791 full_state_readback=0
resting_native_profile step=7744 command_ms=657.846333 gpu_ms=657.278332859 host_copy_ms=0.015333 full_state_readback=0
resting_native_profile step=7776 command_ms=663.648625 gpu_ms=663.012833335 host_copy_ms=0.014208 full_state_readback=0
resting_native_profile step=7808 command_ms=665.140167 gpu_ms=664.45554141 host_copy_ms=0.007542 full_state_readback=0
resting_native_profile step=7840 command_ms=654.871875 gpu_ms=654.234083369 host_copy_ms=0.015 full_state_readback=0
resting_native_profile step=7872 command_ms=661.210875 gpu_ms=660.603375174 host_copy_ms=0.011625 full_state_readback=0
resting_native_profile step=7904 command_ms=662.506208 gpu_ms=661.966000684 host_copy_ms=0.011292 full_state_readback=0
resting_native_profile step=7936 command_ms=664.91875 gpu_ms=664.339625277 host_copy_ms=0.011042 full_state_readback=0
resting_native_profile step=7968 command_ms=662.919042 gpu_ms=662.39287518 host_copy_ms=0.0125 full_state_readback=0
resting_native_profile step=8000 command_ms=663.213291 gpu_ms=662.686250173 host_copy_ms=0.011709 full_state_readback=0
resting_native_profile step=8032 command_ms=664.240542 gpu_ms=663.7101667 host_copy_ms=0.011208 full_state_readback=0
resting_native_profile step=8064 command_ms=657.677709 gpu_ms=657.115832902 host_copy_ms=0.013416 full_state_readback=0
resting_native_profile step=8096 command_ms=665.698542 gpu_ms=665.138375014 host_copy_ms=0.011083 full_state_readback=0
resting_native_profile step=8128 command_ms=664.159625 gpu_ms=663.977416232 host_copy_ms=0.010958 full_state_readback=0
resting_native_profile step=8160 command_ms=660.099167 gpu_ms=659.579125233 host_copy_ms=0.0145 full_state_readback=0
resting_native_profile step=8192 command_ms=662.901 gpu_ms=662.336208858 host_copy_ms=0.011583 full_state_readback=0
resting_native_profile step=8224 command_ms=665.315625 gpu_ms=664.751249366 host_copy_ms=0.013125 full_state_readback=0
resting_native_profile step=8256 command_ms=659.394917 gpu_ms=659.222083166 host_copy_ms=0.007583 full_state_readback=0
resting_native_profile step=8288 command_ms=658.03975 gpu_ms=657.460583374 host_copy_ms=0.019167 full_state_readback=0
resting_native_profile step=8320 command_ms=658.172333 gpu_ms=657.546791248 host_copy_ms=0.008417 full_state_readback=0
resting_native_profile step=8352 command_ms=658.629125 gpu_ms=658.088624477 host_copy_ms=0.007917 full_state_readback=0
resting_native_profile step=8384 command_ms=659.9505 gpu_ms=659.389000386 host_copy_ms=0.008084 full_state_readback=0
resting_native_profile step=8416 command_ms=658.692958 gpu_ms=658.498041332 host_copy_ms=0.008583 full_state_readback=0
resting_native_profile step=8448 command_ms=658.073417 gpu_ms=657.466749661 host_copy_ms=0.008542 full_state_readback=0
resting_native_profile step=8480 command_ms=659.588167 gpu_ms=658.9665832 host_copy_ms=0.008583 full_state_readback=0
resting_native_profile step=8512 command_ms=658.42475 gpu_ms=657.851084135 host_copy_ms=0.007916 full_state_readback=0
resting_native_profile step=8544 command_ms=658.730209 gpu_ms=658.124541864 host_copy_ms=0.007291 full_state_readback=0
resting_native_profile step=8576 command_ms=658.793958 gpu_ms=658.601291478 host_copy_ms=0.008917 full_state_readback=0
resting_native_profile step=8608 command_ms=656.796125 gpu_ms=656.171041541 host_copy_ms=0.00925 full_state_readback=0
resting_native_profile step=8640 command_ms=657.5935 gpu_ms=657.042208128 host_copy_ms=0.008375 full_state_readback=0
resting_native_profile step=8672 command_ms=659.415916 gpu_ms=658.895375207 host_copy_ms=0.007209 full_state_readback=0
resting_native_profile step=8704 command_ms=658.311375 gpu_ms=658.103500493 host_copy_ms=0.008833 full_state_readback=0
resting_native_profile step=8736 command_ms=659.564333 gpu_ms=658.893750049 host_copy_ms=0.009 full_state_readback=0
resting_native_profile step=8768 command_ms=659.95975 gpu_ms=659.34504196 host_copy_ms=0.007417 full_state_readback=0
resting_native_profile step=8800 command_ms=660.889875 gpu_ms=660.25075037 host_copy_ms=0.00725 full_state_readback=0
resting_native_profile step=8832 command_ms=658.813917 gpu_ms=658.24079141 host_copy_ms=0.007916 full_state_readback=0
resting_native_profile step=8864 command_ms=657.390667 gpu_ms=656.86462447 host_copy_ms=0.007667 full_state_readback=0
resting_native_profile step=8896 command_ms=659.835916 gpu_ms=659.274499863 host_copy_ms=0.010084 full_state_readback=0
resting_native_profile step=8928 command_ms=659.852125 gpu_ms=659.221000038 host_copy_ms=0.008625 full_state_readback=0
resting_native_profile step=8960 command_ms=660.029791 gpu_ms=659.409082495 host_copy_ms=0.007334 full_state_readback=0
resting_native_profile step=8992 command_ms=660.972916 gpu_ms=660.427999683 host_copy_ms=0.00825 full_state_readback=0
accepted_geometry_export=/Users/n/numi-human-resting-evidence-20261005/joint-costal-conditioned-native-049/accepted-geometry/step-8991.mrvpack receipt=/Users/n/numi-human-resting-evidence-20261005/joint-costal-conditioned-native-049/accepted-geometry/step-8991.receipt.json accepted_root=0x88c54445f68dbe39 pack_sha256=297f8cbe80b3ddd800712c37cc664d8056d32b68940e24f3cc21e129a015004e receipt_sha256=f32be58b69c7f82a16e9f375a6bbe172638315be7d37c99d75af18e63e8bd205
resting_native_profile step=9024 command_ms=664.467791 gpu_ms=664.025750011 host_copy_ms=0.008542 full_state_readback=0
resting_native_profile step=9056 command_ms=659.224416 gpu_ms=658.662333153 host_copy_ms=0.007084 full_state_readback=0
resting_native_profile step=9088 command_ms=660.248792 gpu_ms=659.673083574 host_copy_ms=0.007625 full_state_readback=0
resting_native_profile step=9120 command_ms=658.590875 gpu_ms=657.981208526 host_copy_ms=0.007083 full_state_readback=0
resting_native_profile step=9152 command_ms=660.905958 gpu_ms=660.275124945 host_copy_ms=0.007542 full_state_readback=0
resting_native_profile step=9184 command_ms=657.135583 gpu_ms=656.468249857 host_copy_ms=0.008417 full_state_readback=0
resting_native_profile step=9216 command_ms=661.431583 gpu_ms=660.895832814 host_copy_ms=0.00875 full_state_readback=0
resting_native_profile step=9248 command_ms=661.801666 gpu_ms=661.277624778 host_copy_ms=0.007625 full_state_readback=0
resting_native_profile step=9280 command_ms=656.913417 gpu_ms=656.365833245 host_copy_ms=0.006708 full_state_readback=0
resting_native_profile step=9312 command_ms=659.104208 gpu_ms=658.505542204 host_copy_ms=0.008959 full_state_readback=0
accepted_geometry_export=/Users/n/numi-human-resting-evidence-20261005/joint-costal-conditioned-native-049/accepted-geometry/step-9311.mrvpack receipt=/Users/n/numi-human-resting-evidence-20261005/joint-costal-conditioned-native-049/accepted-geometry/step-9311.receipt.json accepted_root=0xb52d1c24d860a479 pack_sha256=9fbf564e8c86a87bb3daa984417ed20abebaacfa718d1bb2b40533cf1b2daeb6 receipt_sha256=2d39061a0e72211adccf66a382563d59d08ff6da418e8d4543fdeae87d4cf89a
resting_native_profile step=9344 command_ms=668.627625 gpu_ms=668.43870841 host_copy_ms=0.007875 full_state_readback=0
resting_native_profile step=9376 command_ms=659.699042 gpu_ms=659.05754175 host_copy_ms=0.006625 full_state_readback=0
resting_native_profile step=9408 command_ms=660.8945 gpu_ms=660.316292197 host_copy_ms=0.008416 full_state_readback=0
resting_native_profile step=9440 command_ms=660.654916 gpu_ms=660.115750507 host_copy_ms=0.008417 full_state_readback=0
resting_native_profile step=9472 command_ms=661.288625 gpu_ms=660.754249431 host_copy_ms=0.006791 full_state_readback=0
resting_native_profile step=9504 command_ms=660.089417 gpu_ms=659.900291823 host_copy_ms=0.006708 full_state_readback=0
resting_native_profile step=9536 command_ms=661.285584 gpu_ms=660.709166899 host_copy_ms=0.008375 full_state_readback=0
resting_native_profile step=9568 command_ms=659.763541 gpu_ms=659.219624475 host_copy_ms=0.00725 full_state_readback=0
resting_native_profile step=9600 command_ms=661.372 gpu_ms=660.734166391 host_copy_ms=0.007625 full_state_readback=0
resting_native_profile step=9632 command_ms=660.151458 gpu_ms=659.523249604 host_copy_ms=0.008167 full_state_readback=0
resting_native_profile step=9664 command_ms=660.175875 gpu_ms=659.579625353 host_copy_ms=0.007583 full_state_readback=0
resting_native_profile step=9696 command_ms=659.642417 gpu_ms=659.112624824 host_copy_ms=0.008083 full_state_readback=0
resting_native_profile step=9728 command_ms=660.243041 gpu_ms=659.709208645 host_copy_ms=0.008542 full_state_readback=0
resting_native_profile step=9760 command_ms=660.468291 gpu_ms=659.940750338 host_copy_ms=0.007667 full_state_readback=0
resting_native_profile step=9792 command_ms=658.738041 gpu_ms=658.186833374 host_copy_ms=0.008792 full_state_readback=0
resting_native_profile step=9824 command_ms=658.849375 gpu_ms=658.251041546 host_copy_ms=0.007125 full_state_readback=0
resting_native_profile step=9856 command_ms=659.979583 gpu_ms=659.398708493 host_copy_ms=0.008792 full_state_readback=0
resting_native_profile step=9888 command_ms=659.018416 gpu_ms=658.474207856 host_copy_ms=0.00925 full_state_readback=0
resting_native_profile step=9920 command_ms=663.060625 gpu_ms=662.525583059 host_copy_ms=0.00825 full_state_readback=0
resting_native_profile step=9952 command_ms=663.088916 gpu_ms=662.860624492 host_copy_ms=0.007834 full_state_readback=0
resting_native_profile step=9984 command_ms=661.810959 gpu_ms=661.628499627 host_copy_ms=0.007375 full_state_readback=0
resting_native_profile step=10016 command_ms=660.242334 gpu_ms=659.67879165 host_copy_ms=0.008916 full_state_readback=0
resting_native_profile step=10048 command_ms=658.597125 gpu_ms=658.064084128 host_copy_ms=0.007625 full_state_readback=0
resting_native_profile step=10080 command_ms=660.011458 gpu_ms=659.419791773 host_copy_ms=0.009375 full_state_readback=0
resting_native_profile step=10112 command_ms=662.014458 gpu_ms=661.757875234 host_copy_ms=0.007167 full_state_readback=0
resting_native_profile step=10144 command_ms=661.139333 gpu_ms=660.846166313 host_copy_ms=0.007375 full_state_readback=0
resting_native_profile step=10176 command_ms=659.398125 gpu_ms=658.822624944 host_copy_ms=0.008917 full_state_readback=0
resting_native_profile step=10208 command_ms=659.882333 gpu_ms=659.287624992 host_copy_ms=0.008625 full_state_readback=0
resting_native_profile step=10240 command_ms=659.736291 gpu_ms=659.119541757 host_copy_ms=0.007125 full_state_readback=0
resting_native_profile step=10272 command_ms=661.784458 gpu_ms=661.106458865 host_copy_ms=0.007375 full_state_readback=0
resting_native_profile step=10304 command_ms=660.107417 gpu_ms=659.568124451 host_copy_ms=0.006792 full_state_readback=0
resting_native_profile step=10336 command_ms=658.133208 gpu_ms=657.552333549 host_copy_ms=0.008917 full_state_readback=0
resting_native_profile step=10368 command_ms=661.05225 gpu_ms=660.856584087 host_copy_ms=0.00875 full_state_readback=0
resting_native_profile step=10400 command_ms=656.895042 gpu_ms=656.641250476 host_copy_ms=0.007917 full_state_readback=0
resting_native_profile step=10432 command_ms=661.394333 gpu_ms=660.783333704 host_copy_ms=0.00825 full_state_readback=0
resting_native_profile step=10464 command_ms=661.749041 gpu_ms=661.114499904 host_copy_ms=0.007 full_state_readback=0
resting_native_profile step=10496 command_ms=660.854833 gpu_ms=660.23112461 host_copy_ms=0.00775 full_state_readback=0
resting_native_profile step=10528 command_ms=661.202958 gpu_ms=660.600707866 host_copy_ms=0.008959 full_state_readback=0
resting_native_profile step=10560 command_ms=660.812291 gpu_ms=660.213083029 host_copy_ms=0.006959 full_state_readback=0
resting_native_profile step=10592 command_ms=662.582584 gpu_ms=661.994416267 host_copy_ms=0.007916 full_state_readback=0
resting_native_profile step=10624 command_ms=660.091833 gpu_ms=659.503666684 host_copy_ms=0.0085 full_state_readback=0
resting_native_profile step=10656 command_ms=662.149667 gpu_ms=661.595917307 host_copy_ms=0.008583 full_state_readback=0
resting_native_profile step=10688 command_ms=659.982167 gpu_ms=659.436875023 host_copy_ms=0.008125 full_state_readback=0
resting_native_profile step=10720 command_ms=661.100334 gpu_ms=660.573500209 host_copy_ms=0.008375 full_state_readback=0
resting_native_profile step=10752 command_ms=659.560417 gpu_ms=658.936166205 host_copy_ms=0.0075 full_state_readback=0
resting_native_profile step=10784 command_ms=659.732458 gpu_ms=659.543499351 host_copy_ms=0.009 full_state_readback=0
resting_native_profile step=10816 command_ms=659.604375 gpu_ms=659.068083391 host_copy_ms=0.007667 full_state_readback=0
resting_native_profile step=10848 command_ms=660.729916 gpu_ms=660.099083558 host_copy_ms=0.008667 full_state_readback=0
resting_native_profile step=10880 command_ms=663.378166 gpu_ms=662.758083083 host_copy_ms=0.008625 full_state_readback=0
resting_native_profile step=10912 command_ms=659.003542 gpu_ms=658.369375393 host_copy_ms=0.007875 full_state_readback=0
resting_native_profile step=10944 command_ms=661.119 gpu_ms=660.493291914 host_copy_ms=0.009042 full_state_readback=0
resting_native_profile step=10976 command_ms=661.160083 gpu_ms=660.574500449 host_copy_ms=0.007917 full_state_readback=0
resting_native_profile step=11008 command_ms=660.522292 gpu_ms=659.9682495 host_copy_ms=0.008292 full_state_readback=0
resting_native_profile step=11040 command_ms=662.386833 gpu_ms=661.84954159 host_copy_ms=0.0075 full_state_readback=0
resting_native_profile step=11072 command_ms=656.925708 gpu_ms=656.388457865 host_copy_ms=0.007209 full_state_readback=0
resting_native_profile step=11104 command_ms=656.756333 gpu_ms=656.142707914 host_copy_ms=0.008084 full_state_readback=0
resting_native_profile step=11136 command_ms=659.870083 gpu_ms=659.251792356 host_copy_ms=0.008 full_state_readback=0
resting_native_profile step=11168 command_ms=659.540083 gpu_ms=658.896542154 host_copy_ms=0.00825 full_state_readback=0
resting_native_profile step=11200 command_ms=661.34275 gpu_ms=660.777124576 host_copy_ms=0.006875 full_state_readback=0
resting_native_profile step=11232 command_ms=658.377458 gpu_ms=657.842291519 host_copy_ms=0.007958 full_state_readback=0
resting_native_profile step=11264 command_ms=661.589042 gpu_ms=661.043124273 host_copy_ms=0.008167 full_state_readback=0
resting_native_profile step=11296 command_ms=660.742167 gpu_ms=660.199292004 host_copy_ms=0.007916 full_state_readback=0
resting_native_profile step=11328 command_ms=659.28775 gpu_ms=658.654082566 host_copy_ms=0.009084 full_state_readback=0
resting_native_profile step=11360 command_ms=660.842458 gpu_ms=660.298249684 host_copy_ms=0.00775 full_state_readback=0
resting_native_profile step=11392 command_ms=658.927541 gpu_ms=658.354250714 host_copy_ms=0.007792 full_state_readback=0
resting_native_profile step=11424 command_ms=661.561208 gpu_ms=660.931000486 host_copy_ms=0.008625 full_state_readback=0
resting_native_profile step=11456 command_ms=661.194042 gpu_ms=660.556750372 host_copy_ms=0.0085 full_state_readback=0
resting_native_profile step=11488 command_ms=658.973375 gpu_ms=658.35541673 host_copy_ms=0.007541 full_state_readback=0
resting_native_profile step=11520 command_ms=659.431583 gpu_ms=658.860666677 host_copy_ms=0.008042 full_state_readback=0
resting_native_profile step=11552 command_ms=657.718042 gpu_ms=657.070166431 host_copy_ms=0.008541 full_state_readback=0
resting_native_profile step=11584 command_ms=659.862375 gpu_ms=659.606750123 host_copy_ms=0.007292 full_state_readback=0
resting_native_profile step=11616 command_ms=660.104333 gpu_ms=659.564374946 host_copy_ms=0.007667 full_state_readback=0
resting_native_profile step=11648 command_ms=659.280375 gpu_ms=658.66499953 host_copy_ms=0.008125 full_state_readback=0
resting_native_profile step=11680 command_ms=659.547667 gpu_ms=658.927165903 host_copy_ms=0.007917 full_state_readback=0
resting_native_profile step=11712 command_ms=660.838417 gpu_ms=660.287125036 host_copy_ms=0.008875 full_state_readback=0
resting_native_profile step=11744 command_ms=660.510041 gpu_ms=659.947374836 host_copy_ms=0.009834 full_state_readback=0
resting_native_profile step=11776 command_ms=657.521167 gpu_ms=656.907041557 host_copy_ms=0.008333 full_state_readback=0
resting_native_profile step=11808 command_ms=659.218333 gpu_ms=658.644000068 host_copy_ms=0.008209 full_state_readback=0
resting_native_profile step=11840 command_ms=661.350459 gpu_ms=660.754666664 host_copy_ms=0.007833 full_state_readback=0
resting_native_profile step=11872 command_ms=660.695875 gpu_ms=660.077625886 host_copy_ms=0.0095 full_state_readback=0
resting_native_profile step=11904 command_ms=660.158458 gpu_ms=659.550417215 host_copy_ms=0.007208 full_state_readback=0
resting_native_profile step=11936 command_ms=659.529333 gpu_ms=658.985333517 host_copy_ms=0.007292 full_state_readback=0
resting_native_profile step=11968 command_ms=659.912958 gpu_ms=659.369541332 host_copy_ms=0.008709 full_state_readback=0
resting_native_profile step=12000 command_ms=662.742958 gpu_ms=662.145541981 host_copy_ms=0.099 full_state_readback=1
accepted_geometry_export=/Users/n/numi-human-resting-evidence-20261005/joint-costal-conditioned-native-049/accepted-geometry/step-11999.mrvpack receipt=/Users/n/numi-human-resting-evidence-20261005/joint-costal-conditioned-native-049/accepted-geometry/step-11999.receipt.json accepted_root=0xfcab00ed2a5b87f9 pack_sha256=de1d30e6548cb841851ea857fe0f8f70477c49e0a85e213b24ace6b30307b8a1 receipt_sha256=82b0c5278584cfea1fa0bc2fb7b0d68aa2ec5feafdb5a8e3a0d2692577cba6e9
stand_terminal_state={"schema":"numi.human.legacy-stand-terminal.v1","step_count":12000,"timestep_seconds":0.002,"root_assistance":false,"initial_q":[-0.05000000074505806,0.20000000298023224,0.10715460777282715,-0.70090925693511963,0,0,0.71325045824050903,0,0,0,0,0,0,0,0,0,0,0,0,0,0,0,0,0,0,0,0,0,0,0,0,0,0,0,0,0,0,0,0,0,0,0,0,0,0,0,0,0,0,0,0,0,0,0,0,0,0,0,0,0,0,0,0,0,0,0,0,0,0,0,0,0,0,0,0,0,0,0,0,0,0,0,0,0,0,0,0,0,0,0,0,0,0,0,0,0,0,0,0,0,0,0,0,0,7.6925396608196195e-11,9.537330214470785e-08,0,-1.4732499664660281e-08,1.0893900004305124e-08,0,0,0,0,0,0.010506000369787216,0,0,0,-7.6925396608196195e-11,9.537330214470785e-08,0,-1.4732499664660281e-08,-1.0893900004305124e-08,0,0,0,0,0,0.010506000369787216],"initial_v":[0,0,0,0,0,0,0,0,0,0,0,0,0,0,0,0,0,0,0,0,0,0,0,0,0,0,0,0,0,0,0,0,0,0,0,0,0,0,0,0,0,0,0,0,0,0,0,0,0,0,0,0,0,0,0,0,0,0,0,0,0,0,0,0,0,0,0,0,0,0,0,0,0,0,0,0,0,0,0,0,0,0,0,0,0,0,0,0,0,0,0,0,0,0,0,0,0,0,0,0,0,0,0,0,0,0,0,0,0,0,0,0,0,0,0,0,0,0,0,0,0,0,0,0,0,0,0,0],"q":[-0.032861687242984772,0.17240072786808014,-0.19565783441066742,-0.79535520076751709,0.0089725004509091377,-0.0040183127857744694,0.6060638427734375,-0.25182414054870605,0.018924187868833542,-0.0025415506679564714,0,0,-0.16189773380756378,-0.046587467193603516,0.0034271704498678446,-9.6019786724355072e-05,-0.051372122019529343,0.0046421033330261707,-9.6019786724355072e-05,-0.058171376585960388,0.0047329389490187168,-7.9067642218433321e-05,-0.064215153455734253,0.0035577472299337387,-7.3425399023108184e-05,-2.2465242111024963e-08,9.5152365986450604e-09,-9.5152365986450604e-09,2.2465242111024963e-08,-4.5487471567184912e-09,3.6761303334742479e-08,1.6524021262398492e-08,-1.6524021262398492e-08,-3.6761303334742479e-08,4.5487471567184912e-09,0.0027945328038185835,9.283157709205625e-08,-0.0027945328038185835,-0.2856280505657196,8.4241484898939234e-09,-0.21861039102077484,0.0875253826379776,-0.1439649760723114,0,0,0,0,0,0,0,0,0,0,0,0,0,0,0,0,0,0,0,0,2.5222590238627163e-07,-1.0683121587362621e-07,1.0683121587362621e-07,-2.5222590238627163e-07,5.1070532691710468e-08,-4.1273329998148256e-07,-1.8552154301687551e-07,1.8552154301687551e-07,4.1273329998148256e-07,-5.1070532691710468e-08,-0.0022004875354468822,-1.0422558034406393e-06,0.0022004875354468822,-0.26747581362724304,-9.5870507266226923e-07,-0.25336742401123047,0.092380642890930176,-0.15337985754013062,0,0,0,0,0,0,0,0,0,0,0,0,0,0,0,0,0,0,0,0,-0.34393823146820068,-0.013564671389758587,-0.69813168048858643,3.4641760748854722e-07,2.796670628413267e-07,5.8905123296426609e-05,4.6445484258583747e-06,2.1775689674541354e-05,-0.24669861793518066,-0.029009368270635605,-0.52359902858734131,-2.8736365038639633e-06,-8.8480243221056298e-07,0.010507454164326191,-0.34177407622337341,-0.043812252581119537,-0.69813185930252075,-1.301489610527895e-10,9.5401624378155248e-08,9.0520728690535179e-09,-1.401648042076431e-08,-1.4238631607099705e-08,-0.31790509819984436,0.032951228320598602,-0.52359902858734131,-4.4160264334180965e-10,-1.3595127801302453e-10,0.010506000369787216],"v":[0.00072773278225213289,-1.0965217370539904e-05,-2.1417907191789709e-05,2.7985641281702556e-05,-0.0001100245353882201,-0.00069970428012311459,2.3526692530140281e-05,0.0009770033648237586,0.00012402811262290925,0,0,1.5125310710573103e-05,4.3524382817849983e-06,0.00017693531117402017,4.6857821871526539e-06,4.7994453780120239e-06,0.00023965892614796758,4.6857821871526539e-06,5.4346660363080446e-06,0.00024434854276478291,3.8585144466196653e-06,5.9993062677676789e-06,0.0001836766314227134,3.5831722016155254e-06,-5.2355693469507969e-07,2.2175449032602046e-07,-2.2175449032602046e-07,5.2355693469507969e-07,-1.0600945898886494e-07,8.5672957084170775e-07,3.8509560340571625e-07,-3.8509560340571625e-07,-8.5672957084170775e-07,1.0600945898886494e-07,4.5727480028290302e-05,2.1634584754792741e-06,-4.5727480028290302e-05,0.00088015297660604119,-4.297365308048029e-07,-0.0016792513197287917,0.0022454767022281885,-0.0043558310717344284,0,0,0,0,0,0,0,0,0,0,0,0,0,0,0,0,0,0,0,0,3.4546962979220552e-06,-1.4632494185207179e-06,1.4632494185207179e-06,-3.4546962979220552e-06,6.9950459646861418e-07,-5.6531393965997268e-06,-2.5410577109141741e-06,2.5410577109141741e-06,5.6531393965997268e-06,-6.9950459646861418e-07,7.4076968303415924e-05,-1.4275604371505324e-05,-7.4076968303415924e-05,0.00046979286707937717,-1.1101139534730464e-05,-0.0019041931955143809,0.0033728703856468201,-0.0062293382361531258,0,0,0,0,0,0,0,0,0,0,0,0,0,0,0,0,0,0,0,0,2.8536796889966354e-06,0.00057089410256594419,-3.3468165838712594e-06,1.8225334486032807e-07,9.697710368072876e-08,3.0997776775620878e-05,2.4518042209820123e-06,1.1453028491814621e-05,0.00011811681906692684,0.00015641190111637115,-2.7225459575674904e-07,-1.5121834167075576e-06,-4.6567376443817921e-07,7.6274415050647804e-07,0.00011003325198544189,-0.0005375248147174716,2.5756071408977732e-07,1.4826015415358995e-10,-7.8894182853339601e-11,-2.5215555865543138e-08,-1.994550524742067e-09,9.3171221848820096e-09,-0.0012436851393431425,0.0015553981065750122,-4.4513290831105223e-09,1.2301333285336113e-09,3.7870742652934553e-10,-6.2437438552720437e-10]}
resting_integrated_body=completed simulated_s=24.000001139938831 wall_s=272.36999020799999 real_time_factor=0.088115438567996501 physiology_body_clock=matched root_assistance=false presentation_qualification=pending
