rigid_source_rest_frames=passed source_body_count=103 maximum_COM_position_residual_m=6.26739049493e-08 maximum_orientation_unit_witness_residual_m=1.05692510994e-07 allowed_rest_reconstruction_residual_m=1e-06 rigid_sha256=2c78cb4150b97cea6e8169dad9e8f5dd59af667b247e07b56e48e857435560e4 boundary=consumed_reference_frame_join_not_source_authentication_or_loaded_motion
resting_mass_calibration source_composite_kg=97.1319506911 declared_reference_kg=72 executed_kg=71.9999993989 uniform_mass_inertia_scale=0.741259694099 measured_person=false additional_organ_or_blood_mass_kg=0
bone_orientation_semantics=unit_normalized_once_at_load bone_count=185 maximum_raw_norm_error=5.96046447754e-08 norm_admission_tolerance=0.00200000009499 bone_sha256=7d94e2f28ac6cea30c6c11a79919077acc40281636eb20b11b50b50aebd3ec49
tendon_bone_geometry=checked_bodyparts_subset bodyparts_envelope_count=160 fixed_sibling_envelope_count=0 external_surface_unverified_count=0 maximum_node_residual_m=2.77883934062e-07 allowed_point_residual_m=1e-06 tendon_sha256=52819336540a36621b60bd03b5084bd1d300ed2971673cfd0ccdb7eecfcb52b5 bone_sha256=7d94e2f28ac6cea30c6c11a79919077acc40281636eb20b11b50b50aebd3ec49 rigid_sha256=2c78cb4150b97cea6e8169dad9e8f5dd59af667b247e07b56e48e857435560e4 boundary=consumed_rest_surface_binding_not_loaded_or_clinical_qualification
tendon_payload=NHTENDON2 tendon_endpoints=832 tendon_point_bindings=672 tendon_triangle_bindings=0 tendon_envelope_bindings=160 tendon_migrated_envelope_bindings=0 tendon_max_reference_path_delta_m=0 tendon_max_architecture_scale_change=0 tendon_muscle_payload_sha256=e5bb8a8168706bb3b23cf42b1d849659569ba2e6027bcc85729c3110fdbb8c4b tendon_geometry_identity_verified=true tendon_bone_payload_sha256=7d94e2f28ac6cea30c6c11a79919077acc40281636eb20b11b50b50aebd3ec49
joint_equality_payload=NHEQ1 joint_equalities=51
pose_joint_ranges=passed enabled_range_count=118 failed_range_count=0 rigid_sha256=2c78cb4150b97cea6e8169dad9e8f5dd59af667b247e07b56e48e857435560e4 equality_sha256=0e3c593792a8c4ccd619f1999f6685b68e6ff0fd5ae5f6f0bca66b594a0e9b88 bone_sha256=7d94e2f28ac6cea30c6c11a79919077acc40281636eb20b11b50b50aebd3ec49 boundary=consumed_enabled_native_limits_after_NHEQ_projection_not_disabled_source_limits_or_loaded_motion
pose_q_override_count=0 root_pose_override=1 pose_q_equality_maximum_correction=0.0105060003698
resting_hand_model=rigid_reference_digits source_equalities=51 derived_internal_equalities=40 wrist_dofs=free root_constraint_rows=0 hand_function_simulated=0 body_mass_inertia_preserved=1
runtime=Numi Matter runtime initialized with eligible dense45 vascular solve device=Apple M4 Pro world_fingerprint=6434571789366693551 timestep_s=0.00200000009499
resting_body_source_fingerprint=5900532344224415471 coupled_program_fingerprint=2507641470759151530
resting_passive_viscera=shared_torso_pelvis_field source_surfaces=79 caudal_m=-0.397011578083 cranial_m=-0.259147137403 upper_body=20 lower_body=128 independent_forces=false independent_mass=false organ_physiology=false
resting_lung_motion=basal_superior_sweep_v1 blend_start_m=-0.052405 blend_span_m=0.06 effective_area_m2=0.0187674622972
resting_initial_anatomical_registration={"body_poses":[{"body_index":20,"position_m":[-0.025000007823109627,-0.44271242618560791,0.096546053886413574],"quaternion_xyzw":[0.0061705871485173702,-0.70707988739013672,-0.0061705652624368668,0.70707988739013672]},{"body_index":128,"position_m":[-0.025055751204490662,-0.83042281866073608,0.11920696496963501],"quaternion_xyzw":[0.0058914260007441044,-0.70680069923400879,-0.005886733066290617,0.7073637843132019]}],"coordinate_source":"source pack transformed by native initialBodies before physical stepping","surfaces":[{"role":"upper_visceral_anchor","semantic":51010,"source_body_index":20,"stable_id":2,"torso_local_max_m":[0.1489698737859726,-0.06762242317199707,0.029034055769443512],"torso_local_min_m":[0.035220548510551453,-0.18552298843860626,-0.10645896196365356]},{"role":"upper_visceral_anchor","semantic":51010,"source_body_index":20,"stable_id":3,"torso_local_max_m":[0.10061360895633698,-0.14701209962368011,0.048131499439477921],"torso_local_min_m":[0.049258694052696228,-0.22131331264972687,-0.073365472257137299]},{"role":"upper_visceral_anchor","semantic":51010,"source_body_index":20,"stable_id":4,"torso_local_max_m":[0.065826825797557831,-0.15392428636550903,0.088104061782360077],"torso_local_min_m":[0.018313027918338776,-0.25914710760116577,0.030521268025040627]},{"role":"upper_visceral_anchor","semantic":51010,"source_body_index":20,"stable_id":5,"torso_local_max_m":[0.054068014025688171,-0.1345781683921814,-0.033227771520614624],"torso_local_min_m":[0.013165432959794998,-0.24133054912090302,-0.091208852827548981]},{"role":"upper_visceral_anchor","semantic":51010,"source_body_index":20,"stable_id":13,"torso_local_max_m":[0.095457650721073151,-0.10293921083211899,-0.056195467710494995],"torso_local_min_m":[-0.00033182650804519653,-0.17370373010635376,-0.11487260460853577]},{"role":"upper_visceral_anchor","semantic":51010,"source_body_index":20,"stable_id":14,"torso_local_max_m":[0.091583244502544403,-0.057399556040763855,0.032167300581932068],"torso_local_min_m":[0.054899297654628754,-0.13517054915428162,-0.011148050427436829]},{"role":"upper_visceral_anchor","semantic":51010,"source_body_index":20,"stable_id":15,"torso_local_max_m":[0.14529798924922943,-0.054803524166345596,-0.00016997754573822021],"torso_local_min_m":[0.044483475387096405,-0.10827997326850891,-0.081781387329101562]},{"role":"upper_visceral_anchor","semantic":51010,"source_body_index":20,"stable_id":16,"torso_local_max_m":[0.14555037021636963,-0.076950214803218842,0.0034730583429336548],"torso_local_min_m":[0.070841141045093536,-0.14232207834720612,-0.066602751612663269]},{"role":"upper_visceral_anchor","semantic":51010,"source_body_index":20,"stable_id":17,"torso_local_max_m":[0.14544790983200073,-0.046261340379714966,0.04582890123128891],"torso_local_min_m":[0.071815699338912964,-0.16987395286560059,-0.010366916656494141]},{"role":"upper_visceral_anchor","semantic":51010,"source_body_index":20,"stable_id":18,"torso_local_max_m":[0.14095832407474518,-0.1117347925901413,0.10171232372522354],"torso_local_min_m":[0.058839522302150726,-0.18475639820098877,0.027744609862565994]},{"role":"upper_visceral_anchor","semantic":51010,"source_body_index":20,"stable_id":19,"torso_local_max_m":[0.11320210993289948,-0.11827600747346878,0.11058175563812256],"torso_local_min_m":[-0.0012684613466262817,-0.20231522619724274,0.021600734442472458]},{"role":"upper_visceral_anchor","semantic":51010,"source_body_index":20,"stable_id":20,"torso_local_max_m":[0.10111340880393982,-0.050926655530929565,0.11093625426292419],"torso_local_min_m":[-0.0022434890270233154,-0.13834927976131439,0.019856229424476624]},{"role":"upper_visceral_anchor","semantic":51010,"source_body_index":20,"stable_id":21,"torso_local_max_m":[0.14313989877700806,-0.043088436126708984,0.10617084801197052],"torso_local_min_m":[0.025023393332958221,-0.12118934094905853,0.018454927951097488]},{"role":"upper_visceral_anchor","semantic":51010,"source_body_index":20,"stable_id":22,"torso_local_max_m":[0.15336306393146515,-0.041172627359628677,0.11002320796251297],"torso_local_min_m":[0.02455456554889679,-0.11670317500829697,0.017514020204544067]},{"role":"upper_visceral_anchor","semantic":51010,"source_body_index":20,"stable_id":461,"torso_local_max_m":[0.13303953409194946,-0.13353027403354645,0.063625447452068329],"torso_local_min_m":[0.084262087941169739,-0.17424784600734711,0.026906765997409821]},{"role":"pelvic_anchor","semantic":51010,"source_body_index":20,"stable_id":462,"torso_local_max_m":[0.08233652263879776,-0.39701157808303833,0.034268602728843689],"torso_local_min_m":[0.010075983591377735,-0.43757495284080505,-0.033010013401508331]},{"role":"pelvic_anchor","semantic":51010,"source_body_index":20,"stable_id":463,"torso_local_max_m":[0.050315443426370621,-0.4348473846912384,0.01782398484647274],"torso_local_min_m":[0.018116317689418793,-0.4553583562374115,-0.016720972955226898]}],"torso_body_index":20}
resting_support_geometry=full_registered_skin vertices=54949 regions=32 full_bi2026-10-06 02:16:20.609 numi-human-native[54506:16177541] +[NSXPCSharedListener endpointForReply:withListenerName:replyErrorCode:]: an error occurred while attempting to obtain endpoint for listener 'ClientCallsAuxiliary': Connection interrupted
2026-10-06 02:16:20.690 numi-human-native[54506:16177541] Human native framebuffer output: recording; window drawable unavailable
nding_count=86 region_sizes=[6907,1222,2796,2044,1525,1394,710,777,1891,1262,810,832,890,483,1328,1266,835,700,870,3097,4320,2043,1882,579,1199,1219,962,632,868,3302,4308,1996] force_owner=existing_metal_stand partition=source_rest_voronoi
resting_initialization=dynamic_release recruitment_activation_cap=0.01 normalized_residual_rms=146.157054343 maximum_acceleration_residual=576.853445741 balanced=false qualification=initialization_transient_not_static_equilibrium
compiled_support_geometry=admissible compiled_support_min_gap_m=-1.38777878078e-17 compiled_support_gap_tolerance_m=1e-06 compiled_support_activation_distance_m=0.002 compiled_support_separated_witnesses=31 compiled_support_max_separated_force_n=0 compiled_support_rejected_pose_candidates=0
human_stand_solver_path=split_candidate
resting_integrated_rejection=pass rejected_after_accepted_predecessor=true body_q_v_root_myo_unchanged=true circulation_and_clock_unchanged=true respiration_brain_history_unchanged=true retry_matches_uninterrupted_replay=true same_command_buffer_reject=pass accepted_prefix=2 rejected_step=2 inert_suffix=1
resting_native_profile step=32 command_ms=635.611625 gpu_ms=635.015041567 host_copy_ms=0.012208 full_state_readback=0
resting_native_profile step=64 command_ms=700.679166 gpu_ms=700.056791306 host_copy_ms=0.012834 full_state_readback=0
resting_native_profile step=96 command_ms=697.282958 gpu_ms=696.681042202 host_copy_ms=0.016292 full_state_readback=0
resting_native_profile step=128 command_ms=692.864667 gpu_ms=692.21445825 host_copy_ms=0.013292 full_state_readback=0
resting_native_profile step=160 command_ms=693.642125 gpu_ms=693.049999885 host_copy_ms=0.013084 full_state_readback=0
resting_native_profile step=192 command_ms=682.50225 gpu_ms=681.869249791 host_copy_ms=0.042166 full_state_readback=0
resting_native_profile step=224 command_ms=655.032167 gpu_ms=654.42104172 host_copy_ms=0.016416 full_state_readback=0
resting_native_profile step=256 command_ms=667.813875 gpu_ms=667.197083123 host_copy_ms=0.01525 full_state_readback=0
resting_native_profile step=288 command_ms=689.819792 gpu_ms=689.211499877 host_copy_ms=0.012583 full_state_readback=0
resting_native_profile step=320 command_ms=718.362 gpu_ms=717.743958347 host_copy_ms=0.013834 full_state_readback=0
resting_native_profile step=352 command_ms=706.462417 gpu_ms=705.79437539 host_copy_ms=0.012458 full_state_readback=0
resting_native_profile step=384 command_ms=729.640541 gpu_ms=729.024833068 host_copy_ms=0.011917 full_state_readback=0
resting_native_profile step=416 command_ms=699.760042 gpu_ms=699.147542007 host_copy_ms=0.014208 full_state_readback=0
resting_native_profile step=448 command_ms=691.7355 gpu_ms=691.038458608 host_copy_ms=0.014708 full_state_readback=0
resting_native_profile step=480 command_ms=701.967833 gpu_ms=701.381749474 host_copy_ms=0.015375 full_state_readback=0
resting_native_profile step=512 command_ms=701.917666 gpu_ms=701.26287546 host_copy_ms=0.018792 full_state_readback=0
resting_native_profile step=544 command_ms=705.745708 gpu_ms=705.169291236 host_copy_ms=0.013708 full_state_readback=0
resting_native_profile step=576 command_ms=705.56975 gpu_ms=704.93233297 host_copy_ms=0.012375 full_state_readback=0
resting_native_profile step=608 command_ms=705.005667 gpu_ms=704.436167143 host_copy_ms=0.034792 full_state_readback=0
resting_native_profile step=640 command_ms=705.106916 gpu_ms=704.445417039 host_copy_ms=0.012792 full_state_readback=0
accepted_geometry_export=/Users/n/numi-human-resting-evidence-20261005/contact-iterations32-native-050/accepted-geometry/step-639.mrvpack receipt=/Users/n/numi-human-resting-evidence-20261005/contact-iterations32-native-050/accepted-geometry/step-639.receipt.json accepted_root=0xceb438a50a489fc1 pack_sha256=826ed04ba4c13321d2f2c52ccc0f4b4b88ac568d7111f7e18e174a87a506b1e9 receipt_sha256=be05f179888ea4660d563491e9524747132338e049d9cee4bca41954ab59af9b
resting_native_profile step=672 command_ms=707.832792 gpu_ms=707.30712451 host_copy_ms=0.015875 full_state_readback=0
resting_native_profile step=704 command_ms=704.260041 gpu_ms=703.595583327 host_copy_ms=0.014084 full_state_readback=0
resting_native_profile step=736 command_ms=704.420292 gpu_ms=704.137791879 host_copy_ms=0.013333 full_state_readback=0
resting_native_profile step=768 command_ms=696.809458 gpu_ms=696.213250048 host_copy_ms=0.021334 full_state_readback=0
resting_native_profile step=800 command_ms=704.230417 gpu_ms=703.61149963 host_copy_ms=0.014667 full_state_readback=0
resting_native_profile step=832 command_ms=705.533708 gpu_ms=704.971499741 host_copy_ms=0.011375 full_state_readback=0
resting_native_profile step=864 command_ms=698.407875 gpu_ms=697.788500227 host_copy_ms=0.014875 full_state_readback=0
resting_native_profile step=896 command_ms=699.138916 gpu_ms=698.484375142 host_copy_ms=0.013792 full_state_readback=0
resting_native_profile step=928 command_ms=706.941917 gpu_ms=706.37941733 host_copy_ms=0.013875 full_state_readback=0
resting_native_profile step=960 command_ms=698.276583 gpu_ms=697.670666501 host_copy_ms=0.016917 full_state_readback=0
resting_native_profile step=992 command_ms=703.374083 gpu_ms=702.779624611 host_copy_ms=0.012417 full_state_readback=0
resting_native_profile step=1024 command_ms=704.630334 gpu_ms=704.048290849 host_copy_ms=0.012166 full_state_readback=0
resting_native_profile step=1056 command_ms=701.981417 gpu_ms=701.359125786 host_copy_ms=0.018083 full_state_readback=0
resting_native_profile step=1088 command_ms=702.802792 gpu_ms=702.257874422 host_copy_ms=0.012625 full_state_readback=0
resting_native_profile step=1120 command_ms=709.329791 gpu_ms=708.64862483 host_copy_ms=0.011625 full_state_readback=0
resting_native_profile step=1152 command_ms=702.7115 gpu_ms=702.150125057 host_copy_ms=0.016334 full_state_readback=0
resting_native_profile step=1184 command_ms=705.774292 gpu_ms=705.158375204 host_copy_ms=0.0155 full_state_readback=0
resting_native_profile step=1216 command_ms=707.015 gpu_ms=706.469124183 host_copy_ms=0.012166 full_state_readback=0
resting_native_profile step=1248 command_ms=702.637958 gpu_ms=702.020082623 host_copy_ms=0.016542 full_state_readback=0
resting_native_profile step=1280 command_ms=706.751667 gpu_ms=706.113708206 host_copy_ms=0.012333 full_state_readback=0
resting_native_profile step=1312 command_ms=705.601875 gpu_ms=705.346000381 host_copy_ms=0.012416 full_state_readback=0
resting_native_profile step=1344 command_ms=698.839167 gpu_ms=698.19545839 host_copy_ms=0.016042 full_state_readback=0
resting_native_profile step=1376 command_ms=705.2875 gpu_ms=704.683166929 host_copy_ms=0.01225 full_state_readback=0
resting_native_profile step=1408 command_ms=707.218542 gpu_ms=706.606125459 host_copy_ms=0.01125 full_state_readback=0
resting_native_profile step=1440 command_ms=702.4315 gpu_ms=702.175000682 host_copy_ms=0.016458 full_state_readback=0
resting_native_profile step=1472 command_ms=703.52825 gpu_ms=702.937458642 host_copy_ms=0.014041 full_state_readback=0
resting_native_profile step=1504 command_ms=708.438375 gpu_ms=707.868834026 host_copy_ms=0.012625 full_state_readback=0
resting_native_profile step=1536 command_ms=697.459834 gpu_ms=696.761124767 host_copy_ms=0.017583 full_state_readback=0
resting_native_profile step=1568 command_ms=709.061375 gpu_ms=708.425125107 host_copy_ms=0.014875 full_state_readback=0
resting_native_profile step=1600 command_ms=702.89925 gpu_ms=702.26099994 host_copy_ms=0.013167 full_state_readback=0
resting_native_profile step=1632 command_ms=712.291292 gpu_ms=711.587999947 host_copy_ms=0.017125 full_state_readback=0
resting_native_profile step=1664 command_ms=724.470917 gpu_ms=723.828000017 host_copy_ms=0.0135 full_state_readback=0
resting_native_profile step=1696 command_ms=729.199208 gpu_ms=728.622208349 host_copy_ms=4.277333 full_state_readback=0
resting_native_profile step=1728 command_ms=721.8915 gpu_ms=721.667042002 host_copy_ms=0.017667 full_state_readback=0
resting_native_profile step=1760 command_ms=723.320875 gpu_ms=722.649124451 host_copy_ms=0.014875 full_state_readback=0
resting_native_profile step=1792 command_ms=727.17 gpu_ms=726.573999971 host_copy_ms=0.011416 full_state_readback=0
resting_native_profile step=1824 command_ms=720.837459 gpu_ms=720.172291622 host_copy_ms=0.01625 full_state_readback=0
resting_native_profile step=1856 command_ms=719.882333 gpu_ms=719.273208641 host_copy_ms=0.016542 full_state_readback=0
resting_native_profile step=1888 command_ms=722.794042 gpu_ms=722.5516662 host_copy_ms=0.013291 full_state_readback=0
resting_native_profile step=1920 command_ms=722.47375 gpu_ms=721.835958771 host_copy_ms=0.017209 full_state_readback=0
resting_native_profile step=1952 command_ms=727.216667 gpu_ms=726.652625017 host_copy_ms=0.012708 full_state_readback=0
resting_native_profile step=1984 command_ms=719.391292 gpu_ms=718.703833409 host_copy_ms=0.01575 full_state_readback=0
resting_native_profile step=2016 command_ms=719.799333 gpu_ms=719.204625115 host_copy_ms=0.018708 full_state_readback=0
resting_native_profile step=2048 command_ms=719.440334 gpu_ms=719.154874794 host_copy_ms=0.01575 full_state_readback=0
resting_native_profile step=2080 command_ms=724.240084 gpu_ms=723.641250283 host_copy_ms=0.013125 full_state_readback=0
resting_native_profile step=2112 command_ms=716.256667 gpu_ms=715.585833415 host_copy_ms=1.652958 full_state_readback=0
resting_native_profile step=2144 command_ms=720.682166 gpu_ms=720.062999986 host_copy_ms=0.017 full_state_readback=0
resting_native_profile step=2176 command_ms=719.820333 gpu_ms=719.224750064 host_copy_ms=0.015708 full_state_readback=0
resting_native_profile step=2208 command_ms=717.096083 gpu_ms=716.490209103 host_copy_ms=0.017709 full_state_readback=0
resting_native_profile step=2240 command_ms=722.172125 gpu_ms=721.497416496 host_copy_ms=0.013333 full_state_readback=0
resting_native_profile step=2272 command_ms=720.009083 gpu_ms=719.35408283 host_copy_ms=0.01575 full_state_readback=0
resting_native_profile step=2304 command_ms=719.059583 gpu_ms=718.403000385 host_copy_ms=0.017292 full_state_readback=0
resting_native_profile step=2336 command_ms=724.651458 gpu_ms=724.027708173 host_copy_ms=0.012292 full_state_readback=0
resting_native_profile step=2368 command_ms=717.748916 gpu_ms=717.160499655 host_copy_ms=0.016834 full_state_readback=0
resting_native_profile step=2400 command_ms=722.685 gpu_ms=722.022582777 host_copy_ms=0.017875 full_state_readback=0
resting_native_profile step=2432 command_ms=718.561583 gpu_ms=717.892957851 host_copy_ms=0.014333 full_state_readback=0
resting_native_profile step=2464 command_ms=728.184125 gpu_ms=727.566500194 host_copy_ms=0.012958 full_state_readback=0
resting_native_profile step=2496 command_ms=721.021542 gpu_ms=720.442375168 host_copy_ms=0.016916 full_state_readback=0
resting_native_profile step=2528 command_ms=719.739916 gpu_ms=719.07925047 host_copy_ms=0.020709 full_state_readback=0
resting_native_profile step=2560 command_ms=724.424584 gpu_ms=723.768167198 host_copy_ms=0.012833 full_state_readback=0
resting_native_profile step=2592 command_ms=718.076125 gpu_ms=717.862625606 host_copy_ms=0.016875 full_state_readback=0
resting_native_profile step=2624 command_ms=720.39025 gpu_ms=719.725250266 host_copy_ms=0.016041 full_state_readback=0
resting_native_profile step=2656 command_ms=718.2445 gpu_ms=718.002458103 host_copy_ms=0.015625 full_state_readback=0
resting_native_profile step=2688 command_ms=719.97175 gpu_ms=719.354500063 host_copy_ms=0.018417 full_state_readback=0
resting_native_profile step=2720 command_ms=739.026125 gpu_ms=738.781999797 host_copy_ms=0.016167 full_state_readback=0
resting_native_profile step=2752 command_ms=741.495208 gpu_ms=740.825666115 host_copy_ms=0.012625 full_state_readback=0
resting_native_profile step=2784 command_ms=732.677041 gpu_ms=732.094999403 host_copy_ms=0.014959 full_state_readback=0
accepted_geometry_export=/Users/n/numi-human-resting-evidence-20261005/contact-iterations32-native-050/accepted-geometry/step-2783.mrvpack receipt=/Users/n/numi-human-resting-evidence-20261005/contact-iterations32-native-050/accepted-geometry/step-2783.receipt.json accepted_root=0xdfd8a92f7a19cfe1 pack_sha256=e740ec9c8a7f22b0b941d45748274c40862f938ab93b485719a9072c35995426 receipt_sha256=7970dd33ac8c60a202088ff2ee56fa34ff3da4031eeb24253d5650e9425e3f83
resting_native_profile step=2816 command_ms=744.145459 gpu_ms=743.686125614 host_copy_ms=0.017541 full_state_readback=0
resting_native_profile step=2848 command_ms=741.190041 gpu_ms=740.969625302 host_copy_ms=0.01275 full_state_readback=0
resting_native_profile step=2880 command_ms=740.9975 gpu_ms=740.446750075 host_copy_ms=0.012084 full_state_readback=0
resting_native_profile step=2912 command_ms=737.958875 gpu_ms=737.277250737 host_copy_ms=0.023541 full_state_readback=0
resting_native_profile step=2944 command_ms=734.673292 gpu_ms=734.105416574 host_copy_ms=0.015541 full_state_readback=0
resting_native_profile step=2976 command_ms=739.82675 gpu_ms=739.145833068 host_copy_ms=0.013375 full_state_readback=0
resting_native_profile step=3008 command_ms=736.580375 gpu_ms=736.015125178 host_copy_ms=0.018375 full_state_readback=0
resting_native_profile step=3040 command_ms=738.157292 gpu_ms=737.514499575 host_copy_ms=0.012375 full_state_readback=0
resting_native_profile step=3072 command_ms=744.04225 gpu_ms=743.493541144 host_copy_ms=0.01375 full_state_readback=0
resting_native_profile step=3104 command_ms=737.571625 gpu_ms=736.95683293 host_copy_ms=0.017708 full_state_readback=0
resting_native_profile step=3136 command_ms=739.868209 gpu_ms=739.181749523 host_copy_ms=0.012625 full_state_readback=0
resting_native_profile step=3168 command_ms=740.453875 gpu_ms=739.877250046 host_copy_ms=0.012334 full_state_readback=0
resting_native_profile step=3200 command_ms=734.97775 gpu_ms=734.767958522 host_copy_ms=0.016917 full_state_readback=0
resting_native_profile step=3232 command_ms=744.964125 gpu_ms=744.351833127 host_copy_ms=0.011792 full_state_readback=0
resting_native_profile step=3264 command_ms=739.135333 gpu_ms=738.534000702 host_copy_ms=0.011875 full_state_readback=0
resting_native_profile step=3296 command_ms=736.259583 gpu_ms=735.596083105 host_copy_ms=0.016709 full_state_readback=0
resting_native_profile step=3328 command_ms=742.572208 gpu_ms=741.923917085 host_copy_ms=0.018459 full_state_readback=0
resting_native_profile step=3360 command_ms=741.484584 gpu_ms=740.913124755 host_copy_ms=0.012333 full_state_readback=0
resting_native_profile step=3392 command_ms=734.213792 gpu_ms=733.586583287 host_copy_ms=0.016875 full_state_readback=0
resting_native_profile step=3424 command_ms=741.675708 gpu_ms=741.021750495 host_copy_ms=0.012333 full_state_readback=0
resting_native_profile step=3456 command_ms=733.86725 gpu_ms=733.270416036 host_copy_ms=0.013875 full_state_readback=0
resting_native_profile step=3488 command_ms=738.670708 gpu_ms=737.988583744 host_copy_ms=0.016875 full_state_readback=0
resting_native_profile step=3520 command_ms=740.119042 gpu_ms=739.492958412 host_copy_ms=0.012583 full_state_readback=0
resting_native_profile step=3552 command_ms=740.285333 gpu_ms=739.869083278 host_copy_ms=0.0125 full_state_readback=0
resting_native_profile step=3584 command_ms=734.7085 gpu_ms=734.049499966 host_copy_ms=0.0165 full_state_readback=0
resting_native_profile step=3616 command_ms=741.485667 gpu_ms=740.790250711 host_copy_ms=0.0155 full_state_readback=0
resting_native_profile step=3648 command_ms=744.097458 gpu_ms=743.527583778 host_copy_ms=0.012833 full_state_readback=0
resting_native_profile step=3680 command_ms=738.630042 gpu_ms=737.947124988 host_copy_ms=0.016792 full_state_readback=0
resting_native_profile step=3712 command_ms=747.482708 gpu_ms=746.890124865 host_copy_ms=0.018875 full_state_readback=0
resting_native_profile step=3744 command_ms=756.387833 gpu_ms=745.687666349 host_copy_ms=0.024084 full_state_readback=0
resting_native_profile step=3776 command_ms=747.951875 gpu_ms=733.157499693 host_copy_ms=0.017125 full_state_readback=0
resting_native_profile step=3808 command_ms=749.037334 gpu_ms=748.375291936 host_copy_ms=0.01675 full_state_readback=0
resting_native_profile step=3840 command_ms=749.681625 gpu_ms=749.036541209 host_copy_ms=0.016083 full_state_readback=0
resting_native_profile step=3872 command_ms=749.56825 gpu_ms=749.008250423 host_copy_ms=0.009125 full_state_readback=0
resting_native_profile step=3904 command_ms=750.829083 gpu_ms=750.137167051 host_copy_ms=0.021875 full_state_readback=0
resting_native_profile step=3936 command_ms=749.008458 gpu_ms=734.011208639 host_copy_ms=0.017667 full_state_readback=0
resting_native_profile step=3968 command_ms=748.331167 gpu_ms=747.752208263 host_copy_ms=0.00825 full_state_readback=0
resting_native_profile step=4000 command_ms=736.505292 gpu_ms=735.860583372 host_copy_ms=0.01625 full_state_readback=0
resting_native_profile step=4032 command_ms=737.274084 gpu_ms=737.029500306 host_copy_ms=0.012958 full_state_readback=0
resting_native_profile step=4064 command_ms=735.649084 gpu_ms=734.96308364 host_copy_ms=0.044541 full_state_readback=0
resting_native_profile step=4096 command_ms=731.489708 gpu_ms=730.808417313 host_copy_ms=0.013125 full_state_readback=0
resting_native_profile step=4128 command_ms=729.986041 gpu_ms=729.397582822 host_copy_ms=0.014084 full_state_readback=0
resting_native_profile step=4160 command_ms=727.580875 gpu_ms=726.895875297 host_copy_ms=0.022167 full_state_readback=0
resting_native_profile step=4192 command_ms=731.067583 gpu_ms=730.457083322 host_copy_ms=0.013792 full_state_readback=0
resting_native_profile step=4224 command_ms=733.174042 gpu_ms=732.509916648 host_copy_ms=0.013583 full_state_readback=0
resting_native_profile step=4256 command_ms=733.531584 gpu_ms=732.940208167 host_copy_ms=0.04025 full_state_readback=0
resting_native_profile step=4288 command_ms=735.108 gpu_ms=734.515124932 host_copy_ms=0.018167 full_state_readback=0
resting_native_profile step=4320 command_ms=730.747708 gpu_ms=730.084083043 host_copy_ms=0.012875 full_state_readback=0
resting_native_profile step=4352 command_ms=727.129916 gpu_ms=726.44387465 host_copy_ms=0.017375 full_state_readback=0
resting_native_profile step=4384 command_ms=729.192375 gpu_ms=728.545750491 host_copy_ms=0.013375 full_state_readback=0
resting_native_profile step=4416 command_ms=734.191583 gpu_ms=733.556041494 host_copy_ms=0.012042 full_state_readback=0
resting_native_profile step=4448 command_ms=731.131625 gpu_ms=730.921374634 host_copy_ms=0.01675 full_state_readback=0
resting_native_profile step=4480 command_ms=725.232084 gpu_ms=724.656083621 host_copy_ms=0.016125 full_state_readback=0
resting_native_profile step=4512 command_ms=734.334292 gpu_ms=734.142041765 host_copy_ms=0.011917 full_state_readback=0
resting_native_profile step=4544 command_ms=731.477375 gpu_ms=730.869250372 host_copy_ms=0.011417 full_state_readback=0
resting_native_profile step=4576 command_ms=726.939375 gpu_ms=726.278292015 host_copy_ms=0.016667 full_state_readback=0
resting_native_profile step=4608 command_ms=730.939583 gpu_ms=730.255416594 host_copy_ms=0.0125 full_state_readback=0
resting_native_profile step=4640 command_ms=734.055833 gpu_ms=733.436333016 host_copy_ms=0.011417 full_state_readback=0
resting_native_profile step=4672 command_ms=729.450583 gpu_ms=728.85791678 host_copy_ms=0.0175 full_state_readback=0
resting_native_profile step=4704 command_ms=734.11825 gpu_ms=733.918874525 host_copy_ms=0.016125 full_state_readback=0
resting_native_profile step=4736 command_ms=734.310708 gpu_ms=733.732875437 host_copy_ms=0.011709 full_state_readback=0
resting_native_profile step=4768 command_ms=724.407042 gpu_ms=723.774458282 host_copy_ms=0.016917 full_state_readback=0
resting_native_profile step=4800 command_ms=732.31675 gpu_ms=731.724875048 host_copy_ms=0.011834 full_state_readback=0
resting_native_profile step=4832 command_ms=732.271041 gpu_ms=731.596500613 host_copy_ms=0.012167 full_state_readback=0
resting_native_profile step=4864 command_ms=723.275 gpu_ms=722.678666003 host_copy_ms=0.016125 full_state_readback=0
resting_native_profile step=4896 command_ms=727.781625 gpu_ms=727.105624974 host_copy_ms=0.013417 full_state_readback=0
resting_native_profile step=4928 command_ms=731.541625 gpu_ms=730.882083997 host_copy_ms=0.011667 full_state_readback=0
resting_native_profile step=4960 command_ms=730.556167 gpu_ms=729.908457957 host_copy_ms=0.019041 full_state_readback=0
resting_native_profile step=4992 command_ms=732.862084 gpu_ms=732.247541659 host_copy_ms=0.012 full_state_readback=0
resting_native_profile step=5024 command_ms=735.922292 gpu_ms=735.326999798 host_copy_ms=0.013708 full_state_readback=0
resting_native_profile step=5056 command_ms=728.281 gpu_ms=727.666749619 host_copy_ms=0.017375 full_state_readback=0
resting_native_profile step=5088 command_ms=731.518417 gpu_ms=730.860666372 host_copy_ms=0.014167 full_state_readback=0
resting_native_profile step=5120 command_ms=731.557583 gpu_ms=730.960041285 host_copy_ms=0.017792 full_state_readback=0
resting_native_profile step=5152 command_ms=724.592125 gpu_ms=724.000874907 host_copy_ms=0.0185 full_state_readback=0
resting_native_profile step=5184 command_ms=730.176209 gpu_ms=729.567624629 host_copy_ms=0.012333 full_state_readback=0
resting_native_profile step=5216 command_ms=722.474041 gpu_ms=721.85762506 host_copy_ms=0.017084 full_state_readback=0
resting_native_profile step=5248 command_ms=729.884625 gpu_ms=729.302874766 host_copy_ms=0.0155 full_state_readback=0
resting_native_profile step=5280 command_ms=732.040334 gpu_ms=731.455041096 host_copy_ms=0.012416 full_state_readback=0
resting_native_profile step=5312 command_ms=729.324666 gpu_ms=728.701250628 host_copy_ms=0.012209 full_state_readback=0
resting_native_profile step=5344 command_ms=734.425875 gpu_ms=733.712791465 host_copy_ms=0.011625 full_state_readback=0
resting_native_profile step=5376 command_ms=731.135917 gpu_ms=730.513416231 host_copy_ms=0.017458 full_state_readback=0
resting_native_profile step=5408 command_ms=731.194958 gpu_ms=730.588125065 host_copy_ms=0.012667 full_state_readback=0
resting_native_profile step=5440 command_ms=729.779334 gpu_ms=729.122875258 host_copy_ms=0.01325 full_state_readback=0
resting_native_profile step=5472 command_ms=730.767833 gpu_ms=730.560041033 host_copy_ms=0.011375 full_state_readback=0
resting_native_profile step=5504 command_ms=721.938583 gpu_ms=721.354874782 host_copy_ms=0.016875 full_state_readback=0
resting_native_profile step=5536 command_ms=736.175625 gpu_ms=735.51191669 host_copy_ms=0.017709 full_state_readback=0
resting_native_profile step=5568 command_ms=735.724584 gpu_ms=735.077833757 host_copy_ms=0.01175 full_state_readback=0
resting_native_profile step=5600 command_ms=731.806666 gpu_ms=731.216209009 host_copy_ms=0.017459 full_state_readback=0
resting_native_profile step=5632 command_ms=733.760041 gpu_ms=733.118833043 host_copy_ms=0.013 full_state_readback=0
resting_native_profile step=5664 command_ms=730.092792 gpu_ms=729.510500096 host_copy_ms=0.011875 full_state_readback=0
resting_native_profile step=5696 command_ms=725.70875 gpu_ms=725.127625279 host_copy_ms=0.011125 full_state_readback=0
resting_native_profile step=5728 command_ms=730.036459 gpu_ms=729.396957904 host_copy_ms=0.016708 full_state_readback=0
resting_native_profile step=5760 command_ms=732.255542 gpu_ms=731.616999954 host_copy_ms=0.015416 full_state_readback=0
resting_native_profile step=5792 command_ms=736.321083 gpu_ms=735.69641728 host_copy_ms=0.012334 full_state_readback=0
resting_native_profile step=5824 command_ms=733.17275 gpu_ms=732.603125274 host_copy_ms=0.011625 full_state_readback=0
resting_native_profile step=5856 command_ms=725.196292 gpu_ms=724.602458067 host_copy_ms=0.01675 full_state_readback=0
resting_native_profile step=5888 command_ms=722.06975 gpu_ms=721.406125464 host_copy_ms=0.015208 full_state_readback=0
resting_native_profile step=5920 command_ms=737.479625 gpu_ms=736.833999865 host_copy_ms=0.01175 full_state_readback=0
resting_native_profile step=5952 command_ms=732.824 gpu_ms=732.265000232 host_copy_ms=0.023042 full_state_readback=0
resting_native_profile step=5984 command_ms=734.556334 gpu_ms=734.010624699 host_copy_ms=0.012583 full_state_readback=0
resting_native_profile step=6016 command_ms=730.811667 gpu_ms=730.171167292 host_copy_ms=0.012208 full_state_readback=0
resting_native_profile step=6048 command_ms=735.715083 gpu_ms=735.124208964 host_copy_ms=0.011833 full_state_readback=0
resting_native_profile step=6080 command_ms=728.991083 gpu_ms=728.409916162 host_copy_ms=0.014959 full_state_readback=0
resting_native_profile step=6112 command_ms=724.8725 gpu_ms=724.315708503 host_copy_ms=0.016 full_state_readback=0
resting_native_profile step=6144 command_ms=727.020875 gpu_ms=726.79175064 host_copy_ms=0.012917 full_state_readback=0
resting_native_profile step=6176 command_ms=726.201167 gpu_ms=725.534625351 host_copy_ms=0.014458 full_state_readback=0
resting_native_profile step=6208 command_ms=726.145834 gpu_ms=725.54416582 host_copy_ms=0.043 full_state_readback=0
resting_native_profile step=6240 command_ms=735.729625 gpu_ms=735.073583201 host_copy_ms=0.012875 full_state_readback=0
resting_native_profile step=6272 command_ms=732.694125 gpu_ms=732.474041171 host_copy_ms=0.013125 full_state_readback=0
resting_native_profile step=6304 command_ms=731.792042 gpu_ms=731.147875078 host_copy_ms=0.016541 full_state_readback=0
resting_native_profile step=6336 command_ms=731.919916 gpu_ms=731.309666298 host_copy_ms=0.013625 full_state_readback=0
resting_native_profile step=6368 command_ms=728.576541 gpu_ms=727.914750576 host_copy_ms=0.021125 full_state_readback=0
resting_native_profile step=6400 command_ms=732.887875 gpu_ms=732.252333313 host_copy_ms=0.011375 full_state_readback=0
resting_native_profile step=6432 command_ms=730.48625 gpu_ms=729.881125502 host_copy_ms=0.009042 full_state_readback=0
resting_native_profile step=6464 command_ms=728.981959 gpu_ms=728.403874673 host_copy_ms=0.00875 full_state_readback=0
resting_native_profile step=6496 command_ms=731.70675 gpu_ms=731.091249734 host_copy_ms=0.009542 full_state_readback=0
resting_native_profile step=6528 command_ms=725.990375 gpu_ms=725.403708406 host_copy_ms=0.009916 full_state_readback=0
resting_native_profile step=6560 command_ms=729.633791 gpu_ms=729.053791612 host_copy_ms=0.024709 full_state_readback=0
resting_native_profile step=6592 command_ms=729.781792 gpu_ms=729.208749719 host_copy_ms=0.008333 full_state_readback=0
resting_native_profile step=6624 command_ms=726.812833 gpu_ms=726.147999987 host_copy_ms=0.008834 full_state_readback=0
resting_native_profile step=6656 command_ms=724.2515 gpu_ms=723.692791536 host_copy_ms=0.009958 full_state_readback=0
resting_native_profile step=6688 command_ms=724.849625 gpu_ms=724.279541522 host_copy_ms=0.008333 full_state_readback=0
resting_native_profile step=6720 command_ms=729.994959 gpu_ms=729.328583926 host_copy_ms=0.008666 full_state_readback=0
resting_native_profile step=6752 command_ms=727.087083 gpu_ms=726.457541808 host_copy_ms=0.010458 full_state_readback=0
resting_native_profile step=6784 command_ms=728.301709 gpu_ms=727.658207528 host_copy_ms=0.012125 full_state_readback=0
resting_native_profile step=6816 command_ms=726.643459 gpu_ms=725.981083699 host_copy_ms=0.008333 full_state_readback=0
resting_native_profile step=6848 command_ms=726.329042 gpu_ms=725.67437496 host_copy_ms=0.008375 full_state_readback=0
resting_native_profile step=6880 command_ms=733.087208 gpu_ms=732.399624772 host_copy_ms=0.009375 full_state_readback=0
resting_native_profile step=6912 command_ms=730.156167 gpu_ms=729.557000101 host_copy_ms=0.008666 full_state_readback=0
resting_native_profile step=6944 command_ms=731.765334 gpu_ms=731.12620879 host_copy_ms=0.008416 full_state_readback=0
resting_native_profile step=6976 command_ms=733.027708 gpu_ms=732.440624386 host_copy_ms=0.007292 full_state_readback=0
resting_native_profile step=7008 command_ms=730.040583 gpu_ms=729.442916811 host_copy_ms=0.011125 full_state_readback=0
resting_native_profile step=7040 command_ms=725.145625 gpu_ms=724.575500004 host_copy_ms=0.009334 full_state_readback=0
resting_native_profile step=7072 command_ms=726.987583 gpu_ms=726.35741625 host_copy_ms=0.008542 full_state_readback=0
resting_native_profile step=7104 command_ms=730.546833 gpu_ms=730.314291082 host_copy_ms=0.007917 full_state_readback=0
resting_native_profile step=7136 command_ms=730.788666 gpu_ms=730.205499567 host_copy_ms=0.008542 full_state_readback=0
resting_native_profile step=7168 command_ms=732.396417 gpu_ms=731.693250127 host_copy_ms=0.007792 full_state_readback=0
resting_native_profile step=7200 command_ms=727.650041 gpu_ms=726.971250027 host_copy_ms=0.012084 full_state_readback=0
resting_native_profile step=7232 command_ms=728.314083 gpu_ms=727.64762491 host_copy_ms=0.008167 full_state_readback=0
resting_native_profile step=7264 command_ms=728.511375 gpu_ms=727.840333246 host_copy_ms=0.008834 full_state_readback=0
resting_native_profile step=7296 command_ms=730.108959 gpu_ms=729.481332935 host_copy_ms=0.008208 full_state_readback=0
resting_native_profile step=7328 command_ms=732.245167 gpu_ms=731.5996252 host_copy_ms=0.008167 full_state_readback=0
resting_native_profile step=7360 command_ms=729.917875 gpu_ms=729.256249964 host_copy_ms=0.008041 full_state_readback=0
resting_native_profile step=7392 command_ms=729.011541 gpu_ms=728.417958133 host_copy_ms=0.007917 full_state_readback=0
resting_native_profile step=7424 command_ms=731.951916 gpu_ms=731.395124458 host_copy_ms=0.008959 full_state_readback=0
resting_native_profile step=7456 command_ms=723.466042 gpu_ms=722.75679186 host_copy_ms=0.008167 full_state_readback=0
resting_native_profile step=7488 command_ms=731.449125 gpu_ms=730.900124647 host_copy_ms=0.007834 full_state_readback=0
resting_native_profile step=7520 command_ms=731.16825 gpu_ms=730.578499846 host_copy_ms=0.007958 full_state_readback=0
resting_native_profile step=7552 command_ms=726.667666 gpu_ms=726.038374938 host_copy_ms=0.009334 full_state_readback=0
resting_native_profile step=7584 command_ms=727.335833 gpu_ms=726.715999655 host_copy_ms=0.007667 full_state_readback=0
resting_native_profile step=7616 command_ms=727.458167 gpu_ms=726.823125035 host_copy_ms=0.01225 full_state_readback=0
resting_native_profile step=7648 command_ms=727.688 gpu_ms=727.084916085 host_copy_ms=0.007667 full_state_readback=0
resting_native_profile step=7680 command_ms=728.762 gpu_ms=728.133625351 host_copy_ms=0.0085 full_state_readback=0
resting_native_profile step=7712 command_ms=722.745583 gpu_ms=722.129000351 host_copy_ms=0.008833 full_state_readback=0
resting_native_profile step=7744 command_ms=724.607042 gpu_ms=724.056041799 host_copy_ms=0.00775 full_state_readback=0
resting_native_profile step=7776 command_ms=729.124083 gpu_ms=728.534916416 host_copy_ms=0.009708 full_state_readback=0
resting_native_profile step=7808 command_ms=731.493084 gpu_ms=730.844791979 host_copy_ms=0.007666 full_state_readback=0
resting_native_profile step=7840 command_ms=728.021375 gpu_ms=727.468375117 host_copy_ms=0.009417 full_state_readback=0
resting_native_profile step=7872 command_ms=729.161833 gpu_ms=728.615333326 host_copy_ms=0.009709 full_state_readback=0
resting_native_profile step=7904 command_ms=726.1025 gpu_ms=725.519875064 host_copy_ms=0.008167 full_state_readback=0
resting_native_profile step=7936 command_ms=728.574959 gpu_ms=727.926999331 host_copy_ms=0.008791 full_state_readback=0
resting_native_profile step=7968 command_ms=729.6025 gpu_ms=729.048792273 host_copy_ms=0.008083 full_state_readback=0
resting_native_profile step=8000 command_ms=729.208166 gpu_ms=728.655625135 host_copy_ms=0.008834 full_state_readback=0
resting_native_profile step=8032 command_ms=727.932 gpu_ms=727.325250395 host_copy_ms=0.01125 full_state_readback=0
resting_native_profile step=8064 command_ms=727.045417 gpu_ms=726.435291581 host_copy_ms=0.011167 full_state_readback=0
resting_native_profile step=8096 command_ms=730.123333 gpu_ms=729.500375688 host_copy_ms=0.009209 full_state_readback=0
resting_native_profile step=8128 command_ms=727.372417 gpu_ms=726.723125204 host_copy_ms=0.00925 full_state_readback=0
resting_native_profile step=8160 command_ms=728.363625 gpu_ms=727.710874751 host_copy_ms=0.011292 full_state_readback=0
resting_native_profile step=8192 command_ms=723.639834 gpu_ms=722.960750572 host_copy_ms=0.009875 full_state_readback=0
resting_native_profile step=8224 command_ms=730.72525 gpu_ms=730.135416612 host_copy_ms=0.008833 full_state_readback=0
resting_native_profile step=8256 command_ms=730.432875 gpu_ms=729.79074996 host_copy_ms=0.010625 full_state_readback=0
resting_native_profile step=8288 command_ms=727.433125 gpu_ms=726.756749675 host_copy_ms=0.007375 full_state_readback=0
resting_native_profile step=8320 command_ms=728.041917 gpu_ms=727.402625605 host_copy_ms=0.008625 full_state_readback=0
resting_native_profile step=8352 command_ms=728.943375 gpu_ms=728.204583749 host_copy_ms=0.008708 full_state_readback=0
resting_native_profile step=8384 command_ms=730.482 gpu_ms=729.812874459 host_copy_ms=0.009416 full_state_readback=0
resting_native_profile step=8416 command_ms=729.188875 gpu_ms=728.574249893 host_copy_ms=0.012458 full_state_readback=0
resting_native_profile step=8448 command_ms=727.739208 gpu_ms=727.494874969 host_copy_ms=0.014833 full_state_readback=0
resting_native_profile step=8480 command_ms=729.67775 gpu_ms=729.077624157 host_copy_ms=0.009083 full_state_readback=0
resting_native_profile step=8512 command_ms=726.310875 gpu_ms=725.784375332 host_copy_ms=0.008458 full_state_readback=0
resting_native_profile step=8544 command_ms=732.854792 gpu_ms=732.20624961 host_copy_ms=0.009042 full_state_readback=0
resting_native_profile step=8576 command_ms=725.990916 gpu_ms=725.428000093 host_copy_ms=0.010459 full_state_readback=0
resting_native_profile step=8608 command_ms=728.353125 gpu_ms=727.801250294 host_copy_ms=0.008584 full_state_readback=0
resting_native_profile step=8640 command_ms=728.214125 gpu_ms=727.67174989 host_copy_ms=0.008167 full_state_readback=0
resting_native_profile step=8672 command_ms=728.983625 gpu_ms=728.391166776 host_copy_ms=0.009917 full_state_readback=0
resting_native_profile step=8704 command_ms=729.006292 gpu_ms=728.297124617 host_copy_ms=0.010083 full_state_readback=0
resting_native_profile step=8736 command_ms=728.604916 gpu_ms=728.026582859 host_copy_ms=0.009 full_state_readback=0
resting_native_profile step=8768 command_ms=727.150833 gpu_ms=726.609166712 host_copy_ms=0.007917 full_state_readback=0
resting_native_profile step=8800 command_ms=726.54875 gpu_ms=726.003999822 host_copy_ms=0.008 full_state_readback=0
resting_native_profile step=8832 command_ms=732.187042 gpu_ms=731.575708836 host_copy_ms=0.009333 full_state_readback=0
resting_native_profile step=8864 command_ms=731.587042 gpu_ms=731.017749757 host_copy_ms=0.0105 full_state_readback=0
resting_native_profile step=8896 command_ms=733.220458 gpu_ms=732.596125454 host_copy_ms=0.008958 full_state_readback=0
resting_native_profile step=8928 command_ms=730.25025 gpu_ms=729.674708098 host_copy_ms=0.007625 full_state_readback=0
resting_native_profile step=8960 command_ms=727.4565 gpu_ms=726.863250136 host_copy_ms=0.008459 full_state_readback=0
resting_native_profile step=8992 command_ms=733.388333 gpu_ms=732.702208683 host_copy_ms=0.008292 full_state_readback=0
resting_native_profile step=9024 command_ms=727.528042 gpu_ms=726.998667233 host_copy_ms=0.007958 full_state_readback=0
resting_native_profile step=9056 command_ms=730.684375 gpu_ms=730.100125074 host_copy_ms=0.010208 full_state_readback=0
resting_native_profile step=9088 command_ms=726.836625 gpu_ms=726.215625182 host_copy_ms=0.0085 full_state_readback=0
resting_native_profile step=9120 command_ms=728.003208 gpu_ms=727.408708073 host_copy_ms=0.009084 full_state_readback=0
resting_native_profile step=9152 command_ms=730.897458 gpu_ms=730.240999721 host_copy_ms=0.009625 full_state_readback=0
resting_native_profile step=9184 command_ms=731.684458 gpu_ms=731.081374921 host_copy_ms=0.007667 full_state_readback=0
resting_native_profile step=9216 command_ms=732.939875 gpu_ms=732.449874282 host_copy_ms=0.007375 full_state_readback=0
resting_native_profile step=9248 command_ms=730.393 gpu_ms=729.801583104 host_copy_ms=0.008875 full_state_readback=0
resting_native_profile step=9280 command_ms=726.776833 gpu_ms=726.204625331 host_copy_ms=0.013709 full_state_readback=0
resting_native_profile step=9312 command_ms=730.630625 gpu_ms=730.021791533 host_copy_ms=0.007375 full_state_readback=0
accepted_geometry_export=/Users/n/numi-human-resting-evidence-20261005/contact-iterations32-native-050/accepted-geometry/step-9311.mrvpack receipt=/Users/n/numi-human-resting-evidence-20261005/contact-iterations32-native-050/accepted-geometry/step-9311.receipt.json accepted_root=0xa178af1d06b5d861 pack_sha256=7755ca77d0bdba9d4bd1f8a0b5bfe45f43e5438a20147e00fcd4ad4999114896 receipt_sha256=ba302edd4def33bd414daed0ad91b6e897272b6528ef4d52b1dabbd919d1594c
resting_native_profile step=9344 command_ms=744.54625 gpu_ms=744.016375393 host_copy_ms=0.007958 full_state_readback=0
resting_native_profile step=9376 command_ms=728.554792 gpu_ms=727.93054115 host_copy_ms=0.00875 full_state_readback=0
resting_native_profile step=9408 command_ms=730.221125 gpu_ms=729.641499929 host_copy_ms=0.007041 full_state_readback=0
resting_native_profile step=9440 command_ms=730.088792 gpu_ms=729.476332664 host_copy_ms=0.008958 full_state_readback=0
resting_native_profile step=9472 command_ms=728.6145 gpu_ms=728.021667339 host_copy_ms=0.008958 full_state_readback=0
resting_native_profile step=9504 command_ms=732.266 gpu_ms=731.62924964 host_copy_ms=0.009625 full_state_readback=0
resting_native_profile step=9536 command_ms=730.641625 gpu_ms=730.001500808 host_copy_ms=0.007916 full_state_readback=0
resting_native_profile step=9568 command_ms=731.216125 gpu_ms=730.601333082 host_copy_ms=0.008833 full_state_readback=0
resting_native_profile step=9600 command_ms=729.664459 gpu_ms=729.08808291 host_copy_ms=0.007583 full_state_readback=0
resting_native_profile step=9632 command_ms=730.238917 gpu_ms=729.813916609 host_copy_ms=0.007208 full_state_readback=0
resting_native_profile step=9664 command_ms=730.901584 gpu_ms=730.724625289 host_copy_ms=0.010833 full_state_readback=0
resting_native_profile step=9696 command_ms=727.636625 gpu_ms=727.096624672 host_copy_ms=0.008292 full_state_readback=0
resting_native_profile step=9728 command_ms=728.252292 gpu_ms=727.568583563 host_copy_ms=0.009833 full_state_readback=0
resting_native_profile step=9760 command_ms=732.450792 gpu_ms=732.280083001 host_copy_ms=0.007458 full_state_readback=0
resting_native_profile step=9792 command_ms=730.605792 gpu_ms=729.990124702 host_copy_ms=0.008833 full_state_readback=0
resting_native_profile step=9824 command_ms=729.230625 gpu_ms=728.608875535 host_copy_ms=0.008167 full_state_readback=0
resting_native_profile step=9856 command_ms=729.790167 gpu_ms=729.139124975 host_copy_ms=0.007792 full_state_readback=0
resting_native_profile step=9888 command_ms=731.858625 gpu_ms=731.232167222 host_copy_ms=0.00825 full_state_readback=0
resting_native_profile step=9920 command_ms=730.608458 gpu_ms=730.02950009 host_copy_ms=0.008417 full_state_readback=0
resting_native_profile step=9952 command_ms=728.296042 gpu_ms=728.056999855 host_copy_ms=0.008292 full_state_readback=0
resting_native_profile step=9984 command_ms=730.907875 gpu_ms=730.325709097 host_copy_ms=0.009333 full_state_readback=0
resting_native_profile step=10016 command_ms=731.552417 gpu_ms=730.935750529 host_copy_ms=0.008792 full_state_readback=0
resting_native_profile step=10048 command_ms=730.447333 gpu_ms=729.859124869 host_copy_ms=0.008917 full_state_readback=0
resting_native_profile step=10080 command_ms=731.909333 gpu_ms=731.286374852 host_copy_ms=0.011292 full_state_readback=0
resting_native_profile step=10112 command_ms=734.732791 gpu_ms=734.157833271 host_copy_ms=0.008 full_state_readback=0
resting_native_profile step=10144 command_ms=731.408166 gpu_ms=730.867458507 host_copy_ms=0.008125 full_state_readback=0
resting_native_profile step=10176 command_ms=727.313 gpu_ms=726.745541207 host_copy_ms=0.007458 full_state_readback=0
resting_native_profile step=10208 command_ms=730.214875 gpu_ms=729.628125206 host_copy_ms=0.007583 full_state_readback=0
resting_native_profile step=10240 command_ms=731.654 gpu_ms=731.081208214 host_copy_ms=0.01975 full_state_readback=0
resting_native_profile step=10272 command_ms=731.244625 gpu_ms=730.605999939 host_copy_ms=0.009375 full_state_readback=0
resting_native_profile step=10304 command_ms=729.888208 gpu_ms=729.327749461 host_copy_ms=0.008209 full_state_readback=0
resting_native_profile step=10336 command_ms=731.957083 gpu_ms=731.335000135 host_copy_ms=0.007917 full_state_readback=0
resting_native_profile step=10368 command_ms=732.912708 gpu_ms=732.329916209 host_copy_ms=0.007417 full_state_readback=0
resting_native_profile step=10400 command_ms=728.309916 gpu_ms=727.690333501 host_copy_ms=0.009375 full_state_readback=0
resting_native_profile step=10432 command_ms=729.986208 gpu_ms=729.375500232 host_copy_ms=0.007917 full_state_readback=0
resting_native_profile step=10464 command_ms=732.451583 gpu_ms=731.804125011 host_copy_ms=0.008792 full_state_readback=0
resting_native_profile step=10496 command_ms=731.220667 gpu_ms=730.591958389 host_copy_ms=0.014083 full_state_readback=0
resting_native_profile step=10528 command_ms=731.531166 gpu_ms=731.318875216 host_copy_ms=0.008709 full_state_readback=0
resting_native_profile step=10560 command_ms=733.583 gpu_ms=733.050375246 host_copy_ms=0.007958 full_state_readback=0
resting_native_profile step=10592 command_ms=733.843375 gpu_ms=733.232041821 host_copy_ms=0.007792 full_state_readback=0
resting_native_profile step=10624 command_ms=730.972458 gpu_ms=730.411541648 host_copy_ms=0.00825 full_state_readback=0
resting_native_profile step=10656 command_ms=730.392375 gpu_ms=730.177666061 host_copy_ms=0.007916 full_state_readback=0
resting_native_profile step=10688 command_ms=729.788875 gpu_ms=729.229500517 host_copy_ms=0.0085 full_state_readback=0
resting_native_profile step=10720 command_ms=732.399125 gpu_ms=731.843666174 host_copy_ms=0.010084 full_state_readback=0
resting_native_profile step=10752 command_ms=737.771292 gpu_ms=737.106375396 host_copy_ms=0.007916 full_state_readback=0
resting_native_profile step=10784 command_ms=730.021875 gpu_ms=729.397458024 host_copy_ms=0.009166 full_state_readback=0
resting_native_profile step=10816 command_ms=727.281375 gpu_ms=726.66199971 host_copy_ms=0.009833 full_state_readback=0
resting_native_profile step=10848 command_ms=729.770833 gpu_ms=729.211749509 host_copy_ms=0.009167 full_state_readback=0
resting_native_profile step=10880 command_ms=733.85075 gpu_ms=733.260999434 host_copy_ms=0.007667 full_state_readback=0
resting_native_profile step=10912 command_ms=737.310125 gpu_ms=736.690750346 host_copy_ms=0.010708 full_state_readback=0
resting_native_profile step=10944 command_ms=725.924542 gpu_ms=725.394832902 host_copy_ms=0.007125 full_state_readback=0
resting_native_profile step=10976 command_ms=731.363333 gpu_ms=731.166750193 host_copy_ms=0.009292 full_state_readback=0
resting_native_profile step=11008 command_ms=730.535958 gpu_ms=729.931250215 host_copy_ms=0.009 full_state_readback=0
resting_native_profile step=11040 command_ms=732.305584 gpu_ms=731.71675019 host_copy_ms=0.008958 full_state_readback=0
resting_native_profile step=11072 command_ms=728.006542 gpu_ms=727.378999814 host_copy_ms=0.008541 full_state_readback=0
resting_native_profile step=11104 command_ms=730.426458 gpu_ms=729.788666591 host_copy_ms=0.008209 full_state_readback=0
resting_native_profile step=11136 command_ms=734.024583 gpu_ms=733.381167054 host_copy_ms=0.008125 full_state_readback=0
resting_native_profile step=11168 command_ms=733.477 gpu_ms=733.254999854 host_copy_ms=0.007583 full_state_readback=0
resting_native_profile step=11200 command_ms=730.575583 gpu_ms=729.963541962 host_copy_ms=0.007292 full_state_readback=0
resting_native_profile step=11232 command_ms=733.69825 gpu_ms=733.116541058 host_copy_ms=0.009667 full_state_readback=0
resting_native_profile step=11264 command_ms=732.706583 gpu_ms=732.078333385 host_copy_ms=0.008208 full_state_readback=0
resting_native_profile step=11296 command_ms=734.770916 gpu_ms=734.194458462 host_copy_ms=0.007834 full_state_readback=0
resting_native_profile step=11328 command_ms=734.549417 gpu_ms=733.899750747 host_copy_ms=0.011333 full_state_readback=0
resting_native_profile step=11360 command_ms=726.577417 gpu_ms=725.944874808 host_copy_ms=0.020583 full_state_readback=0
resting_native_profile step=11392 command_ms=738.887208 gpu_ms=738.282333128 host_copy_ms=0.012625 full_state_readback=0
resting_native_profile step=11424 command_ms=742.021792 gpu_ms=741.426374763 host_copy_ms=0.015167 full_state_readback=0
resting_native_profile step=11456 command_ms=745.664334 gpu_ms=745.099457912 host_copy_ms=0.014916 full_state_readback=0
resting_native_profile step=11488 command_ms=740.020125 gpu_ms=739.444666542 host_copy_ms=0.012084 full_state_readback=0
resting_native_profile step=11520 command_ms=742.981209 gpu_ms=742.37600062 host_copy_ms=0.014625 full_state_readback=0
resting_native_profile step=11552 command_ms=744.071417 gpu_ms=743.422124535 host_copy_ms=0.014583 full_state_readback=0
resting_native_profile step=11584 command_ms=747.075875 gpu_ms=746.490374207 host_copy_ms=0.014916 full_state_readback=0
resting_native_profile step=11616 command_ms=742.204417 gpu_ms=741.650500335 host_copy_ms=0.014292 full_state_readback=0
resting_native_profile step=11648 command_ms=734.635417 gpu_ms=734.050000086 host_copy_ms=0.017375 full_state_readback=0
resting_native_profile step=11680 command_ms=735.9185 gpu_ms=735.289208591 host_copy_ms=0.018209 full_state_readback=0
resting_native_profile step=11712 command_ms=743.366125 gpu_ms=742.779791355 host_copy_ms=0.015083 full_state_readback=0
resting_native_profile step=11744 command_ms=741.91975 gpu_ms=741.286708973 host_copy_ms=0.023209 full_state_readback=0
resting_native_profile step=11776 command_ms=740.962 gpu_ms=740.333375521 host_copy_ms=0.015416 full_state_readback=0
resting_native_profile step=11808 command_ms=743.556083 gpu_ms=742.985207587 host_copy_ms=0.011959 full_state_readback=0
resting_native_profile step=11840 command_ms=743.852958 gpu_ms=743.205499835 host_copy_ms=0.0155 full_state_readback=0
resting_native_profile step=11872 command_ms=744.25975 gpu_ms=743.676499464 host_copy_ms=0.017375 full_state_readback=0
resting_native_profile step=11904 command_ms=743.82375 gpu_ms=743.234165944 host_copy_ms=0.015417 full_state_readback=0
resting_native_profile step=11936 command_ms=739.810625 gpu_ms=739.15275 host_copy_ms=0.0195 full_state_readback=0
resting_native_profile step=11968 command_ms=742.062542 gpu_ms=741.478375159 host_copy_ms=0.008833 full_state_readback=0
resting_native_profile step=12000 command_ms=733.377958 gpu_ms=732.757999562 host_copy_ms=0.11575 full_state_readback=1
accepted_geometry_export=/Users/n/numi-human-resting-evidence-20261005/contact-iterations32-native-050/accepted-geometry/step-11999.mrvpack receipt=/Users/n/numi-human-resting-evidence-20261005/contact-iterations32-native-050/accepted-geometry/step-11999.receipt.json accepted_root=0xe8feb3d4f48efbe1 pack_sha256=6ca640e2578e30a3f78c1e3ea8ca7a757d1924f63eae45ff61aada9ed5b49b1d receipt_sha256=bf54a567b41060e46143dc6ac8ceb763899b699db9c52ffc375f980ddf747304
stand_terminal_state={"schema":"numi.human.legacy-stand-terminal.v1","step_count":12000,"timestep_seconds":0.002,"root_assistance":false,"initial_q":[-0.05000000074505806,0.20000000298023224,0.10715460777282715,-0.70090925693511963,0,0,0.71325045824050903,0,0,0,0,0,0,0,0,0,0,0,0,0,0,0,0,0,0,0,0,0,0,0,0,0,0,0,0,0,0,0,0,0,0,0,0,0,0,0,0,0,0,0,0,0,0,0,0,0,0,0,0,0,0,0,0,0,0,0,0,0,0,0,0,0,0,0,0,0,0,0,0,0,0,0,0,0,0,0,0,0,0,0,0,0,0,0,0,0,0,0,0,0,0,0,0,0,7.6925396608196195e-11,9.537330214470785e-08,0,-1.4732499664660281e-08,1.0893900004305124e-08,0,0,0,0,0,0.010506000369787216,0,0,0,-7.6925396608196195e-11,9.537330214470785e-08,0,-1.4732499664660281e-08,-1.0893900004305124e-08,0,0,0,0,0,0.010506000369787216],"initial_v":[0,0,0,0,0,0,0,0,0,0,0,0,0,0,0,0,0,0,0,0,0,0,0,0,0,0,0,0,0,0,0,0,0,0,0,0,0,0,0,0,0,0,0,0,0,0,0,0,0,0,0,0,0,0,0,0,0,0,0,0,0,0,0,0,0,0,0,0,0,0,0,0,0,0,0,0,0,0,0,0,0,0,0,0,0,0,0,0,0,0,0,0,0,0,0,0,0,0,0,0,0,0,0,0,0,0,0,0,0,0,0,0,0,0,0,0,0,0,0,0,0,0,0,0,0,0,0,0],"q":[-0.045413196086883545,0.17255033552646637,-0.19612593948841095,-0.79554235935211182,0.0040858681313693523,-0.0001564601989230141,0.60588419437408447,-0.25235489010810852,0.0039381110109388828,-0.0037919837050139904,0,0,-0.1622389554977417,-0.046685654670000076,0.00071319186827167869,-0.00014326114614959806,-0.051480397582054138,0.00096601858967915177,-0.00014326114614959806,-0.058293979614973068,0.0009849214693531394,-0.00011796861508628353,-0.064350493252277374,0.00074036483420059085,-0.00010955041216220707,-6.7013359306145048e-09,2.8383757566530221e-09,-2.8383757566530221e-09,6.7013359306145048e-09,-1.3568820511622448e-09,1.0965822028197181e-08,4.9290820314240591e-09,-4.9290820314240591e-09,-1.0965822028197181e-08,1.3568820511622448e-09,0.0026278791483491659,2.7691470450008637e-08,-0.0026278791483491659,-0.28630152344703674,-9.193900041282177e-07,-0.20805743336677551,0.056505780667066574,-0.081200458109378815,0,0,0,0,0,0,0,0,0,0,0,0,0,0,0,0,0,0,0,0,1.4502191669762965e-09,-6.142457098512466e-10,6.142457098512466e-10,-1.4502191669762965e-09,2.9363939058058008e-10,-2.3730859499693224e-09,-1.066690180628882e-09,1.066690180628882e-09,2.3730859499693224e-09,-2.9363939058058008e-10,-0.002918631536886096,-5.9926410500565908e-09,0.002918631536886096,-0.26906529068946838,-7.318411689993809e-07,-0.23944829404354095,0.051787413656711578,-0.07421334832906723,0,0,0,0,0,0,0,0,0,0,0,0,0,0,0,0,0,0,0,0,-0.34428030252456665,-0.023872965946793556,-0.69813191890716553,4.2511891251706402e-07,3.2154378004634054e-07,7.2290735261049122e-05,5.7032925724342931e-06,2.6721361791715026e-05,-0.25399723649024963,-0.025701424106955528,-0.52359902858734131,-3.5266332361061359e-06,-1.085898020392051e-06,0.010507783852517605,-0.34292325377464294,-0.034333433955907822,-0.69813305139541626,-1.784173503383002e-10,9.5427310498052975e-08,1.7261386986433536e-08,-1.3367124296337352e-08,-1.7271965191412164e-08,-0.29620203375816345,0.0033503524027764797,-0.52359902858734131,-8.4209156314685174e-10,-2.5924534741150751e-10,0.010506000369787216],"v":[0.0011921951081603765,0.00011891464964719489,0.0004562829271890223,0.00060855498304590583,-0.00081675080582499504,-0.0010221032425761223,0.0004022817884106189,0.00084955821512266994,0.0016027373494580388,0,0,0.00025862696929834783,7.4422132456675172e-05,0.00015385498409159482,6.0551421483978629e-05,8.2065482274629176e-05,0.00020839662465732545,6.0551421483978629e-05,9.2927097284700722e-05,0.00021247449330985546,4.986115891369991e-05,0.00010258185648126528,0.00015971693210303783,4.6303084673127159e-05,-4.3796777760007899e-08,1.8550288416463445e-08,-1.8550288416463445e-08,4.3796777760007899e-08,-8.8679419363302259e-09,7.1667450640688912e-08,3.2214160228249966e-08,-3.2214160228249966e-08,-7.1667450640688912e-08,8.8679419363302259e-09,-0.00091562536545097828,1.8097841802955372e-07,0.00091562536545097828,-0.0015700313961133361,-3.9194896999106277e-06,-0.0016738628037273884,0.0025401923339813948,-0.00091817282373085618,0,0,0,0,0,0,0,0,0,0,0,0,0,0,0,0,0,0,0,0,-1.5819092880065e-07,6.7002353887346544e-08,-6.7002353887346544e-08,1.5819092880065e-07,-3.2030392560500331e-08,2.5885788090818096e-07,1.1635531649289987e-07,-1.1635531649289987e-07,-2.5885788090818096e-07,3.2030392560500331e-08,0.00088363728718832135,6.5368152490918874e-07,-0.00088363728718832135,0.0051323105581104755,-3.1187200875137933e-06,-0.0068270820192992687,0.0028295230586081743,-0.0039922627620398998,0,0,0,0,0,0,0,0,0,0,0,0,0,0,0,0,0,0,0,0,0.000675457704346627,0.0010069676209241152,-6.9040388552821241e-06,3.1055986227102039e-08,1.652467673807223e-08,5.2820541895925999e-06,4.1778540094128402e-07,1.9515844087436562e-06,-0.000345857028150931,0.00047654547961428761,-8.5903501201300969e-08,-2.576763336037402e-07,-7.9356119897511235e-08,1.2978627239590423e-07,0.00069292687112465501,-0.0010741166770458221,-1.3874919204681646e-05,-3.113619822039948e-12,1.6568610632788916e-12,5.2955329010728747e-10,4.1887663476680714e-11,-1.9566941122928228e-10,-0.0029206331819295883,0.00048373546451330185,8.7848299301640509e-08,-2.5834098749122347e-11,-7.9532552418881686e-12,1.3112510209578598e-11]}
resting_integrated_body=completed simulated_s=24.000001139938831 wall_s=298.51375370800002 real_time_factor=0.080398309430710968 physiology_body_clock=matched root_assistance=false presentation_qualification=pending
