{
  "schema": "numi.cardboard.completed-tight-barrier-pair.v1",
  "physical_validation": false,
  "runs": [
    "barrier50-scale2-tight-001",
    "barrier50-scale4-tight-001"
  ],
  "pair_status": "complete_same_native_inputs",
  "three_arm_prediction": "contradicted_by_factor1_first_withdrawal_rejection",
  "excluded_failed_arm": "barrier50-scale1-tight-001",
  "curve_metrics": {
    "loading": {
      "rms_difference_N": 0.005911368546476831,
      "relative_rms_difference": 0.019468407276326514,
      "samples": 32
    },
    "hold": {
      "rms_difference_N": 0.011686823819497384,
      "relative_rms_difference": 0.0359084877059445,
      "samples": 16
    },
    "unloading": {
      "rms_difference_N": 0.002127292048943175,
      "relative_rms_difference": 0.22595908165199058,
      "samples": 32
    },
    "relaxation": {
      "rms_difference_N": 0.0,
      "relative_rms_difference": null,
      "samples": 16
    }
  },
  "input_report_sha256": "4fcc16db96bf04afd92c77811cf1d75385ad574a4ac57782ff436598c6e1080c",
  "analyzer_sha256": "8ee08d2c826aeab6409ff86d93e82938b06ae66af7c38cc50e1eaf662696806a",
  "peak_relative_spread": 0.007460310432455552
}
