[100%] Built target numi-matter-cardboard-profile-check
[100%] Built target numi-matter-cardboard-glue-mesh-check
[ 50%] Building CXX object CMakeFiles/numi-matter-cardboard-box-blank-check.dir/tools/cardboard_box_blank_check.cpp.o
[100%] Linking CXX executable numi-matter-cardboard-box-blank-check
[100%] Built target numi-matter-cardboard-box-blank-check
[ 75%] Built target numi_matter_compiler_objects
[ 83%] Built target numi_matter_compiler
[ 91%] Building CXX object CMakeFiles/numi-matter-cardboard-paper-material-check.dir/tools/cardboard_paper_material_check.cpp.o
[100%] Linking CXX executable numi-matter-cardboard-paper-material-check
[100%] Built target numi-matter-cardboard-paper-material-check
[ 75%] Built target numi_matter_compiler_objects
[ 83%] Built target numi_matter_compiler
[ 91%] Building CXX object CMakeFiles/numi-matter-cardboard-material-check.dir/tools/cardboard_material_check.cpp.o
[100%] Linking CXX executable numi-matter-cardboard-material-check
[100%] Built target numi-matter-cardboard-material-check
[ 75%] Built target numi_matter_compiler_objects
[ 83%] Built target numi_matter_compiler
[ 91%] Building CXX object CMakeFiles/numi-matter-cardboard-tooling-check.dir/tools/cardboard_tooling_check.cpp.o
[100%] Linking CXX executable numi-matter-cardboard-tooling-check
[100%] Built target numi-matter-cardboard-tooling-check
[ 75%] Built target numi_matter_compiler_objects
[ 83%] Built target numi_matter_compiler
[ 91%] Building CXX object CMakeFiles/numi-matter-fem-material-frame-compiler-check.dir/tools/fem_material_frame_compiler_check.cpp.o
[100%] Linking CXX executable numi-matter-fem-material-frame-compiler-check
[100%] Built target numi-matter-fem-material-frame-compiler-check
