Test project /Users/home/numi-cardboard-20261006/build-cardboard
    Start  3: matter.compiler.cardboard_tooling
1/7 Test  #3: matter.compiler.cardboard_tooling .....   Passed    0.58 sec
    Start  4: matter.compiler.cardboard_profile
2/7 Test  #4: matter.compiler.cardboard_profile .....   Passed    0.00 sec
    Start  5: matter.compiler.cardboard_glue_mesh
3/7 Test  #5: matter.compiler.cardboard_glue_mesh ...   Passed    0.00 sec
    Start  6: matter.compiler.cardboard_box_blank
4/7 Test  #6: matter.compiler.cardboard_box_blank ...   Passed    0.25 sec
    Start  7: matter.compiler.cardboard_paper
5/7 Test  #7: matter.compiler.cardboard_paper .......   Passed    0.30 sec
    Start  9: matter.compiler.cardboard_material
6/7 Test  #9: matter.compiler.cardboard_material ....   Passed    0.56 sec
    Start 11: matter.compiler.fem_material_frame
7/7 Test #11: matter.compiler.fem_material_frame ....   Passed    0.27 sec

100% tests passed, 0 tests failed out of 7

Label Time Summary:
cardboard    =   1.70 sec*proc (6 tests)
compiler     =   0.56 sec*proc (1 test)
geometry     =   0.84 sec*proc (4 tests)
human        =   0.27 sec*proc (1 test)
material     =   1.13 sec*proc (3 tests)
matter       =   1.97 sec*proc (7 tests)

Total Test time (real) =   1.98 sec
