[ 10%] Built target numi_matter_shaders
[ 57%] Built target numi_matter_compiler_objects
[ 63%] Built target numi_matter_compiler
[ 84%] Built target numi_matter_runtime_objects
[ 89%] Built target numi_matter_runtime
[ 94%] Linking CXX executable numi-matter-cardboard-tooling-native-check
[100%] Built target numi-matter-cardboard-tooling-native-check
[ 10%] Built target numi_matter_shaders
[ 57%] Built target numi_matter_compiler_objects
[ 78%] Built target numi_matter_runtime_objects
[ 84%] Built target numi_matter_compiler
[ 89%] Built target numi_matter_runtime
[ 94%] Linking CXX executable numi-matter-fem-kinematic-release-check
[100%] Built target numi-matter-fem-kinematic-release-check
[ 10%] Built target numi_matter_shaders
[ 57%] Built target numi_matter_compiler_objects
[ 73%] Built target numi_matter_compiler
[ 84%] Built target numi_matter_runtime_objects
[ 89%] Built target numi_matter_runtime
[ 94%] Linking CXX executable numi-matter-fem-reference-check
[100%] Built target numi-matter-fem-reference-check
[ 10%] Built target numi_matter_shaders
[ 57%] Built target numi_matter_compiler_objects
[ 68%] Built target numi_matter_compiler
[ 84%] Built target numi_matter_runtime_objects
[ 89%] Built target numi_matter_runtime
[ 94%] Linking CXX executable numi-matter-fem-regional-material-check
[100%] Built target numi-matter-fem-regional-material-check
[ 10%] Built target numi_matter_shaders
[ 57%] Built target numi_matter_compiler_objects
[ 73%] Built target numi_matter_compiler
[ 84%] Built target numi_matter_runtime_objects
[ 89%] Built target numi_matter_runtime
[ 94%] Linking CXX executable numi-matter-fem-material-frame-check
[100%] Built target numi-matter-fem-material-frame-check
[ 10%] Built target numi_matter_shaders
[ 57%] Built target numi_matter_compiler_objects
[ 68%] Built target numi_matter_compiler
[ 84%] Built target numi_matter_runtime_objects
[ 89%] Built target numi_matter_runtime
[ 94%] Linking CXX executable numi-matter-cardboard-gpu-check
[100%] Built target numi-matter-cardboard-gpu-check
[  7%] Built target numi_cardboard_paper_shaders
[ 76%] Built target numi_matter_compiler_objects
[ 84%] Built target numi_matter_compiler
[100%] Built target numi-matter-cardboard-paper-gpu-check
[  7%] Built target numi_cardboard_delamination_shaders
[ 76%] Built target numi_matter_compiler_objects
[ 84%] Built target numi_matter_compiler
[100%] Built target numi-matter-cardboard-delamination-gpu-check
[ 10%] Built target numi_matter_shaders
[ 57%] Built target numi_matter_compiler_objects
[ 68%] Built target numi_matter_compiler
[ 84%] Built target numi_matter_runtime_objects
[ 89%] Built target numi_matter_runtime
[ 94%] Linking CXX executable numi-matter-cardboard-preconditioner-gpu-check
[100%] Built target numi-matter-cardboard-preconditioner-gpu-check
