+ BUILD=/Users/n/numi-human-support-drift-observer-build-020
+ SOURCE=/Users/n/numi-human-support-drift-observer-020
+ FROZEN_SOURCE=/Users/n/numi-human-performance-source-014
+ FROZEN_BUILD=/Users/n/numi-human-performance-build-014
+ RESPIRATION_BUILD=/Users/n/numi-human-terminal-capture-build-017
+ BRAIN=/Users/n/numi-human-resting-integration-20261005/numi-brain/Sources
+ SDK=/Applications/Xcode-26.6.0.app/Contents/Developer/Platforms/MacOSX.platform/Developer/SDKs/MacOSX.sdk
+ CXX=/usr/bin/clang++
+ mkdir -p /Users/n/numi-human-support-drift-observer-build-020/bin /Users/n/numi-human-support-drift-observer-build-020/obj /Users/n/numi-human-support-drift-observer-build-020/matter/shaders /Users/n/numi-human-support-drift-observer-build-020/evidence
+ cp /Users/n/numi-human-terminal-capture-build-017/matter/shaders/HumanRespiration.metallib /Users/n/numi-human-support-drift-observer-build-020/matter/shaders/HumanRespiration.metallib
++ shasum -a 256 /Users/n/numi-human-support-drift-observer-build-020/matter/shaders/HumanRespiration.metallib
++ awk '{print $1}'
+ test 4b61361f513bf0996d687398498b85ba4e379edca91c36f134e1b0398f31c426 = 4b61361f513bf0996d687398498b85ba4e379edca91c36f134e1b0398f31c426
++ shasum -a 256 /Users/n/numi-human-performance-build-014/lib/libmetalrobo.dylib
++ awk '{print $1}'
+ test 6bccfc4044d825423e66bc2f60ba3cf59eaa9a4936773ab08182f58a09927092 = 6bccfc4044d825423e66bc2f60ba3cf59eaa9a4936773ab08182f58a09927092
+ DEFINES=("-DMETALROBO_METALLIB=\"$FROZEN_BUILD/shaders/MetalRobo.metallib\"" "-DNUMI_HUMAN_ANTERIOR_THORAX_MATERIAL=\"$FROZEN_SOURCE/matter/materials/human_anterior_abdominal_wall_composite_effective.nmatter\"" "-DNUMI_HUMAN_OPEN_KNEE_LIGAMENT_MATERIAL=\"$FROZEN_SOURCE/matter/materials/open_knee_ligament_febio_exp_linear.nmatter\"" "-DNUMI_HUMAN_PASSIVE_TISSUE_MATERIAL=\"$FROZEN_SOURCE/matter/materials/passive_skeletal_muscle_unqualified.nmatter\"" "-DNUMI_HUMAN_PECTORALIS_FASCIA_MATERIAL=\"$FROZEN_SOURCE/matter/materials/human_pectoralis_fascia_goh_uniaxial.nmatter\"" "-DNUMI_HUMAN_PLANTAR_FASCIA_MATERIAL=\"$FROZEN_SOURCE/matter/materials/human_plantar_fascia_reduced.nmatter\"" "-DNUMI_HUMAN_REGIONAL_MYOFASCIA_MATERIAL=\"$FROZEN_SOURCE/matter/materials/human_myofascia_regional_transverse_isotropic.nmatter\"" "-DNUMI_HUMAN_RESPIRATION_METALLIB=\"$BUILD/matter/shaders/HumanRespiration.metallib\"" "-DNUMI_HUMAN_RESTING_SCENE=1" "-DNUMI_HUMAN_THORACOLUMBAR_FASCIA_MATERIAL=\"$FROZEN_SOURCE/matter/materials/human_thoracolumbar_fascia_effective_isotropic.nmatter\"" "-DNUMI_MATTER_METALLIB=\"$FROZEN_BUILD/matter/shaders/NumiMatter.metallib\"")
+ INCLUDES=("-I$BRAIN/NumiBrainABI/include" "-I$SOURCE/include" "-I$SOURCE/matter/include" "-F$SDK/System/Library/Frameworks")
+ FLAGS=(-O3 -DNDEBUG -std=c++23 -arch arm64 -isysroot "$SDK" -fPIE -fobjc-arc -Wall -Wextra -Wpedantic -Werror)
+ /usr/bin/clang++ '-DMETALROBO_METALLIB="/Users/n/numi-human-performance-build-014/shaders/MetalRobo.metallib"' '-DNUMI_HUMAN_ANTERIOR_THORAX_MATERIAL="/Users/n/numi-human-performance-source-014/matter/materials/human_anterior_abdominal_wall_composite_effective.nmatter"' '-DNUMI_HUMAN_OPEN_KNEE_LIGAMENT_MATERIAL="/Users/n/numi-human-performance-source-014/matter/materials/open_knee_ligament_febio_exp_linear.nmatter"' '-DNUMI_HUMAN_PASSIVE_TISSUE_MATERIAL="/Users/n/numi-human-performance-source-014/matter/materials/passive_skeletal_muscle_unqualified.nmatter"' '-DNUMI_HUMAN_PECTORALIS_FASCIA_MATERIAL="/Users/n/numi-human-performance-source-014/matter/materials/human_pectoralis_fascia_goh_uniaxial.nmatter"' '-DNUMI_HUMAN_PLANTAR_FASCIA_MATERIAL="/Users/n/numi-human-performance-source-014/matter/materials/human_plantar_fascia_reduced.nmatter"' '-DNUMI_HUMAN_REGIONAL_MYOFASCIA_MATERIAL="/Users/n/numi-human-performance-source-014/matter/materials/human_myofascia_regional_transverse_isotropic.nmatter"' '-DNUMI_HUMAN_RESPIRATION_METALLIB="/Users/n/numi-human-support-drift-observer-build-020/matter/shaders/HumanRespiration.metallib"' -DNUMI_HUMAN_RESTING_SCENE=1 '-DNUMI_HUMAN_THORACOLUMBAR_FASCIA_MATERIAL="/Users/n/numi-human-performance-source-014/matter/materials/human_thoracolumbar_fascia_effective_isotropic.nmatter"' '-DNUMI_MATTER_METALLIB="/Users/n/numi-human-performance-build-014/matter/shaders/NumiMatter.metallib"' -I/Users/n/numi-human-resting-integration-20261005/numi-brain/Sources/NumiBrainABI/include -I/Users/n/numi-human-support-drift-observer-020/include -I/Users/n/numi-human-support-drift-observer-020/matter/include -F/Applications/Xcode-26.6.0.app/Contents/Developer/Platforms/MacOSX.platform/Developer/SDKs/MacOSX.sdk/System/Library/Frameworks -O3 -DNDEBUG -std=c++23 -arch arm64 -isysroot /Applications/Xcode-26.6.0.app/Contents/Developer/Platforms/MacOSX.platform/Developer/SDKs/MacOSX.sdk -fPIE -fobjc-arc -Wall -Wextra -Wpedantic -Werror -x objective-c++ -c /Users/n/numi-human-support-drift-observer-020/apps/numilab_human_myosim_visual_probe.mm -o /Users/n/numi-human-support-drift-observer-build-020/obj/numilab_human_myosim_visual_probe.mm.o
+ /usr/bin/clang++ -O3 -DNDEBUG -arch arm64 -isysroot /Applications/Xcode-26.6.0.app/Contents/Developer/Platforms/MacOSX.platform/Developer/SDKs/MacOSX.sdk -Wl,-search_paths_first -Wl,-headerpad_max_install_names /Users/n/numi-human-support-drift-observer-build-020/obj/numilab_human_myosim_visual_probe.mm.o -o /Users/n/numi-human-support-drift-observer-build-020/bin/numi-human-native -Wl,-rpath,/Users/n/numi-human-performance-build-014/lib /Users/n/numi-human-performance-build-014/lib/libmetalrobo.dylib -framework Foundation -framework Metal -framework CoreGraphics -framework ImageIO -framework AppKit -framework MetalKit -framework AVFoundation -framework CoreVideo -framework CoreMedia -framework QuartzCore
