rigid_source_rest_frames=passed source_body_count=103 maximum_COM_position_residual_m=6.26739049493e-08 maximum_orientation_unit_witness_residual_m=1.05692510994e-07 allowed_rest_reconstruction_residual_m=1e-06 rigid_sha256=2c78cb4150b97cea6e8169dad9e8f5dd59af667b247e07b56e48e857435560e4 boundary=consumed_reference_frame_join_not_source_authentication_or_loaded_motion
resting_mass_calibration source_composite_kg=97.1319506911 declared_reference_kg=72 executed_kg=71.9999993989 uniform_mass_inertia_scale=0.741259694099 measured_person=false additional_organ_or_blood_mass_kg=0
bone_orientation_semantics=unit_normalized_once_at_load bone_count=185 maximum_raw_norm_error=5.96046447754e-08 norm_admission_tolerance=0.00200000009499 bone_sha256=7d94e2f28ac6cea30c6c11a79919077acc40281636eb20b11b50b50aebd3ec49
tendon_bone_geometry=checked_bodyparts_subset bodyparts_envelope_count=160 fixed_sibling_envelope_count=0 external_surface_unverified_count=0 maximum_node_residual_m=2.77883934062e-07 allowed_point_residual_m=1e-06 tendon_sha256=52819336540a36621b60bd03b5084bd1d300ed2971673cfd0ccdb7eecfcb52b5 bone_sha256=7d94e2f28ac6cea30c6c11a79919077acc40281636eb20b11b50b50aebd3ec49 rigid_sha256=2c78cb4150b97cea6e8169dad9e8f5dd59af667b247e07b56e48e857435560e4 boundary=consumed_rest_surface_binding_not_loaded_or_clinical_qualification
tendon_payload=NHTENDON2 tendon_endpoints=832 tendon_point_bindings=672 tendon_triangle_bindings=0 tendon_envelope_bindings=160 tendon_migrated_envelope_bindings=0 tendon_max_reference_path_delta_m=0 tendon_max_architecture_scale_change=0 tendon_muscle_payload_sha256=e5bb8a8168706bb3b23cf42b1d849659569ba2e6027bcc85729c3110fdbb8c4b tendon_geometry_identity_verified=true tendon_bone_payload_sha256=7d94e2f28ac6cea30c6c11a79919077acc40281636eb20b11b50b50aebd3ec49
joint_equality_payload=NHEQ1 joint_equalities=51
pose_joint_ranges=passed enabled_range_count=118 failed_range_count=0 rigid_sha256=2c78cb4150b97cea6e8169dad9e8f5dd59af667b247e07b56e48e857435560e4 equality_sha256=0e3c593792a8c4ccd619f1999f6685b68e6ff0fd5ae5f6f0bca66b594a0e9b88 bone_sha256=7d94e2f28ac6cea30c6c11a79919077acc40281636eb20b11b50b50aebd3ec49 boundary=consumed_enabled_native_limits_after_NHEQ_projection_not_disabled_source_limits_or_loaded_motion
pose_q_override_count=0 root_pose_override=1 pose_q_equality_maximum_correction=0.0105060003698
runtime=Numi Matter runtime initialized with eligible dense45 vascular solve device=Apple M4 Pro world_fingerprint=6434571789366693551 timestep_s=0.00200000009499
resting_body_source_fingerprint=14246074367301218592 coupled_program_fingerprint=10229449280822016166
resting_passive_viscera=shared_torso_pelvis_field source_surfaces=80 caudal_m=-0.397011578083 cranial_m=-0.259147137403 upper_body=20 lower_body=128 independent_forces=false independent_mass=false organ_physiology=false
resting_lung_motion=basal_superior_sweep_v1 blend_start_m=-0.052405 blend_span_m=0.06 effective_area_m2=0.0193540051613
resting_initial_anatomical_registration={"body_poses":[{"body_index":20,"position_m":[-0.025000007823109627,-0.44271242618560791,0.096546053886413574],"quaternion_xyzw":[0.0061705871485173702,-0.70707988739013672,-0.0061705652624368668,0.70707988739013672]},{"body_index":128,"position_m":[-0.025055751204490662,-0.83042281866073608,0.11920696496963501],"quaternion_xyzw":[0.0058914260007441044,-0.70680069923400879,-0.005886733066290617,0.7073637843132019]}],"coordinate_source":"source pack transformed by native initialBodies before physical stepping","surfaces":[{"role":"upper_visceral_anchor","semantic":51010,"source_body_index":20,"stable_id":2,"torso_local_max_m":[0.1489698737859726,-0.06762242317199707,0.029034055769443512],"torso_local_min_m":[0.035220548510551453,-0.18552298843860626,-0.10646510124206543]},{"role":"upper_visceral_anchor","semantic":51010,"source_body_index":20,"stable_id":3,"torso_local_max_m":[0.10061360895633698,-0.14701209962368011,0.048131499439477921],"torso_local_min_m":[0.049258694052696228,-0.22131331264972687,-0.073365472257137299]},{"role":"upper_visceral_anchor","semantic":51010,"source_body_index":20,"stable_id":4,"torso_local_max_m":[0.065826825797557831,-0.15392428636550903,0.088104061782360077],"torso_local_min_m":[0.018313027918338776,-0.25914710760116577,0.030521268025040627]},{"role":"upper_visceral_anchor","semantic":51010,"source_body_index":20,"stable_id":5,"torso_local_max_m":[0.054068014025688171,-0.1345781683921814,-0.033227771520614624],"torso_local_min_m":[0.013165432959794998,-0.24133054912090302,-0.091208852827548981]},{"role":"upper_visceral_anchor","semantic":51010,"source_body_index":20,"stable_id":13,"torso_local_max_m":[0.095457650721073151,-0.10293921083211899,-0.056195467710494995],"torso_local_min_m":[-0.00033182650804519653,-0.17370373010635376,-0.11487260460853577]},{"role":"upper_visceral_anchor","semantic":51010,"source_body_index":20,"stable_id":14,"torso_local_max_m":[0.094544753432273865,-0.055873673409223557,0.033946555107831955],"torso_local_min_m":[0.058444060385227203,-0.13125307857990265,-0.011481210589408875]},{"role":"upper_visceral_anchor","semantic":51010,"source_body_index":20,"stable_id":15,"torso_local_max_m":[0.15468204021453857,-0.051299087703227997,-0.0026821792125701904],"torso_local_min_m":[0.045374639332294464,-0.10517608374357224,-0.095222979784011841]},{"role":"upper_visceral_anchor","semantic":51010,"source_body_index":20,"stable_id":16,"torso_local_max_m":[0.15707412362098694,-0.071360647678375244,0.0014663934707641602],"torso_local_min_m":[0.07356831431388855,-0.138477623462677,-0.074144557118415833]},{"role":"upper_visceral_anchor","semantic":51010,"source_body_index":20,"stable_id":17,"torso_local_max_m":[0.15518583357334137,-0.04497130960226059,0.046523258090019226],"torso_local_min_m":[0.074793577194213867,-0.16443367302417755,-0.011679999530315399]},{"role":"upper_visceral_anchor","semantic":51010,"source_body_index":20,"stable_id":18,"torso_local_max_m":[0.15332278609275818,-0.10873293876647949,0.10524313896894455],"torso_local_min_m":[0.06183064728975296,-0.17893320322036743,0.026367701590061188]},{"role":"upper_visceral_anchor","semantic":51010,"source_body_index":20,"stable_id":19,"torso_local_max_m":[0.11932293325662613,-0.11438564956188202,0.11530916392803192],"torso_local_min_m":[-0.0020214840769767761,-0.19753372669219971,0.021444413810968399]},{"role":"upper_visceral_anchor","semantic":51010,"source_body_index":20,"stable_id":20,"torso_local_max_m":[0.11958994716405869,-0.11408335715532303,0.11550363898277283],"torso_local_min_m":[-0.0022704675793647766,-0.19755388796329498,0.021117139607667923]},{"role":"upper_visceral_anchor","semantic":51010,"source_body_index":20,"stable_id":21,"torso_local_max_m":[0.10608795285224915,-0.049535799771547318,0.11580190062522888],"torso_local_min_m":[-0.0032210424542427063,-0.13487040996551514,0.020207773894071579]},{"role":"upper_visceral_anchor","semantic":51010,"source_body_index":20,"stable_id":22,"torso_local_max_m":[0.15336306393146515,-0.041172627359628677,0.11002320796251297],"torso_local_min_m":[0.02455456554889679,-0.11670317500829697,0.017514020204544067]},{"role":"upper_visceral_anchor","semantic":51010,"source_body_index":20,"stable_id":461,"torso_local_max_m":[0.13303953409194946,-0.13353027403354645,0.063625447452068329],"torso_local_min_m":[0.084262087941169739,-0.17424784600734711,0.026906765997409821]},{"role":"pelvic_anchor","semantic":51010,"source_body_index":20,"stable_id":462,"torso_local_max_m":[0.08233652263879776,-0.39701157808303833,0.034268602728843689],"torso_local_min_m":[0.010075983591377735,-0.43757495284080505,-0.033010013401508331]},{"role":"pelvic_anchor","semantic":51010,"source_body_index":20,"stable_id":463,"torso_local_max_m":[0.050315443426370621,-0.4348473846912384,0.01782398484647274],"torso_local_min_m":[0.018116317689418793,-0.4553583562374115,-0.016720972955226898]}],"torso_body_index":20}
resting_support_geometry=full_registered_skin vertices=54949 regions=32 full_binding_count=86 region_sizes=[6907,1222,2796,2044,1525,1394,710,777,1891,1262,810,832,890,483,1328,1266,835,700,870,3097,4320,2043,1882,579,1199,1219,962,632,868,3302,4308,1996] force_owner=e2026-10-05 23:39:05.480 numi-human-native[42362:16107720] +[NSXPCSharedListener endpointForReply:withListenerName:replyErrorCode:]: an error occurred while attempting to obtain endpoint for listener 'ClientCallsAuxiliary': Connection interrupted
2026-10-05 23:39:05.550 numi-human-native[42362:16107720] Human native framebuffer output: recording; window drawable unavailable
xisting_metal_stand partition=source_rest_voronoi
resting_initialization=dynamic_release recruitment_activation_cap=0.02 normalized_residual_rms=91.944533373 maximum_acceleration_residual=524.859031218 balanced=false qualification=initialization_transient_not_static_equilibrium
compiled_support_geometry=admissible compiled_support_min_gap_m=-1.38777878078e-17 compiled_support_gap_tolerance_m=1e-06 compiled_support_activation_distance_m=0.002 compiled_support_separated_witnesses=31 compiled_support_max_separated_force_n=0 compiled_support_rejected_pose_candidates=0
human_stand_solver_path=split_candidate
resting_integrated_rejection=pass rejected_after_accepted_predecessor=true body_q_v_root_myo_unchanged=true circulation_and_clock_unchanged=true respiration_brain_history_unchanged=true retry_matches_uninterrupted_replay=true same_command_buffer_reject=pass accepted_prefix=2 rejected_step=2 inert_suffix=1
resting_native_profile step=32 command_ms=526.576833 gpu_ms=525.924249552 host_copy_ms=0.014167 full_state_readback=0
resting_native_profile step=64 command_ms=558.589042 gpu_ms=558.006499894 host_copy_ms=0.015542 full_state_readback=0
resting_native_profile step=96 command_ms=562.429459 gpu_ms=561.785083264 host_copy_ms=0.011333 full_state_readback=0
resting_native_profile step=128 command_ms=561.398958 gpu_ms=560.810666531 host_copy_ms=0.013792 full_state_readback=0
resting_native_profile step=160 command_ms=556.203583 gpu_ms=555.651875213 host_copy_ms=0.014334 full_state_readback=0
resting_native_profile step=192 command_ms=553.100333 gpu_ms=552.467624657 host_copy_ms=0.016292 full_state_readback=0
resting_native_profile step=224 command_ms=539.458916 gpu_ms=538.873708807 host_copy_ms=0.020834 full_state_readback=0
resting_native_profile step=256 command_ms=549.765125 gpu_ms=549.202916212 host_copy_ms=0.013 full_state_readback=0
resting_native_profile step=288 command_ms=550.957833 gpu_ms=550.41279085 host_copy_ms=0.013708 full_state_readback=0
resting_native_profile step=320 command_ms=534.04425 gpu_ms=533.421541564 host_copy_ms=0.013292 full_state_readback=0
resting_native_profile step=352 command_ms=540.62575 gpu_ms=540.001125075 host_copy_ms=0.014583 full_state_readback=0
resting_native_profile step=384 command_ms=552.750417 gpu_ms=552.176583558 host_copy_ms=0.013958 full_state_readback=0
resting_native_profile step=416 command_ms=542.932916 gpu_ms=542.327625677 host_copy_ms=0.011875 full_state_readback=0
resting_native_profile step=448 command_ms=522.761834 gpu_ms=522.117082961 host_copy_ms=0.013916 full_state_readback=0
resting_native_profile step=480 command_ms=523.9385 gpu_ms=523.3233748 host_copy_ms=0.014167 full_state_readback=0
resting_native_profile step=512 command_ms=524.381542 gpu_ms=523.832875304 host_copy_ms=0.013416 full_state_readback=0
resting_native_profile step=544 command_ms=524.913 gpu_ms=524.311667308 host_copy_ms=0.014417 full_state_readback=0
resting_native_profile step=576 command_ms=527.93175 gpu_ms=527.350500226 host_copy_ms=0.01375 full_state_readback=0
resting_native_profile step=608 command_ms=528.414709 gpu_ms=527.789374813 host_copy_ms=0.013833 full_state_readback=0
resting_native_profile step=640 command_ms=528.099167 gpu_ms=527.523124591 host_copy_ms=0.011125 full_state_readback=0
accepted_geometry_export=/Users/n/numi-human-resting-evidence-20261005/release-cap020-sensitivity-028/accepted-geometry/step-639.mrvpack receipt=/Users/n/numi-human-resting-evidence-20261005/release-cap020-sensitivity-028/accepted-geometry/step-639.receipt.json accepted_root=0x618e9be8fdaec0cd pack_sha256=a282bfe692aed044c17e2c0f4d4784a4443cdd1b32441fa02de9bd1bb44ce6e1 receipt_sha256=647c724774239ffabcc4618db03856e971b549334c3ac2d13e2af5ce6e935ced
resting_native_profile step=672 command_ms=540.820875 gpu_ms=540.32549914 host_copy_ms=0.014375 full_state_readback=0
resting_native_profile step=704 command_ms=527.029541 gpu_ms=526.447124779 host_copy_ms=0.011625 full_state_readback=0
resting_native_profile step=736 command_ms=528.490084 gpu_ms=527.857666835 host_copy_ms=3.991875 full_state_readback=0
resting_native_profile step=768 command_ms=527.956917 gpu_ms=527.316333726 host_copy_ms=0.011167 full_state_readback=0
resting_native_profile step=800 command_ms=525.123959 gpu_ms=524.551041424 host_copy_ms=0.017416 full_state_readback=0
resting_native_profile step=832 command_ms=528.904334 gpu_ms=528.71133294 host_copy_ms=0.012375 full_state_readback=0
resting_native_profile step=864 command_ms=529.207542 gpu_ms=528.633249924 host_copy_ms=0.012666 full_state_readback=0
resting_native_profile step=896 command_ms=530.380875 gpu_ms=529.816124588 host_copy_ms=0.015 full_state_readback=0
resting_native_profile step=928 command_ms=531.072625 gpu_ms=530.477208085 host_copy_ms=0.012084 full_state_readback=0
resting_native_profile step=960 command_ms=531.022916 gpu_ms=530.392874964 host_copy_ms=0.015334 full_state_readback=0
resting_native_profile step=992 command_ms=531.614583 gpu_ms=530.980000272 host_copy_ms=0.013542 full_state_readback=0
resting_native_profile step=1024 command_ms=531.356459 gpu_ms=530.714167282 host_copy_ms=0.014708 full_state_readback=0
resting_native_profile step=1056 command_ms=531.907792 gpu_ms=531.286374666 host_copy_ms=0.014125 full_state_readback=0
resting_native_profile step=1088 command_ms=531.506167 gpu_ms=530.86799942 host_copy_ms=0.011958 full_state_readback=0
resting_native_profile step=1120 command_ms=533.0425 gpu_ms=532.420624979 host_copy_ms=0.0135 full_state_readback=0
resting_native_profile step=1152 command_ms=533.780083 gpu_ms=533.158875071 host_copy_ms=0.013334 full_state_readback=0
resting_native_profile step=1184 command_ms=533.563291 gpu_ms=532.979291864 host_copy_ms=0.013709 full_state_readback=0
resting_native_profile step=1216 command_ms=533.906333 gpu_ms=533.37449953 host_copy_ms=0.013375 full_state_readback=0
resting_native_profile step=1248 command_ms=534.259 gpu_ms=534.067749977 host_copy_ms=0.010834 full_state_readback=0
resting_native_profile step=1280 command_ms=534.465667 gpu_ms=533.850749955 host_copy_ms=0.013625 full_state_readback=0
resting_native_profile step=1312 command_ms=534.747833 gpu_ms=534.191125073 host_copy_ms=4.073709 full_state_readback=0
resting_native_profile step=1344 command_ms=534.029708 gpu_ms=533.495333046 host_copy_ms=0.014625 full_state_readback=0
resting_native_profile step=1376 command_ms=535.290042 gpu_ms=535.107166506 host_copy_ms=0.013333 full_state_readback=0
resting_native_profile step=1408 command_ms=540.20375 gpu_ms=539.620500058 host_copy_ms=0.013625 full_state_readback=0
resting_native_profile step=1440 command_ms=547.173291 gpu_ms=546.559625305 host_copy_ms=0.013875 full_state_readback=0
resting_native_profile step=1472 command_ms=547.282167 gpu_ms=546.652958728 host_copy_ms=0.01125 full_state_readback=0
resting_native_profile step=1504 command_ms=547.471291 gpu_ms=546.839750372 host_copy_ms=0.013209 full_state_readback=0
resting_native_profile step=1536 command_ms=546.925542 gpu_ms=546.287708916 host_copy_ms=0.013916 full_state_readback=0
resting_native_profile step=1568 command_ms=547.73875 gpu_ms=547.155790962 host_copy_ms=0.013542 full_state_readback=0
resting_native_profile step=1600 command_ms=547.437625 gpu_ms=546.900833026 host_copy_ms=0.013416 full_state_readback=0
resting_native_profile step=1632 command_ms=547.843458 gpu_ms=547.253624536 host_copy_ms=0.0115 full_state_readback=0
resting_native_profile step=1664 command_ms=548.319208 gpu_ms=547.735124826 host_copy_ms=0.010667 full_state_readback=0
resting_native_profile step=1696 command_ms=548.784709 gpu_ms=548.203250393 host_copy_ms=0.013791 full_state_readback=0
resting_native_profile step=1728 command_ms=547.965459 gpu_ms=547.414499335 host_copy_ms=0.011125 full_state_readback=0
resting_native_profile step=1760 command_ms=548.222459 gpu_ms=547.598082572 host_copy_ms=0.013375 full_state_readback=0
resting_native_profile step=1792 command_ms=549.030334 gpu_ms=548.479874618 host_copy_ms=0.011291 full_state_readback=0
resting_native_profile step=1824 command_ms=548.7145 gpu_ms=548.139791004 host_copy_ms=0.013541 full_state_readback=0
resting_native_profile step=1856 command_ms=548.653208 gpu_ms=548.113166355 host_copy_ms=0.016459 full_state_readback=0
resting_native_profile step=1888 command_ms=548.046541 gpu_ms=547.479833476 host_copy_ms=0.015292 full_state_readback=0
resting_native_profile step=1920 command_ms=547.545209 gpu_ms=546.90666683 host_copy_ms=0.015 full_state_readback=0
resting_native_profile step=1952 command_ms=547.701917 gpu_ms=547.125541605 host_copy_ms=0.011416 full_state_readback=0
resting_native_profile step=1984 command_ms=555.844708 gpu_ms=555.660250597 host_copy_ms=0.013334 full_state_readback=0
resting_native_profile step=2016 command_ms=554.934791 gpu_ms=554.322499782 host_copy_ms=0.014334 full_state_readback=0
resting_native_profile step=2048 command_ms=555.544208 gpu_ms=554.957625456 host_copy_ms=0.01375 full_state_readback=0
resting_native_profile step=2080 command_ms=555.492958 gpu_ms=554.898916744 host_copy_ms=0.014 full_state_readback=0
resting_native_profile step=2112 command_ms=556.051917 gpu_ms=555.497792549 host_copy_ms=0.011083 full_state_readback=0
resting_native_profile step=2144 command_ms=555.754666 gpu_ms=555.222499184 host_copy_ms=0.013792 full_state_readback=0
resting_native_profile step=2176 command_ms=556.772333 gpu_ms=556.135166436 host_copy_ms=0.0135 full_state_readback=0
resting_native_profile step=2208 command_ms=557.250333 gpu_ms=556.727250107 host_copy_ms=0.010584 full_state_readback=0
resting_native_profile step=2240 command_ms=557.1565 gpu_ms=556.532124989 host_copy_ms=0.013541 full_state_readback=0
resting_native_profile step=2272 command_ms=558.194125 gpu_ms=557.662375271 host_copy_ms=0.013458 full_state_readback=0
resting_native_profile step=2304 command_ms=558.458583 gpu_ms=557.879749686 host_copy_ms=0.013375 full_state_readback=0
resting_native_profile step=2336 command_ms=559.046042 gpu_ms=558.477750048 host_copy_ms=0.013416 full_state_readback=0
resting_native_profile step=2368 command_ms=559.454375 gpu_ms=559.252667241 host_copy_ms=0.010875 full_state_readback=0
resting_native_profile step=2400 command_ms=561.112333 gpu_ms=560.498916544 host_copy_ms=0.019458 full_state_readback=0
resting_native_profile step=2432 command_ms=561.943417 gpu_ms=561.395375058 host_copy_ms=0.012958 full_state_readback=0
resting_native_profile step=2464 command_ms=563.035708 gpu_ms=562.354084104 host_copy_ms=0.010792 full_state_readback=0
resting_native_profile step=2496 command_ms=563.411375 gpu_ms=562.775291502 host_copy_ms=0.01275 full_state_readback=0
resting_native_profile step=2528 command_ms=561.805083 gpu_ms=561.551750638 host_copy_ms=0.010417 full_state_readback=0
resting_native_profile step=2560 command_ms=562.928625 gpu_ms=562.384541146 host_copy_ms=0.013917 full_state_readback=0
resting_native_profile step=2592 command_ms=563.021792 gpu_ms=562.397416681 host_copy_ms=0.013166 full_state_readback=0
resting_native_profile step=2624 command_ms=562.713208 gpu_ms=562.100416981 host_copy_ms=0.015209 full_state_readback=0
resting_native_profile step=2656 command_ms=564.749458 gpu_ms=564.155749977 host_copy_ms=0.014667 full_state_readback=0
resting_native_profile step=2688 command_ms=571.519084 gpu_ms=570.889333263 host_copy_ms=0.013875 full_state_readback=0
resting_native_profile step=2720 command_ms=568.15075 gpu_ms=567.905083299 host_copy_ms=0.015917 full_state_readback=0
resting_native_profile step=2752 command_ms=571.759083 gpu_ms=571.128416806 host_copy_ms=0.014958 full_state_readback=0
resting_native_profile step=2784 command_ms=571.801584 gpu_ms=571.189957671 host_copy_ms=0.011833 full_state_readback=0
accepted_geometry_export=/Users/n/numi-human-resting-evidence-20261005/release-cap020-sensitivity-028/accepted-geometry/step-2783.mrvpack receipt=/Users/n/numi-human-resting-evidence-20261005/release-cap020-sensitivity-028/accepted-geometry/step-2783.receipt.json accepted_root=0x70e20a628dff90ed pack_sha256=bc4f273d81fd79b3857aa7cbb63e6cf7f5a7ceda071bfe32d6b0c38cb3706d19 receipt_sha256=c72639744c81162deddbfab0187db97fa342496706a73cabc8920eec931eea42
resting_native_profile step=2816 command_ms=579.05275 gpu_ms=578.614666127 host_copy_ms=0.0155 full_state_readback=0
resting_native_profile step=2848 command_ms=570.960084 gpu_ms=570.399249904 host_copy_ms=0.013 full_state_readback=0
resting_native_profile step=2880 command_ms=571.645375 gpu_ms=570.962582715 host_copy_ms=0.020666 full_state_readback=0
resting_native_profile step=2912 command_ms=571.831792 gpu_ms=571.289625019 host_copy_ms=0.0155 full_state_readback=0
resting_native_profile step=2944 command_ms=570.833375 gpu_ms=570.232458413 host_copy_ms=0.011375 full_state_readback=0
resting_native_profile step=2976 command_ms=571.636959 gpu_ms=571.045583114 host_copy_ms=0.01325 full_state_readback=0
resting_native_profile step=3000 command_ms=429.258292 gpu_ms=428.686541505 host_copy_ms=0.12675 full_state_readback=1
accepted_geometry_export=/Users/n/numi-human-resting-evidence-20261005/release-cap020-sensitivity-028/accepted-geometry/step-2999.mrvpack receipt=/Users/n/numi-human-resting-evidence-20261005/release-cap020-sensitivity-028/accepted-geometry/step-2999.receipt.json accepted_root=0xf614b1fe76d6e2a5 pack_sha256=c453b7a0278c1d6687dddca9ecdc57c59a2d001a9b293da997d88a0ec6da180b receipt_sha256=1c1c2050e2640ad2a7ddeec114d8b56aff875fcba14082ea42f90cb016f57584
stand_terminal_state={"schema":"numi.human.legacy-stand-terminal.v1","step_count":3000,"timestep_seconds":0.002,"root_assistance":false,"initial_q":[-0.05000000074505806,0.20000000298023224,0.10715460777282715,-0.70090925693511963,0,0,0.71325045824050903,0,0,0,0,0,0,0,0,0,0,0,0,0,0,0,0,0,0,0,0,0,0,0,0,0,0,0,0,0,0,0,0,0,0,0,0,0,0,0,0,0,0,0,0,0,0,0,0,0,0,0,0,0,0,0,0,0,0,0,0,0,0,0,0,0,0,0,0,0,0,0,0,0,0,0,0,0,0,0,0,0,0,0,0,0,0,0,0,0,0,0,0,0,0,0,0,0,7.6925396608196195e-11,9.537330214470785e-08,0,-1.4732499664660281e-08,1.0893900004305124e-08,0,0,0,0,0,0.010506000369787216,0,0,0,-7.6925396608196195e-11,9.537330214470785e-08,0,-1.4732499664660281e-08,-1.0893900004305124e-08,0,0,0,0,0,0.010506000369787216],"initial_v":[0,0,0,0,0,0,0,0,0,0,0,0,0,0,0,0,0,0,0,0,0,0,0,0,0,0,0,0,0,0,0,0,0,0,0,0,0,0,0,0,0,0,0,0,0,0,0,0,0,0,0,0,0,0,0,0,0,0,0,0,0,0,0,0,0,0,0,0,0,0,0,0,0,0,0,0,0,0,0,0,0,0,0,0,0,0,0,0,0,0,0,0,0,0,0,0,0,0,0,0,0,0,0,0,0,0,0,0,0,0,0,0,0,0,0,0,0,0,0,0,0,0,0,0,0,0,0,0],"q":[-0.054368402808904648,0.17334564030170441,-0.19384306669235229,-0.79485118389129639,0.00011486221774248406,0.0029630886856466532,0.60679715871810913,-0.25033405423164368,-0.0022902714554220438,-0.0045586759224534035,0,0,-0.1609397679567337,-0.046311799436807632,-0.00041476814658381045,-0.00017222679161932319,-0.051068145781755447,-0.00056180357933044434,-0.00017222679161932319,-0.057827167212963104,-0.00057279685279354453,-0.00014182040467858315,-0.063835181295871735,-0.00043057103175669909,-0.00013170014426577836,-2.5694571803569488e-08,1.0883031364983253e-08,-1.0883031364983253e-08,2.5694571803569488e-08,-5.2026196684096249e-09,4.2045662951295526e-08,1.8899314113696164e-08,-1.8899314113696164e-08,-4.2045662951295526e-08,5.2026196684096249e-09,0.0021998647134751081,1.0617591783557145e-07,-0.0021998647134751081,-0.10935912281274796,-1.1037217291232082e-06,-0.63567429780960083,0.11599171906709671,0.005385303869843483,-0.78000086545944214,0.49975204467773438,0.088319621980190277,-0.064355865120887756,0.074434578418731689,0.26179885864257812,2.3971798768229746e-08,1.829066853531458e-08,0.41585546731948853,0.26179885864257812,0.079286888241767883,1.310613306770847e-08,0.60385334491729736,0.2617989182472229,0.45017391443252563,3.201498788296675e-10,-1.4243411214920343e-06,0.26179900765419006,-6.3905650904416689e-07,3.6735564590273384e-10,3.2862821797152719e-08,-1.3919169816745125e-08,1.3919169816745125e-08,-3.2862821797152719e-08,6.6540422061223126e-09,-5.3775526254185024e-08,-2.4171827206487251e-08,2.4171827206487251e-08,5.3775526254185024e-08,-6.6540422061223126e-09,-0.0018830265616998076,-1.3579678181940835e-07,0.0018830265616998076,-0.092222519218921661,-1.2808724250135128e-06,-0.65903103351593018,0.082094341516494751,0.098044700920581818,-0.77999997138977051,0.12318297475576401,0.051841553300619125,-0.046442031860351562,0.017459487542510033,0.26179894804954529,5.0584709754275536e-08,-1.6994133602565853e-06,0.39251089096069336,0.26179966330528259,0.078568696975708008,-1.3735400443692924e-06,0.61383438110351562,0.26180052757263184,0.4385407567024231,-3.3798869480961002e-07,9.9192185132324084e-08,0.26179903745651245,2.7399519098025849e-08,-1.6944289882303565e-06,-0.34226810932159424,-0.025349793955683708,-0.69813168048858643,1.5474297754280997e-07,1.7767513327271445e-07,2.6305195206077769e-05,2.0659856545535149e-06,9.7305191957275383e-06,-0.23857970535755157,-0.0081045273691415787,-0.52359902858734131,-1.2832845186494524e-06,-3.9509603766418877e-07,0.010506650432944298,-0.34173780679702759,-0.0039864922873675823,-0.69813185930252075,-6.2631948238855983e-11,9.5365699337435217e-08,-2.4309789736776111e-09,-1.4924790292525358e-08,-9.995655858574537e-09,-0.25876152515411377,0.0023436276242136955,-0.52359902858734131,1.1859457860197153e-10,3.6510388462529519e-11,0.010506000369787216],"v":[0.0019037522142753005,-7.0672242145519704e-05,-0.00041132720070891082,-0.0002135034155799076,-0.00088770035654306412,-0.001719563384540379,-0.00063125317683443427,0.0015965048223733902,0.0017058185767382383,0,0,-0.00040583265945315361,-0.00011678184091579169,0.00028912702691741288,6.4445826865267009e-05,-0.00012877564586233348,0.00039162262692116201,6.4445826865267009e-05,-0.00014581948926206678,0.00039928584010340273,5.3068015404278412e-05,-0.00016096956096589565,0.0003001428849529475,4.9281101382803172e-05,-2.7538234803614614e-07,1.1663922094840018e-07,-1.1663922094840018e-07,2.7538234803614614e-07,-5.5759237227448466e-08,4.5062566300657636e-07,2.0255396293578087e-07,-2.0255396293578087e-07,-4.5062566300657636e-07,5.5759237227448466e-08,-0.00077076489105820656,1.1379436273273313e-06,0.00077076489105820656,-0.0005421961541287601,-7.0820433393237181e-06,-0.0018248525448143482,0.020362231880426407,-0.031512647867202759,-4.2911695345537737e-05,0.074308060109615326,-0.04314785823225975,-0.029157852753996849,0.035714190453290939,-3.8232057704590261e-05,1.1261229701631237e-05,2.7614871669356944e-06,0.12360300868749619,-2.6325813450966962e-05,-0.0015306596178561449,1.8294088022230426e-06,0.13977237045764923,-9.3458493211073801e-06,0.08933054655790329,-2.6706470634962898e-07,-6.5399268351029605e-05,-3.8020220927137416e-06,-1.8624905351316556e-05,1.1868507954204688e-07,2.1856867533642799e-06,-9.25755728076183e-07,9.25755728076183e-07,-2.1856867533642799e-06,4.425563986387715e-07,-3.5765783650276717e-06,-1.6076539850473637e-06,1.6076539850473637e-06,3.5765783650276717e-06,-4.425563986387715e-07,0.00084179569967091084,-9.0317635113024153e-06,-0.00084179569967091084,0.0086253639310598373,-1.0304207535227761e-05,-0.010577626526355743,0.019130794331431389,-0.028108183294534683,-5.406951459008269e-06,0.035808097571134567,-0.041544113308191299,-0.023284090682864189,0.0082173543050885201,-1.2066209819749929e-05,6.4335354181821458e-06,-3.16084515361581e-06,0.12126537412405014,6.3170932662615087e-06,0.003956641536206007,-3.2815055419632699e-06,0.14595130085945129,1.5538551451754756e-05,0.088113747537136078,-1.8518161368774599e-06,2.0507388398982584e-05,4.7506064220215194e-06,6.3514071371173486e-06,-3.9599191836714454e-07,-0.00034087427775375545,0.001619211514480412,-4.2624724301276729e-05,1.7352218151245324e-07,9.233440323441755e-08,2.9512362743844278e-05,2.3343768589256797e-06,1.0904525879595894e-05,0.0019505212549120188,0.00068783096503466368,-2.6674678110794048e-07,-1.4397373888641596e-06,-4.4329317461233586e-07,7.2872637701948406e-07,-0.00013483630027621984,-0.001625655684620142,-4.2473834582779091e-06,1.8619872310665642e-10,-9.9082561599850294e-11,-3.1668012212549002e-08,-2.5049395890874848e-09,1.1701298596733523e-08,-0.0030567985959351063,0.0012924517504870892,-3.2637306746075012e-10,1.5449144186163721e-09,4.7561554694652841e-10,-7.8414763571288404e-10]}
resting_integrated_body=completed simulated_s=6.0000002849847078 wall_s=61.861814332999998 real_time_factor=0.096990370387245908 physiology_body_clock=matched root_assistance=false presentation_qualification=pending
