rigid_source_rest_frames=passed source_body_count=103 maximum_COM_position_residual_m=6.26739049493e-08 maximum_orientation_unit_witness_residual_m=1.05692510994e-07 allowed_rest_reconstruction_residual_m=1e-06 rigid_sha256=2c78cb4150b97cea6e8169dad9e8f5dd59af667b247e07b56e48e857435560e4 boundary=consumed_reference_frame_join_not_source_authentication_or_loaded_motion
resting_mass_calibration source_composite_kg=97.1319506911 declared_reference_kg=72 executed_kg=71.9999993989 uniform_mass_inertia_scale=0.741259694099 measured_person=false additional_organ_or_blood_mass_kg=0
bone_orientation_semantics=unit_normalized_once_at_load bone_count=185 maximum_raw_norm_error=5.96046447754e-08 norm_admission_tolerance=0.00200000009499 bone_sha256=7d94e2f28ac6cea30c6c11a79919077acc40281636eb20b11b50b50aebd3ec49
tendon_bone_geometry=checked_bodyparts_subset bodyparts_envelope_count=160 fixed_sibling_envelope_count=0 external_surface_unverified_count=0 maximum_node_residual_m=2.77883934062e-07 allowed_point_residual_m=1e-06 tendon_sha256=52819336540a36621b60bd03b5084bd1d300ed2971673cfd0ccdb7eecfcb52b5 bone_sha256=7d94e2f28ac6cea30c6c11a79919077acc40281636eb20b11b50b50aebd3ec49 rigid_sha256=2c78cb4150b97cea6e8169dad9e8f5dd59af667b247e07b56e48e857435560e4 boundary=consumed_rest_surface_binding_not_loaded_or_clinical_qualification
tendon_payload=NHTENDON2 tendon_endpoints=832 tendon_point_bindings=672 tendon_triangle_bindings=0 tendon_envelope_bindings=160 tendon_migrated_envelope_bindings=0 tendon_max_reference_path_delta_m=0 tendon_max_architecture_scale_change=0 tendon_muscle_payload_sha256=e5bb8a8168706bb3b23cf42b1d849659569ba2e6027bcc85729c3110fdbb8c4b tendon_geometry_identity_verified=true tendon_bone_payload_sha256=7d94e2f28ac6cea30c6c11a79919077acc40281636eb20b11b50b50aebd3ec49
joint_equality_payload=NHEQ1 joint_equalities=51
pose_joint_ranges=passed enabled_range_count=118 failed_range_count=0 rigid_sha256=2c78cb4150b97cea6e8169dad9e8f5dd59af667b247e07b56e48e857435560e4 equality_sha256=0e3c593792a8c4ccd619f1999f6685b68e6ff0fd5ae5f6f0bca66b594a0e9b88 bone_sha256=7d94e2f28ac6cea30c6c11a79919077acc40281636eb20b11b50b50aebd3ec49 boundary=consumed_enabled_native_limits_after_NHEQ_projection_not_disabled_source_limits_or_loaded_motion
pose_q_override_count=0 root_pose_override=1 pose_q_equality_maximum_correction=0.0105060003698
resting_hand_model=rigid_reference_digits source_equalities=51 derived_internal_equalities=40 wrist_dofs=free root_constraint_rows=0 hand_function_simulated=0 body_mass_inertia_preserved=1
runtime=Numi Matter runtime initialized with eligible dense45 vascular solve device=Apple M4 Pro world_fingerprint=6434571789366693551 timestep_s=0.00200000009499
resting_body_source_fingerprint=18399306168475027373 coupled_program_fingerprint=5899075215787114518
resting_passive_viscera=shared_torso_pelvis_field source_surfaces=79 caudal_m=-0.397011578083 cranial_m=-0.259147137403 upper_body=20 lower_body=128 independent_forces=false independent_mass=false organ_physiology=false
resting_lung_motion=basal_superior_sweep_v1 blend_start_m=-0.052405 blend_span_m=0.06 effective_area_m2=0.0187674622972
resting_initial_anatomical_registration={"body_poses":[{"body_index":20,"position_m":[-0.025000007823109627,-0.44271242618560791,0.096546053886413574],"quaternion_xyzw":[0.0061705871485173702,-0.70707988739013672,-0.0061705652624368668,0.70707988739013672]},{"body_index":128,"position_m":[-0.025055751204490662,-0.83042281866073608,0.11920696496963501],"quaternion_xyzw":[0.0058914260007441044,-0.70680069923400879,-0.005886733066290617,0.7073637843132019]}],"coordinate_source":"source pack transformed by native initialBodies before physical stepping","surfaces":[{"role":"upper_visceral_anchor","semantic":51010,"source_body_index":20,"stable_id":2,"torso_local_max_m":[0.1489698737859726,-0.06762242317199707,0.029034055769443512],"torso_local_min_m":[0.035220548510551453,-0.18552298843860626,-0.10645896196365356]},{"role":"upper_visceral_anchor","semantic":51010,"source_body_index":20,"stable_id":3,"torso_local_max_m":[0.10061360895633698,-0.14701209962368011,0.048073172569274902],"torso_local_min_m":[0.049258694052696228,-0.22006693482398987,-0.073210462927818298]},{"role":"upper_visceral_anchor","semantic":51010,"source_body_index":20,"stable_id":4,"torso_local_max_m":[0.065826825797557831,-0.15392428636550903,0.088104061782360077],"torso_local_min_m":[0.018313027918338776,-0.25914710760116577,0.030521268025040627]},{"role":"upper_visceral_anchor","semantic":51010,"source_body_index":20,"stable_id":5,"torso_local_max_m":[0.054068014025688171,-0.1345781683921814,-0.033227771520614624],"torso_local_min_m":[0.013165432959794998,-0.24133054912090302,-0.091208852827548981]},{"role":"upper_visceral_anchor","semantic":51010,"source_body_index":20,"stable_id":13,"torso_local_max_m":[0.095457650721073151,-0.10293921083211899,-0.056195467710494995],"torso_local_min_m":[-0.00033182650804519653,-0.17370373010635376,-0.11487260460853577]},{"role":"upper_visceral_anchor","semantic":51010,"source_body_index":20,"stable_id":14,"torso_local_max_m":[0.091583244502544403,-0.057399556040763855,0.032167300581932068],"torso_local_min_m":[0.054899297654628754,-0.13517054915428162,-0.011148050427436829]},{"role":"upper_visceral_anchor","semantic":51010,"source_body_index":20,"stable_id":15,"torso_local_max_m":[0.14529798924922943,-0.054803524166345596,-0.00016997754573822021],"torso_local_min_m":[0.044483475387096405,-0.10827997326850891,-0.081781387329101562]},{"role":"upper_visceral_anchor","semantic":51010,"source_body_index":20,"stable_id":16,"torso_local_max_m":[0.14555037021636963,-0.076950214803218842,0.0034730583429336548],"torso_local_min_m":[0.070841141045093536,-0.14232207834720612,-0.066602751612663269]},{"role":"upper_visceral_anchor","semantic":51010,"source_body_index":20,"stable_id":17,"torso_local_max_m":[0.14544790983200073,-0.046261340379714966,0.04582890123128891],"torso_local_min_m":[0.071815699338912964,-0.16987395286560059,-0.010366916656494141]},{"role":"upper_visceral_anchor","semantic":51010,"source_body_index":20,"stable_id":18,"torso_local_max_m":[0.14095832407474518,-0.1117347925901413,0.10171232372522354],"torso_local_min_m":[0.058839522302150726,-0.18475639820098877,0.027744609862565994]},{"role":"upper_visceral_anchor","semantic":51010,"source_body_index":20,"stable_id":19,"torso_local_max_m":[0.11320210993289948,-0.11827600747346878,0.11058175563812256],"torso_local_min_m":[-0.0012684613466262817,-0.20231522619724274,0.021600734442472458]},{"role":"upper_visceral_anchor","semantic":51010,"source_body_index":20,"stable_id":20,"torso_local_max_m":[0.10111340880393982,-0.050926655530929565,0.11093625426292419],"torso_local_min_m":[-0.0022434890270233154,-0.13834927976131439,0.019856229424476624]},{"role":"upper_visceral_anchor","semantic":51010,"source_body_index":20,"stable_id":21,"torso_local_max_m":[0.14313989877700806,-0.043088436126708984,0.10617084801197052],"torso_local_min_m":[0.025023393332958221,-0.12118934094905853,0.018454927951097488]},{"role":"upper_visceral_anchor","semantic":51010,"source_body_index":20,"stable_id":22,"torso_local_max_m":[0.15336306393146515,-0.041172627359628677,0.11002320796251297],"torso_local_min_m":[0.02455456554889679,-0.11670317500829697,0.017514020204544067]},{"role":"upper_visceral_anchor","semantic":51010,"source_body_index":20,"stable_id":461,"torso_local_max_m":[0.13303953409194946,-0.13353027403354645,0.063625447452068329],"torso_local_min_m":[0.084262087941169739,-0.17424784600734711,0.026906765997409821]},{"role":"pelvic_anchor","semantic":51010,"source_body_index":20,"stable_id":462,"torso_local_max_m":[0.08233652263879776,-0.39701157808303833,0.034268602728843689],"torso_local_min_m":[0.010075983591377735,-0.43757495284080505,-0.033010013401508331]},{"role":"pelvic_anchor","semantic":51010,"source_body_index":20,"stable_id":463,"torso_local_max_m":[0.050315443426370621,-0.4348473846912384,0.01782398484647274],"torso_local_min_m":[0.018116317689418793,-0.4553583562374115,-0.016720972955226898]}],"torso_body_index":20}
resting_support_geometry=full_registered_skin vertices=54949 regions=32 full_b2026-10-06 03:32:24.393 numi-human-native[59901:16210062] +[NSXPCSharedListener endpointForReply:withListenerName:replyErrorCode:]: an error occurred while attempting to obtain endpoint for listener 'ClientCallsAuxiliary': Connection interrupted
2026-10-06 03:32:25.325 numi-human-native[59901:16210062] Human native framebuffer output: recording; window drawable unavailable
inding_count=86 region_sizes=[6907,1222,2796,2044,1525,1394,710,777,1891,1262,810,832,890,483,1328,1266,835,700,870,3097,4320,2043,1882,579,1199,1219,962,632,868,3302,4308,1996] force_owner=existing_metal_stand partition=source_rest_voronoi
accepted_geometry_export=/Users/n/numi-human-resting-evidence-20261005/cardiac-map-multiregion-affine-repair-011/native-fullchain073-6s-001/accepted-geometry/step-0.mrvpack receipt=/Users/n/numi-human-resting-evidence-20261005/cardiac-map-multiregion-affine-repair-011/native-fullchain073-6s-001/accepted-geometry/step-0.receipt.json accepted_root=0x51ddb9a7744d4017 pack_sha256=fe520ab31d05ec1dad4fbbebb584a6f69ff64292c7a725d780801f7eae212b88 receipt_sha256=e75b135b3fab6e98e9ffcd48c6840810b0eb580b89903ada03152b4d3e04767e
resting_initialization=dynamic_release recruitment_activation_cap=0.01 normalized_residual_rms=146.157054343 maximum_acceleration_residual=576.853445741 balanced=false qualification=initialization_transient_not_static_equilibrium
compiled_support_geometry=admissible compiled_support_min_gap_m=-1.38777878078e-17 compiled_support_gap_tolerance_m=1e-06 compiled_support_activation_distance_m=0.002 compiled_support_separated_witnesses=31 compiled_support_max_separated_force_n=0 compiled_support_rejected_pose_candidates=0
human_stand_solver_path=split_candidate
resting_integrated_rejection=pass rejected_after_accepted_predecessor=true body_q_v_root_myo_unchanged=true circulation_and_clock_unchanged=true respiration_brain_history_unchanged=true retry_matches_uninterrupted_replay=true same_command_buffer_reject=pass accepted_prefix=2 rejected_step=2 inert_suffix=1
resting_native_profile step=32 command_ms=709.853125 gpu_ms=709.244541824 host_copy_ms=0.006291 full_state_readback=0
resting_native_profile step=64 command_ms=829.988667 gpu_ms=829.378750175 host_copy_ms=0.005125 full_state_readback=0
accepted_geometry_export=/Users/n/numi-human-resting-evidence-20261005/cardiac-map-multiregion-affine-repair-011/native-fullchain073-6s-001/accepted-geometry/step-63.mrvpack receipt=/Users/n/numi-human-resting-evidence-20261005/cardiac-map-multiregion-affine-repair-011/native-fullchain073-6s-001/accepted-geometry/step-63.receipt.json accepted_root=0xbe7b4d012719c93d pack_sha256=05b978c00f4fa9e0e6e3db2e22cd6b9f117f4e5145de12d9d5d7594200d0ad19 receipt_sha256=dfc96f39fc543d6cfeeff8576ed9b43baf91b81cbb394113447fd229db6725b6
resting_native_profile step=96 command_ms=845.760625 gpu_ms=845.276625827 host_copy_ms=0.007916 full_state_readback=0
resting_native_profile step=128 command_ms=821.11175 gpu_ms=820.574375801 host_copy_ms=0.009416 full_state_readback=0
resting_native_profile step=160 command_ms=818.778875 gpu_ms=818.205250427 host_copy_ms=0.007416 full_state_readback=0
resting_native_profile step=192 command_ms=790.91875 gpu_ms=790.404125117 host_copy_ms=0.005584 full_state_readback=0
resting_native_profile step=224 command_ms=747.874334 gpu_ms=747.267249972 host_copy_ms=0.045541 full_state_readback=0
resting_native_profile step=256 command_ms=766.691791 gpu_ms=766.156833619 host_copy_ms=0.006584 full_state_readback=0
resting_native_profile step=288 command_ms=804.661833 gpu_ms=804.081583396 host_copy_ms=0.006917 full_state_readback=0
resting_native_profile step=320 command_ms=856.8275 gpu_ms=856.219375506 host_copy_ms=0.008709 full_state_readback=0
resting_native_profile step=352 command_ms=830.681083 gpu_ms=830.155791715 host_copy_ms=0.007125 full_state_readback=0
resting_native_profile step=384 command_ms=878.755792 gpu_ms=878.218750469 host_copy_ms=0.007708 full_state_readback=0
resting_native_profile step=416 command_ms=834.929083 gpu_ms=834.75029096 host_copy_ms=0.007042 full_state_readback=0
resting_native_profile step=448 command_ms=832.802792 gpu_ms=832.245999947 host_copy_ms=0.005583 full_state_readback=0
resting_native_profile step=480 command_ms=827.751291 gpu_ms=827.132250182 host_copy_ms=0.00575 full_state_readback=0
resting_native_profile step=512 command_ms=825.071042 gpu_ms=824.547625147 host_copy_ms=0.007667 full_state_readback=0
accepted_geometry_export=/Users/n/numi-human-resting-evidence-20261005/cardiac-map-multiregion-affine-repair-011/native-fullchain073-6s-001/accepted-geometry/step-511.mrvpack receipt=/Users/n/numi-human-resting-evidence-20261005/cardiac-map-multiregion-affine-repair-011/native-fullchain073-6s-001/accepted-geometry/step-511.receipt.json accepted_root=0x816640e261e0edfd pack_sha256=0519887cdefb2619bf3fe44de53cc2021757ea071cd12c1dcfceec87660db96d receipt_sha256=33e5a62974a02d54eb73a208ec4bf3da4d3c656beb8c310f8ebb1b546c5f7f9a
resting_native_profile step=544 command_ms=837.95675 gpu_ms=837.5201663 host_copy_ms=0.007083 full_state_readback=0
resting_native_profile step=576 command_ms=839.816833 gpu_ms=839.190833271 host_copy_ms=0.006625 full_state_readback=0
resting_native_profile step=608 command_ms=833.836292 gpu_ms=833.211125806 host_copy_ms=0.007625 full_state_readback=0
resting_native_profile step=640 command_ms=826.029541 gpu_ms=825.487665832 host_copy_ms=0.006709 full_state_readback=0
accepted_geometry_export=/Users/n/numi-human-resting-evidence-20261005/cardiac-map-multiregion-affine-repair-011/native-fullchain073-6s-001/accepted-geometry/step-639.mrvpack receipt=/Users/n/numi-human-resting-evidence-20261005/cardiac-map-multiregion-affine-repair-011/native-fullchain073-6s-001/accepted-geometry/step-639.receipt.json accepted_root=0xbda56fa3cea6f87d pack_sha256=b4fca108cc4865a4183a3bfe1a68b5c950fd6c1501a9339d4583778eaab4613c receipt_sha256=32ba7f819d665bacc28d4c1269ebf0f39de4013a65a87e4b87e1b17906ae2097
resting_native_profile step=672 command_ms=837.673125 gpu_ms=837.23525051 host_copy_ms=0.008292 full_state_readback=0
resting_native_profile step=704 command_ms=833.340542 gpu_ms=833.155374974 host_copy_ms=0.005833 full_state_readback=0
resting_native_profile step=736 command_ms=832.296042 gpu_ms=831.768957898 host_copy_ms=0.005167 full_state_readback=0
resting_native_profile step=768 command_ms=830.8125 gpu_ms=830.242624506 host_copy_ms=0.007083 full_state_readback=0
resting_native_profile step=800 command_ms=833.480917 gpu_ms=832.959082909 host_copy_ms=0.005458 full_state_readback=0
resting_native_profile step=832 command_ms=833.012125 gpu_ms=832.371374592 host_copy_ms=0.005416 full_state_readback=0
resting_native_profile step=864 command_ms=828.358083 gpu_ms=827.775999904 host_copy_ms=0.007 full_state_readback=0
resting_native_profile step=896 command_ms=836.128667 gpu_ms=835.507417098 host_copy_ms=0.008875 full_state_readback=0
resting_native_profile step=928 command_ms=835.715417 gpu_ms=835.53237468 host_copy_ms=0.005583 full_state_readback=0
resting_native_profile step=960 command_ms=831.1775 gpu_ms=830.636416562 host_copy_ms=0.006917 full_state_readback=0
resting_native_profile step=992 command_ms=838.037458 gpu_ms=837.514458224 host_copy_ms=0.005917 full_state_readback=0
resting_native_profile step=1024 command_ms=834.611625 gpu_ms=834.071750753 host_copy_ms=0.006708 full_state_readback=0
resting_native_profile step=1056 command_ms=837.6235 gpu_ms=837.447125465 host_copy_ms=0.005958 full_state_readback=0
resting_native_profile step=1088 command_ms=838.368083 gpu_ms=837.748999707 host_copy_ms=3.379083 full_state_readback=0
resting_native_profile step=1120 command_ms=834.545125 gpu_ms=833.962833509 host_copy_ms=0.027375 full_state_readback=0
resting_native_profile step=1152 command_ms=841.17025 gpu_ms=840.63337557 host_copy_ms=0.014541 full_state_readback=0
resting_native_profile step=1184 command_ms=847.855083 gpu_ms=847.675583325 host_copy_ms=0.006042 full_state_readback=0
resting_native_profile step=1216 command_ms=837.542667 gpu_ms=837.006125599 host_copy_ms=0.008208 full_state_readback=0
resting_native_profile step=1248 command_ms=841.746125 gpu_ms=841.102125123 host_copy_ms=0.005792 full_state_readback=0
resting_native_profile step=1280 command_ms=843.122084 gpu_ms=842.546083033 host_copy_ms=0.005583 full_state_readback=0
resting_native_profile step=1312 command_ms=852.31775 gpu_ms=851.803000085 host_copy_ms=0.006333 full_state_readback=0
resting_native_profile step=1344 command_ms=839.622167 gpu_ms=839.09387514 host_copy_ms=0.008083 full_state_readback=0
resting_native_profile step=1376 command_ms=844.556792 gpu_ms=843.967250548 host_copy_ms=0.006917 full_state_readback=0
resting_native_profile step=1408 command_ms=841.037458 gpu_ms=840.489000082 host_copy_ms=0.006125 full_state_readback=0
resting_native_profile step=1440 command_ms=845.488375 gpu_ms=844.849499874 host_copy_ms=0.007042 full_state_readback=0
resting_native_profile step=1472 command_ms=833.341084 gpu_ms=832.79416617 host_copy_ms=3.4875 full_state_readback=0
resting_native_profile step=1504 command_ms=835.645083 gpu_ms=835.084958002 host_copy_ms=0.007209 full_state_readback=0
resting_native_profile step=1536 command_ms=846.474083 gpu_ms=845.949500799 host_copy_ms=0.006375 full_state_readback=0
resting_native_profile step=1568 command_ms=843.771958 gpu_ms=843.226750381 host_copy_ms=0.008459 full_state_readback=0
resting_native_profile step=1600 command_ms=838.961542 gpu_ms=838.764167391 host_copy_ms=0.007042 full_state_readback=0
resting_native_profile step=1632 command_ms=840.598 gpu_ms=839.979874901 host_copy_ms=0.007542 full_state_readback=0
resting_native_profile step=1664 command_ms=842.869209 gpu_ms=842.346958816 host_copy_ms=0.005833 full_state_readback=0
resting_native_profile step=1696 command_ms=839.966 gpu_ms=839.397791773 host_copy_ms=0.006792 full_state_readback=0
resting_native_profile step=1728 command_ms=834.119458 gpu_ms=833.504291251 host_copy_ms=0.004959 full_state_readback=0
resting_native_profile step=1760 command_ms=848.754709 gpu_ms=848.149041645 host_copy_ms=0.006916 full_state_readback=0
resting_native_profile step=1792 command_ms=840.87275 gpu_ms=840.304375626 host_copy_ms=0.008042 full_state_readback=0
resting_native_profile step=1824 command_ms=837.0495 gpu_ms=836.477499455 host_copy_ms=0.006667 full_state_readback=0
resting_native_profile step=1856 command_ms=846.126958 gpu_ms=845.559250563 host_copy_ms=1.1365 full_state_readback=0
resting_native_profile step=1888 command_ms=832.53625 gpu_ms=832.245458849 host_copy_ms=0.007708 full_state_readback=0
resting_native_profile step=1920 command_ms=839.550958 gpu_ms=839.027374983 host_copy_ms=0.005167 full_state_readback=0
resting_native_profile step=1952 command_ms=834.02625 gpu_ms=833.437625319 host_copy_ms=0.005125 full_state_readback=0
accepted_geometry_export=/Users/n/numi-human-resting-evidence-20261005/cardiac-map-multiregion-affine-repair-011/native-fullchain073-6s-001/accepted-geometry/step-1951.mrvpack receipt=/Users/n/numi-human-resting-evidence-20261005/cardiac-map-multiregion-affine-repair-011/native-fullchain073-6s-001/accepted-geometry/step-1951.receipt.json accepted_root=0x991515166ceae41d pack_sha256=99ec416af72d6e5eae7447e2d31472131ce75734213deedb015a86883e54316d receipt_sha256=15e4b068d651953355fe0aaf2fb1c2408af1efb6b53d70c952e3d0e97c2c6143
resting_native_profile step=1984 command_ms=845.675833 gpu_ms=845.173042268 host_copy_ms=0.008167 full_state_readback=0
resting_native_profile step=2016 command_ms=830.63325 gpu_ms=830.106500536 host_copy_ms=0.005417 full_state_readback=0
resting_native_profile step=2048 command_ms=838.437042 gpu_ms=837.882417254 host_copy_ms=0.007167 full_state_readback=0
resting_native_profile step=2080 command_ms=839.034708 gpu_ms=838.506749831 host_copy_ms=0.007292 full_state_readback=0
resting_native_profile step=2112 command_ms=858.569208 gpu_ms=858.368624933 host_copy_ms=0.005917 full_state_readback=0
resting_native_profile step=2144 command_ms=863.386875 gpu_ms=862.813666463 host_copy_ms=0.007375 full_state_readback=0
resting_native_profile step=2176 command_ms=866.421959 gpu_ms=865.846624598 host_copy_ms=0.006708 full_state_readback=0
resting_native_profile step=2208 command_ms=860.583084 gpu_ms=860.009875149 host_copy_ms=0.012708 full_state_readback=0
accepted_geometry_export=/Users/n/numi-human-resting-evidence-20261005/cardiac-map-multiregion-affine-repair-011/native-fullchain073-6s-001/accepted-geometry/step-2207.mrvpack receipt=/Users/n/numi-human-resting-evidence-20261005/cardiac-map-multiregion-affine-repair-011/native-fullchain073-6s-001/accepted-geometry/step-2207.receipt.json accepted_root=0x519fdf97176ef91d pack_sha256=7c55c74e217bd618e8977bd90c64adfb15423794a35292e1774e43fb501de26e receipt_sha256=b21412a4679580725f6b61b5027cfcc243994d42ad0ce9bfe9446fbca50426ab
resting_native_profile step=2240 command_ms=878.967583 gpu_ms=878.454541788 host_copy_ms=0.006209 full_state_readback=0
resting_native_profile step=2272 command_ms=866.516542 gpu_ms=865.91591686 host_copy_ms=0.007208 full_state_readback=0
resting_native_profile step=2304 command_ms=869.343208 gpu_ms=868.793583475 host_copy_ms=0.006375 full_state_readback=0
resting_native_profile step=2336 command_ms=869.310375 gpu_ms=868.773957714 host_copy_ms=0.006875 full_state_readback=0
resting_native_profile step=2368 command_ms=865.1715 gpu_ms=864.546208642 host_copy_ms=0.007916 full_state_readback=0
resting_native_profile step=2400 command_ms=860.57275 gpu_ms=859.973750077 host_copy_ms=0.008209 full_state_readback=0
resting_native_profile step=2432 command_ms=865.402 gpu_ms=864.818291739 host_copy_ms=0.006667 full_state_readback=0
resting_native_profile step=2464 command_ms=866.927083 gpu_ms=866.312375292 host_copy_ms=0.007458 full_state_readback=0
resting_native_profile step=2496 command_ms=866.890333 gpu_ms=866.326292045 host_copy_ms=0.006125 full_state_readback=0
resting_native_profile step=2528 command_ms=864.043375 gpu_ms=863.521125168 host_copy_ms=0.009333 full_state_readback=0
resting_native_profile step=2560 command_ms=857.978083 gpu_ms=857.447125018 host_copy_ms=0.006125 full_state_readback=0
resting_native_profile step=2592 command_ms=862.509584 gpu_ms=862.205458805 host_copy_ms=0.008333 full_state_readback=0
resting_native_profile step=2624 command_ms=858.892792 gpu_ms=858.269958757 host_copy_ms=0.00625 full_state_readback=0
resting_native_profile step=2656 command_ms=856.070541 gpu_ms=855.517874472 host_copy_ms=0.006167 full_state_readback=0
resting_native_profile step=2688 command_ms=863.669709 gpu_ms=863.107792102 host_copy_ms=0.006916 full_state_readback=0
resting_native_profile step=2720 command_ms=857.869584 gpu_ms=857.30974935 host_copy_ms=0.006458 full_state_readback=0
resting_native_profile step=2752 command_ms=869.714208 gpu_ms=869.172874838 host_copy_ms=0.005458 full_state_readback=0
resting_native_profile step=2784 command_ms=870.960792 gpu_ms=870.383374393 host_copy_ms=0.007 full_state_readback=0
accepted_geometry_export=/Users/n/numi-human-resting-evidence-20261005/cardiac-map-multiregion-affine-repair-011/native-fullchain073-6s-001/accepted-geometry/step-2783.mrvpack receipt=/Users/n/numi-human-resting-evidence-20261005/cardiac-map-multiregion-affine-repair-011/native-fullchain073-6s-001/accepted-geometry/step-2783.receipt.json accepted_root=0xacc9fe29bef7a85d pack_sha256=c0580576dbbe0f4bdba92001ba2ef4e08bb920bab71307d1abeb799d0b57decc receipt_sha256=d842721d2322bd8c0b50fa5aab684218bef1fba20fc015adf17804a52519728c
resting_native_profile step=2816 command_ms=869.05375 gpu_ms=868.561250158 host_copy_ms=0.007792 full_state_readback=0
resting_native_profile step=2848 command_ms=870.425042 gpu_ms=870.248499326 host_copy_ms=0.008583 full_state_readback=0
resting_native_profile step=2880 command_ms=860.415167 gpu_ms=859.765833244 host_copy_ms=0.007458 full_state_readback=0
resting_native_profile step=2912 command_ms=869.796917 gpu_ms=869.2547502 host_copy_ms=0.00525 full_state_readback=0
resting_native_profile step=2944 command_ms=869.704708 gpu_ms=869.129332714 host_copy_ms=0.007292 full_state_readback=0
resting_native_profile step=2976 command_ms=867.678958 gpu_ms=867.024083622 host_copy_ms=0.008333 full_state_readback=0
resting_native_profile step=3000 command_ms=648.58625 gpu_ms=648.039374501 host_copy_ms=0.087417 full_state_readback=1
accepted_geometry_export=/Users/n/numi-human-resting-evidence-20261005/cardiac-map-multiregion-affine-repair-011/native-fullchain073-6s-001/accepted-geometry/step-2999.mrvpack receipt=/Users/n/numi-human-resting-evidence-20261005/cardiac-map-multiregion-affine-repair-011/native-fullchain073-6s-001/accepted-geometry/step-2999.receipt.json accepted_root=0x2a3f45b545deda15 pack_sha256=7b5670e2a4c0acbc0e072b6ba2f2e32c44d0f24319b73887db2ef27a134d1d08 receipt_sha256=a81237e1de690f1e22d521adb9c9979ff6f3a46ec246f32d55133aa113b68485
stand_terminal_state={"schema":"numi.human.legacy-stand-terminal.v1","step_count":3000,"timestep_seconds":0.002,"root_assistance":false,"initial_q":[-0.05000000074505806,0.20000000298023224,0.10715460777282715,-0.70090925693511963,0,0,0.71325045824050903,0,0,0,0,0,0,0,0,0,0,0,0,0,0,0,0,0,0,0,0,0,0,0,0,0,0,0,0,0,0,0,0,0,0,0,0,0,0,0,0,0,0,0,0,0,0,0,0,0,0,0,0,0,0,0,0,0,0,0,0,0,0,0,0,0,0,0,0,0,0,0,0,0,0,0,0,0,0,0,0,0,0,0,0,0,0,0,0,0,0,0,0,0,0,0,0,0,7.6925396608196195e-11,9.537330214470785e-08,0,-1.4732499664660281e-08,1.0893900004305124e-08,0,0,0,0,0,0.010506000369787216,0,0,0,-7.6925396608196195e-11,9.537330214470785e-08,0,-1.4732499664660281e-08,-1.0893900004305124e-08,0,0,0,0,0,0.010506000369787216],"initial_v":[0,0,0,0,0,0,0,0,0,0,0,0,0,0,0,0,0,0,0,0,0,0,0,0,0,0,0,0,0,0,0,0,0,0,0,0,0,0,0,0,0,0,0,0,0,0,0,0,0,0,0,0,0,0,0,0,0,0,0,0,0,0,0,0,0,0,0,0,0,0,0,0,0,0,0,0,0,0,0,0,0,0,0,0,0,0,0,0,0,0,0,0,0,0,0,0,0,0,0,0,0,0,0,0,0,0,0,0,0,0,0,0,0,0,0,0,0,0,0,0,0,0,0,0,0,0,0,0],"q":[-0.062330368906259537,0.17344988882541656,-0.19268432259559631,-0.79447877407073975,-0.0027434681542217731,0.0051621748134493828,0.60726386308670044,-0.2489456981420517,-0.014595085754990578,-0.005258604884147644,0,0,-0.16004718840122223,-0.046054955571889877,-0.0026431700680404902,-0.00019867009541485459,-0.050784923136234283,-0.003580174408853054,-0.00019867009541485459,-0.057506456971168518,-0.0036502308212220669,-0.00016359519213438034,-0.063481152057647705,-0.0027438760735094547,-0.00015192109276540577,-6.0169463855785921e-10,2.5485000221259213e-10,-2.5485000221259213e-10,6.0169463855785921e-10,-1.2183073994087579e-10,9.8459129738159845e-10,4.425688149289897e-10,-4.425688149289897e-10,-9.8459129738159845e-10,1.2183073994087579e-10,0.0027222123462706804,2.486341577068174e-09,-0.0027222123462706804,-0.29388466477394104,-1.3984494273699966e-07,-0.19490879774093628,0.023742765188217163,-0.0077969161793589592,0,0,0,0,0,0,0,0,0,0,0,0,0,0,0,0,0,0,0,0,-2.9573982152086842e-10,1.2526168990945052e-10,-1.2526168990945052e-10,2.9573982152086842e-10,-5.988119722299956e-11,4.8393788976142105e-10,2.1752763479376824e-10,-2.1752763479376824e-10,-4.8393788976142105e-10,5.988119722299956e-11,-0.0027536891866475344,1.2220653378136603e-09,0.0027536891866475344,-0.27999773621559143,1.4783488877512241e-09,-0.22276583313941956,0.023898523300886154,-0.020922668278217316,0,0,0,0,0,0,0,0,0,0,0,0,0,0,0,0,0,0,0,0,-0.34006476402282715,-0.042109835892915726,-0.69813203811645508,1.0751811246878518e-10,9.5389580678784114e-08,5.2030997288454728e-09,-1.4320934660361218e-08,1.2816440353446978e-08,-0.27473807334899902,-0.012480674311518669,-0.52359902858734131,-2.5383165014325471e-10,-7.8144317405826058e-11,0.010506000369787216,-0.33999371528625488,-0.015910331159830093,-0.6981319785118103,-5.8153051818443657e-11,9.5363311913843063e-08,-3.1927331889392008e-09,-1.4985044316517815e-08,-9.7141885646578885e-09,-0.27067393064498901,-0.014261475764214993,-0.52359902858734131,1.5575653267152489e-10,4.7951021625580736e-11,0.010506000369787216],"v":[-8.2888422184623778e-05,-3.7785466702189296e-05,-0.00015035395335871726,-0.00015372764028143138,0.00015730407903902233,5.1428320148261264e-05,-0.00020518430392257869,-1.7828586351242848e-05,-0.00015506226918660104,0,0,-0.00013191298057790846,-3.7959096516715363e-05,-3.2287568956235191e-06,-5.8582527344697155e-06,-4.1857598262140527e-05,-4.3733521124522667e-06,-5.8582527344697155e-06,-4.7397574235219508e-05,-4.4589291974261869e-06,-4.8239871830446646e-06,-5.2321996918180957e-05,-3.3517740121169481e-06,-4.4797488953918219e-06,1.8116753608410363e-07,-7.6734181675419677e-08,7.6734181675419677e-08,-1.8116753608410363e-07,3.6682681781030624e-08,-2.9645596555383236e-07,-1.3325546888154349e-07,1.3325546888154349e-07,2.9645596555383236e-07,-3.6682681781030624e-08,7.8943143307697028e-05,-7.4862617793769459e-07,-7.8943143307697028e-05,0.0005797648336738348,-1.5278148168818007e-07,-0.00026462043751962483,0.00016213238995987922,-8.4553277702070773e-05,0,0,0,0,0,0,0,0,0,0,0,0,0,0,0,0,0,0,0,0,2.3842630980652757e-07,-1.0098634817268248e-07,1.0098634817268248e-07,-2.3842630980652757e-07,4.8276397990321129e-08,-3.9015213815218885e-07,-1.7537141161483305e-07,1.7537141161483305e-07,3.9015213815218885e-07,-4.8276397990321129e-08,-6.5139742218889296e-05,-9.8523264568939339e-07,6.5139742218889296e-05,0.00046104384819045663,-4.9545650426807697e-07,-0.00016254687216132879,0.00022346564219333231,-0.0001489196001784876,0,0,0,0,0,0,0,0,0,0,0,0,0,0,0,0,0,0,0,0,-0.0001747139758663252,-4.5412907638819888e-05,-6.0118022702226881e-06,-6.9200063457230954e-09,-3.6823666338392513e-09,-1.176929913526692e-06,-9.3095152919886459e-08,-4.3487443690537475e-07,0.00020324236538726836,0.00015881363651715219,1.6085753173911144e-08,5.7416173149249516e-08,1.7676075714234685e-08,-2.9142533719550556e-08,-0.00016380212036892772,5.7634326367406175e-05,5.5674545365036465e-06,9.8248430224767702e-11,-5.2281273060783562e-11,-1.6709741146314627e-08,-1.3217404948306921e-09,6.1742326806779602e-09,0.0002514216466806829,-0.00079702114453539252,1.0804540595543699e-09,8.1517970151878671e-10,2.5096025257909105e-10,-4.1375841641766442e-10]}
resting_integrated_body=completed simulated_s=6.0000002849847078 wall_s=91.805299457999993 real_time_factor=0.065355707354667988 physiology_body_clock=matched root_assistance=false presentation_qualification=pending
