/private/var/folders/ks/sfmz3dh91_7c9_vyd_3lzj100000gn/T/tmp134xaozb/registration-draft/plan.json
test_complete_breath_ventilation_is_independent_of_partial_edges (test_resting_intervention_study.AcceptedBreathWindowTests) ... ok
test_gpu_event_ledger_resolves_events_missed_by_sampled_flow (test_resting_intervention_study.AcceptedBreathWindowTests) ... ok
test_partial_breath_window_is_unavailable_not_zero_ventilation (test_resting_intervention_study.AcceptedBreathWindowTests) ... ok
test_positive_flow_area_includes_only_the_correct_triangle (test_resting_intervention_study.AcceptedBreathWindowTests) ... ok
test_skipped_accepted_breath_transition_is_rejected (test_resting_intervention_study.AcceptedBreathWindowTests) ... ok
test_active_common_geometry_failures_are_never_treated_as_nan_sentinels (test_resting_intervention_study.CommonCardiacSurfaceTraceTests) ... ok
test_captured_common_coordinates_replace_only_inapplicable_legacy_fields (test_resting_intervention_study.CommonCardiacSurfaceTraceTests) ... ok
test_incomplete_common_or_mesh_diagnostics_are_rejected (test_resting_intervention_study.CommonCardiacSurfaceTraceTests) ... ok
test_failed_arm_cannot_overwrite_preflight_failure_evidence (test_resting_intervention_study.NativeFailureEvidenceIsolationTests) ... ok
test_known_unit_conversion_and_both_flow_directions (test_resting_intervention_study.NativeRespiratoryMechanicalTests) ... ok
test_wrong_units_stale_area_or_invalid_activation_are_rejected (test_resting_intervention_study.NativeRespiratoryMechanicalTests) ... ok
test_implicit_runtime_dependencies_must_be_preregistered (test_resting_intervention_study.NativeSceneBindingTests) ... ok
test_incomplete_and_assisted_native_logs_are_rejected (test_resting_intervention_study.NativeSceneBindingTests) ... ok
test_intermediate_assistance_cannot_be_hidden_by_an_unassisted_endpoint (test_resting_intervention_study.NativeSceneBindingTests) ... ok
test_rebinding_changes_only_output_timing_and_declared_intervention (test_resting_intervention_study.NativeSceneBindingTests) ... ok
test_unbound_consumed_anatomy_and_preintervened_reference_are_rejected (test_resting_intervention_study.NativeSceneBindingTests) ... ok
test_body_observation_rejects_incomplete_nonfinite_or_changing_mass (test_resting_intervention_study.NativeSurfaceTraceTests) ... ok
test_displayed_clock_and_intermediate_invalid_geometry_are_not_hidden (test_resting_intervention_study.NativeSurfaceTraceTests) ... ok
test_partial_final_segment_is_checked_at_its_actual_displayed_step (test_resting_intervention_study.NativeSurfaceTraceTests) ... ok
test_ventricular_material_cannot_hide_an_intermediate_volume_or_binding_failure (test_resting_intervention_study.NativeSurfaceTraceTests) ... ok
test_native_plan_rejects_same_arm_program_identity_and_stale_assets (test_resting_intervention_study.NativeV2PlanPreparationTests) ... ok
test_native_plan_uses_exact_pair_ids_and_prespecified_windows_without_registering (test_resting_intervention_study.NativeV2PlanPreparationTests) ... ok
test_observation_uses_final_accepted_window_for_recovery (test_resting_intervention_study.NativeV2PlanPreparationTests) ... ok
test_reference_outliers_are_reported_without_numerical_rejection (test_resting_intervention_study.RestingReferenceComparisonTests) ... ok
test_unresolved_complete_cycles_are_unavailable_not_zero (test_resting_intervention_study.RestingReferenceComparisonTests) ... ok

----------------------------------------------------------------------
Ran 25 tests in 0.217s

OK
