rigid_source_rest_frames=passed source_body_count=103 maximum_COM_position_residual_m=6.26739049493e-08 maximum_orientation_unit_witness_residual_m=1.05692510994e-07 allowed_rest_reconstruction_residual_m=1e-06 rigid_sha256=2c78cb4150b97cea6e8169dad9e8f5dd59af667b247e07b56e48e857435560e4 boundary=consumed_reference_frame_join_not_source_authentication_or_loaded_motion
resting_mass_calibration source_composite_kg=97.1319506911 declared_reference_kg=72 executed_kg=71.9999993989 uniform_mass_inertia_scale=0.741259694099 measured_person=false additional_organ_or_blood_mass_kg=0
bone_orientation_semantics=unit_normalized_once_at_load bone_count=185 maximum_raw_norm_error=5.96046447754e-08 norm_admission_tolerance=0.00200000009499 bone_sha256=7d94e2f28ac6cea30c6c11a79919077acc40281636eb20b11b50b50aebd3ec49
tendon_bone_geometry=checked_bodyparts_subset bodyparts_envelope_count=160 fixed_sibling_envelope_count=0 external_surface_unverified_count=0 maximum_node_residual_m=2.77883934062e-07 allowed_point_residual_m=1e-06 tendon_sha256=52819336540a36621b60bd03b5084bd1d300ed2971673cfd0ccdb7eecfcb52b5 bone_sha256=7d94e2f28ac6cea30c6c11a79919077acc40281636eb20b11b50b50aebd3ec49 rigid_sha256=2c78cb4150b97cea6e8169dad9e8f5dd59af667b247e07b56e48e857435560e4 boundary=consumed_rest_surface_binding_not_loaded_or_clinical_qualification
tendon_payload=NHTENDON2 tendon_endpoints=832 tendon_point_bindings=672 tendon_triangle_bindings=0 tendon_envelope_bindings=160 tendon_migrated_envelope_bindings=0 tendon_max_reference_path_delta_m=0 tendon_max_architecture_scale_change=0 tendon_muscle_payload_sha256=e5bb8a8168706bb3b23cf42b1d849659569ba2e6027bcc85729c3110fdbb8c4b tendon_geometry_identity_verified=true tendon_bone_payload_sha256=7d94e2f28ac6cea30c6c11a79919077acc40281636eb20b11b50b50aebd3ec49
joint_equality_payload=NHEQ1 joint_equalities=51
pose_joint_ranges=passed enabled_range_count=118 failed_range_count=0 rigid_sha256=2c78cb4150b97cea6e8169dad9e8f5dd59af667b247e07b56e48e857435560e4 equality_sha256=0e3c593792a8c4ccd619f1999f6685b68e6ff0fd5ae5f6f0bca66b594a0e9b88 bone_sha256=7d94e2f28ac6cea30c6c11a79919077acc40281636eb20b11b50b50aebd3ec49 boundary=consumed_enabled_native_limits_after_NHEQ_projection_not_disabled_source_limits_or_loaded_motion
pose_q_override_count=0 root_pose_override=1 pose_q_equality_maximum_correction=0.0105060003698
runtime=Numi Matter runtime initialized with eligible dense45 vascular solve device=Apple M4 Pro world_fingerprint=6434571789366693551 timestep_s=0.00200000009499
resting_body_source_fingerprint=2345854527065296080 coupled_program_fingerprint=7931675693865756625
resting_passive_viscera=shared_torso_pelvis_field source_surfaces=80 caudal_m=-0.397011578083 cranial_m=-0.259147137403 upper_body=20 lower_body=128 independent_forces=false independent_mass=false organ_physiology=false
resting_lung_motion=basal_superior_sweep_v1 blend_start_m=-0.052405 blend_span_m=0.06 effective_area_m2=0.0193540051613
resting_initial_anatomical_registration={"body_poses":[{"body_index":20,"position_m":[-0.025000007823109627,-0.44271242618560791,0.096546053886413574],"quaternion_xyzw":[0.0061705871485173702,-0.70707988739013672,-0.0061705652624368668,0.70707988739013672]},{"body_index":128,"position_m":[-0.025055751204490662,-0.83042281866073608,0.11920696496963501],"quaternion_xyzw":[0.0058914260007441044,-0.70680069923400879,-0.005886733066290617,0.7073637843132019]}],"coordinate_source":"source pack transformed by native initialBodies before physical stepping","surfaces":[{"role":"upper_visceral_anchor","semantic":51010,"source_body_index":20,"stable_id":2,"torso_local_max_m":[0.1489698737859726,-0.06762242317199707,0.029034055769443512],"torso_local_min_m":[0.035220548510551453,-0.18552298843860626,-0.10646510124206543]},{"role":"upper_visceral_anchor","semantic":51010,"source_body_index":20,"stable_id":3,"torso_local_max_m":[0.10061360895633698,-0.14701209962368011,0.048131499439477921],"torso_local_min_m":[0.049258694052696228,-0.22131331264972687,-0.073365472257137299]},{"role":"upper_visceral_anchor","semantic":51010,"source_body_index":20,"stable_id":4,"torso_local_max_m":[0.065826825797557831,-0.15392428636550903,0.088104061782360077],"torso_local_min_m":[0.018313027918338776,-0.25914710760116577,0.030521268025040627]},{"role":"upper_visceral_anchor","semantic":51010,"source_body_index":20,"stable_id":5,"torso_local_max_m":[0.054068014025688171,-0.1345781683921814,-0.033227771520614624],"torso_local_min_m":[0.013165432959794998,-0.24133054912090302,-0.091208852827548981]},{"role":"upper_visceral_anchor","semantic":51010,"source_body_index":20,"stable_id":13,"torso_local_max_m":[0.095457650721073151,-0.10293921083211899,-0.056195467710494995],"torso_local_min_m":[-0.00033182650804519653,-0.17370373010635376,-0.11487260460853577]},{"role":"upper_visceral_anchor","semantic":51010,"source_body_index":20,"stable_id":14,"torso_local_max_m":[0.094544753432273865,-0.055873673409223557,0.033946555107831955],"torso_local_min_m":[0.058444060385227203,-0.13125307857990265,-0.011481210589408875]},{"role":"upper_visceral_anchor","semantic":51010,"source_body_index":20,"stable_id":15,"torso_local_max_m":[0.15468204021453857,-0.051299087703227997,-0.0026821792125701904],"torso_local_min_m":[0.045374639332294464,-0.10517608374357224,-0.095222979784011841]},{"role":"upper_visceral_anchor","semantic":51010,"source_body_index":20,"stable_id":16,"torso_local_max_m":[0.15707412362098694,-0.071360647678375244,0.0014663934707641602],"torso_local_min_m":[0.07356831431388855,-0.138477623462677,-0.074144557118415833]},{"role":"upper_visceral_anchor","semantic":51010,"source_body_index":20,"stable_id":17,"torso_local_max_m":[0.15518583357334137,-0.04497130960226059,0.046523258090019226],"torso_local_min_m":[0.074793577194213867,-0.16443367302417755,-0.011679999530315399]},{"role":"upper_visceral_anchor","semantic":51010,"source_body_index":20,"stable_id":18,"torso_local_max_m":[0.15332278609275818,-0.10873293876647949,0.10524313896894455],"torso_local_min_m":[0.06183064728975296,-0.17893320322036743,0.026367701590061188]},{"role":"upper_visceral_anchor","semantic":51010,"source_body_index":20,"stable_id":19,"torso_local_max_m":[0.11932293325662613,-0.11438564956188202,0.11530916392803192],"torso_local_min_m":[-0.0020214840769767761,-0.19753372669219971,0.021444413810968399]},{"role":"upper_visceral_anchor","semantic":51010,"source_body_index":20,"stable_id":20,"torso_local_max_m":[0.11958994716405869,-0.11408335715532303,0.11550363898277283],"torso_local_min_m":[-0.0022704675793647766,-0.19755388796329498,0.021117139607667923]},{"role":"upper_visceral_anchor","semantic":51010,"source_body_index":20,"stable_id":21,"torso_local_max_m":[0.10608795285224915,-0.049535799771547318,0.11580190062522888],"torso_local_min_m":[-0.0032210424542427063,-0.13487040996551514,0.020207773894071579]},{"role":"upper_visceral_anchor","semantic":51010,"source_body_index":20,"stable_id":22,"torso_local_max_m":[0.15336306393146515,-0.041172627359628677,0.11002320796251297],"torso_local_min_m":[0.02455456554889679,-0.11670317500829697,0.017514020204544067]},{"role":"upper_visceral_anchor","semantic":51010,"source_body_index":20,"stable_id":461,"torso_local_max_m":[0.13303953409194946,-0.13353027403354645,0.063625447452068329],"torso_local_min_m":[0.084262087941169739,-0.17424784600734711,0.026906765997409821]},{"role":"pelvic_anchor","semantic":51010,"source_body_index":20,"stable_id":462,"torso_local_max_m":[0.08233652263879776,-0.39701157808303833,0.034268602728843689],"torso_local_min_m":[0.010075983591377735,-0.43757495284080505,-0.033010013401508331]},{"role":"pelvic_anchor","semantic":51010,"source_body_index":20,"stable_id":463,"torso_local_max_m":[0.050315443426370621,-0.4348473846912384,0.01782398484647274],"torso_local_min_m":[0.018116317689418793,-0.4553583562374115,-0.016720972955226898]}],"torso_body_index":20}
resting_support_geometry=full_registered_skin vertices=54949 regions=32 full_binding_count=86 region_sizes=[6907,1222,2796,2044,1525,1394,710,777,1891,1262,810,832,890,483,1328,1266,835,700,870,3097,4320,2043,1882,579,1199,1219,962,632,868,3302,4308,1996] force_owner=exi2026-10-05 23:05:09.700 numi-human-native[37890:16086682] +[NSXPCSharedListener endpointForReply:withListenerName:replyErrorCode:]: an error occurred while attempting to obtain endpoint for listener 'ClientCallsAuxiliary': Connection interrupted
2026-10-05 23:05:09.769 numi-human-native[37890:16086682] Human native framebuffer output: recording; window drawable unavailable
sting_metal_stand partition=source_rest_voronoi
resting_initialization=dynamic_release recruitment_activation_cap=0.01 normalized_residual_rms=101.4427227 maximum_acceleration_residual=576.867872555 balanced=false qualification=initialization_transient_not_static_equilibrium
compiled_support_geometry=admissible compiled_support_min_gap_m=-1.38777878078e-17 compiled_support_gap_tolerance_m=1e-06 compiled_support_activation_distance_m=0.002 compiled_support_separated_witnesses=31 compiled_support_max_separated_force_n=0 compiled_support_rejected_pose_candidates=0
human_stand_solver_path=split_candidate
resting_integrated_rejection=pass rejected_after_accepted_predecessor=true body_q_v_root_myo_unchanged=true circulation_and_clock_unchanged=true respiration_brain_history_unchanged=true retry_matches_uninterrupted_replay=true same_command_buffer_reject=pass accepted_prefix=2 rejected_step=2 inert_suffix=1
resting_native_profile step=32 command_ms=515.364333 gpu_ms=514.759541489 host_copy_ms=0.008 full_state_readback=0
resting_native_profile step=64 command_ms=549.598292 gpu_ms=549.05379191 host_copy_ms=0.005458 full_state_readback=0
resting_native_profile step=96 command_ms=549.162 gpu_ms=548.596249893 host_copy_ms=0.00575 full_state_readback=0
resting_native_profile step=128 command_ms=545.013208 gpu_ms=544.836167246 host_copy_ms=0.0055 full_state_readback=0
resting_native_profile step=160 command_ms=543.878166 gpu_ms=543.324166909 host_copy_ms=0.0055 full_state_readback=0
resting_native_profile step=192 command_ms=540.339792 gpu_ms=539.714375511 host_copy_ms=0.005125 full_state_readback=0
resting_native_profile step=224 command_ms=529.215083 gpu_ms=528.598083183 host_copy_ms=0.005959 full_state_readback=0
resting_native_profile step=256 command_ms=534.134584 gpu_ms=533.964042552 host_copy_ms=0.005083 full_state_readback=0
resting_native_profile step=288 command_ms=549.191667 gpu_ms=548.642583191 host_copy_ms=0.00825 full_state_readback=0
resting_native_profile step=320 command_ms=570.293875 gpu_ms=569.748958573 host_copy_ms=0.007458 full_state_readback=0
resting_native_profile step=352 command_ms=562.711458 gpu_ms=562.10750062 host_copy_ms=0.005792 full_state_readback=0
resting_native_profile step=384 command_ms=581.04475 gpu_ms=580.435499549 host_copy_ms=0.006583 full_state_readback=0
resting_native_profile step=416 command_ms=549.785708 gpu_ms=549.191791564 host_copy_ms=0.005875 full_state_readback=0
resting_native_profile step=448 command_ms=543.117041 gpu_ms=542.500583455 host_copy_ms=0.006125 full_state_readback=0
resting_native_profile step=480 command_ms=541.866584 gpu_ms=541.297083721 host_copy_ms=0.005666 full_state_readback=0
resting_native_profile step=512 command_ms=542.729875 gpu_ms=542.539416812 host_copy_ms=0.008083 full_state_readback=0
resting_native_profile step=544 command_ms=543.5765 gpu_ms=543.050499633 host_copy_ms=0.006 full_state_readback=0
resting_native_profile step=576 command_ms=544.033167 gpu_ms=543.402125128 host_copy_ms=0.006041 full_state_readback=0
resting_native_profile step=608 command_ms=543.213334 gpu_ms=542.587416247 host_copy_ms=0.008291 full_state_readback=0
resting_native_profile step=640 command_ms=543.638584 gpu_ms=543.006124906 host_copy_ms=0.006375 full_state_readback=0
accepted_geometry_export=/Users/n/numi-human-resting-evidence-20261005/dynamic-release-native-022/accepted-geometry/step-639.mrvpack receipt=/Users/n/numi-human-resting-evidence-20261005/dynamic-release-native-022/accepted-geometry/step-639.receipt.json accepted_root=0x826a2f01b49c5fbb pack_sha256=fa68b9f6264f1c886de7337a53b6d7d7eab4183eab2f5632c69b1a2499712f4a receipt_sha256=7af55ce74540f728296fff388e90d765cb66dcbddea12776d214dc53c33ec38b
resting_native_profile step=672 command_ms=552.566583 gpu_ms=552.107499912 host_copy_ms=0.00675 full_state_readback=0
resting_native_profile step=704 command_ms=542.191542 gpu_ms=541.568166576 host_copy_ms=3.296666 full_state_readback=0
resting_native_profile step=736 command_ms=542.548542 gpu_ms=542.357250117 host_copy_ms=0.006083 full_state_readback=0
resting_native_profile step=768 command_ms=542.922875 gpu_ms=542.291416787 host_copy_ms=0.006417 full_state_readback=0
resting_native_profile step=800 command_ms=542.495292 gpu_ms=541.948208585 host_copy_ms=0.006125 full_state_readback=0
resting_native_profile step=832 command_ms=541.669125 gpu_ms=541.488749906 host_copy_ms=0.005958 full_state_readback=0
resting_native_profile step=864 command_ms=540.704625 gpu_ms=540.091750212 host_copy_ms=0.0085 full_state_readback=0
resting_native_profile step=896 command_ms=539.521709 gpu_ms=538.974374533 host_copy_ms=0.007125 full_state_readback=0
resting_native_profile step=928 command_ms=535.38725 gpu_ms=534.849375486 host_copy_ms=0.005791 full_state_readback=0
resting_native_profile step=960 command_ms=533.488 gpu_ms=532.962500118 host_copy_ms=0.005667 full_state_readback=0
resting_native_profile step=992 command_ms=532.940959 gpu_ms=532.407666557 host_copy_ms=0.005666 full_state_readback=0
resting_native_profile step=1024 command_ms=532.012166 gpu_ms=531.453750096 host_copy_ms=0.007084 full_state_readback=0
resting_native_profile step=1056 command_ms=533.053917 gpu_ms=532.517165877 host_copy_ms=0.005792 full_state_readback=0
resting_native_profile step=1088 command_ms=533.388834 gpu_ms=532.791166566 host_copy_ms=0.005416 full_state_readback=0
resting_native_profile step=1120 command_ms=535.0995 gpu_ms=534.484083764 host_copy_ms=0.005292 full_state_readback=0
resting_native_profile step=1152 command_ms=540.588833 gpu_ms=540.025166236 host_copy_ms=0.005875 full_state_readback=0
resting_native_profile step=1184 command_ms=545.613625 gpu_ms=544.993999414 host_copy_ms=0.008417 full_state_readback=0
resting_native_profile step=1216 command_ms=545.383583 gpu_ms=544.852125458 host_copy_ms=0.006125 full_state_readback=0
resting_native_profile step=1248 command_ms=545.98025 gpu_ms=545.33100035 host_copy_ms=3.077 full_state_readback=0
resting_native_profile step=1280 command_ms=545.755667 gpu_ms=545.218499377 host_copy_ms=0.005667 full_state_readback=0
resting_native_profile step=1312 command_ms=545.981417 gpu_ms=545.433458872 host_copy_ms=0.005291 full_state_readback=0
resting_native_profile step=1344 command_ms=546.340625 gpu_ms=545.812624507 host_copy_ms=0.005792 full_state_readback=0
resting_native_profile step=1376 command_ms=545.673 gpu_ms=545.483750291 host_copy_ms=0.005792 full_state_readback=0
resting_native_profile step=1408 command_ms=546.774542 gpu_ms=546.226792037 host_copy_ms=0.005333 full_state_readback=0
resting_native_profile step=1440 command_ms=546.099125 gpu_ms=545.553166419 host_copy_ms=0.005084 full_state_readback=0
resting_native_profile step=1472 command_ms=546.528917 gpu_ms=545.924250036 host_copy_ms=0.004917 full_state_readback=0
resting_native_profile step=1504 command_ms=546.725875 gpu_ms=546.128708869 host_copy_ms=0.004875 full_state_readback=0
resting_native_profile step=1536 command_ms=546.238584 gpu_ms=545.611833222 host_copy_ms=0.019416 full_state_readback=0
resting_native_profile step=1568 command_ms=546.464708 gpu_ms=545.860041864 host_copy_ms=0.005667 full_state_readback=0
resting_native_profile step=1600 command_ms=545.501958 gpu_ms=544.971249998 host_copy_ms=0.007875 full_state_readback=0
resting_native_profile step=1632 command_ms=546.111292 gpu_ms=545.58179155 host_copy_ms=0.005958 full_state_readback=0
resting_native_profile step=1664 command_ms=545.779583 gpu_ms=545.204125345 host_copy_ms=0.005458 full_state_readback=0
resting_native_profile step=1696 command_ms=546.080834 gpu_ms=545.53349968 host_copy_ms=0.006791 full_state_readback=0
resting_native_profile step=1728 command_ms=545.206041 gpu_ms=544.593791477 host_copy_ms=0.007709 full_state_readback=0
resting_native_profile step=1760 command_ms=545.305167 gpu_ms=544.75449957 host_copy_ms=0.005792 full_state_readback=0
resting_native_profile step=1792 command_ms=545.369209 gpu_ms=544.787875377 host_copy_ms=0.008458 full_state_readback=0
resting_native_profile step=1824 command_ms=545.023667 gpu_ms=544.427458197 host_copy_ms=0.00625 full_state_readback=0
resting_native_profile step=1856 command_ms=544.649542 gpu_ms=544.11970824 host_copy_ms=0.0055 full_state_readback=0
resting_native_profile step=1888 command_ms=543.934625 gpu_ms=543.301874772 host_copy_ms=0.008 full_state_readback=0
resting_native_profile step=1920 command_ms=544.369875 gpu_ms=544.187916443 host_copy_ms=0.005708 full_state_readback=0
resting_native_profile step=1952 command_ms=545.105709 gpu_ms=544.540957548 host_copy_ms=0.006041 full_state_readback=0
resting_native_profile step=1984 command_ms=544.796542 gpu_ms=544.167875312 host_copy_ms=0.005833 full_state_readback=0
resting_native_profile step=2016 command_ms=544.511083 gpu_ms=543.91216673 host_copy_ms=0.007042 full_state_readback=0
resting_native_profile step=2048 command_ms=545.58025 gpu_ms=545.015458949 host_copy_ms=0.005625 full_state_readback=0
resting_native_profile step=2080 command_ms=545.428667 gpu_ms=544.846666977 host_copy_ms=0.0055 full_state_readback=0
resting_native_profile step=2112 command_ms=545.326375 gpu_ms=545.153374784 host_copy_ms=0.005375 full_state_readback=0
resting_native_profile step=2144 command_ms=544.717334 gpu_ms=544.162167236 host_copy_ms=0.005958 full_state_readback=0
resting_native_profile step=2176 command_ms=543.933416 gpu_ms=543.324542232 host_copy_ms=0.007417 full_state_readback=0
resting_native_profile step=2208 command_ms=544.005917 gpu_ms=543.395916 host_copy_ms=0.008667 full_state_readback=0
resting_native_profile step=2240 command_ms=544.025875 gpu_ms=543.466583826 host_copy_ms=0.006667 full_state_readback=0
resting_native_profile step=2272 command_ms=544.3465 gpu_ms=543.811833486 host_copy_ms=0.007167 full_state_readback=0
resting_native_profile step=2304 command_ms=543.789833 gpu_ms=543.506249785 host_copy_ms=0.007959 full_state_readback=0
resting_native_profile step=2336 command_ms=543.705541 gpu_ms=543.108666316 host_copy_ms=0.010042 full_state_readback=0
resting_native_profile step=2368 command_ms=543.461875 gpu_ms=542.852916755 host_copy_ms=0.007333 full_state_readback=0
resting_native_profile step=2400 command_ms=543.383792 gpu_ms=542.849124409 host_copy_ms=0.008208 full_state_readback=0
resting_native_profile step=2432 command_ms=543.597917 gpu_ms=543.035082519 host_copy_ms=0.008667 full_state_readback=0
resting_native_profile step=2464 command_ms=542.558083 gpu_ms=541.995458305 host_copy_ms=0.0065 full_state_readback=0
resting_native_profile step=2496 command_ms=543.239708 gpu_ms=542.646375485 host_copy_ms=0.006917 full_state_readback=0
resting_native_profile step=2528 command_ms=543.720792 gpu_ms=543.171625584 host_copy_ms=0.007625 full_state_readback=0
resting_native_profile step=2560 command_ms=543.287625 gpu_ms=543.084666133 host_copy_ms=0.00775 full_state_readback=0
resting_native_profile step=2592 command_ms=543.044958 gpu_ms=542.80187469 host_copy_ms=0.008583 full_state_readback=0
resting_native_profile step=2624 command_ms=545.23775 gpu_ms=544.643750414 host_copy_ms=0.007583 full_state_readback=0
resting_native_profile step=2656 command_ms=550.162625 gpu_ms=549.627332948 host_copy_ms=0.008 full_state_readback=0
resting_native_profile step=2688 command_ms=550.748375 gpu_ms=550.116750412 host_copy_ms=0.00675 full_state_readback=0
resting_native_profile step=2720 command_ms=550.686584 gpu_ms=550.139291212 host_copy_ms=0.006791 full_state_readback=0
resting_native_profile step=2752 command_ms=550.913166 gpu_ms=550.30270759 host_copy_ms=0.007709 full_state_readback=0
resting_native_profile step=2784 command_ms=551.184125 gpu_ms=550.636708736 host_copy_ms=0.008208 full_state_readback=0
accepted_geometry_export=/Users/n/numi-human-resting-evidence-20261005/dynamic-release-native-022/accepted-geometry/step-2783.mrvpack receipt=/Users/n/numi-human-resting-evidence-20261005/dynamic-release-native-022/accepted-geometry/step-2783.receipt.json accepted_root=0x9306be8bc4cd0f9b pack_sha256=ccd06e616a7892aaa0eda74ae29a3cb45ee7e0d490d8909bdc525d49212f0036 receipt_sha256=3ec40663e8406f7bcbe3f0ae96045af119a183a3d28d6388f7ed4ba79a9e5831
resting_native_profile step=2816 command_ms=560.313791 gpu_ms=560.114249587 host_copy_ms=0.007167 full_state_readback=0
resting_native_profile step=2848 command_ms=552.035666 gpu_ms=551.470499486 host_copy_ms=0.009917 full_state_readback=0
resting_native_profile step=2880 command_ms=550.82075 gpu_ms=550.260582939 host_copy_ms=0.008416 full_state_readback=0
resting_native_profile step=2912 command_ms=551.74825 gpu_ms=551.118792035 host_copy_ms=0.007667 full_state_readback=0
resting_native_profile step=2944 command_ms=551.099292 gpu_ms=550.555000082 host_copy_ms=0.007042 full_state_readback=0
resting_native_profile step=2976 command_ms=551.430666 gpu_ms=550.895374268 host_copy_ms=0.00725 full_state_readback=0
resting_native_profile step=3000 command_ms=413.600083 gpu_ms=413.05520758 host_copy_ms=0.118 full_state_readback=1
accepted_geometry_export=/Users/n/numi-human-resting-evidence-20261005/dynamic-release-native-022/accepted-geometry/step-2999.mrvpack receipt=/Users/n/numi-human-resting-evidence-20261005/dynamic-release-native-022/accepted-geometry/step-2999.receipt.json accepted_root=0x15f005173fe47dd3 pack_sha256=3fd1ad28a00e3d204c2b8fc07bb6acf9bcc985b4f171e45ea8ca40e73f649b8c receipt_sha256=6b3b3851f2ee86c593edf5277a0cabf8019f9b29bd7fc834737bfe8879c01c00
stand_terminal_state={"schema":"numi.human.legacy-stand-terminal.v1","step_count":3000,"timestep_seconds":0.002,"root_assistance":false,"initial_q":[-0.05000000074505806,0.20000000298023224,0.10715460777282715,-0.70090925693511963,0,0,0.71325045824050903,0,0,0,0,0,0,0,0,0,0,0,0,0,0,0,0,0,0,0,0,0,0,0,0,0,0,0,0,0,0,0,0,0,0,0,0,0,0,0,0,0,0,0,0,0,0,0,0,0,0,0,0,0,0,0,0,0,0,0,0,0,0,0,0,0,0,0,0,0,0,0,0,0,0,0,0,0,0,0,0,0,0,0,0,0,0,0,0,0,0,0,0,0,0,0,0,0,7.6925396608196195e-11,9.537330214470785e-08,0,-1.4732499664660281e-08,1.0893900004305124e-08,0,0,0,0,0,0.010506000369787216,0,0,0,-7.6925396608196195e-11,9.537330214470785e-08,0,-1.4732499664660281e-08,-1.0893900004305124e-08,0,0,0,0,0,0.010506000369787216],"initial_v":[0,0,0,0,0,0,0,0,0,0,0,0,0,0,0,0,0,0,0,0,0,0,0,0,0,0,0,0,0,0,0,0,0,0,0,0,0,0,0,0,0,0,0,0,0,0,0,0,0,0,0,0,0,0,0,0,0,0,0,0,0,0,0,0,0,0,0,0,0,0,0,0,0,0,0,0,0,0,0,0,0,0,0,0,0,0,0,0,0,0,0,0,0,0,0,0,0,0,0,0,0,0,0,0,0,0,0,0,0,0,0,0,0,0,0,0,0,0,0,0,0,0,0,0,0,0,0,0],"q":[-0.053265262395143509,0.17252305150032043,-0.19606687128543854,-0.79553455114364624,0.00091334537137299776,0.0023301688488572836,0.60590308904647827,-0.25230154395103455,-0.0050836433656513691,-0.0044979560188949108,0,0,-0.16220465302467346,-0.046675786375999451,-0.00092064781347289681,-0.00016993278404697776,-0.051469512283802032,-0.0012470176443457603,-0.00016993278404697776,-0.058281656354665756,-0.0012714191107079387,-0.00013993140601087362,-0.064336895942687988,-0.00095572491409257054,-0.00012994595454074442,-1.4038424644979841e-08,5.9460267820554691e-09,-5.9460267820554691e-09,1.4038424644979841e-08,-2.8424909093160977e-09,2.2971967439389118e-08,1.0325783783571296e-08,-1.0325783783571296e-08,-2.2971967439389118e-08,2.8424909093160977e-09,0.0025456973817199469,5.8010019898802057e-08,-0.0025456973817199469,-0.27926561236381531,1.2593363685198256e-08,-0.28743705153465271,0.070876233279705048,-0.095628023147583008,-0.78000068664550781,0.78000044822692871,-0.06045227125287056,-0.27150046825408936,0.1821272224187851,0.26179897785186768,2.1741199063285421e-08,4.1674383943757221e-09,0.28722864389419556,0.26179900765419006,0.17414639890193939,4.0521310751273631e-09,0.79136449098587036,0.26179900765419006,0.51848965883255005,1.2808276661502305e-09,-1.0590509447183649e-07,0.16963206231594086,-5.0623555125639541e-07,1.169215391172429e-09,-4.5541742110799532e-07,1.9289373653919029e-07,-1.9289373653919029e-07,4.5541742110799532e-07,-9.2212616209508269e-08,7.4522847626212751e-07,3.3497644835733809e-07,-3.3497644835733809e-07,-7.4522847626212751e-07,9.2212616209508269e-08,-0.0026065269485116005,1.8818901708073099e-06,0.0026065269485116005,-0.26656621694564819,-1.9138587958877906e-06,-0.31245177984237671,0.068851657211780548,-0.09333772212266922,-0.77999985218048096,0.77999997138977051,-0.21666839718818665,-0.30022653937339783,0.2744254469871521,0.26180025935173035,-1.3598850046037114e-06,-2.7609411290541175e-07,0.29488891363143921,0.26180028915405273,0.14519631862640381,-9.1443169480953657e-08,0.78440386056900024,0.26179960370063782,0.52603918313980103,-1.4883665926390677e-06,1.1219600537515362e-07,0.18785881996154785,2.4687748734208981e-08,-3.5671249065671873e-07,-0.34405815601348877,-0.032685156911611557,-0.6981317400932312,3.6071875797460962e-07,2.8727669132422307e-07,6.1337472288869321e-05,4.8369379328505602e-06,2.2674390493193641e-05,-0.26111495494842529,-0.020614698529243469,-0.52359902858734131,-2.992295094372821e-06,-9.213433713739505e-07,0.010507513768970966,-0.34321126341819763,-0.025136765092611313,-0.69813191890716553,-3.6269112713149809e-11,9.5351666118403955e-08,-6.9146750547588454e-09,-1.5279450593652655e-08,-8.338934875951054e-09,-0.28542628884315491,-0.006486967671662569,-0.52359902858734131,3.3733033033556126e-10,1.0385012294555906e-10,0.010506000369787216],"v":[0.0019497338216751814,-0.00019487444660626352,-0.00072359648765996099,-0.0007764810579828918,-0.00018180713232140988,-0.0019531078869476914,-0.0006502913311123848,0.0020085065625607967,0.00014275181456468999,0,0,-0.00041807230445556343,-0.00012030389916617423,0.00036374051705934107,5.3931639740767423e-06,-0.00013265943562146276,0.00049268663860857487,5.3931639740767423e-06,-0.00015021729632280767,0.00050232745707035065,4.441008968569804e-06,-0.00016582428361289203,0.00037759920815005898,4.124100087210536e-06,2.0224338470598013e-07,-8.5660936122167186e-08,8.5660936122167186e-08,-2.0224338470598013e-07,4.0950105528736458e-08,-3.3094372042796749e-07,-1.4875753606702347e-07,1.4875753606702347e-07,3.3094372042796749e-07,-4.0950105528736458e-08,0.00016399192099925131,-8.357164915651083e-07,-0.00016399192099925131,0.0012316892389208078,9.1503090970945777e-07,-0.0010891669662669301,0.0049354215152561665,-0.0083105303347110748,6.7910550569649786e-06,6.071473762858659e-06,-0.025560582056641579,-0.062031514942646027,-0.0043388064950704575,-4.9037084863812197e-06,4.3622932821563154e-07,-1.3437750112643698e-07,0.067641749978065491,-5.507741207111394e-06,0.03087957575917244,-1.0964383534428634e-07,0.16836981475353241,-7.058828941808315e-06,0.088861279189586639,-1.1742861261154758e-07,-1.3800037777400576e-05,0.0071810390800237656,-8.7426366235376918e-07,3.0254980742938642e-08,-0.00046000487054698169,0.00019483677169773728,-0.00019483677169773728,0.00046000487054698169,-9.3141483375802636e-05,0.00075273524271324277,0.00033835071371868253,-0.00033835071371868253,-0.00075273524271324277,9.3141483375802636e-05,-0.00016248194151557982,0.001900846604257822,0.00016248194151557982,0.0013005125802010298,-8.8261149358004332e-06,-0.0059966016560792923,0.012831416912376881,-0.016745071858167648,2.3649070499232039e-05,-5.0083531277778093e-06,-0.062209714204072952,-0.074229136109352112,0.056243382394313812,-1.1268514299445087e-06,-4.0769650695438031e-06,-3.4161648727604188e-06,0.071190871298313141,3.3619662644923665e-06,0.021791154518723488,-3.3152532523672562e-06,0.17305806279182434,6.1987880144442897e-06,0.091967776417732239,-2.3267903088708408e-06,1.9861442979163257e-06,0.0025729916524142027,5.0453320454835193e-07,-5.6674440429560491e-07,-0.00092144531663507223,0.001984710106626153,1.171441726910416e-05,1.6034395855513139e-07,8.5318887954599631e-08,2.7271440558251925e-05,2.1570608623733278e-06,1.0076202670461498e-05,0.0031118236947804689,-0.0011261043837293983,-2.2450655023931176e-07,-1.3303979358170182e-06,-4.0969823089653801e-07,6.7087773913954152e-07,-0.00072444125544279814,-0.0019625492859631777,-1.2254425200808328e-05,-5.5464261655702174e-11,2.9514383992346183e-11,9.433162695415831e-09,7.4616313128217371e-10,-3.4855440755876543e-09,-0.0023171904031187296,0.0016862702323123813,-7.931041934305938e-11,-4.6019399402297267e-10,-1.4167478301629899e-10,2.3357943357282807e-10]}
resting_integrated_body=completed simulated_s=6.0000002849847078 wall_s=61.923316540999998 real_time_factor=0.096894039598348261 physiology_body_clock=matched root_assistance=false presentation_qualification=pending
