test_complete_breath_ventilation_is_independent_of_partial_edges (__main__.AcceptedBreathWindowTests.test_complete_breath_ventilation_is_independent_of_partial_edges) ... ok
test_gpu_event_ledger_resolves_events_missed_by_sampled_flow (__main__.AcceptedBreathWindowTests.test_gpu_event_ledger_resolves_events_missed_by_sampled_flow) ... ok
test_partial_breath_window_is_unavailable_not_zero_ventilation (__main__.AcceptedBreathWindowTests.test_partial_breath_window_is_unavailable_not_zero_ventilation) ... ok
test_positive_flow_area_includes_only_the_correct_triangle (__main__.AcceptedBreathWindowTests.test_positive_flow_area_includes_only_the_correct_triangle) ... ok
test_skipped_accepted_breath_transition_is_rejected (__main__.AcceptedBreathWindowTests.test_skipped_accepted_breath_transition_is_rejected) ... ok
test_failed_arm_cannot_overwrite_preflight_failure_evidence (__main__.NativeFailureEvidenceIsolationTests.test_failed_arm_cannot_overwrite_preflight_failure_evidence) ... ok
test_known_unit_conversion_and_both_flow_directions (__main__.NativeRespiratoryMechanicalTests.test_known_unit_conversion_and_both_flow_directions) ... ok
test_wrong_units_stale_area_or_invalid_activation_are_rejected (__main__.NativeRespiratoryMechanicalTests.test_wrong_units_stale_area_or_invalid_activation_are_rejected) ... ok
test_implicit_runtime_dependencies_must_be_preregistered (__main__.NativeSceneBindingTests.test_implicit_runtime_dependencies_must_be_preregistered) ... ok
test_incomplete_and_assisted_native_logs_are_rejected (__main__.NativeSceneBindingTests.test_incomplete_and_assisted_native_logs_are_rejected) ... ok
test_intermediate_assistance_cannot_be_hidden_by_an_unassisted_endpoint (__main__.NativeSceneBindingTests.test_intermediate_assistance_cannot_be_hidden_by_an_unassisted_endpoint) ... ok
test_rebinding_changes_only_output_timing_and_declared_intervention (__main__.NativeSceneBindingTests.test_rebinding_changes_only_output_timing_and_declared_intervention) ... ok
test_unbound_consumed_anatomy_and_preintervened_reference_are_rejected (__main__.NativeSceneBindingTests.test_unbound_consumed_anatomy_and_preintervened_reference_are_rejected) ... ok
test_body_observation_rejects_incomplete_nonfinite_or_changing_mass (__main__.NativeSurfaceTraceTests.test_body_observation_rejects_incomplete_nonfinite_or_changing_mass) ... ok
test_displayed_clock_and_intermediate_invalid_geometry_are_not_hidden (__main__.NativeSurfaceTraceTests.test_displayed_clock_and_intermediate_invalid_geometry_are_not_hidden) ... ok
test_partial_final_segment_is_checked_at_its_actual_displayed_step (__main__.NativeSurfaceTraceTests.test_partial_final_segment_is_checked_at_its_actual_displayed_step) ... ok
test_ventricular_material_cannot_hide_an_intermediate_volume_or_binding_failure (__main__.NativeSurfaceTraceTests.test_ventricular_material_cannot_hide_an_intermediate_volume_or_binding_failure) ... ok
test_native_plan_rejects_same_arm_program_identity_and_stale_assets (__main__.NativeV2PlanPreparationTests.test_native_plan_rejects_same_arm_program_identity_and_stale_assets) ... ok
test_native_plan_uses_exact_pair_ids_and_prespecified_windows_without_registering (__main__.NativeV2PlanPreparationTests.test_native_plan_uses_exact_pair_ids_and_prespecified_windows_without_registering) ... ok
test_observation_uses_final_accepted_window_for_recovery (__main__.NativeV2PlanPreparationTests.test_observation_uses_final_accepted_window_for_recovery) ... ok
test_reference_outliers_are_reported_without_numerical_rejection (__main__.RestingReferenceComparisonTests.test_reference_outliers_are_reported_without_numerical_rejection) ... ok
test_unresolved_complete_cycles_are_unavailable_not_zero (__main__.RestingReferenceComparisonTests.test_unresolved_complete_cycles_are_unavailable_not_zero) ... ok

----------------------------------------------------------------------
Ran 22 tests in 0.226s

OK
/private/var/folders/ks/sfmz3dh91_7c9_vyd_3lzj100000gn/T/tmprbb_rv1t/registration-draft/plan.json
