rigid_source_rest_frames=passed source_body_count=103 maximum_COM_position_residual_m=6.26739049493e-08 maximum_orientation_unit_witness_residual_m=1.05692510994e-07 allowed_rest_reconstruction_residual_m=1e-06 rigid_sha256=2c78cb4150b97cea6e8169dad9e8f5dd59af667b247e07b56e48e857435560e4 boundary=consumed_reference_frame_join_not_source_authentication_or_loaded_motion
resting_mass_calibration source_composite_kg=97.1319506911 declared_reference_kg=72 executed_kg=71.9999993989 uniform_mass_inertia_scale=0.741259694099 measured_person=false additional_organ_or_blood_mass_kg=0
bone_orientation_semantics=unit_normalized_once_at_load bone_count=185 maximum_raw_norm_error=5.96046447754e-08 norm_admission_tolerance=0.00200000009499 bone_sha256=7d94e2f28ac6cea30c6c11a79919077acc40281636eb20b11b50b50aebd3ec49
tendon_bone_geometry=checked_bodyparts_subset bodyparts_envelope_count=160 fixed_sibling_envelope_count=0 external_surface_unverified_count=0 maximum_node_residual_m=2.77883934062e-07 allowed_point_residual_m=1e-06 tendon_sha256=52819336540a36621b60bd03b5084bd1d300ed2971673cfd0ccdb7eecfcb52b5 bone_sha256=7d94e2f28ac6cea30c6c11a79919077acc40281636eb20b11b50b50aebd3ec49 rigid_sha256=2c78cb4150b97cea6e8169dad9e8f5dd59af667b247e07b56e48e857435560e4 boundary=consumed_rest_surface_binding_not_loaded_or_clinical_qualification
tendon_payload=NHTENDON2 tendon_endpoints=832 tendon_point_bindings=672 tendon_triangle_bindings=0 tendon_envelope_bindings=160 tendon_migrated_envelope_bindings=0 tendon_max_reference_path_delta_m=0 tendon_max_architecture_scale_change=0 tendon_muscle_payload_sha256=e5bb8a8168706bb3b23cf42b1d849659569ba2e6027bcc85729c3110fdbb8c4b tendon_geometry_identity_verified=true tendon_bone_payload_sha256=7d94e2f28ac6cea30c6c11a79919077acc40281636eb20b11b50b50aebd3ec49
joint_equality_payload=NHEQ1 joint_equalities=51
pose_joint_ranges=passed enabled_range_count=118 failed_range_count=0 rigid_sha256=2c78cb4150b97cea6e8169dad9e8f5dd59af667b247e07b56e48e857435560e4 equality_sha256=0e3c593792a8c4ccd619f1999f6685b68e6ff0fd5ae5f6f0bca66b594a0e9b88 bone_sha256=7d94e2f28ac6cea30c6c11a79919077acc40281636eb20b11b50b50aebd3ec49 boundary=consumed_enabled_native_limits_after_NHEQ_projection_not_disabled_source_limits_or_loaded_motion
pose_q_override_count=0 root_pose_override=1 pose_q_equality_maximum_correction=0.0105060003698
resting_hand_model=rigid_reference_digits source_equalities=51 derived_internal_equalities=40 wrist_dofs=free root_constraint_rows=0 hand_function_simulated=0 body_mass_inertia_preserved=1
runtime=Numi Matter runtime initialized with eligible dense45 vascular solve device=Apple M4 Pro world_fingerprint=6434571789366693551 timestep_s=0.00200000009499
resting_body_source_fingerprint=12223232190898157244 coupled_program_fingerprint=17902621467452001833
resting_passive_viscera=shared_torso_pelvis_field source_surfaces=80 caudal_m=-0.397011578083 cranial_m=-0.259147137403 upper_body=20 lower_body=128 independent_forces=false independent_mass=false organ_physiology=false
resting_lung_motion=basal_superior_sweep_v1 blend_start_m=-0.052405 blend_span_m=0.06 effective_area_m2=0.0193540051613
resting_initial_anatomical_registration={"body_poses":[{"body_index":20,"position_m":[-0.025000007823109627,-0.44271242618560791,0.096546053886413574],"quaternion_xyzw":[0.0061705871485173702,-0.70707988739013672,-0.0061705652624368668,0.70707988739013672]},{"body_index":128,"position_m":[-0.025055751204490662,-0.83042281866073608,0.11920696496963501],"quaternion_xyzw":[0.0058914260007441044,-0.70680069923400879,-0.005886733066290617,0.7073637843132019]}],"coordinate_source":"source pack transformed by native initialBodies before physical stepping","surfaces":[{"role":"upper_visceral_anchor","semantic":51010,"source_body_index":20,"stable_id":2,"torso_local_max_m":[0.1489698737859726,-0.06762242317199707,0.029034055769443512],"torso_local_min_m":[0.035220548510551453,-0.18552298843860626,-0.10646510124206543]},{"role":"upper_visceral_anchor","semantic":51010,"source_body_index":20,"stable_id":3,"torso_local_max_m":[0.10061360895633698,-0.14701209962368011,0.048131499439477921],"torso_local_min_m":[0.049258694052696228,-0.22131331264972687,-0.073365472257137299]},{"role":"upper_visceral_anchor","semantic":51010,"source_body_index":20,"stable_id":4,"torso_local_max_m":[0.065826825797557831,-0.15392428636550903,0.088104061782360077],"torso_local_min_m":[0.018313027918338776,-0.25914710760116577,0.030521268025040627]},{"role":"upper_visceral_anchor","semantic":51010,"source_body_index":20,"stable_id":5,"torso_local_max_m":[0.054068014025688171,-0.1345781683921814,-0.033227771520614624],"torso_local_min_m":[0.013165432959794998,-0.24133054912090302,-0.091208852827548981]},{"role":"upper_visceral_anchor","semantic":51010,"source_body_index":20,"stable_id":13,"torso_local_max_m":[0.095457650721073151,-0.10293921083211899,-0.056195467710494995],"torso_local_min_m":[-0.00033182650804519653,-0.17370373010635376,-0.11487260460853577]},{"role":"upper_visceral_anchor","semantic":51010,"source_body_index":20,"stable_id":14,"torso_local_max_m":[0.094544753432273865,-0.055873673409223557,0.033946555107831955],"torso_local_min_m":[0.058444060385227203,-0.13125307857990265,-0.011481210589408875]},{"role":"upper_visceral_anchor","semantic":51010,"source_body_index":20,"stable_id":15,"torso_local_max_m":[0.15468204021453857,-0.051299087703227997,-0.0026821792125701904],"torso_local_min_m":[0.045374639332294464,-0.10517608374357224,-0.095222979784011841]},{"role":"upper_visceral_anchor","semantic":51010,"source_body_index":20,"stable_id":16,"torso_local_max_m":[0.15707412362098694,-0.071360647678375244,0.0014663934707641602],"torso_local_min_m":[0.07356831431388855,-0.138477623462677,-0.074144557118415833]},{"role":"upper_visceral_anchor","semantic":51010,"source_body_index":20,"stable_id":17,"torso_local_max_m":[0.15518583357334137,-0.04497130960226059,0.046523258090019226],"torso_local_min_m":[0.074793577194213867,-0.16443367302417755,-0.011679999530315399]},{"role":"upper_visceral_anchor","semantic":51010,"source_body_index":20,"stable_id":18,"torso_local_max_m":[0.15332278609275818,-0.10873293876647949,0.10524313896894455],"torso_local_min_m":[0.06183064728975296,-0.17893320322036743,0.026367701590061188]},{"role":"upper_visceral_anchor","semantic":51010,"source_body_index":20,"stable_id":19,"torso_local_max_m":[0.11932293325662613,-0.11438564956188202,0.11530916392803192],"torso_local_min_m":[-0.0020214840769767761,-0.19753372669219971,0.021444413810968399]},{"role":"upper_visceral_anchor","semantic":51010,"source_body_index":20,"stable_id":20,"torso_local_max_m":[0.11958994716405869,-0.11408335715532303,0.11550363898277283],"torso_local_min_m":[-0.0022704675793647766,-0.19755388796329498,0.021117139607667923]},{"role":"upper_visceral_anchor","semantic":51010,"source_body_index":20,"stable_id":21,"torso_local_max_m":[0.10608795285224915,-0.049535799771547318,0.11580190062522888],"torso_local_min_m":[-0.0032210424542427063,-0.13487040996551514,0.020207773894071579]},{"role":"upper_visceral_anchor","semantic":51010,"source_body_index":20,"stable_id":22,"torso_local_max_m":[0.15336306393146515,-0.041172627359628677,0.11002320796251297],"torso_local_min_m":[0.02455456554889679,-0.11670317500829697,0.017514020204544067]},{"role":"upper_visceral_anchor","semantic":51010,"source_body_index":20,"stable_id":461,"torso_local_max_m":[0.13303953409194946,-0.13353027403354645,0.063625447452068329],"torso_local_min_m":[0.084262087941169739,-0.17424784600734711,0.026906765997409821]},{"role":"pelvic_anchor","semantic":51010,"source_body_index":20,"stable_id":462,"torso_local_max_m":[0.08233652263879776,-0.39701157808303833,0.034268602728843689],"torso_local_min_m":[0.010075983591377735,-0.43757495284080505,-0.033010013401508331]},{"role":"pelvic_anchor","semantic":51010,"source_body_index":20,"stable_id":463,"torso_local_max_m":[0.050315443426370621,-0.4348473846912384,0.01782398484647274],"torso_local_min_m":[0.018116317689418793,-0.4553583562374115,-0.016720972955226898]}],"torso_body_index":20}
resting_support_geometry=full_registered_skin vertices=54949 regions=32 full_bin2026-10-06 01:39:41.027 numi-human-native[52404:16163247] +[NSXPCSharedListener endpointForReply:withListenerName:replyErrorCode:]: an error occurred while attempting to obtain endpoint for listener 'ClientCallsAuxiliary': Connection interrupted
2026-10-06 01:39:41.097 numi-human-native[52404:16163247] Human native framebuffer output: recording; window drawable unavailable
ding_count=86 region_sizes=[6907,1222,2796,2044,1525,1394,710,777,1891,1262,810,832,890,483,1328,1266,835,700,870,3097,4320,2043,1882,579,1199,1219,962,632,868,3302,4308,1996] force_owner=existing_metal_stand partition=source_rest_voronoi
resting_initialization=dynamic_release recruitment_activation_cap=0.01 normalized_residual_rms=146.157054343 maximum_acceleration_residual=576.853445741 balanced=false qualification=initialization_transient_not_static_equilibrium
compiled_support_geometry=admissible compiled_support_min_gap_m=-1.38777878078e-17 compiled_support_gap_tolerance_m=1e-06 compiled_support_activation_distance_m=0.002 compiled_support_separated_witnesses=31 compiled_support_max_separated_force_n=0 compiled_support_rejected_pose_candidates=0
human_stand_solver_path=split_candidate
resting_integrated_rejection=pass rejected_after_accepted_predecessor=true body_q_v_root_myo_unchanged=true circulation_and_clock_unchanged=true respiration_brain_history_unchanged=true retry_matches_uninterrupted_replay=true same_command_buffer_reject=pass accepted_prefix=2 rejected_step=2 inert_suffix=1
resting_native_profile step=32 command_ms=737.130625 gpu_ms=736.565000378 host_copy_ms=0.014125 full_state_readback=0
resting_native_profile step=64 command_ms=772.141083 gpu_ms=771.949917078 host_copy_ms=0.019333 full_state_readback=0
resting_native_profile step=96 command_ms=785.946958 gpu_ms=785.345374607 host_copy_ms=0.014542 full_state_readback=0
resting_native_profile step=128 command_ms=778.588333 gpu_ms=777.904957533 host_copy_ms=0.015625 full_state_readback=0
resting_native_profile step=160 command_ms=802.611292 gpu_ms=801.94929149 host_copy_ms=0.014833 full_state_readback=0
resting_native_profile step=192 command_ms=789.552459 gpu_ms=788.981958292 host_copy_ms=0.011625 full_state_readback=0
resting_native_profile step=224 command_ms=786.824417 gpu_ms=786.173916422 host_copy_ms=0.021958 full_state_readback=0
resting_native_profile step=256 command_ms=777.408458 gpu_ms=776.773375459 host_copy_ms=0.014209 full_state_readback=0
resting_native_profile step=288 command_ms=792.828458 gpu_ms=792.235624976 host_copy_ms=0.014417 full_state_readback=0
resting_native_profile step=320 command_ms=824.797 gpu_ms=824.220416136 host_copy_ms=0.014375 full_state_readback=0
resting_native_profile step=352 command_ms=800.628333 gpu_ms=799.90775045 host_copy_ms=0.013958 full_state_readback=0
resting_native_profile step=384 command_ms=824.692 gpu_ms=824.048625305 host_copy_ms=0.011625 full_state_readback=0
resting_native_profile step=416 command_ms=805.670209 gpu_ms=805.128167383 host_copy_ms=0.011541 full_state_readback=0
resting_native_profile step=448 command_ms=828.67675 gpu_ms=828.006708063 host_copy_ms=0.013709 full_state_readback=0
resting_native_profile step=480 command_ms=819.320625 gpu_ms=818.637416698 host_copy_ms=0.013875 full_state_readback=0
resting_native_profile step=512 command_ms=806.871167 gpu_ms=806.210000068 host_copy_ms=0.018 full_state_readback=0
resting_native_profile step=544 command_ms=805.289209 gpu_ms=805.089124478 host_copy_ms=0.015458 full_state_readback=0
resting_native_profile step=576 command_ms=805.702958 gpu_ms=805.025500245 host_copy_ms=0.014792 full_state_readback=0
resting_native_profile step=608 command_ms=809.384542 gpu_ms=809.01841633 host_copy_ms=4.413916 full_state_readback=0
resting_native_profile step=640 command_ms=823.15625 gpu_ms=822.561458685 host_copy_ms=0.015625 full_state_readback=0
accepted_geometry_export=/Users/n/numi-human-resting-evidence-20261005/rigid-digits-projected-native-043/accepted-geometry/step-639.mrvpack receipt=/Users/n/numi-human-resting-evidence-20261005/rigid-digits-projected-native-043/accepted-geometry/step-639.receipt.json accepted_root=0x140a355be129f643 pack_sha256=5ff53b3461068415633841e13cbba9687777fbe06da1b22a8d44204a93f64a4f receipt_sha256=c7358b178695338b6eb702ed53d9deca5eeb1270256f9f53e0ecff05a161a801
resting_native_profile step=672 command_ms=811.081125 gpu_ms=810.546624474 host_copy_ms=0.015625 full_state_readback=0
resting_native_profile step=704 command_ms=803.755875 gpu_ms=803.089874797 host_copy_ms=0.014375 full_state_readback=0
resting_native_profile step=736 command_ms=799.586 gpu_ms=799.38554205 host_copy_ms=0.013708 full_state_readback=0
resting_native_profile step=768 command_ms=813.615416 gpu_ms=813.048457727 host_copy_ms=0.013959 full_state_readback=0
resting_native_profile step=800 command_ms=806.660333 gpu_ms=806.464457884 host_copy_ms=0.014208 full_state_readback=0
resting_native_profile step=832 command_ms=820.495791 gpu_ms=819.749541581 host_copy_ms=0.012125 full_state_readback=0
resting_native_profile step=864 command_ms=802.995792 gpu_ms=802.395958453 host_copy_ms=0.01125 full_state_readback=0
resting_native_profile step=896 command_ms=813.945917 gpu_ms=813.275875524 host_copy_ms=0.01325 full_state_readback=0
resting_native_profile step=928 command_ms=813.10625 gpu_ms=812.505667098 host_copy_ms=0.011875 full_state_readback=0
resting_native_profile step=960 command_ms=801.038333 gpu_ms=800.446582958 host_copy_ms=2.380375 full_state_readback=0
resting_native_profile step=992 command_ms=813.98125 gpu_ms=813.364874572 host_copy_ms=0.01525 full_state_readback=0
resting_native_profile step=1024 command_ms=811.556875 gpu_ms=810.992375016 host_copy_ms=0.017916 full_state_readback=0
resting_native_profile step=1056 command_ms=809.483708 gpu_ms=809.185500257 host_copy_ms=0.01775 full_state_readback=0
resting_native_profile step=1088 command_ms=806.940375 gpu_ms=806.266208179 host_copy_ms=0.016333 full_state_readback=0
resting_native_profile step=1120 command_ms=813.88025 gpu_ms=813.181000762 host_copy_ms=0.016 full_state_readback=0
resting_native_profile step=1152 command_ms=803.106542 gpu_ms=802.552999929 host_copy_ms=0.014708 full_state_readback=0
resting_native_profile step=1184 command_ms=822.904708 gpu_ms=822.292624973 host_copy_ms=0.015209 full_state_readback=0
resting_native_profile step=1216 command_ms=827.624334 gpu_ms=827.046874911 host_copy_ms=0.015375 full_state_readback=0
resting_native_profile step=1248 command_ms=819.777458 gpu_ms=819.128083996 host_copy_ms=0.011334 full_state_readback=0
resting_native_profile step=1280 command_ms=823.545917 gpu_ms=822.924916632 host_copy_ms=0.012166 full_state_readback=0
resting_native_profile step=1312 command_ms=829.69875 gpu_ms=829.0795004 host_copy_ms=0.011042 full_state_readback=0
resting_native_profile step=1344 command_ms=826.074334 gpu_ms=825.53254161 host_copy_ms=0.024041 full_state_readback=0
resting_native_profile step=1376 command_ms=817.9085 gpu_ms=817.274374887 host_copy_ms=0.014958 full_state_readback=0
resting_native_profile step=1408 command_ms=829.203458 gpu_ms=828.632875346 host_copy_ms=0.015084 full_state_readback=0
resting_native_profile step=1440 command_ms=829.95275 gpu_ms=829.343374819 host_copy_ms=0.016375 full_state_readback=0
resting_native_profile step=1472 command_ms=830.862125 gpu_ms=830.305874348 host_copy_ms=0.015375 full_state_readback=0
resting_native_profile step=1504 command_ms=828.53775 gpu_ms=827.907334082 host_copy_ms=0.016208 full_state_readback=0
resting_native_profile step=1536 command_ms=832.060959 gpu_ms=831.368374638 host_copy_ms=0.014333 full_state_readback=0
resting_native_profile step=1568 command_ms=832.430334 gpu_ms=831.774624996 host_copy_ms=0.010666 full_state_readback=0
resting_native_profile step=1600 command_ms=816.096083 gpu_ms=815.431834199 host_copy_ms=0.015125 full_state_readback=0
resting_native_profile step=1632 command_ms=838.580209 gpu_ms=837.919208221 host_copy_ms=0.013333 full_state_readback=0
resting_native_profile step=1664 command_ms=856.774417 gpu_ms=856.182125397 host_copy_ms=0.010417 full_state_readback=0
resting_native_profile step=1696 command_ms=837.936834 gpu_ms=837.25787513 host_copy_ms=0.014333 full_state_readback=0
resting_native_profile step=1728 command_ms=844.113292 gpu_ms=843.84750016 host_copy_ms=0.01825 full_state_readback=0
resting_native_profile step=1760 command_ms=829.659084 gpu_ms=829.009500332 host_copy_ms=0.014166 full_state_readback=0
resting_native_profile step=1792 command_ms=849.553917 gpu_ms=848.877375014 host_copy_ms=0.013875 full_state_readback=0
resting_native_profile step=1824 command_ms=841.335375 gpu_ms=840.682458133 host_copy_ms=0.013291 full_state_readback=0
resting_native_profile step=1856 command_ms=848.561583 gpu_ms=847.962000407 host_copy_ms=0.010375 full_state_readback=0
resting_native_profile step=1888 command_ms=849.83 gpu_ms=849.177708849 host_copy_ms=0.011166 full_state_readback=0
resting_native_profile step=1920 command_ms=844.347709 gpu_ms=843.685749918 host_copy_ms=0.012958 full_state_readback=0
resting_native_profile step=1952 command_ms=843.941375 gpu_ms=843.229708262 host_copy_ms=0.01075 full_state_readback=0
resting_native_profile step=1984 command_ms=848.85 gpu_ms=848.180375062 host_copy_ms=0.014584 full_state_readback=0
resting_native_profile step=2016 command_ms=848.212166 gpu_ms=847.541875206 host_copy_ms=0.010584 full_state_readback=0
resting_native_profile step=2048 command_ms=847.824083 gpu_ms=847.209666856 host_copy_ms=0.013709 full_state_readback=0
resting_native_profile step=2080 command_ms=844.2525 gpu_ms=843.573166989 host_copy_ms=0.012625 full_state_readback=0
resting_native_profile step=2112 command_ms=826.57075 gpu_ms=826.001708396 host_copy_ms=0.015791 full_state_readback=0
resting_native_profile step=2144 command_ms=852.807083 gpu_ms=852.61750035 host_copy_ms=0.015959 full_state_readback=0
resting_native_profile step=2176 command_ms=854.911875 gpu_ms=854.314625263 host_copy_ms=0.010584 full_state_readback=0
resting_native_profile step=2208 command_ms=836.008292 gpu_ms=835.331708193 host_copy_ms=0.011708 full_state_readback=0
resting_native_profile step=2240 command_ms=847.921334 gpu_ms=847.322041169 host_copy_ms=0.013166 full_state_readback=0
resting_native_profile step=2272 command_ms=833.620292 gpu_ms=833.026125096 host_copy_ms=0.013333 full_state_readback=0
resting_native_profile step=2304 command_ms=839.354583 gpu_ms=838.753249496 host_copy_ms=0.013083 full_state_readback=0
resting_native_profile step=2336 command_ms=859.7525 gpu_ms=859.156915918 host_copy_ms=0.013125 full_state_readback=0
resting_native_profile step=2368 command_ms=851.196417 gpu_ms=850.948957726 host_copy_ms=0.013167 full_state_readback=0
resting_native_profile step=2400 command_ms=839.855208 gpu_ms=839.266375639 host_copy_ms=0.012959 full_state_readback=0
resting_native_profile step=2432 command_ms=836.181333 gpu_ms=835.532500409 host_copy_ms=0.010625 full_state_readback=0
resting_native_profile step=2464 command_ms=849.506541 gpu_ms=848.881958053 host_copy_ms=0.010792 full_state_readback=0
resting_native_profile step=2496 command_ms=847.909209 gpu_ms=847.288750112 host_copy_ms=0.015916 full_state_readback=0
resting_native_profile step=2528 command_ms=842.229417 gpu_ms=841.68629162 host_copy_ms=0.010042 full_state_readback=0
resting_native_profile step=2560 command_ms=831.306125 gpu_ms=830.738792196 host_copy_ms=0.012708 full_state_readback=0
resting_native_profile step=2592 command_ms=833.661584 gpu_ms=832.975000143 host_copy_ms=0.049875 full_state_readback=0
resting_native_profile step=2624 command_ms=839.827834 gpu_ms=839.161000215 host_copy_ms=0.015958 full_state_readback=0
resting_native_profile step=2656 command_ms=836.124834 gpu_ms=835.56354139 host_copy_ms=0.014708 full_state_readback=0
resting_native_profile step=2688 command_ms=844.376792 gpu_ms=843.6881667 host_copy_ms=0.015667 full_state_readback=0
resting_native_profile step=2720 command_ms=845.528375 gpu_ms=844.9301254 host_copy_ms=0.015167 full_state_readback=0
resting_native_profile step=2752 command_ms=840.630542 gpu_ms=840.044875629 host_copy_ms=0.011167 full_state_readback=0
resting_native_profile step=2784 command_ms=840.414834 gpu_ms=839.806666598 host_copy_ms=0.011708 full_state_readback=0
accepted_geometry_export=/Users/n/numi-human-resting-evidence-20261005/rigid-digits-projected-native-043/accepted-geometry/step-2783.mrvpack receipt=/Users/n/numi-human-resting-evidence-20261005/rigid-digits-projected-native-043/accepted-geometry/step-2783.receipt.json accepted_root=0x0566a4d19178a663 pack_sha256=ca9197c0753d6a9ed06e007ae02264f6270dae924a7ffaa7c9929cf87fa223bc receipt_sha256=47135c7a629e332ed9b9dab22bc959859c7396a250e7ff00e6aa8a0b91a8d68a
resting_native_profile step=2816 command_ms=851.680333 gpu_ms=851.158333942 host_copy_ms=0.0145 full_state_readback=0
resting_native_profile step=2848 command_ms=839.951542 gpu_ms=839.35375046 host_copy_ms=0.022833 full_state_readback=0
resting_native_profile step=2880 command_ms=836.465625 gpu_ms=835.819750093 host_copy_ms=0.015875 full_state_readback=0
resting_native_profile step=2912 command_ms=838.023416 gpu_ms=837.417582981 host_copy_ms=0.015542 full_state_readback=0
resting_native_profile step=2944 command_ms=849.306 gpu_ms=848.693500273 host_copy_ms=0.015084 full_state_readback=0
resting_native_profile step=2976 command_ms=834.036958 gpu_ms=833.479000255 host_copy_ms=0.014042 full_state_readback=0
resting_native_profile step=3000 command_ms=628.574666 gpu_ms=627.910207957 host_copy_ms=0.1235 full_state_readback=1
accepted_geometry_export=/Users/n/numi-human-resting-evidence-20261005/rigid-digits-projected-native-043/accepted-geometry/step-2999.mrvpack receipt=/Users/n/numi-human-resting-evidence-20261005/rigid-digits-projected-native-043/accepted-geometry/step-2999.receipt.json accepted_root=0x83901f4d6a51d42b pack_sha256=a860ce25de462e09c49312142463a0b3765c4fd306dcaf1f464c34bd0b16aaf4 receipt_sha256=95530967cee30f84fc3398ee57f7fc14cf49dde58c22bc27a0550139e8d28b27
stand_terminal_state={"schema":"numi.human.legacy-stand-terminal.v1","step_count":3000,"timestep_seconds":0.002,"root_assistance":false,"initial_q":[-0.05000000074505806,0.20000000298023224,0.10715460777282715,-0.70090925693511963,0,0,0.71325045824050903,0,0,0,0,0,0,0,0,0,0,0,0,0,0,0,0,0,0,0,0,0,0,0,0,0,0,0,0,0,0,0,0,0,0,0,0,0,0,0,0,0,0,0,0,0,0,0,0,0,0,0,0,0,0,0,0,0,0,0,0,0,0,0,0,0,0,0,0,0,0,0,0,0,0,0,0,0,0,0,0,0,0,0,0,0,0,0,0,0,0,0,0,0,0,0,0,0,7.6925396608196195e-11,9.537330214470785e-08,0,-1.4732499664660281e-08,1.0893900004305124e-08,0,0,0,0,0,0.010506000369787216,0,0,0,-7.6925396608196195e-11,9.537330214470785e-08,0,-1.4732499664660281e-08,-1.0893900004305124e-08,0,0,0,0,0,0.010506000369787216],"initial_v":[0,0,0,0,0,0,0,0,0,0,0,0,0,0,0,0,0,0,0,0,0,0,0,0,0,0,0,0,0,0,0,0,0,0,0,0,0,0,0,0,0,0,0,0,0,0,0,0,0,0,0,0,0,0,0,0,0,0,0,0,0,0,0,0,0,0,0,0,0,0,0,0,0,0,0,0,0,0,0,0,0,0,0,0,0,0,0,0,0,0,0,0,0,0,0,0,0,0,0,0,0,0,0,0,0,0,0,0,0,0,0,0,0,0,0,0,0,0,0,0,0,0,0,0,0,0,0,0],"q":[-0.052393347024917603,0.17257775366306305,-0.19607946276664734,-0.79553848505020142,0.0012566160876303911,0.0020650529768317938,0.60589826107025146,-0.2523367702960968,-0.0042323088273406029,-0.0044617955572903156,0,0,-0.16222730278968811,-0.046682301908731461,-0.00076647108653560281,-0.00016856665024533868,-0.051476698368787766,-0.0010381853207945824,-0.00016856665024533868,-0.058289796113967896,-0.0010585003765299916,-0.00013880645565222949,-0.064345873892307281,-0.00079567404463887215,-0.00012890127254649997,-1.3649555263839375e-08,5.7813198672818089e-09,-5.7813198672818089e-09,1.3649555263839375e-08,-2.763752782186657e-09,2.2335635563308642e-08,1.0039755693469488e-08,-1.0039755693469488e-08,-2.2335635563308642e-08,2.763752782186657e-09,0.0026147796306759119,5.6403120396453232e-08,-0.0026147796306759119,-0.28758379817008972,1.225934553872321e-08,-0.20137371122837067,0.041373159736394882,-0.049781497567892075,0,0,0,0,0,0,0,0,0,0,0,0,0,0,0,0,0,0,0,0,2.379837127364226e-07,-1.007988856827069e-07,1.007988856827069e-07,-2.379837127364226e-07,4.8186784340487065e-08,-3.894278961524833e-07,-1.750458693550172e-07,1.750458693550172e-07,3.894278961524833e-07,-4.8186784340487065e-08,-0.002543318085372448,-9.8340376553096576e-07,0.002543318085372448,-0.27032756805419922,-1.9164372133673169e-06,-0.23343232274055481,0.038411900401115417,-0.047294739633798599,0,0,0,0,0,0,0,0,0,0,0,0,0,0,0,0,0,0,0,0,-0.34408050775527954,-0.031843550503253937,-0.6981317400932312,3.5007320775548578e-07,2.8161221621303412e-07,5.9526872064452618e-05,4.6937266233726405e-06,2.2005411665304564e-05,-0.26086539030075073,-0.021092560142278671,-0.52359902858734131,-2.9039676974207396e-06,-8.9414282911093323e-07,0.010507469996809959,-0.34325090050697327,-0.025943731889128685,-0.69813191890716553,-1.0137731626391755e-10,9.5386312182199617e-08,4.1586947219229842e-09,-1.4403546799712785e-08,-1.2430533935514632e-08,-0.28435268998146057,-0.0072329971008002758,-0.52359902858734131,-2.0288067059670567e-10,-6.2458607730242477e-11,0.010506000369787216],"v":[0.0019347136840224266,-0.00021089724032208323,-0.00080983905354514718,-0.00084027240518480539,6.6430744482204318e-05,-0.0019876984879374504,-0.0007431830745190382,0.0020493855699896812,0.00014000608643982559,0,0,-0.00047779240412637591,-0.00013748886703979224,0.00037114371662028134,5.2894301916239783e-06,-0.00015160934708546847,0.00050271424697712064,5.2894301916239783e-06,-0.00017167528858408332,0.00051255128346383572,4.3555892261792906e-06,-0.0001895116874948144,0.00038528448203578591,4.0447757783113047e-06,2.6689112928579561e-06,-1.1304273357382044e-06,1.1304273357382044e-06,-2.6689112928579561e-06,5.403993554864428e-07,-4.3673094296536874e-06,-1.9630836050055223e-06,1.9630836050055223e-06,4.3673094296536874e-06,-5.403993554864428e-07,-7.4751602369360626e-05,-1.1028559129044879e-05,7.4751602369360626e-05,0.0014730767579749227,1.5838662648093305e-06,-0.0023157808464020491,0.0037833570968359709,-0.007335808128118515,0,0,0,0,0,0,0,0,0,0,0,0,0,0,0,0,0,0,0,0,3.3739136142685311e-06,-1.4290336594058317e-06,1.4290336594058317e-06,-3.3739136142685311e-06,6.8314778900457895e-07,-5.5209493439178914e-06,-2.481639057805296e-06,2.481639057805296e-06,5.5209493439178914e-06,-6.8314778900457895e-07,9.1059388068970293e-05,-1.3941791621618904e-05,-9.1059388068970293e-05,0.0020671780221164227,-1.1045131032005884e-05,-0.0018846935126930475,0.0031880487222224474,-0.0070581589825451374,0,0,0,0,0,0,0,0,0,0,0,0,0,0,0,0,0,0,0,0,-0.00097012403421103954,0.0020217639394104481,-2.0109793695155531e-05,1.5857298762966821e-07,8.4376722497836454e-08,2.6970212275045924e-05,2.1332382402761141e-06,9.9649223557207733e-06,0.0031778903212398291,-0.0015643523074686527,-2.2113059117145895e-07,-1.3157039120414993e-06,-4.0516957255931629e-07,6.6359604034005315e-07,-0.00073330150917172432,-0.0019989421125501394,-9.6833100542426109e-06,-2.0796147789936548e-11,1.1066324939745797e-11,3.5369343009961085e-09,2.7977148375768479e-10,-1.3068937043669848e-09,-0.0023938033264130354,0.0015482717426493764,-1.6301645588967517e-09,-1.7254828121870958e-10,-5.3120511461779429e-11,8.7579755947420068e-11]}
resting_integrated_body=completed simulated_s=6.0000002849847078 wall_s=86.193505375000001 real_time_factor=0.069610816486470203 physiology_body_clock=matched root_assistance=false presentation_qualification=pending
